[2026-03-25T08:39:18.642+0000] {local_task_job_runner.py:123} INFO - ::group::Pre task execution logs
[2026-03-25T08:39:18.676+0000] {taskinstance.py:2613} INFO - Dependencies all met for dep_context=non-requeueable deps ti=<TaskInstance: daily_job_scraping.run_etl manual__2026-03-25T08:31:49.234205+00:00 [queued]>
[2026-03-25T08:39:18.688+0000] {taskinstance.py:2613} INFO - Dependencies all met for dep_context=requeueable deps ti=<TaskInstance: daily_job_scraping.run_etl manual__2026-03-25T08:31:49.234205+00:00 [queued]>
[2026-03-25T08:39:18.690+0000] {taskinstance.py:2866} INFO - Starting attempt 2 of 3
[2026-03-25T08:39:18.728+0000] {taskinstance.py:2889} INFO - Executing <Task(PythonOperator): run_etl> on 2026-03-25 08:31:49.234205+00:00
[2026-03-25T08:39:18.742+0000] {standard_task_runner.py:72} INFO - Started process 310 to run task
[2026-03-25T08:39:18.755+0000] {standard_task_runner.py:104} INFO - Running: ['airflow', 'tasks', 'run', 'daily_job_scraping', 'run_etl', 'manual__2026-03-25T08:31:49.234205+00:00', '--job-id', '62', '--raw', '--subdir', 'DAGS_FOLDER/job_scraping_dag.py', '--cfg-path', '/tmp/tmp3cskc60t']
[2026-03-25T08:39:18.770+0000] {standard_task_runner.py:105} INFO - Job 62: Subtask run_etl
[2026-03-25T08:39:18.929+0000] {task_command.py:467} INFO - Running <TaskInstance: daily_job_scraping.run_etl manual__2026-03-25T08:31:49.234205+00:00 [running]> on host dcaa3875dea4
[2026-03-25T08:39:19.103+0000] {taskinstance.py:3132} INFO - Exporting env vars: AIRFLOW_CTX_DAG_OWNER='job_intelligent' AIRFLOW_CTX_DAG_ID='daily_job_scraping' AIRFLOW_CTX_TASK_ID='run_etl' AIRFLOW_CTX_EXECUTION_DATE='2026-03-25T08:31:49.234205+00:00' AIRFLOW_CTX_TRY_NUMBER='2' AIRFLOW_CTX_DAG_RUN_ID='manual__2026-03-25T08:31:49.234205+00:00'
[2026-03-25T08:39:19.107+0000] {taskinstance.py:731} INFO - ::endgroup::
[2026-03-25T08:39:19.129+0000] {job_scraping_dag.py:76} INFO - [DAG] Starting ETL pipeline...
[2026-03-25T08:39:19.287+0000] {EDA.py:361} INFO - === JobRadar ETL Pipeline demarre ===
[2026-03-25T08:39:19.288+0000] {EDA.py:112} INFO - [ETL] Extraction depuis Supabase jobs...
[2026-03-25T08:39:20.850+0000] {EDA.py:139} INFO - [ETL] Page 1: 1000 lignes recuperees
[2026-03-25T08:39:21.451+0000] {EDA.py:139} INFO - [ETL] Page 2: 1938 lignes recuperees
[2026-03-25T08:39:21.477+0000] {EDA.py:150} INFO - [ETL] Extract termine - 1938 lignes depuis Supabase `jobs`
[2026-03-25T08:39:21.480+0000] {EDA.py:212} INFO - [ETL] Transformation en cours...
[2026-03-25T08:39:23.079+0000] {EDA.py:205} INFO - [ETL] Deduplication: 1938 -> 800 lignes (1138 supprimees)
[2026-03-25T08:39:23.085+0000] {EDA.py:243} INFO - [ETL] Transform termine - 800 lignes propres
[2026-03-25T08:39:23.111+0000] {EDA.py:271} INFO - [ETL] Connexion a Supabase REST API (table: jobs_clean)...
[2026-03-25T08:39:23.517+0000] {EDA.py:281} INFO - [ETL] Table jobs_clean videe.
[2026-03-25T08:39:24.340+0000] {EDA.py:299} INFO - [ETL] Lot 1: 100/800 lignes
[2026-03-25T08:39:24.799+0000] {EDA.py:299} INFO - [ETL] Lot 2: 200/800 lignes
[2026-03-25T08:39:25.305+0000] {EDA.py:299} INFO - [ETL] Lot 3: 300/800 lignes
[2026-03-25T08:39:25.747+0000] {EDA.py:299} INFO - [ETL] Lot 4: 400/800 lignes
[2026-03-25T08:39:26.161+0000] {EDA.py:299} INFO - [ETL] Lot 5: 500/800 lignes
[2026-03-25T08:39:26.621+0000] {EDA.py:299} INFO - [ETL] Lot 6: 600/800 lignes
[2026-03-25T08:39:27.049+0000] {EDA.py:299} INFO - [ETL] Lot 7: 700/800 lignes
[2026-03-25T08:39:27.526+0000] {EDA.py:299} INFO - [ETL] Lot 8: 800/800 lignes
[2026-03-25T08:39:27.535+0000] {EDA.py:304} INFO - [ETL] SUCCES — 800 lignes dans jobs_clean
[2026-03-25T08:39:27.844+0000] {EDA.py:314} INFO - [ETL] SQLite backup - 800 lignes -> /opt/airflow/scrapers/data/jobradar.db
[2026-03-25T08:39:27.889+0000] {EDA.py:318} INFO - [ETL] CSV Power BI -> /opt/airflow/scrapers/data/jobradar_clean.csv
[2026-03-25T08:39:27.982+0000] {EDA.py:323} INFO - [ETL] JSON NLP -> /opt/airflow/scrapers/data/jobradar_clean.json
[2026-03-25T08:39:27.984+0000] {logging_mixin.py:190} INFO - 
--- ETL Summary --------------------------------------------------
[2026-03-25T08:39:27.987+0000] {logging_mixin.py:190} INFO - Total jobs propres : 800
[2026-03-25T08:39:27.989+0000] {logging_mixin.py:190} INFO - Entreprises        : 290
[2026-03-25T08:39:27.992+0000] {logging_mixin.py:190} INFO - Stockage           : Supabase jobs_clean + SQLite backup + CSV + JSON
[2026-03-25T08:39:27.994+0000] {logging_mixin.py:190} INFO - 
Par categorie:
[2026-03-25T08:39:27.999+0000] {logging_mixin.py:190} INFO - category
Other             275
Data & AI         267
Software Dev       89
Management         77
IT & Systems       49
DevOps & Cloud     26
Cybersecurity      17
[2026-03-25T08:39:28.003+0000] {logging_mixin.py:190} INFO - 
Top localisations:
[2026-03-25T08:39:28.008+0000] {logging_mixin.py:190} INFO - location
Casablanca                149
Rabat                     121
Casablanca et priphrie     61
Mchouar de Casablanca      60
Casablanca-Settat          57
[2026-03-25T08:39:28.010+0000] {logging_mixin.py:190} INFO - 
Par source:
[2026-03-25T08:39:28.012+0000] {logging_mixin.py:190} INFO - source
linkedin          258
france_travail     76
[2026-03-25T08:39:28.014+0000] {logging_mixin.py:190} INFO - ------------------------------------------------------------------
[2026-03-25T08:39:28.016+0000] {EDA.py:368} INFO - === Termine en 8s ===
[2026-03-25T08:39:28.018+0000] {job_scraping_dag.py:80} INFO - [DAG] ETL done.
[2026-03-25T08:39:28.021+0000] {python.py:240} INFO - Done. Returned value was: None
[2026-03-25T08:39:28.053+0000] {taskinstance.py:340} INFO - ::group::Post task execution logs
[2026-03-25T08:39:28.056+0000] {taskinstance.py:352} INFO - Marking task as SUCCESS. dag_id=daily_job_scraping, task_id=run_etl, run_id=manual__2026-03-25T08:31:49.234205+00:00, execution_date=20260325T083149, start_date=20260325T083918, end_date=20260325T083928
[2026-03-25T08:39:28.130+0000] {local_task_job_runner.py:266} INFO - Task exited with return code 0
[2026-03-25T08:39:28.159+0000] {taskinstance.py:3895} INFO - 0 downstream tasks scheduled from follow-on schedule check
[2026-03-25T08:39:28.162+0000] {local_task_job_runner.py:245} INFO - ::endgroup::
