[2026-03-22T02:23:17.596+0000] {local_task_job_runner.py:123} INFO - ::group::Pre task execution logs
[2026-03-22T02:23:17.643+0000] {taskinstance.py:2613} INFO - Dependencies all met for dep_context=non-requeueable deps ti=<TaskInstance: daily_job_scraping.extract_linkedin scheduled__2026-03-20T12:00:00+00:00 [queued]>
[2026-03-22T02:23:17.665+0000] {taskinstance.py:2613} INFO - Dependencies all met for dep_context=requeueable deps ti=<TaskInstance: daily_job_scraping.extract_linkedin scheduled__2026-03-20T12:00:00+00:00 [queued]>
[2026-03-22T02:23:17.668+0000] {taskinstance.py:2866} INFO - Starting attempt 1 of 3
[2026-03-22T02:23:17.695+0000] {taskinstance.py:2889} INFO - Executing <Task(PythonOperator): extract_linkedin> on 2026-03-20 12:00:00+00:00
[2026-03-22T02:23:17.715+0000] {standard_task_runner.py:72} INFO - Started process 175 to run task
[2026-03-22T02:23:17.725+0000] {standard_task_runner.py:104} INFO - Running: ['airflow', 'tasks', 'run', 'daily_job_scraping', 'extract_linkedin', 'scheduled__2026-03-20T12:00:00+00:00', '--job-id', '2', '--raw', '--subdir', 'DAGS_FOLDER/job_scraping_dag.py', '--cfg-path', '/tmp/tmptyo4464k']
[2026-03-22T02:23:17.735+0000] {standard_task_runner.py:105} INFO - Job 2: Subtask extract_linkedin
[2026-03-22T02:23:17.956+0000] {task_command.py:467} INFO - Running <TaskInstance: daily_job_scraping.extract_linkedin scheduled__2026-03-20T12:00:00+00:00 [running]> on host e95b87d7f359
[2026-03-22T02:23:18.228+0000] {taskinstance.py:3132} INFO - Exporting env vars: AIRFLOW_CTX_DAG_OWNER='job_intelligent' AIRFLOW_CTX_DAG_ID='daily_job_scraping' AIRFLOW_CTX_TASK_ID='extract_linkedin' AIRFLOW_CTX_EXECUTION_DATE='2026-03-20T12:00:00+00:00' AIRFLOW_CTX_TRY_NUMBER='1' AIRFLOW_CTX_DAG_RUN_ID='scheduled__2026-03-20T12:00:00+00:00'
[2026-03-22T02:23:18.235+0000] {taskinstance.py:731} INFO - ::endgroup::
[2026-03-22T02:23:18.304+0000] {job_scraping_dag.py:43} INFO - [DAG] Starting LinkedIn extraction...
[2026-03-22T02:23:18.306+0000] {scrapping_linkedin.py:202} INFO - [LinkedIn] Starting 10 keywords with 3 parallel workers | SELENIUM_URL=http://selenium:4444/wd/hub
[2026-03-22T02:23:40.394+0000] {scrapping_linkedin.py:138} INFO - [LinkedIn][Data Analyst] Starting session...
[2026-03-22T02:23:40.416+0000] {scrapping_linkedin.py:138} INFO - [LinkedIn][Data Engineer] Starting session...
[2026-03-22T02:24:04.457+0000] {scrapping_linkedin.py:155} INFO - [LinkedIn][Data Analyst] Page 1 → https://www.linkedin.com/jobs/search/?keywords=Data%20Analyst&location=Maroc&start=0&f_TPR=r604800
[2026-03-22T02:24:11.047+0000] {scrapping_linkedin.py:155} INFO - [LinkedIn][Data Engineer] Page 1 → https://www.linkedin.com/jobs/search/?keywords=Data%20Engineer&location=Maroc&start=0&f_TPR=r604800
[2026-03-22T02:24:25.293+0000] {scrapping_linkedin.py:182} INFO - [LinkedIn][Data Analyst] +70 jobs (keyword total: 70)
[2026-03-22T02:24:26.829+0000] {scrapping_linkedin.py:155} INFO - [LinkedIn][Data Analyst] Page 2 → https://www.linkedin.com/jobs/search/?keywords=Data%20Analyst&location=Maroc&start=25&f_TPR=r604800
[2026-03-22T02:24:40.895+0000] {scrapping_linkedin.py:138} INFO - [LinkedIn][Data Scientist] Starting session...
[2026-03-22T02:24:45.903+0000] {scrapping_linkedin.py:182} INFO - [LinkedIn][Data Engineer] +70 jobs (keyword total: 70)
[2026-03-22T02:24:47.440+0000] {scrapping_linkedin.py:182} INFO - [LinkedIn][Data Analyst] +6 jobs (keyword total: 76)
[2026-03-22T02:24:48.627+0000] {scrapping_linkedin.py:155} INFO - [LinkedIn][Data Engineer] Page 2 → https://www.linkedin.com/jobs/search/?keywords=Data%20Engineer&location=Maroc&start=25&f_TPR=r604800
[2026-03-22T02:24:50.248+0000] {scrapping_linkedin.py:191} INFO - [LinkedIn][Data Analyst] Session closed.
[2026-03-22T02:24:50.280+0000] {scrapping_linkedin.py:217} INFO - [LinkedIn] Merged 'Data Analyst' → 76 unique jobs (grand total: 76)
[2026-03-22T02:24:56.196+0000] {scrapping_linkedin.py:155} INFO - [LinkedIn][Data Scientist] Page 1 → https://www.linkedin.com/jobs/search/?keywords=Data%20Scientist&location=Maroc&start=0&f_TPR=r604800
[2026-03-22T02:25:07.131+0000] {scrapping_linkedin.py:182} INFO - [LinkedIn][Data Engineer] +6 jobs (keyword total: 76)
[2026-03-22T02:25:11.026+0000] {scrapping_linkedin.py:191} INFO - [LinkedIn][Data Engineer] Session closed.
[2026-03-22T02:25:11.035+0000] {scrapping_linkedin.py:217} INFO - [LinkedIn] Merged 'Data Engineer' → 44 unique jobs (grand total: 120)
[2026-03-22T02:25:19.410+0000] {scrapping_linkedin.py:182} INFO - [LinkedIn][Data Scientist] +60 jobs (keyword total: 60)
[2026-03-22T02:25:20.367+0000] {scrapping_linkedin.py:155} INFO - [LinkedIn][Data Scientist] Page 2 → https://www.linkedin.com/jobs/search/?keywords=Data%20Scientist&location=Maroc&start=25&f_TPR=r604800
[2026-03-22T02:25:26.624+0000] {scrapping_linkedin.py:138} INFO - [LinkedIn][MLOps Engineer] Starting session...
[2026-03-22T02:25:30.259+0000] {scrapping_linkedin.py:182} INFO - [LinkedIn][Data Scientist] +0 jobs (keyword total: 60)
[2026-03-22T02:25:32.441+0000] {scrapping_linkedin.py:138} INFO - [LinkedIn][Machine Learning Engineer] Starting session...
[2026-03-22T02:25:33.413+0000] {scrapping_linkedin.py:191} INFO - [LinkedIn][Data Scientist] Session closed.
[2026-03-22T02:25:33.422+0000] {scrapping_linkedin.py:217} INFO - [LinkedIn] Merged 'Data Scientist' → 33 unique jobs (grand total: 153)
[2026-03-22T02:25:34.492+0000] {scrapping_linkedin.py:155} INFO - [LinkedIn][MLOps Engineer] Page 1 → https://www.linkedin.com/jobs/search/?keywords=MLOps%20Engineer&location=Maroc&start=0&f_TPR=r604800
[2026-03-22T02:25:45.836+0000] {scrapping_linkedin.py:155} INFO - [LinkedIn][Machine Learning Engineer] Page 1 → https://www.linkedin.com/jobs/search/?keywords=Machine%20Learning%20Engineer&location=Maroc&start=0&f_TPR=r604800
[2026-03-22T02:25:46.458+0000] {scrapping_linkedin.py:182} INFO - [LinkedIn][MLOps Engineer] +2 jobs (keyword total: 2)
[2026-03-22T02:25:48.383+0000] {scrapping_linkedin.py:138} INFO - [LinkedIn][Business Intelligence] Starting session...
[2026-03-22T02:25:48.151+0000] {scrapping_linkedin.py:155} INFO - [LinkedIn][MLOps Engineer] Page 2 → https://www.linkedin.com/jobs/search/?keywords=MLOps%20Engineer&location=Maroc&start=25&f_TPR=r604800
[2026-03-22T02:25:54.868+0000] {scrapping_linkedin.py:182} INFO - [LinkedIn][Machine Learning Engineer] +42 jobs (keyword total: 42)
[2026-03-22T02:25:56.708+0000] {scrapping_linkedin.py:155} INFO - [LinkedIn][Machine Learning Engineer] Page 2 → https://www.linkedin.com/jobs/search/?keywords=Machine%20Learning%20Engineer&location=Maroc&start=25&f_TPR=r604800
[2026-03-22T02:25:58.689+0000] {scrapping_linkedin.py:182} INFO - [LinkedIn][MLOps Engineer] +0 jobs (keyword total: 2)
[2026-03-22T02:25:58.927+0000] {scrapping_linkedin.py:155} INFO - [LinkedIn][Business Intelligence] Page 1 → https://www.linkedin.com/jobs/search/?keywords=Business%20Intelligence&location=Maroc&start=0&f_TPR=r604800
[2026-03-22T02:26:02.210+0000] {scrapping_linkedin.py:191} INFO - [LinkedIn][MLOps Engineer] Session closed.
[2026-03-22T02:26:02.223+0000] {scrapping_linkedin.py:217} INFO - [LinkedIn] Merged 'MLOps Engineer' → 0 unique jobs (grand total: 153)
[2026-03-22T02:26:09.233+0000] {scrapping_linkedin.py:182} INFO - [LinkedIn][Machine Learning Engineer] +0 jobs (keyword total: 42)
[2026-03-22T02:26:12.466+0000] {scrapping_linkedin.py:191} INFO - [LinkedIn][Machine Learning Engineer] Session closed.
[2026-03-22T02:26:12.470+0000] {scrapping_linkedin.py:217} INFO - [LinkedIn] Merged 'Machine Learning Engineer' → 1 unique jobs (grand total: 154)
[2026-03-22T02:26:14.667+0000] {scrapping_linkedin.py:182} INFO - [LinkedIn][Business Intelligence] +28 jobs (keyword total: 28)
[2026-03-22T02:26:16.394+0000] {scrapping_linkedin.py:155} INFO - [LinkedIn][Business Intelligence] Page 2 → https://www.linkedin.com/jobs/search/?keywords=Business%20Intelligence&location=Maroc&start=25&f_TPR=r604800
[2026-03-22T02:26:26.646+0000] {scrapping_linkedin.py:182} INFO - [LinkedIn][Business Intelligence] +0 jobs (keyword total: 28)
[2026-03-22T02:26:29.525+0000] {scrapping_linkedin.py:191} INFO - [LinkedIn][Business Intelligence] Session closed.
[2026-03-22T02:26:29.557+0000] {scrapping_linkedin.py:217} INFO - [LinkedIn] Merged 'Business Intelligence' → 8 unique jobs (grand total: 162)
[2026-03-22T02:26:36.129+0000] {scrapping_linkedin.py:138} INFO - [LinkedIn][NLP Engineer] Starting session...
[2026-03-22T02:26:43.444+0000] {scrapping_linkedin.py:138} INFO - [LinkedIn][AI Engineer] Starting session...
[2026-03-22T02:26:56.721+0000] {scrapping_linkedin.py:155} INFO - [LinkedIn][NLP Engineer] Page 1 → https://www.linkedin.com/jobs/search/?keywords=NLP%20Engineer&location=Maroc&start=0&f_TPR=r604800
[2026-03-22T02:27:00.467+0000] {scrapping_linkedin.py:138} INFO - [LinkedIn][Data Architect] Starting session...
[2026-03-22T02:27:02.748+0000] {scrapping_linkedin.py:155} INFO - [LinkedIn][AI Engineer] Page 1 → https://www.linkedin.com/jobs/search/?keywords=AI%20Engineer&location=Maroc&start=0&f_TPR=r604800
[2026-03-22T02:27:13.289+0000] {scrapping_linkedin.py:155} INFO - [LinkedIn][Data Architect] Page 1 → https://www.linkedin.com/jobs/search/?keywords=Data%20Architect&location=Maroc&start=0&f_TPR=r604800
[2026-03-22T02:27:13.494+0000] {scrapping_linkedin.py:182} INFO - [LinkedIn][NLP Engineer] +19 jobs (keyword total: 19)
[2026-03-22T02:27:15.023+0000] {scrapping_linkedin.py:155} INFO - [LinkedIn][NLP Engineer] Page 2 → https://www.linkedin.com/jobs/search/?keywords=NLP%20Engineer&location=Maroc&start=25&f_TPR=r604800
[2026-03-22T02:27:15.969+0000] {scrapping_linkedin.py:182} INFO - [LinkedIn][AI Engineer] +10 jobs (keyword total: 10)
[2026-03-22T02:27:18.862+0000] {scrapping_linkedin.py:155} INFO - [LinkedIn][AI Engineer] Page 2 → https://www.linkedin.com/jobs/search/?keywords=AI%20Engineer&location=Maroc&start=25&f_TPR=r604800
[2026-03-22T02:27:27.562+0000] {scrapping_linkedin.py:182} INFO - [LinkedIn][Data Architect] +34 jobs (keyword total: 34)
[2026-03-22T02:27:28.126+0000] {scrapping_linkedin.py:182} INFO - [LinkedIn][NLP Engineer] +0 jobs (keyword total: 19)
[2026-03-22T02:27:29.766+0000] {scrapping_linkedin.py:155} INFO - [LinkedIn][Data Architect] Page 2 → https://www.linkedin.com/jobs/search/?keywords=Data%20Architect&location=Maroc&start=25&f_TPR=r604800
[2026-03-22T02:27:30.761+0000] {scrapping_linkedin.py:191} INFO - [LinkedIn][NLP Engineer] Session closed.
[2026-03-22T02:27:30.768+0000] {scrapping_linkedin.py:217} INFO - [LinkedIn] Merged 'NLP Engineer' → 14 unique jobs (grand total: 176)
[2026-03-22T02:27:31.021+0000] {scrapping_linkedin.py:182} INFO - [LinkedIn][AI Engineer] +0 jobs (keyword total: 10)
[2026-03-22T02:27:33.754+0000] {scrapping_linkedin.py:138} INFO - [LinkedIn][Big Data Engineer] Starting session...
[2026-03-22T02:27:34.910+0000] {scrapping_linkedin.py:191} INFO - [LinkedIn][AI Engineer] Session closed.
[2026-03-22T02:27:34.935+0000] {scrapping_linkedin.py:217} INFO - [LinkedIn] Merged 'AI Engineer' → 4 unique jobs (grand total: 180)
[2026-03-22T02:27:40.150+0000] {scrapping_linkedin.py:182} INFO - [LinkedIn][Data Architect] +0 jobs (keyword total: 34)
[2026-03-22T02:27:40.789+0000] {scrapping_linkedin.py:155} INFO - [LinkedIn][Big Data Engineer] Page 1 → https://www.linkedin.com/jobs/search/?keywords=Big%20Data%20Engineer&location=Maroc&start=0&f_TPR=r604800
[2026-03-22T02:27:43.150+0000] {scrapping_linkedin.py:191} INFO - [LinkedIn][Data Architect] Session closed.
[2026-03-22T02:27:43.234+0000] {scrapping_linkedin.py:217} INFO - [LinkedIn] Merged 'Data Architect' → 3 unique jobs (grand total: 183)
[2026-03-22T02:27:49.400+0000] {scrapping_linkedin.py:182} INFO - [LinkedIn][Big Data Engineer] +17 jobs (keyword total: 17)
[2026-03-22T02:27:50.998+0000] {scrapping_linkedin.py:155} INFO - [LinkedIn][Big Data Engineer] Page 2 → https://www.linkedin.com/jobs/search/?keywords=Big%20Data%20Engineer&location=Maroc&start=25&f_TPR=r604800
[2026-03-22T02:27:59.015+0000] {scrapping_linkedin.py:182} INFO - [LinkedIn][Big Data Engineer] +0 jobs (keyword total: 17)
[2026-03-22T02:28:01.168+0000] {scrapping_linkedin.py:191} INFO - [LinkedIn][Big Data Engineer] Session closed.
[2026-03-22T02:28:01.193+0000] {scrapping_linkedin.py:217} INFO - [LinkedIn] Merged 'Big Data Engineer' → 0 unique jobs (grand total: 183)
[2026-03-22T02:28:01.258+0000] {job_scraping_dag.py:45} INFO - [DAG] LinkedIn done — 183 jobs scraped.
[2026-03-22T02:28:01.405+0000] {python.py:240} INFO - Done. Returned value was: None
[2026-03-22T02:28:01.456+0000] {taskinstance.py:340} INFO - ::group::Post task execution logs
[2026-03-22T02:28:01.490+0000] {taskinstance.py:352} INFO - Marking task as SUCCESS. dag_id=daily_job_scraping, task_id=extract_linkedin, run_id=scheduled__2026-03-20T12:00:00+00:00, execution_date=20260320T120000, start_date=20260322T022317, end_date=20260322T022801
[2026-03-22T02:28:01.702+0000] {local_task_job_runner.py:266} INFO - Task exited with return code 0
[2026-03-22T02:28:01.935+0000] {taskinstance.py:3895} INFO - 1 downstream tasks scheduled from follow-on schedule check
[2026-03-22T02:28:02.095+0000] {local_task_job_runner.py:245} INFO - ::endgroup::
[2026-03-22T02:57:50.023+0000] {local_task_job_runner.py:123} INFO - ::group::Pre task execution logs
[2026-03-22T02:57:50.056+0000] {taskinstance.py:2613} INFO - Dependencies all met for dep_context=non-requeueable deps ti=<TaskInstance: daily_job_scraping.extract_linkedin scheduled__2026-03-20T12:00:00+00:00 [queued]>
[2026-03-22T02:57:50.070+0000] {taskinstance.py:2613} INFO - Dependencies all met for dep_context=requeueable deps ti=<TaskInstance: daily_job_scraping.extract_linkedin scheduled__2026-03-20T12:00:00+00:00 [queued]>
[2026-03-22T02:57:50.071+0000] {taskinstance.py:2866} INFO - Starting attempt 1 of 3
[2026-03-22T02:57:50.106+0000] {taskinstance.py:2889} INFO - Executing <Task(PythonOperator): extract_linkedin> on 2026-03-20 12:00:00+00:00
[2026-03-22T02:57:50.118+0000] {standard_task_runner.py:72} INFO - Started process 174 to run task
[2026-03-22T02:57:50.125+0000] {standard_task_runner.py:104} INFO - Running: ['airflow', 'tasks', 'run', 'daily_job_scraping', 'extract_linkedin', 'scheduled__2026-03-20T12:00:00+00:00', '--job-id', '2', '--raw', '--subdir', 'DAGS_FOLDER/job_scraping_dag.py', '--cfg-path', '/tmp/tmpnyg3qvlc']
[2026-03-22T02:57:50.134+0000] {standard_task_runner.py:105} INFO - Job 2: Subtask extract_linkedin
[2026-03-22T02:57:50.324+0000] {task_command.py:467} INFO - Running <TaskInstance: daily_job_scraping.extract_linkedin scheduled__2026-03-20T12:00:00+00:00 [running]> on host 6e9107eaa705
[2026-03-22T02:57:50.595+0000] {taskinstance.py:3132} INFO - Exporting env vars: AIRFLOW_CTX_DAG_OWNER='job_intelligent' AIRFLOW_CTX_DAG_ID='daily_job_scraping' AIRFLOW_CTX_TASK_ID='extract_linkedin' AIRFLOW_CTX_EXECUTION_DATE='2026-03-20T12:00:00+00:00' AIRFLOW_CTX_TRY_NUMBER='1' AIRFLOW_CTX_DAG_RUN_ID='scheduled__2026-03-20T12:00:00+00:00'
[2026-03-22T02:57:50.604+0000] {taskinstance.py:731} INFO - ::endgroup::
[2026-03-22T02:57:50.673+0000] {job_scraping_dag.py:43} INFO - [DAG] Starting LinkedIn extraction...
[2026-03-22T02:57:50.674+0000] {scrapping_linkedin.py:202} INFO - [LinkedIn] Starting 10 keywords with 3 parallel workers | SELENIUM_URL=http://selenium:4444/wd/hub
[2026-03-22T02:57:56.705+0000] {scrapping_linkedin.py:138} INFO - [LinkedIn][Data Scientist] Starting session...
[2026-03-22T02:57:56.717+0000] {scrapping_linkedin.py:138} INFO - [LinkedIn][Data Engineer] Starting session...
[2026-03-22T02:58:09.717+0000] {scrapping_linkedin.py:155} INFO - [LinkedIn][Data Scientist] Page 1 → https://www.linkedin.com/jobs/search/?keywords=Data%20Scientist&location=Maroc&start=0&f_TPR=r604800
[2026-03-22T02:58:10.717+0000] {scrapping_linkedin.py:155} INFO - [LinkedIn][Data Engineer] Page 1 → https://www.linkedin.com/jobs/search/?keywords=Data%20Engineer&location=Maroc&start=0&f_TPR=r604800
[2026-03-22T02:58:24.223+0000] {scrapping_linkedin.py:182} INFO - [LinkedIn][Data Engineer] +70 jobs (keyword total: 70)
[2026-03-22T02:58:26.537+0000] {scrapping_linkedin.py:155} INFO - [LinkedIn][Data Engineer] Page 2 → https://www.linkedin.com/jobs/search/?keywords=Data%20Engineer&location=Maroc&start=25&f_TPR=r604800
[2026-03-22T02:58:27.245+0000] {scrapping_linkedin.py:182} INFO - [LinkedIn][Data Scientist] +70 jobs (keyword total: 70)
[2026-03-22T02:58:29.516+0000] {scrapping_linkedin.py:155} INFO - [LinkedIn][Data Scientist] Page 2 → https://www.linkedin.com/jobs/search/?keywords=Data%20Scientist&location=Maroc&start=25&f_TPR=r604800
[2026-03-22T02:58:36.286+0000] {scrapping_linkedin.py:138} INFO - [LinkedIn][Data Analyst] Starting session...
[2026-03-22T02:58:41.160+0000] {scrapping_linkedin.py:182} INFO - [LinkedIn][Data Engineer] +0 jobs (keyword total: 70)
[2026-03-22T02:58:42.871+0000] {scrapping_linkedin.py:182} INFO - [LinkedIn][Data Scientist] +10 jobs (keyword total: 80)
[2026-03-22T02:58:44.350+0000] {scrapping_linkedin.py:191} INFO - [LinkedIn][Data Engineer] Session closed.
[2026-03-22T02:58:44.356+0000] {scrapping_linkedin.py:217} INFO - [LinkedIn] Merged 'Data Engineer' → 70 unique jobs (grand total: 70)
[2026-03-22T02:58:44.832+0000] {scrapping_linkedin.py:191} INFO - [LinkedIn][Data Scientist] Session closed.
[2026-03-22T02:58:44.844+0000] {scrapping_linkedin.py:217} INFO - [LinkedIn] Merged 'Data Scientist' → 61 unique jobs (grand total: 131)
[2026-03-22T02:58:46.297+0000] {scrapping_linkedin.py:155} INFO - [LinkedIn][Data Analyst] Page 1 → https://www.linkedin.com/jobs/search/?keywords=Data%20Analyst&location=Maroc&start=0&f_TPR=r604800
[2026-03-22T02:58:59.464+0000] {scrapping_linkedin.py:182} INFO - [LinkedIn][Data Analyst] +70 jobs (keyword total: 70)
[2026-03-22T02:59:01.768+0000] {scrapping_linkedin.py:155} INFO - [LinkedIn][Data Analyst] Page 2 → https://www.linkedin.com/jobs/search/?keywords=Data%20Analyst&location=Maroc&start=25&f_TPR=r604800
[2026-03-22T02:59:11.595+0000] {scrapping_linkedin.py:182} INFO - [LinkedIn][Data Analyst] +7 jobs (keyword total: 77)
[2026-03-22T02:59:11.895+0000] {scrapping_linkedin.py:138} INFO - [LinkedIn][Machine Learning Engineer] Starting session...
[2026-03-22T02:59:14.356+0000] {scrapping_linkedin.py:191} INFO - [LinkedIn][Data Analyst] Session closed.
[2026-03-22T02:59:14.398+0000] {scrapping_linkedin.py:217} INFO - [LinkedIn] Merged 'Data Analyst' → 30 unique jobs (grand total: 161)
[2026-03-22T02:59:21.093+0000] {scrapping_linkedin.py:138} INFO - [LinkedIn][MLOps Engineer] Starting session...
[2026-03-22T02:59:26.143+0000] {scrapping_linkedin.py:155} INFO - [LinkedIn][Machine Learning Engineer] Page 1 → https://www.linkedin.com/jobs/search/?keywords=Machine%20Learning%20Engineer&location=Maroc&start=0&f_TPR=r604800
[2026-03-22T02:59:38.983+0000] {scrapping_linkedin.py:155} INFO - [LinkedIn][MLOps Engineer] Page 1 → https://www.linkedin.com/jobs/search/?keywords=MLOps%20Engineer&location=Maroc&start=0&f_TPR=r604800
[2026-03-22T02:59:42.074+0000] {scrapping_linkedin.py:182} INFO - [LinkedIn][Machine Learning Engineer] +42 jobs (keyword total: 42)
[2026-03-22T02:59:44.478+0000] {scrapping_linkedin.py:155} INFO - [LinkedIn][Machine Learning Engineer] Page 2 → https://www.linkedin.com/jobs/search/?keywords=Machine%20Learning%20Engineer&location=Maroc&start=25&f_TPR=r604800
[2026-03-22T02:59:55.095+0000] {scrapping_linkedin.py:182} INFO - [LinkedIn][MLOps Engineer] +2 jobs (keyword total: 2)
[2026-03-22T02:59:56.848+0000] {scrapping_linkedin.py:155} INFO - [LinkedIn][MLOps Engineer] Page 2 → https://www.linkedin.com/jobs/search/?keywords=MLOps%20Engineer&location=Maroc&start=25&f_TPR=r604800
[2026-03-22T03:00:07.290+0000] {scrapping_linkedin.py:182} INFO - [LinkedIn][Machine Learning Engineer] +0 jobs (keyword total: 42)
[2026-03-22T03:00:10.824+0000] {scrapping_linkedin.py:138} INFO - [LinkedIn][Business Intelligence] Starting session...
[2026-03-22T03:00:11.138+0000] {scrapping_linkedin.py:191} INFO - [LinkedIn][Machine Learning Engineer] Session closed.
[2026-03-22T03:00:11.157+0000] {scrapping_linkedin.py:217} INFO - [LinkedIn] Merged 'Machine Learning Engineer' → 1 unique jobs (grand total: 162)
[2026-03-22T03:00:16.836+0000] {scrapping_linkedin.py:182} INFO - [LinkedIn][MLOps Engineer] +0 jobs (keyword total: 2)
[2026-03-22T03:00:20.541+0000] {scrapping_linkedin.py:191} INFO - [LinkedIn][MLOps Engineer] Session closed.
[2026-03-22T03:00:20.562+0000] {scrapping_linkedin.py:217} INFO - [LinkedIn] Merged 'MLOps Engineer' → 0 unique jobs (grand total: 162)
[2026-03-22T03:00:27.976+0000] {scrapping_linkedin.py:155} INFO - [LinkedIn][Business Intelligence] Page 1 → https://www.linkedin.com/jobs/search/?keywords=Business%20Intelligence&location=Maroc&start=0&f_TPR=r604800
[2026-03-22T03:00:49.576+0000] {scrapping_linkedin.py:182} INFO - [LinkedIn][Business Intelligence] +27 jobs (keyword total: 27)
[2026-03-22T03:00:52.590+0000] {scrapping_linkedin.py:155} INFO - [LinkedIn][Business Intelligence] Page 2 → https://www.linkedin.com/jobs/search/?keywords=Business%20Intelligence&location=Maroc&start=25&f_TPR=r604800
[2026-03-22T03:00:57.385+0000] {scrapping_linkedin.py:138} INFO - [LinkedIn][NLP Engineer] Starting session...
[2026-03-22T03:01:09.536+0000] {scrapping_linkedin.py:182} INFO - [LinkedIn][Business Intelligence] +0 jobs (keyword total: 27)
[2026-03-22T03:01:13.193+0000] {scrapping_linkedin.py:191} INFO - [LinkedIn][Business Intelligence] Session closed.
[2026-03-22T03:01:13.209+0000] {scrapping_linkedin.py:217} INFO - [LinkedIn] Merged 'Business Intelligence' → 8 unique jobs (grand total: 170)
[2026-03-22T03:01:14.258+0000] {scrapping_linkedin.py:155} INFO - [LinkedIn][NLP Engineer] Page 1 → https://www.linkedin.com/jobs/search/?keywords=NLP%20Engineer&location=Maroc&start=0&f_TPR=r604800
[2026-03-22T03:01:31.087+0000] {scrapping_linkedin.py:182} INFO - [LinkedIn][NLP Engineer] +19 jobs (keyword total: 19)
[2026-03-22T03:01:32.640+0000] {scrapping_linkedin.py:155} INFO - [LinkedIn][NLP Engineer] Page 2 → https://www.linkedin.com/jobs/search/?keywords=NLP%20Engineer&location=Maroc&start=25&f_TPR=r604800
[2026-03-22T03:01:49.919+0000] {scrapping_linkedin.py:182} INFO - [LinkedIn][NLP Engineer] +0 jobs (keyword total: 19)
[2026-03-22T03:01:55.109+0000] {scrapping_linkedin.py:191} INFO - [LinkedIn][NLP Engineer] Session closed.
[2026-03-22T03:01:55.120+0000] {scrapping_linkedin.py:217} INFO - [LinkedIn] Merged 'NLP Engineer' → 14 unique jobs (grand total: 184)
[2026-03-22T03:02:40.707+0000] {scrapping_linkedin.py:138} INFO - [LinkedIn][Data Architect] Starting session...
[2026-03-22T03:02:54.365+0000] {scrapping_linkedin.py:138} INFO - [LinkedIn][AI Engineer] Starting session...
[2026-03-22T03:03:18.478+0000] {scrapping_linkedin.py:155} INFO - [LinkedIn][AI Engineer] Page 1 → https://www.linkedin.com/jobs/search/?keywords=AI%20Engineer&location=Maroc&start=0&f_TPR=r604800
[2026-03-22T03:03:25.333+0000] {scrapping_linkedin.py:155} INFO - [LinkedIn][Data Architect] Page 1 → https://www.linkedin.com/jobs/search/?keywords=Data%20Architect&location=Maroc&start=0&f_TPR=r604800
[2026-03-22T03:03:37.419+0000] {scrapping_linkedin.py:182} INFO - [LinkedIn][AI Engineer] +10 jobs (keyword total: 10)
[2026-03-22T03:03:38.980+0000] {scrapping_linkedin.py:155} INFO - [LinkedIn][AI Engineer] Page 2 → https://www.linkedin.com/jobs/search/?keywords=AI%20Engineer&location=Maroc&start=25&f_TPR=r604800
[2026-03-22T03:03:40.145+0000] {scrapping_linkedin.py:182} INFO - [LinkedIn][Data Architect] +34 jobs (keyword total: 34)
[2026-03-22T03:03:41.938+0000] {scrapping_linkedin.py:155} INFO - [LinkedIn][Data Architect] Page 2 → https://www.linkedin.com/jobs/search/?keywords=Data%20Architect&location=Maroc&start=25&f_TPR=r604800
[2026-03-22T03:04:00.278+0000] {scrapping_linkedin.py:182} INFO - [LinkedIn][AI Engineer] +0 jobs (keyword total: 10)
[2026-03-22T03:04:03.376+0000] {scrapping_linkedin.py:191} INFO - [LinkedIn][AI Engineer] Session closed.
[2026-03-22T03:04:03.448+0000] {scrapping_linkedin.py:217} INFO - [LinkedIn] Merged 'AI Engineer' → 4 unique jobs (grand total: 188)
[2026-03-22T03:04:12.172+0000] {scrapping_linkedin.py:182} INFO - [LinkedIn][Data Architect] +0 jobs (keyword total: 34)
[2026-03-22T03:04:15.458+0000] {scrapping_linkedin.py:191} INFO - [LinkedIn][Data Architect] Session closed.
[2026-03-22T03:04:15.459+0000] {scrapping_linkedin.py:217} INFO - [LinkedIn] Merged 'Data Architect' → 3 unique jobs (grand total: 191)
[2026-03-22T03:05:31.400+0000] {scrapping_linkedin.py:138} INFO - [LinkedIn][Big Data Engineer] Starting session...
[2026-03-22T03:05:59.709+0000] {scrapping_linkedin.py:155} INFO - [LinkedIn][Big Data Engineer] Page 1 → https://www.linkedin.com/jobs/search/?keywords=Big%20Data%20Engineer&location=Maroc&start=0&f_TPR=r604800
[2026-03-22T03:06:24.767+0000] {scrapping_linkedin.py:182} INFO - [LinkedIn][Big Data Engineer] +17 jobs (keyword total: 17)
[2026-03-22T03:06:26.833+0000] {scrapping_linkedin.py:155} INFO - [LinkedIn][Big Data Engineer] Page 2 → https://www.linkedin.com/jobs/search/?keywords=Big%20Data%20Engineer&location=Maroc&start=25&f_TPR=r604800
[2026-03-22T03:06:41.220+0000] {scrapping_linkedin.py:182} INFO - [LinkedIn][Big Data Engineer] +0 jobs (keyword total: 17)
[2026-03-22T03:06:44.666+0000] {scrapping_linkedin.py:191} INFO - [LinkedIn][Big Data Engineer] Session closed.
[2026-03-22T03:06:44.688+0000] {scrapping_linkedin.py:217} INFO - [LinkedIn] Merged 'Big Data Engineer' → 0 unique jobs (grand total: 191)
[2026-03-22T03:06:44.701+0000] {job_scraping_dag.py:45} INFO - [DAG] LinkedIn done — 191 jobs scraped.
[2026-03-22T03:06:44.834+0000] {python.py:240} INFO - Done. Returned value was: None
[2026-03-22T03:06:44.989+0000] {taskinstance.py:340} INFO - ::group::Post task execution logs
[2026-03-22T03:06:45.005+0000] {taskinstance.py:352} INFO - Marking task as SUCCESS. dag_id=daily_job_scraping, task_id=extract_linkedin, run_id=scheduled__2026-03-20T12:00:00+00:00, execution_date=20260320T120000, start_date=20260322T025750, end_date=20260322T030645
[2026-03-22T03:06:47.077+0000] {local_task_job_runner.py:266} INFO - Task exited with return code 0
[2026-03-22T03:06:47.702+0000] {taskinstance.py:3895} INFO - 1 downstream tasks scheduled from follow-on schedule check
[2026-03-22T03:06:47.968+0000] {local_task_job_runner.py:245} INFO - ::endgroup::
