[2026-03-24T20:28:21.570+0000] {local_task_job_runner.py:123} INFO - ::group::Pre task execution logs
[2026-03-24T20:28:21.605+0000] {taskinstance.py:2613} INFO - Dependencies all met for dep_context=non-requeueable deps ti=<TaskInstance: daily_job_scraping.push_to_db manual__2026-03-24T20:24:20.701349+00:00 [queued]>
[2026-03-24T20:28:21.618+0000] {taskinstance.py:2613} INFO - Dependencies all met for dep_context=requeueable deps ti=<TaskInstance: daily_job_scraping.push_to_db manual__2026-03-24T20:24:20.701349+00:00 [queued]>
[2026-03-24T20:28:21.620+0000] {taskinstance.py:2866} INFO - Starting attempt 1 of 3
[2026-03-24T20:28:21.643+0000] {taskinstance.py:2889} INFO - Executing <Task(PythonOperator): push_to_db> on 2026-03-24 20:24:20.701349+00:00
[2026-03-24T20:28:21.656+0000] {standard_task_runner.py:72} INFO - Started process 231 to run task
[2026-03-24T20:28:21.666+0000] {standard_task_runner.py:104} INFO - Running: ['airflow', 'tasks', 'run', 'daily_job_scraping', 'push_to_db', 'manual__2026-03-24T20:24:20.701349+00:00', '--job-id', '39', '--raw', '--subdir', 'DAGS_FOLDER/job_scraping_dag.py', '--cfg-path', '/tmp/tmpigjptpix']
[2026-03-24T20:28:21.674+0000] {standard_task_runner.py:105} INFO - Job 39: Subtask push_to_db
[2026-03-24T20:28:21.887+0000] {task_command.py:467} INFO - Running <TaskInstance: daily_job_scraping.push_to_db manual__2026-03-24T20:24:20.701349+00:00 [running]> on host 8c995635ce4e
[2026-03-24T20:28:22.243+0000] {taskinstance.py:3132} INFO - Exporting env vars: AIRFLOW_CTX_DAG_OWNER='job_intelligent' AIRFLOW_CTX_DAG_ID='daily_job_scraping' AIRFLOW_CTX_TASK_ID='push_to_db' AIRFLOW_CTX_EXECUTION_DATE='2026-03-24T20:24:20.701349+00:00' AIRFLOW_CTX_TRY_NUMBER='1' AIRFLOW_CTX_DAG_RUN_ID='manual__2026-03-24T20:24:20.701349+00:00'
[2026-03-24T20:28:22.248+0000] {taskinstance.py:731} INFO - ::endgroup::
[2026-03-24T20:28:22.271+0000] {job_scraping_dag.py:190} INFO - [DAG] Loaded 179 jobs from /tmp/linkedin_jobs.json
[2026-03-24T20:28:22.274+0000] {job_scraping_dag.py:190} INFO - [DAG] Loaded 79 jobs from /tmp/france_travail_jobs.json
[2026-03-24T20:28:22.275+0000] {job_scraping_dag.py:194} INFO - [DAG] Total jobs to push: 258
[2026-03-24T20:28:22.365+0000] {db.py:207} INFO - [DB] Pushing 258 jobs to Supabase...
[2026-03-24T20:28:23.807+0000] {db.py:225} INFO - [DB] Lot 1: 100/258 inseres
[2026-03-24T20:28:21.880+0000] {db.py:225} INFO - [DB] Lot 2: 200/258 inseres
[2026-03-24T20:28:22.262+0000] {db.py:225} INFO - [DB] Lot 3: 258/258 inseres
[2026-03-24T20:28:22.264+0000] {db.py:237} INFO - [DB] Done - 258 inseres, 0 doublons ignores.
[2026-03-24T20:28:23.010+0000] {logging_mixin.py:190} INFO - 
--- DB Stats (Supabase) ------------------------------------------
[2026-03-24T20:28:23.011+0000] {logging_mixin.py:190} INFO - Total jobs : 1164
[2026-03-24T20:28:23.014+0000] {logging_mixin.py:190} INFO - ------------------------------------------------------------------
[2026-03-24T20:28:23.017+0000] {python.py:240} INFO - Done. Returned value was: None
[2026-03-24T20:28:23.044+0000] {taskinstance.py:340} INFO - ::group::Post task execution logs
[2026-03-24T20:28:23.046+0000] {taskinstance.py:352} INFO - Marking task as SUCCESS. dag_id=daily_job_scraping, task_id=push_to_db, run_id=manual__2026-03-24T20:24:20.701349+00:00, execution_date=20260324T202420, start_date=20260324T202821, end_date=20260324T202823
[2026-03-24T20:28:23.124+0000] {local_task_job_runner.py:266} INFO - Task exited with return code 0
[2026-03-24T20:28:23.168+0000] {taskinstance.py:3895} INFO - 0 downstream tasks scheduled from follow-on schedule check
[2026-03-24T20:28:23.172+0000] {local_task_job_runner.py:245} INFO - ::endgroup::
