[2026-03-22T20:03:43.205+0000] {local_task_job_runner.py:123} INFO - ::group::Pre task execution logs
[2026-03-22T20:03:43.405+0000] {taskinstance.py:2613} INFO - Dependencies all met for dep_context=non-requeueable deps ti=<TaskInstance: daily_job_scraping.extract_indeed scheduled__2026-03-21T12:00:00+00:00 [queued]>
[2026-03-22T20:03:43.416+0000] {taskinstance.py:2613} INFO - Dependencies all met for dep_context=requeueable deps ti=<TaskInstance: daily_job_scraping.extract_indeed scheduled__2026-03-21T12:00:00+00:00 [queued]>
[2026-03-22T20:03:43.418+0000] {taskinstance.py:2866} INFO - Starting attempt 2 of 3
[2026-03-22T20:03:43.432+0000] {taskinstance.py:2889} INFO - Executing <Task(PythonOperator): extract_indeed> on 2026-03-21 12:00:00+00:00
[2026-03-22T20:03:43.440+0000] {standard_task_runner.py:72} INFO - Started process 180 to run task
[2026-03-22T20:03:43.446+0000] {standard_task_runner.py:104} INFO - Running: ['airflow', 'tasks', 'run', 'daily_job_scraping', 'extract_indeed', 'scheduled__2026-03-21T12:00:00+00:00', '--job-id', '32', '--raw', '--subdir', 'DAGS_FOLDER/job_scraping_dag.py', '--cfg-path', '/tmp/tmp24itehyo']
[2026-03-22T20:03:43.450+0000] {standard_task_runner.py:105} INFO - Job 32: Subtask extract_indeed
[2026-03-22T20:03:43.535+0000] {task_command.py:467} INFO - Running <TaskInstance: daily_job_scraping.extract_indeed scheduled__2026-03-21T12:00:00+00:00 [running]> on host 696af1b356a2
[2026-03-22T20:03:43.654+0000] {taskinstance.py:3132} INFO - Exporting env vars: AIRFLOW_CTX_DAG_OWNER='job_intelligent' AIRFLOW_CTX_DAG_ID='daily_job_scraping' AIRFLOW_CTX_TASK_ID='extract_indeed' AIRFLOW_CTX_EXECUTION_DATE='2026-03-21T12:00:00+00:00' AIRFLOW_CTX_TRY_NUMBER='2' AIRFLOW_CTX_DAG_RUN_ID='scheduled__2026-03-21T12:00:00+00:00'
[2026-03-22T20:03:43.659+0000] {taskinstance.py:731} INFO - ::endgroup::
[2026-03-22T20:03:43.687+0000] {job_scraping_dag.py:55} INFO - [DAG] Starting Indeed extraction...
[2026-03-22T20:03:43.688+0000] {scrapping_indeed.py:240} INFO - [Indeed] Starting 10 keywords with 3 parallel workers | SELENIUM_URL=http://selenium:4444/wd/hub
[2026-03-22T20:03:47.696+0000] {scrapping_indeed.py:167} INFO - [Indeed][Data Engineer] Starting session...
[2026-03-22T20:03:47.696+0000] {scrapping_indeed.py:167} INFO - [Indeed][Data Scientist] Starting session...
[2026-03-22T20:03:47.697+0000] {scrapping_indeed.py:167} INFO - [Indeed][Data Analyst] Starting session...
[2026-03-22T20:03:59.576+0000] {scrapping_indeed.py:186} INFO - [Indeed][Data Analyst] Page 1 → https://ma.indeed.com/jobs?q=Data+Analyst&l=Maroc&start=0&fromage=30
[2026-03-22T20:04:03.708+0000] {scrapping_indeed.py:186} INFO - [Indeed][Data Scientist] Page 1 → https://ma.indeed.com/jobs?q=Data+Scientist&l=Maroc&start=0&fromage=30
[2026-03-22T20:04:03.851+0000] {scrapping_indeed.py:186} INFO - [Indeed][Data Engineer] Page 1 → https://ma.indeed.com/jobs?q=Data+Engineer&l=Maroc&start=0&fromage=30
[2026-03-22T20:04:16.937+0000] {scrapping_indeed.py:204} WARNING - [Indeed][Data Analyst] No cards on page 1, stopping.
[2026-03-22T20:04:17.041+0000] {scrapping_indeed.py:229} INFO - [Indeed][Data Analyst] Session closed — 0 jobs found.
[2026-03-22T20:04:17.044+0000] {scrapping_indeed.py:255} INFO - [Indeed] Merged 'Data Analyst' → 0 unique jobs (grand total: 0)
[2026-03-22T20:04:17.713+0000] {scrapping_indeed.py:167} INFO - [Indeed][Machine Learning Engineer] Starting session...
[2026-03-22T20:04:26.526+0000] {scrapping_indeed.py:204} WARNING - [Indeed][Data Scientist] No cards on page 1, stopping.
[2026-03-22T20:04:26.616+0000] {scrapping_indeed.py:229} INFO - [Indeed][Data Scientist] Session closed — 0 jobs found.
[2026-03-22T20:04:26.621+0000] {scrapping_indeed.py:255} INFO - [Indeed] Merged 'Data Scientist' → 0 unique jobs (grand total: 0)
[2026-03-22T20:04:27.187+0000] {scrapping_indeed.py:167} INFO - [Indeed][MLOps Engineer] Starting session...
[2026-03-22T20:04:28.529+0000] {scrapping_indeed.py:204} WARNING - [Indeed][Data Engineer] No cards on page 1, stopping.
[2026-03-22T20:04:28.625+0000] {scrapping_indeed.py:229} INFO - [Indeed][Data Engineer] Session closed — 0 jobs found.
[2026-03-22T20:04:28.629+0000] {scrapping_indeed.py:255} INFO - [Indeed] Merged 'Data Engineer' → 0 unique jobs (grand total: 0)
[2026-03-22T20:04:29.340+0000] {scrapping_indeed.py:167} INFO - [Indeed][Business Intelligence] Starting session...
[2026-03-22T20:04:29.826+0000] {scrapping_indeed.py:186} INFO - [Indeed][Machine Learning Engineer] Page 1 → https://ma.indeed.com/jobs?q=Machine+Learning+Engineer&l=Maroc&start=0&fromage=30
[2026-03-22T20:04:47.361+0000] {scrapping_indeed.py:186} INFO - [Indeed][MLOps Engineer] Page 1 → https://ma.indeed.com/jobs?q=MLOps+Engineer&l=Maroc&start=0&fromage=30
[2026-03-22T20:04:48.946+0000] {scrapping_indeed.py:204} WARNING - [Indeed][Machine Learning Engineer] No cards on page 1, stopping.
[2026-03-22T20:04:49.046+0000] {scrapping_indeed.py:229} INFO - [Indeed][Machine Learning Engineer] Session closed — 0 jobs found.
[2026-03-22T20:04:49.053+0000] {scrapping_indeed.py:255} INFO - [Indeed] Merged 'Machine Learning Engineer' → 0 unique jobs (grand total: 0)
[2026-03-22T20:04:49.624+0000] {scrapping_indeed.py:167} INFO - [Indeed][NLP Engineer] Starting session...
[2026-03-22T20:04:50.191+0000] {scrapping_indeed.py:186} INFO - [Indeed][Business Intelligence] Page 1 → https://ma.indeed.com/jobs?q=Business+Intelligence&l=Maroc&start=0&fromage=30
[2026-03-22T20:05:03.164+0000] {scrapping_indeed.py:186} INFO - [Indeed][NLP Engineer] Page 1 → https://ma.indeed.com/jobs?q=NLP+Engineer&l=Maroc&start=0&fromage=30
[2026-03-22T20:05:04.811+0000] {scrapping_indeed.py:204} WARNING - [Indeed][MLOps Engineer] No cards on page 1, stopping.
[2026-03-22T20:05:04.903+0000] {scrapping_indeed.py:229} INFO - [Indeed][MLOps Engineer] Session closed — 0 jobs found.
[2026-03-22T20:05:04.906+0000] {scrapping_indeed.py:255} INFO - [Indeed] Merged 'MLOps Engineer' → 0 unique jobs (grand total: 0)
[2026-03-22T20:05:05.438+0000] {scrapping_indeed.py:167} INFO - [Indeed][AI Engineer] Starting session...
[2026-03-22T20:05:11.022+0000] {scrapping_indeed.py:204} WARNING - [Indeed][Business Intelligence] No cards on page 1, stopping.
[2026-03-22T20:05:11.112+0000] {scrapping_indeed.py:229} INFO - [Indeed][Business Intelligence] Session closed — 0 jobs found.
[2026-03-22T20:05:11.115+0000] {scrapping_indeed.py:255} INFO - [Indeed] Merged 'Business Intelligence' → 0 unique jobs (grand total: 0)
[2026-03-22T20:05:11.752+0000] {scrapping_indeed.py:167} INFO - [Indeed][Data Architect] Starting session...
[2026-03-22T20:05:20.487+0000] {scrapping_indeed.py:204} WARNING - [Indeed][NLP Engineer] No cards on page 1, stopping.
[2026-03-22T20:05:20.571+0000] {scrapping_indeed.py:229} INFO - [Indeed][NLP Engineer] Session closed — 0 jobs found.
[2026-03-22T20:05:20.575+0000] {scrapping_indeed.py:255} INFO - [Indeed] Merged 'NLP Engineer' → 0 unique jobs (grand total: 0)
[2026-03-22T20:05:21.136+0000] {scrapping_indeed.py:167} INFO - [Indeed][Big Data Engineer] Starting session...
[2026-03-22T20:05:23.701+0000] {scrapping_indeed.py:186} INFO - [Indeed][AI Engineer] Page 1 → https://ma.indeed.com/jobs?q=AI+Engineer&l=Maroc&start=0&fromage=30
[2026-03-22T20:05:27.868+0000] {scrapping_indeed.py:186} INFO - [Indeed][Data Architect] Page 1 → https://ma.indeed.com/jobs?q=Data+Architect&l=Maroc&start=0&fromage=30
[2026-03-22T20:05:39.033+0000] {scrapping_indeed.py:186} INFO - [Indeed][Big Data Engineer] Page 1 → https://ma.indeed.com/jobs?q=Big+Data+Engineer&l=Maroc&start=0&fromage=30
[2026-03-22T20:05:43.827+0000] {scrapping_indeed.py:204} WARNING - [Indeed][AI Engineer] No cards on page 1, stopping.
[2026-03-22T20:05:43.939+0000] {scrapping_indeed.py:229} INFO - [Indeed][AI Engineer] Session closed — 0 jobs found.
[2026-03-22T20:05:43.940+0000] {scrapping_indeed.py:255} INFO - [Indeed] Merged 'AI Engineer' → 0 unique jobs (grand total: 0)
[2026-03-22T20:05:49.204+0000] {scrapping_indeed.py:204} WARNING - [Indeed][Data Architect] No cards on page 1, stopping.
[2026-03-22T20:05:49.313+0000] {scrapping_indeed.py:229} INFO - [Indeed][Data Architect] Session closed — 0 jobs found.
[2026-03-22T20:05:49.317+0000] {scrapping_indeed.py:255} INFO - [Indeed] Merged 'Data Architect' → 0 unique jobs (grand total: 0)
[2026-03-22T20:05:57.202+0000] {scrapping_indeed.py:204} WARNING - [Indeed][Big Data Engineer] No cards on page 1, stopping.
[2026-03-22T20:05:57.285+0000] {scrapping_indeed.py:229} INFO - [Indeed][Big Data Engineer] Session closed — 0 jobs found.
[2026-03-22T20:05:57.286+0000] {scrapping_indeed.py:255} INFO - [Indeed] Merged 'Big Data Engineer' → 0 unique jobs (grand total: 0)
[2026-03-22T20:05:57.290+0000] {job_scraping_dag.py:57} INFO - [DAG] Indeed done — 0 jobs scraped.
[2026-03-22T20:05:57.310+0000] {python.py:240} INFO - Done. Returned value was: None
[2026-03-22T20:05:57.326+0000] {taskinstance.py:340} INFO - ::group::Post task execution logs
[2026-03-22T20:05:57.328+0000] {taskinstance.py:352} INFO - Marking task as SUCCESS. dag_id=daily_job_scraping, task_id=extract_indeed, run_id=scheduled__2026-03-21T12:00:00+00:00, execution_date=20260321T120000, start_date=20260322T200343, end_date=20260322T200557
[2026-03-22T20:05:57.368+0000] {local_task_job_runner.py:266} INFO - Task exited with return code 0
[2026-03-22T20:05:57.389+0000] {taskinstance.py:3895} INFO - 1 downstream tasks scheduled from follow-on schedule check
[2026-03-22T20:05:57.393+0000] {local_task_job_runner.py:245} INFO - ::endgroup::
