[2026-03-24T22:36:52.870+0000] {local_task_job_runner.py:123} INFO - ::group::Pre task execution logs
[2026-03-24T22:36:52.951+0000] {taskinstance.py:2613} INFO - Dependencies all met for dep_context=non-requeueable deps ti=<TaskInstance: daily_job_scraping.extract_linkedin manual__2026-03-24T22:36:45.776542+00:00 [queued]>
[2026-03-24T22:36:52.995+0000] {taskinstance.py:2613} INFO - Dependencies all met for dep_context=requeueable deps ti=<TaskInstance: daily_job_scraping.extract_linkedin manual__2026-03-24T22:36:45.776542+00:00 [queued]>
[2026-03-24T22:36:52.997+0000] {taskinstance.py:2866} INFO - Starting attempt 1 of 3
[2026-03-24T22:36:53.084+0000] {taskinstance.py:2889} INFO - Executing <Task(PythonOperator): extract_linkedin> on 2026-03-24 22:36:45.776542+00:00
[2026-03-24T22:36:53.109+0000] {standard_task_runner.py:72} INFO - Started process 1716 to run task
[2026-03-24T22:36:53.117+0000] {standard_task_runner.py:104} INFO - Running: ['airflow', 'tasks', 'run', 'daily_job_scraping', 'extract_linkedin', 'manual__2026-03-24T22:36:45.776542+00:00', '--job-id', '48', '--raw', '--subdir', 'DAGS_FOLDER/job_scraping_dag.py', '--cfg-path', '/tmp/tmpsrzxip19']
[2026-03-24T22:36:53.178+0000] {standard_task_runner.py:105} INFO - Job 48: Subtask extract_linkedin
[2026-03-24T22:36:53.498+0000] {task_command.py:467} INFO - Running <TaskInstance: daily_job_scraping.extract_linkedin manual__2026-03-24T22:36:45.776542+00:00 [running]> on host 8c995635ce4e
[2026-03-24T22:36:54.093+0000] {taskinstance.py:3132} INFO - Exporting env vars: AIRFLOW_CTX_DAG_OWNER='job_intelligent' AIRFLOW_CTX_DAG_ID='daily_job_scraping' AIRFLOW_CTX_TASK_ID='extract_linkedin' AIRFLOW_CTX_EXECUTION_DATE='2026-03-24T22:36:45.776542+00:00' AIRFLOW_CTX_TRY_NUMBER='1' AIRFLOW_CTX_DAG_RUN_ID='manual__2026-03-24T22:36:45.776542+00:00'
[2026-03-24T22:36:54.104+0000] {taskinstance.py:731} INFO - ::endgroup::
[2026-03-24T22:36:54.183+0000] {job_scraping_dag.py:40} INFO - [DAG] Starting LinkedIn extraction...
[2026-03-24T22:36:54.197+0000] {scrapping_linkedin.py:202} INFO - [LinkedIn] Starting 10 keywords with 3 parallel workers | SELENIUM_URL=http://selenium:4444/wd/hub
[2026-03-24T22:37:00.536+0000] {scrapping_linkedin.py:138} INFO - [LinkedIn][Data Engineer] Starting session...
[2026-03-24T22:37:00.589+0000] {scrapping_linkedin.py:138} INFO - [LinkedIn][Data Scientist] Starting session...
[2026-03-24T22:37:00.815+0000] {scrapping_linkedin.py:138} INFO - [LinkedIn][Data Analyst] Starting session...
[2026-03-24T22:37:20.222+0000] {scrapping_linkedin.py:155} INFO - [LinkedIn][Data Engineer] Page 1 → https://www.linkedin.com/jobs/search/?keywords=Data%20Engineer&location=Maroc&start=0&f_TPR=r604800
[2026-03-24T22:37:20.324+0000] {scrapping_linkedin.py:155} INFO - [LinkedIn][Data Scientist] Page 1 → https://www.linkedin.com/jobs/search/?keywords=Data%20Scientist&location=Maroc&start=0&f_TPR=r604800
[2026-03-24T22:37:22.235+0000] {scrapping_linkedin.py:155} INFO - [LinkedIn][Data Analyst] Page 1 → https://www.linkedin.com/jobs/search/?keywords=Data%20Analyst&location=Maroc&start=0&f_TPR=r604800
[2026-03-24T22:37:34.293+0000] {scrapping_linkedin.py:182} INFO - [LinkedIn][Data Engineer] +70 jobs (keyword total: 70)
[2026-03-24T22:37:36.572+0000] {scrapping_linkedin.py:155} INFO - [LinkedIn][Data Engineer] Page 2 → https://www.linkedin.com/jobs/search/?keywords=Data%20Engineer&location=Maroc&start=25&f_TPR=r604800
[2026-03-24T22:37:37.935+0000] {scrapping_linkedin.py:182} INFO - [LinkedIn][Data Scientist] +70 jobs (keyword total: 70)
[2026-03-24T22:37:38.178+0000] {scrapping_linkedin.py:182} INFO - [LinkedIn][Data Analyst] +70 jobs (keyword total: 70)
[2026-03-24T22:37:39.657+0000] {scrapping_linkedin.py:155} INFO - [LinkedIn][Data Scientist] Page 2 → https://www.linkedin.com/jobs/search/?keywords=Data%20Scientist&location=Maroc&start=25&f_TPR=r604800
[2026-03-24T22:37:40.491+0000] {scrapping_linkedin.py:155} INFO - [LinkedIn][Data Analyst] Page 2 → https://www.linkedin.com/jobs/search/?keywords=Data%20Analyst&location=Maroc&start=25&f_TPR=r604800
[2026-03-24T22:38:03.276+0000] {scrapping_linkedin.py:182} INFO - [LinkedIn][Data Engineer] +8 jobs (keyword total: 78)
[2026-03-24T22:38:05.413+0000] {scrapping_linkedin.py:182} INFO - [LinkedIn][Data Scientist] +0 jobs (keyword total: 70)
[2026-03-24T22:38:07.382+0000] {scrapping_linkedin.py:182} INFO - [LinkedIn][Data Analyst] +9 jobs (keyword total: 79)
[2026-03-24T22:38:07.719+0000] {scrapping_linkedin.py:191} INFO - [LinkedIn][Data Engineer] Session closed.
[2026-03-24T22:38:08.372+0000] {scrapping_linkedin.py:217} INFO - [LinkedIn] Merged 'Data Engineer' → 78 unique jobs (grand total: 78)
[2026-03-24T22:38:09.431+0000] {scrapping_linkedin.py:191} INFO - [LinkedIn][Data Scientist] Session closed.
[2026-03-24T22:38:09.558+0000] {scrapping_linkedin.py:217} INFO - [LinkedIn] Merged 'Data Scientist' → 47 unique jobs (grand total: 125)
[2026-03-24T22:38:11.755+0000] {scrapping_linkedin.py:191} INFO - [LinkedIn][Data Analyst] Session closed.
[2026-03-24T22:38:11.798+0000] {scrapping_linkedin.py:217} INFO - [LinkedIn] Merged 'Data Analyst' → 32 unique jobs (grand total: 157)
[2026-03-24T22:38:16.306+0000] {scrapping_linkedin.py:138} INFO - [LinkedIn][Machine Learning Engineer] Starting session...
[2026-03-24T22:38:17.020+0000] {scrapping_linkedin.py:138} INFO - [LinkedIn][MLOps Engineer] Starting session...
[2026-03-24T22:38:19.224+0000] {scrapping_linkedin.py:138} INFO - [LinkedIn][Business Intelligence] Starting session...
[2026-03-24T22:38:33.558+0000] {scrapping_linkedin.py:155} INFO - [LinkedIn][MLOps Engineer] Page 1 → https://www.linkedin.com/jobs/search/?keywords=MLOps%20Engineer&location=Maroc&start=0&f_TPR=r604800
[2026-03-24T22:38:35.284+0000] {scrapping_linkedin.py:155} INFO - [LinkedIn][Machine Learning Engineer] Page 1 → https://www.linkedin.com/jobs/search/?keywords=Machine%20Learning%20Engineer&location=Maroc&start=0&f_TPR=r604800
[2026-03-24T22:38:36.138+0000] {scrapping_linkedin.py:155} INFO - [LinkedIn][Business Intelligence] Page 1 → https://www.linkedin.com/jobs/search/?keywords=Business%20Intelligence&location=Maroc&start=0&f_TPR=r604800
[2026-03-24T22:38:52.610+0000] {scrapping_linkedin.py:182} INFO - [LinkedIn][MLOps Engineer] +2 jobs (keyword total: 2)
[2026-03-24T22:38:54.305+0000] {scrapping_linkedin.py:155} INFO - [LinkedIn][MLOps Engineer] Page 2 → https://www.linkedin.com/jobs/search/?keywords=MLOps%20Engineer&location=Maroc&start=25&f_TPR=r604800
[2026-03-24T22:38:55.049+0000] {scrapping_linkedin.py:182} INFO - [LinkedIn][Machine Learning Engineer] +40 jobs (keyword total: 40)
[2026-03-24T22:38:56.953+0000] {scrapping_linkedin.py:155} INFO - [LinkedIn][Machine Learning Engineer] Page 2 → https://www.linkedin.com/jobs/search/?keywords=Machine%20Learning%20Engineer&location=Maroc&start=25&f_TPR=r604800
[2026-03-24T22:38:58.128+0000] {scrapping_linkedin.py:182} INFO - [LinkedIn][Business Intelligence] +31 jobs (keyword total: 31)
[2026-03-24T22:39:00.579+0000] {scrapping_linkedin.py:155} INFO - [LinkedIn][Business Intelligence] Page 2 → https://www.linkedin.com/jobs/search/?keywords=Business%20Intelligence&location=Maroc&start=25&f_TPR=r604800
[2026-03-24T22:39:11.587+0000] {scrapping_linkedin.py:182} INFO - [LinkedIn][MLOps Engineer] +0 jobs (keyword total: 2)
[2026-03-24T22:39:16.126+0000] {scrapping_linkedin.py:191} INFO - [LinkedIn][MLOps Engineer] Session closed.
[2026-03-24T22:39:16.218+0000] {scrapping_linkedin.py:217} INFO - [LinkedIn] Merged 'MLOps Engineer' → 0 unique jobs (grand total: 157)
[2026-03-24T22:39:18.314+0000] {scrapping_linkedin.py:182} INFO - [LinkedIn][Machine Learning Engineer] +0 jobs (keyword total: 40)
[2026-03-24T22:39:22.546+0000] {scrapping_linkedin.py:191} INFO - [LinkedIn][Machine Learning Engineer] Session closed.
[2026-03-24T22:39:22.610+0000] {scrapping_linkedin.py:217} INFO - [LinkedIn] Merged 'Machine Learning Engineer' → 2 unique jobs (grand total: 159)
[2026-03-24T22:39:24.679+0000] {scrapping_linkedin.py:182} INFO - [LinkedIn][Business Intelligence] +0 jobs (keyword total: 31)
[2026-03-24T22:39:24.701+0000] {scrapping_linkedin.py:138} INFO - [LinkedIn][NLP Engineer] Starting session...
[2026-03-24T22:39:27.867+0000] {scrapping_linkedin.py:191} INFO - [LinkedIn][Business Intelligence] Session closed.
[2026-03-24T22:39:28.071+0000] {scrapping_linkedin.py:217} INFO - [LinkedIn] Merged 'Business Intelligence' → 6 unique jobs (grand total: 165)
[2026-03-24T22:39:30.200+0000] {scrapping_linkedin.py:138} INFO - [LinkedIn][AI Engineer] Starting session...
[2026-03-24T22:39:34.382+0000] {scrapping_linkedin.py:138} INFO - [LinkedIn][Data Architect] Starting session...
[2026-03-24T22:39:47.334+0000] {scrapping_linkedin.py:155} INFO - [LinkedIn][NLP Engineer] Page 1 → https://www.linkedin.com/jobs/search/?keywords=NLP%20Engineer&location=Maroc&start=0&f_TPR=r604800
[2026-03-24T22:39:52.252+0000] {scrapping_linkedin.py:155} INFO - [LinkedIn][AI Engineer] Page 1 → https://www.linkedin.com/jobs/search/?keywords=AI%20Engineer&location=Maroc&start=0&f_TPR=r604800
[2026-03-24T22:39:57.274+0000] {scrapping_linkedin.py:155} INFO - [LinkedIn][Data Architect] Page 1 → https://www.linkedin.com/jobs/search/?keywords=Data%20Architect&location=Maroc&start=0&f_TPR=r604800
[2026-03-24T22:40:09.519+0000] {scrapping_linkedin.py:182} INFO - [LinkedIn][NLP Engineer] +15 jobs (keyword total: 15)
[2026-03-24T22:40:11.100+0000] {scrapping_linkedin.py:155} INFO - [LinkedIn][NLP Engineer] Page 2 → https://www.linkedin.com/jobs/search/?keywords=NLP%20Engineer&location=Maroc&start=25&f_TPR=r604800
[2026-03-24T22:40:12.706+0000] {scrapping_linkedin.py:182} INFO - [LinkedIn][AI Engineer] +10 jobs (keyword total: 10)
[2026-03-24T22:40:14.940+0000] {scrapping_linkedin.py:155} INFO - [LinkedIn][AI Engineer] Page 2 → https://www.linkedin.com/jobs/search/?keywords=AI%20Engineer&location=Maroc&start=25&f_TPR=r604800
[2026-03-24T22:40:17.029+0000] {scrapping_linkedin.py:182} INFO - [LinkedIn][Data Architect] +38 jobs (keyword total: 38)
[2026-03-24T22:40:18.859+0000] {scrapping_linkedin.py:155} INFO - [LinkedIn][Data Architect] Page 2 → https://www.linkedin.com/jobs/search/?keywords=Data%20Architect&location=Maroc&start=25&f_TPR=r604800
[2026-03-24T22:40:28.755+0000] {scrapping_linkedin.py:182} INFO - [LinkedIn][NLP Engineer] +0 jobs (keyword total: 15)
[2026-03-24T22:40:32.440+0000] {scrapping_linkedin.py:191} INFO - [LinkedIn][NLP Engineer] Session closed.
[2026-03-24T22:40:32.673+0000] {scrapping_linkedin.py:217} INFO - [LinkedIn] Merged 'NLP Engineer' → 7 unique jobs (grand total: 172)
[2026-03-24T22:40:37.532+0000] {scrapping_linkedin.py:182} INFO - [LinkedIn][AI Engineer] +0 jobs (keyword total: 10)
[2026-03-24T22:40:41.949+0000] {scrapping_linkedin.py:191} INFO - [LinkedIn][AI Engineer] Session closed.
[2026-03-24T22:40:42.088+0000] {scrapping_linkedin.py:217} INFO - [LinkedIn] Merged 'AI Engineer' → 3 unique jobs (grand total: 175)
[2026-03-24T22:40:40.125+0000] {scrapping_linkedin.py:182} INFO - [LinkedIn][Data Architect] +0 jobs (keyword total: 38)
[2026-03-24T22:40:40.570+0000] {scrapping_linkedin.py:138} INFO - [LinkedIn][Big Data Engineer] Starting session...
[2026-03-24T22:40:42.974+0000] {scrapping_linkedin.py:191} INFO - [LinkedIn][Data Architect] Session closed.
[2026-03-24T22:40:42.993+0000] {scrapping_linkedin.py:217} INFO - [LinkedIn] Merged 'Data Architect' → 2 unique jobs (grand total: 177)
[2026-03-24T22:40:47.885+0000] {scrapping_linkedin.py:155} INFO - [LinkedIn][Big Data Engineer] Page 1 → https://www.linkedin.com/jobs/search/?keywords=Big%20Data%20Engineer&location=Maroc&start=0&f_TPR=r604800
[2026-03-24T22:40:57.558+0000] {scrapping_linkedin.py:182} INFO - [LinkedIn][Big Data Engineer] +18 jobs (keyword total: 18)
[2026-03-24T22:40:59.955+0000] {scrapping_linkedin.py:155} INFO - [LinkedIn][Big Data Engineer] Page 2 → https://www.linkedin.com/jobs/search/?keywords=Big%20Data%20Engineer&location=Maroc&start=25&f_TPR=r604800
[2026-03-24T22:41:08.985+0000] {scrapping_linkedin.py:182} INFO - [LinkedIn][Big Data Engineer] +0 jobs (keyword total: 18)
[2026-03-24T22:41:08.866+0000] {scrapping_linkedin.py:191} INFO - [LinkedIn][Big Data Engineer] Session closed.
[2026-03-24T22:41:08.871+0000] {scrapping_linkedin.py:217} INFO - [LinkedIn] Merged 'Big Data Engineer' → 0 unique jobs (grand total: 177)
[2026-03-24T22:41:08.885+0000] {job_scraping_dag.py:45} INFO - [DAG] LinkedIn done — 177 jobs saved to /tmp/linkedin_jobs.json
[2026-03-24T22:41:08.890+0000] {python.py:240} INFO - Done. Returned value was: None
[2026-03-24T22:41:08.922+0000] {taskinstance.py:340} INFO - ::group::Post task execution logs
[2026-03-24T22:41:08.924+0000] {taskinstance.py:352} INFO - Marking task as SUCCESS. dag_id=daily_job_scraping, task_id=extract_linkedin, run_id=manual__2026-03-24T22:36:45.776542+00:00, execution_date=20260324T223645, start_date=20260324T223652, end_date=20260324T224108
[2026-03-24T22:41:09.035+0000] {local_task_job_runner.py:266} INFO - Task exited with return code 0
[2026-03-24T22:41:09.081+0000] {taskinstance.py:3895} INFO - 1 downstream tasks scheduled from follow-on schedule check
[2026-03-24T22:41:09.092+0000] {local_task_job_runner.py:245} INFO - ::endgroup::
