[2026-03-25T08:31:48.703+0000] {local_task_job_runner.py:123} INFO - ::group::Pre task execution logs
[2026-03-25T08:31:48.796+0000] {taskinstance.py:2613} INFO - Dependencies all met for dep_context=non-requeueable deps ti=<TaskInstance: daily_job_scraping.extract_france_travail manual__2026-03-25T08:31:41.985332+00:00 [queued]>
[2026-03-25T08:31:48.833+0000] {taskinstance.py:2613} INFO - Dependencies all met for dep_context=requeueable deps ti=<TaskInstance: daily_job_scraping.extract_france_travail manual__2026-03-25T08:31:41.985332+00:00 [queued]>
[2026-03-25T08:31:48.868+0000] {taskinstance.py:2866} INFO - Starting attempt 1 of 3
[2026-03-25T08:31:48.960+0000] {taskinstance.py:2889} INFO - Executing <Task(PythonOperator): extract_france_travail> on 2026-03-25 08:31:41.985332+00:00
[2026-03-25T08:31:48.988+0000] {standard_task_runner.py:72} INFO - Started process 186 to run task
[2026-03-25T08:31:49.006+0000] {standard_task_runner.py:104} INFO - Running: ['airflow', 'tasks', 'run', 'daily_job_scraping', 'extract_france_travail', 'manual__2026-03-25T08:31:41.985332+00:00', '--job-id', '53', '--raw', '--subdir', 'DAGS_FOLDER/job_scraping_dag.py', '--cfg-path', '/tmp/tmprnj_seyb']
[2026-03-25T08:31:49.014+0000] {standard_task_runner.py:105} INFO - Job 53: Subtask extract_france_travail
[2026-03-25T08:31:49.408+0000] {task_command.py:467} INFO - Running <TaskInstance: daily_job_scraping.extract_france_travail manual__2026-03-25T08:31:41.985332+00:00 [running]> on host dcaa3875dea4
[2026-03-25T08:31:50.778+0000] {taskinstance.py:3132} INFO - Exporting env vars: AIRFLOW_CTX_DAG_OWNER='job_intelligent' AIRFLOW_CTX_DAG_ID='daily_job_scraping' AIRFLOW_CTX_TASK_ID='extract_france_travail' AIRFLOW_CTX_EXECUTION_DATE='2026-03-25T08:31:41.985332+00:00' AIRFLOW_CTX_TRY_NUMBER='1' AIRFLOW_CTX_DAG_RUN_ID='manual__2026-03-25T08:31:41.985332+00:00'
[2026-03-25T08:31:50.787+0000] {taskinstance.py:731} INFO - ::endgroup::
[2026-03-25T08:31:51.267+0000] {job_scraping_dag.py:49} INFO - [DAG] Starting France-Travail extraction...
[2026-03-25T08:31:51.318+0000] {scrapping_france_travail.py:200} INFO - [FranceTravail] Starting 10 keywords...
[2026-03-25T08:31:51.363+0000] {scrapping_france_travail.py:203} INFO - [FranceTravail] Searching: 'Data Scientist'
[2026-03-25T08:31:51.440+0000] {scrapping_france_travail.py:70} INFO - [FranceTravail] Refreshing access token...
[2026-03-25T08:31:52.186+0000] {scrapping_france_travail.py:93} INFO - [FranceTravail] Token obtained successfully.
[2026-03-25T08:31:53.551+0000] {scrapping_france_travail.py:135} WARNING - [FranceTravail][Data Scientist] Error 206: {"resultats":[{"id":"0712435","intitule":"Alternance Data Scientist - Ugine (F/H) (H/F)","description":"Pour accompagner cette transformation, la Direction des Systèmes d'Information développe son Dat
[2026-03-25T08:31:53.721+0000] {scrapping_france_travail.py:211} INFO - [FranceTravail][Data Scientist] No more results at page 1.
[2026-03-25T08:31:53.775+0000] {scrapping_france_travail.py:227} INFO - [FranceTravail] 'Data Scientist' done → 0 jobs (grand total: 0)
[2026-03-25T08:31:54.806+0000] {scrapping_france_travail.py:203} INFO - [FranceTravail] Searching: 'Data Engineer'
[2026-03-25T08:31:56.177+0000] {scrapping_france_travail.py:135} WARNING - [FranceTravail][Data Engineer] Error 206: {"resultats":[{"id":"0710551","intitule":"Alternance Data Engineer - Massy (F/H) (H/F)","description":"Notre objectif est de digitaliser les activités commerciales et de marchandises dans le but de si
[2026-03-25T08:31:57.887+0000] {scrapping_france_travail.py:211} INFO - [FranceTravail][Data Engineer] No more results at page 1.
[2026-03-25T08:31:57.908+0000] {scrapping_france_travail.py:227} INFO - [FranceTravail] 'Data Engineer' done → 0 jobs (grand total: 0)
[2026-03-25T08:31:55.080+0000] {scrapping_france_travail.py:203} INFO - [FranceTravail] Searching: 'Data Analyst'
[2026-03-25T08:31:56.135+0000] {scrapping_france_travail.py:135} WARNING - [FranceTravail][Data Analyst] Error 206: {"resultats":[{"id":"0716098","intitule":"Data analyst f/h","description":"<p>Safran est un groupe international de haute technologie opérant dans les domaines de l'aéronautique (propulsion, équipemen
[2026-03-25T08:31:56.271+0000] {scrapping_france_travail.py:211} INFO - [FranceTravail][Data Analyst] No more results at page 1.
[2026-03-25T08:31:56.335+0000] {scrapping_france_travail.py:227} INFO - [FranceTravail] 'Data Analyst' done → 0 jobs (grand total: 0)
[2026-03-25T08:31:57.403+0000] {scrapping_france_travail.py:203} INFO - [FranceTravail] Searching: 'Machine Learning Engineer'
[2026-03-25T08:31:58.246+0000] {scrapping_france_travail.py:218} INFO - [FranceTravail][Machine Learning Engineer] Page 1 → +39 jobs (keyword total: 39)
[2026-03-25T08:31:59.510+0000] {scrapping_france_travail.py:131} INFO - [FranceTravail][Machine Learning Engineer] No results (204).
[2026-03-25T08:31:59.542+0000] {scrapping_france_travail.py:211} INFO - [FranceTravail][Machine Learning Engineer] No more results at page 2.
[2026-03-25T08:31:59.579+0000] {scrapping_france_travail.py:227} INFO - [FranceTravail] 'Machine Learning Engineer' done → 39 jobs (grand total: 39)
[2026-03-25T08:32:00.611+0000] {scrapping_france_travail.py:203} INFO - [FranceTravail] Searching: 'MLOps Engineer'
[2026-03-25T08:32:01.216+0000] {scrapping_france_travail.py:218} INFO - [FranceTravail][MLOps Engineer] Page 1 → +1 jobs (keyword total: 1)
[2026-03-25T08:32:02.234+0000] {scrapping_france_travail.py:131} INFO - [FranceTravail][MLOps Engineer] No results (204).
[2026-03-25T08:32:02.265+0000] {scrapping_france_travail.py:211} INFO - [FranceTravail][MLOps Engineer] No more results at page 2.
[2026-03-25T08:32:02.281+0000] {scrapping_france_travail.py:227} INFO - [FranceTravail] 'MLOps Engineer' done → 1 jobs (grand total: 40)
[2026-03-25T08:32:03.283+0000] {scrapping_france_travail.py:203} INFO - [FranceTravail] Searching: 'Business Intelligence'
[2026-03-25T08:32:03.817+0000] {scrapping_france_travail.py:135} WARNING - [FranceTravail][Business Intelligence] Error 206: {"resultats":[{"id":"0697123","intitule":"ALTERNANCE - Ingénieure / Ingénieur Développeur Business Intelligence F/H","description":"\n            Votre environnement          Au sein de la Direction C
[2026-03-25T08:32:03.822+0000] {scrapping_france_travail.py:211} INFO - [FranceTravail][Business Intelligence] No more results at page 1.
[2026-03-25T08:32:03.838+0000] {scrapping_france_travail.py:227} INFO - [FranceTravail] 'Business Intelligence' done → 0 jobs (grand total: 40)
[2026-03-25T08:32:04.857+0000] {scrapping_france_travail.py:203} INFO - [FranceTravail] Searching: 'NLP Engineer'
[2026-03-25T08:32:05.229+0000] {scrapping_france_travail.py:131} INFO - [FranceTravail][NLP Engineer] No results (204).
[2026-03-25T08:32:05.242+0000] {scrapping_france_travail.py:211} INFO - [FranceTravail][NLP Engineer] No more results at page 1.
[2026-03-25T08:32:05.245+0000] {scrapping_france_travail.py:227} INFO - [FranceTravail] 'NLP Engineer' done → 0 jobs (grand total: 40)
[2026-03-25T08:32:06.247+0000] {scrapping_france_travail.py:203} INFO - [FranceTravail] Searching: 'AI Engineer'
[2026-03-25T08:32:06.660+0000] {scrapping_france_travail.py:218} INFO - [FranceTravail][AI Engineer] Page 1 → +10 jobs (keyword total: 10)
[2026-03-25T08:32:07.508+0000] {scrapping_france_travail.py:131} INFO - [FranceTravail][AI Engineer] No results (204).
[2026-03-25T08:32:07.511+0000] {scrapping_france_travail.py:211} INFO - [FranceTravail][AI Engineer] No more results at page 2.
[2026-03-25T08:32:07.513+0000] {scrapping_france_travail.py:227} INFO - [FranceTravail] 'AI Engineer' done → 10 jobs (grand total: 50)
[2026-03-25T08:32:08.515+0000] {scrapping_france_travail.py:203} INFO - [FranceTravail] Searching: 'Data Architect'
[2026-03-25T08:32:08.971+0000] {scrapping_france_travail.py:218} INFO - [FranceTravail][Data Architect] Page 1 → +31 jobs (keyword total: 31)
[2026-03-25T08:32:09.809+0000] {scrapping_france_travail.py:131} INFO - [FranceTravail][Data Architect] No results (204).
[2026-03-25T08:32:09.843+0000] {scrapping_france_travail.py:211} INFO - [FranceTravail][Data Architect] No more results at page 2.
[2026-03-25T08:32:09.865+0000] {scrapping_france_travail.py:227} INFO - [FranceTravail] 'Data Architect' done → 31 jobs (grand total: 81)
[2026-03-25T08:32:10.884+0000] {scrapping_france_travail.py:203} INFO - [FranceTravail] Searching: 'Big Data Engineer'
[2026-03-25T08:32:11.443+0000] {scrapping_france_travail.py:135} WARNING - [FranceTravail][Big Data Engineer] Error 206: {"resultats":[{"id":"0697304","intitule":"Big Data Engineer / Développeur Big Data H/F","description":"\n             Ce que vous allez faire si vous nous rejoignez :Sous la responsabilité du Responsa
[2026-03-25T08:32:11.526+0000] {scrapping_france_travail.py:211} INFO - [FranceTravail][Big Data Engineer] No more results at page 1.
[2026-03-25T08:32:11.592+0000] {scrapping_france_travail.py:227} INFO - [FranceTravail] 'Big Data Engineer' done → 0 jobs (grand total: 81)
[2026-03-25T08:32:12.616+0000] {scrapping_france_travail.py:235} INFO - [FranceTravail] Finished — 81 unique jobs collected.
[2026-03-25T08:32:12.629+0000] {job_scraping_dag.py:54} INFO - [DAG] France-Travail done — 81 jobs saved to /tmp/france_travail_jobs.json
[2026-03-25T08:32:12.649+0000] {python.py:240} INFO - Done. Returned value was: None
[2026-03-25T08:32:12.749+0000] {taskinstance.py:340} INFO - ::group::Post task execution logs
[2026-03-25T08:32:12.758+0000] {taskinstance.py:352} INFO - Marking task as SUCCESS. dag_id=daily_job_scraping, task_id=extract_france_travail, run_id=manual__2026-03-25T08:31:41.985332+00:00, execution_date=20260325T083141, start_date=20260325T083148, end_date=20260325T083212
[2026-03-25T08:32:12.897+0000] {local_task_job_runner.py:266} INFO - Task exited with return code 0
[2026-03-25T08:32:13.009+0000] {taskinstance.py:3895} INFO - 0 downstream tasks scheduled from follow-on schedule check
[2026-03-25T08:32:13.023+0000] {local_task_job_runner.py:245} INFO - ::endgroup::
