[2026-03-20T09:49:57.960+0000] {processor.py:161} INFO - Started process (PID=163) to work on /opt/airflow/dags/job_scraping_dag.py
[2026-03-20T09:49:57.968+0000] {processor.py:830} INFO - Processing file /opt/airflow/dags/job_scraping_dag.py for tasks to queue
[2026-03-20T09:49:57.976+0000] {logging_mixin.py:188} INFO - [2026-03-20T09:49:57.975+0000] {dagbag.py:538} INFO - Filling up the DagBag from /opt/airflow/dags/job_scraping_dag.py
[2026-03-20T09:50:00.020+0000] {processor.py:840} INFO - DAG(s) 'daily_job_scraping' retrieved from /opt/airflow/dags/job_scraping_dag.py
[2026-03-20T09:50:00.152+0000] {logging_mixin.py:188} INFO - [2026-03-20T09:50:00.151+0000] {dag.py:3036} INFO - Sync 1 DAGs
[2026-03-20T09:50:00.242+0000] {logging_mixin.py:188} INFO - [2026-03-20T09:50:00.241+0000] {dag.py:3823} INFO - Setting next_dagrun for daily_job_scraping to 2026-03-19 12:00:00+00:00, run_after=2026-03-20 12:00:00+00:00
[2026-03-20T09:50:00.307+0000] {processor.py:183} INFO - Processing /opt/airflow/dags/job_scraping_dag.py took 2.355 seconds
[2026-03-20T09:50:30.626+0000] {processor.py:161} INFO - Started process (PID=184) to work on /opt/airflow/dags/job_scraping_dag.py
[2026-03-20T09:50:30.636+0000] {processor.py:830} INFO - Processing file /opt/airflow/dags/job_scraping_dag.py for tasks to queue
[2026-03-20T09:50:30.643+0000] {logging_mixin.py:188} INFO - [2026-03-20T09:50:30.642+0000] {dagbag.py:538} INFO - Filling up the DagBag from /opt/airflow/dags/job_scraping_dag.py
[2026-03-20T09:50:32.468+0000] {processor.py:840} INFO - DAG(s) 'daily_job_scraping' retrieved from /opt/airflow/dags/job_scraping_dag.py
[2026-03-20T09:50:33.469+0000] {logging_mixin.py:188} INFO - [2026-03-20T09:50:33.468+0000] {dag.py:3036} INFO - Sync 1 DAGs
[2026-03-20T09:50:33.588+0000] {logging_mixin.py:188} INFO - [2026-03-20T09:50:33.588+0000] {dag.py:3823} INFO - Setting next_dagrun for daily_job_scraping to 2026-03-19 12:00:00+00:00, run_after=2026-03-20 12:00:00+00:00
[2026-03-20T09:50:33.745+0000] {processor.py:183} INFO - Processing /opt/airflow/dags/job_scraping_dag.py took 3.145 seconds
[2026-03-20T09:51:04.268+0000] {processor.py:161} INFO - Started process (PID=190) to work on /opt/airflow/dags/job_scraping_dag.py
[2026-03-20T09:51:04.271+0000] {processor.py:830} INFO - Processing file /opt/airflow/dags/job_scraping_dag.py for tasks to queue
[2026-03-20T09:51:04.275+0000] {logging_mixin.py:188} INFO - [2026-03-20T09:51:04.273+0000] {dagbag.py:538} INFO - Filling up the DagBag from /opt/airflow/dags/job_scraping_dag.py
[2026-03-20T09:51:05.867+0000] {processor.py:840} INFO - DAG(s) 'daily_job_scraping' retrieved from /opt/airflow/dags/job_scraping_dag.py
[2026-03-20T09:51:05.969+0000] {logging_mixin.py:188} INFO - [2026-03-20T09:51:05.968+0000] {dag.py:3036} INFO - Sync 1 DAGs
[2026-03-20T09:51:06.463+0000] {logging_mixin.py:188} INFO - [2026-03-20T09:51:06.463+0000] {dag.py:3823} INFO - Setting next_dagrun for daily_job_scraping to 2026-03-19 12:00:00+00:00, run_after=2026-03-20 12:00:00+00:00
[2026-03-20T09:51:06.505+0000] {processor.py:183} INFO - Processing /opt/airflow/dags/job_scraping_dag.py took 2.252 seconds
[2026-03-20T09:51:36.925+0000] {processor.py:161} INFO - Started process (PID=196) to work on /opt/airflow/dags/job_scraping_dag.py
[2026-03-20T09:51:36.931+0000] {processor.py:830} INFO - Processing file /opt/airflow/dags/job_scraping_dag.py for tasks to queue
[2026-03-20T09:51:36.936+0000] {logging_mixin.py:188} INFO - [2026-03-20T09:51:36.935+0000] {dagbag.py:538} INFO - Filling up the DagBag from /opt/airflow/dags/job_scraping_dag.py
[2026-03-20T09:51:38.403+0000] {processor.py:840} INFO - DAG(s) 'daily_job_scraping' retrieved from /opt/airflow/dags/job_scraping_dag.py
[2026-03-20T09:51:38.513+0000] {logging_mixin.py:188} INFO - [2026-03-20T09:51:38.512+0000] {dag.py:3036} INFO - Sync 1 DAGs
[2026-03-20T09:51:38.590+0000] {logging_mixin.py:188} INFO - [2026-03-20T09:51:38.589+0000] {dag.py:3823} INFO - Setting next_dagrun for daily_job_scraping to 2026-03-19 12:00:00+00:00, run_after=2026-03-20 12:00:00+00:00
[2026-03-20T09:51:38.651+0000] {processor.py:183} INFO - Processing /opt/airflow/dags/job_scraping_dag.py took 1.741 seconds
[2026-03-20T09:52:09.195+0000] {processor.py:161} INFO - Started process (PID=202) to work on /opt/airflow/dags/job_scraping_dag.py
[2026-03-20T09:52:09.198+0000] {processor.py:830} INFO - Processing file /opt/airflow/dags/job_scraping_dag.py for tasks to queue
[2026-03-20T09:52:09.200+0000] {logging_mixin.py:188} INFO - [2026-03-20T09:52:09.200+0000] {dagbag.py:538} INFO - Filling up the DagBag from /opt/airflow/dags/job_scraping_dag.py
[2026-03-20T09:52:10.657+0000] {processor.py:840} INFO - DAG(s) 'daily_job_scraping' retrieved from /opt/airflow/dags/job_scraping_dag.py
[2026-03-20T09:52:10.783+0000] {logging_mixin.py:188} INFO - [2026-03-20T09:52:10.782+0000] {dag.py:3036} INFO - Sync 1 DAGs
[2026-03-20T09:52:10.888+0000] {logging_mixin.py:188} INFO - [2026-03-20T09:52:10.887+0000] {dag.py:3823} INFO - Setting next_dagrun for daily_job_scraping to 2026-03-19 12:00:00+00:00, run_after=2026-03-20 12:00:00+00:00
[2026-03-20T09:52:10.938+0000] {processor.py:183} INFO - Processing /opt/airflow/dags/job_scraping_dag.py took 1.750 seconds
[2026-03-20T09:52:41.477+0000] {processor.py:161} INFO - Started process (PID=208) to work on /opt/airflow/dags/job_scraping_dag.py
[2026-03-20T09:52:41.480+0000] {processor.py:830} INFO - Processing file /opt/airflow/dags/job_scraping_dag.py for tasks to queue
[2026-03-20T09:52:41.491+0000] {logging_mixin.py:188} INFO - [2026-03-20T09:52:41.490+0000] {dagbag.py:538} INFO - Filling up the DagBag from /opt/airflow/dags/job_scraping_dag.py
[2026-03-20T09:52:42.743+0000] {processor.py:840} INFO - DAG(s) 'daily_job_scraping' retrieved from /opt/airflow/dags/job_scraping_dag.py
[2026-03-20T09:52:42.795+0000] {logging_mixin.py:188} INFO - [2026-03-20T09:52:42.794+0000] {dag.py:3036} INFO - Sync 1 DAGs
[2026-03-20T09:52:42.836+0000] {logging_mixin.py:188} INFO - [2026-03-20T09:52:42.836+0000] {dag.py:3823} INFO - Setting next_dagrun for daily_job_scraping to 2026-03-19 12:00:00+00:00, run_after=2026-03-20 12:00:00+00:00
[2026-03-20T09:52:42.873+0000] {processor.py:183} INFO - Processing /opt/airflow/dags/job_scraping_dag.py took 1.409 seconds
[2026-03-20T09:53:13.273+0000] {processor.py:161} INFO - Started process (PID=214) to work on /opt/airflow/dags/job_scraping_dag.py
[2026-03-20T09:53:13.278+0000] {processor.py:830} INFO - Processing file /opt/airflow/dags/job_scraping_dag.py for tasks to queue
[2026-03-20T09:53:13.282+0000] {logging_mixin.py:188} INFO - [2026-03-20T09:53:13.281+0000] {dagbag.py:538} INFO - Filling up the DagBag from /opt/airflow/dags/job_scraping_dag.py
[2026-03-20T09:53:15.039+0000] {processor.py:840} INFO - DAG(s) 'daily_job_scraping' retrieved from /opt/airflow/dags/job_scraping_dag.py
[2026-03-20T09:53:15.123+0000] {logging_mixin.py:188} INFO - [2026-03-20T09:53:15.121+0000] {dag.py:3036} INFO - Sync 1 DAGs
[2026-03-20T09:53:15.206+0000] {logging_mixin.py:188} INFO - [2026-03-20T09:53:15.205+0000] {dag.py:3823} INFO - Setting next_dagrun for daily_job_scraping to 2026-03-19 12:00:00+00:00, run_after=2026-03-20 12:00:00+00:00
[2026-03-20T09:53:15.273+0000] {processor.py:183} INFO - Processing /opt/airflow/dags/job_scraping_dag.py took 2.008 seconds
[2026-03-20T09:53:45.726+0000] {processor.py:161} INFO - Started process (PID=220) to work on /opt/airflow/dags/job_scraping_dag.py
[2026-03-20T09:53:45.729+0000] {processor.py:830} INFO - Processing file /opt/airflow/dags/job_scraping_dag.py for tasks to queue
[2026-03-20T09:53:45.737+0000] {logging_mixin.py:188} INFO - [2026-03-20T09:53:45.735+0000] {dagbag.py:538} INFO - Filling up the DagBag from /opt/airflow/dags/job_scraping_dag.py
[2026-03-20T09:53:47.269+0000] {processor.py:840} INFO - DAG(s) 'daily_job_scraping' retrieved from /opt/airflow/dags/job_scraping_dag.py
[2026-03-20T09:53:47.356+0000] {logging_mixin.py:188} INFO - [2026-03-20T09:53:47.355+0000] {dag.py:3036} INFO - Sync 1 DAGs
[2026-03-20T09:53:47.912+0000] {logging_mixin.py:188} INFO - [2026-03-20T09:53:47.912+0000] {dag.py:3823} INFO - Setting next_dagrun for daily_job_scraping to 2026-03-19 12:00:00+00:00, run_after=2026-03-20 12:00:00+00:00
[2026-03-20T09:53:47.944+0000] {processor.py:183} INFO - Processing /opt/airflow/dags/job_scraping_dag.py took 2.225 seconds
[2026-03-20T09:54:18.224+0000] {processor.py:161} INFO - Started process (PID=226) to work on /opt/airflow/dags/job_scraping_dag.py
[2026-03-20T09:54:18.226+0000] {processor.py:830} INFO - Processing file /opt/airflow/dags/job_scraping_dag.py for tasks to queue
[2026-03-20T09:54:18.229+0000] {logging_mixin.py:188} INFO - [2026-03-20T09:54:18.228+0000] {dagbag.py:538} INFO - Filling up the DagBag from /opt/airflow/dags/job_scraping_dag.py
[2026-03-20T09:54:20.027+0000] {processor.py:840} INFO - DAG(s) 'daily_job_scraping' retrieved from /opt/airflow/dags/job_scraping_dag.py
[2026-03-20T09:54:20.124+0000] {logging_mixin.py:188} INFO - [2026-03-20T09:54:20.122+0000] {dag.py:3036} INFO - Sync 1 DAGs
[2026-03-20T09:54:20.191+0000] {logging_mixin.py:188} INFO - [2026-03-20T09:54:20.191+0000] {dag.py:3823} INFO - Setting next_dagrun for daily_job_scraping to 2026-03-19 12:00:00+00:00, run_after=2026-03-20 12:00:00+00:00
[2026-03-20T09:54:20.270+0000] {processor.py:183} INFO - Processing /opt/airflow/dags/job_scraping_dag.py took 2.057 seconds
[2026-03-20T09:54:50.969+0000] {processor.py:161} INFO - Started process (PID=232) to work on /opt/airflow/dags/job_scraping_dag.py
[2026-03-20T09:54:50.972+0000] {processor.py:830} INFO - Processing file /opt/airflow/dags/job_scraping_dag.py for tasks to queue
[2026-03-20T09:54:50.974+0000] {logging_mixin.py:188} INFO - [2026-03-20T09:54:50.974+0000] {dagbag.py:538} INFO - Filling up the DagBag from /opt/airflow/dags/job_scraping_dag.py
[2026-03-20T09:54:52.575+0000] {processor.py:840} INFO - DAG(s) 'daily_job_scraping' retrieved from /opt/airflow/dags/job_scraping_dag.py
[2026-03-20T09:54:52.713+0000] {logging_mixin.py:188} INFO - [2026-03-20T09:54:52.712+0000] {dag.py:3036} INFO - Sync 1 DAGs
[2026-03-20T09:54:52.784+0000] {logging_mixin.py:188} INFO - [2026-03-20T09:54:52.784+0000] {dag.py:3823} INFO - Setting next_dagrun for daily_job_scraping to 2026-03-19 12:00:00+00:00, run_after=2026-03-20 12:00:00+00:00
[2026-03-20T09:54:52.855+0000] {processor.py:183} INFO - Processing /opt/airflow/dags/job_scraping_dag.py took 1.892 seconds
[2026-03-20T09:55:23.493+0000] {processor.py:161} INFO - Started process (PID=238) to work on /opt/airflow/dags/job_scraping_dag.py
[2026-03-20T09:55:23.495+0000] {processor.py:830} INFO - Processing file /opt/airflow/dags/job_scraping_dag.py for tasks to queue
[2026-03-20T09:55:23.498+0000] {logging_mixin.py:188} INFO - [2026-03-20T09:55:23.497+0000] {dagbag.py:538} INFO - Filling up the DagBag from /opt/airflow/dags/job_scraping_dag.py
[2026-03-20T09:55:27.383+0000] {processor.py:840} INFO - DAG(s) 'daily_job_scraping' retrieved from /opt/airflow/dags/job_scraping_dag.py
[2026-03-20T09:55:27.494+0000] {logging_mixin.py:188} INFO - [2026-03-20T09:55:27.492+0000] {dag.py:3036} INFO - Sync 1 DAGs
[2026-03-20T09:55:27.619+0000] {logging_mixin.py:188} INFO - [2026-03-20T09:55:27.614+0000] {dag.py:3823} INFO - Setting next_dagrun for daily_job_scraping to 2026-03-19 12:00:00+00:00, run_after=2026-03-20 12:00:00+00:00
[2026-03-20T09:55:27.703+0000] {processor.py:183} INFO - Processing /opt/airflow/dags/job_scraping_dag.py took 4.220 seconds
[2026-03-20T09:55:58.223+0000] {processor.py:161} INFO - Started process (PID=244) to work on /opt/airflow/dags/job_scraping_dag.py
[2026-03-20T09:55:58.227+0000] {processor.py:830} INFO - Processing file /opt/airflow/dags/job_scraping_dag.py for tasks to queue
[2026-03-20T09:55:58.231+0000] {logging_mixin.py:188} INFO - [2026-03-20T09:55:58.230+0000] {dagbag.py:538} INFO - Filling up the DagBag from /opt/airflow/dags/job_scraping_dag.py
[2026-03-20T09:55:59.536+0000] {processor.py:840} INFO - DAG(s) 'daily_job_scraping' retrieved from /opt/airflow/dags/job_scraping_dag.py
[2026-03-20T09:55:59.586+0000] {logging_mixin.py:188} INFO - [2026-03-20T09:55:59.585+0000] {dag.py:3036} INFO - Sync 1 DAGs
[2026-03-20T09:55:59.626+0000] {logging_mixin.py:188} INFO - [2026-03-20T09:55:59.625+0000] {dag.py:3823} INFO - Setting next_dagrun for daily_job_scraping to 2026-03-19 12:00:00+00:00, run_after=2026-03-20 12:00:00+00:00
[2026-03-20T09:55:59.664+0000] {processor.py:183} INFO - Processing /opt/airflow/dags/job_scraping_dag.py took 1.452 seconds
[2026-03-20T09:56:30.188+0000] {processor.py:161} INFO - Started process (PID=250) to work on /opt/airflow/dags/job_scraping_dag.py
[2026-03-20T09:56:30.192+0000] {processor.py:830} INFO - Processing file /opt/airflow/dags/job_scraping_dag.py for tasks to queue
[2026-03-20T09:56:30.198+0000] {logging_mixin.py:188} INFO - [2026-03-20T09:56:30.197+0000] {dagbag.py:538} INFO - Filling up the DagBag from /opt/airflow/dags/job_scraping_dag.py
[2026-03-20T09:56:32.106+0000] {processor.py:840} INFO - DAG(s) 'daily_job_scraping' retrieved from /opt/airflow/dags/job_scraping_dag.py
[2026-03-20T09:56:32.193+0000] {logging_mixin.py:188} INFO - [2026-03-20T09:56:32.192+0000] {dag.py:3036} INFO - Sync 1 DAGs
[2026-03-20T09:56:32.703+0000] {logging_mixin.py:188} INFO - [2026-03-20T09:56:32.698+0000] {dag.py:3823} INFO - Setting next_dagrun for daily_job_scraping to 2026-03-19 12:00:00+00:00, run_after=2026-03-20 12:00:00+00:00
[2026-03-20T09:56:32.763+0000] {processor.py:183} INFO - Processing /opt/airflow/dags/job_scraping_dag.py took 2.590 seconds
[2026-03-20T09:57:03.001+0000] {processor.py:161} INFO - Started process (PID=256) to work on /opt/airflow/dags/job_scraping_dag.py
[2026-03-20T09:57:03.003+0000] {processor.py:830} INFO - Processing file /opt/airflow/dags/job_scraping_dag.py for tasks to queue
[2026-03-20T09:57:03.006+0000] {logging_mixin.py:188} INFO - [2026-03-20T09:57:03.005+0000] {dagbag.py:538} INFO - Filling up the DagBag from /opt/airflow/dags/job_scraping_dag.py
[2026-03-20T09:57:04.897+0000] {processor.py:840} INFO - DAG(s) 'daily_job_scraping' retrieved from /opt/airflow/dags/job_scraping_dag.py
[2026-03-20T09:57:05.106+0000] {logging_mixin.py:188} INFO - [2026-03-20T09:57:05.098+0000] {dag.py:3036} INFO - Sync 1 DAGs
[2026-03-20T09:57:05.309+0000] {logging_mixin.py:188} INFO - [2026-03-20T09:57:05.308+0000] {dag.py:3823} INFO - Setting next_dagrun for daily_job_scraping to 2026-03-19 12:00:00+00:00, run_after=2026-03-20 12:00:00+00:00
[2026-03-20T09:57:05.385+0000] {processor.py:183} INFO - Processing /opt/airflow/dags/job_scraping_dag.py took 2.395 seconds
[2026-03-20T09:57:36.080+0000] {processor.py:161} INFO - Started process (PID=262) to work on /opt/airflow/dags/job_scraping_dag.py
[2026-03-20T09:57:36.087+0000] {processor.py:830} INFO - Processing file /opt/airflow/dags/job_scraping_dag.py for tasks to queue
[2026-03-20T09:57:36.092+0000] {logging_mixin.py:188} INFO - [2026-03-20T09:57:36.091+0000] {dagbag.py:538} INFO - Filling up the DagBag from /opt/airflow/dags/job_scraping_dag.py
[2026-03-20T09:57:38.566+0000] {processor.py:840} INFO - DAG(s) 'daily_job_scraping' retrieved from /opt/airflow/dags/job_scraping_dag.py
[2026-03-20T09:57:38.676+0000] {logging_mixin.py:188} INFO - [2026-03-20T09:57:38.675+0000] {dag.py:3036} INFO - Sync 1 DAGs
[2026-03-20T09:57:38.788+0000] {logging_mixin.py:188} INFO - [2026-03-20T09:57:38.788+0000] {dag.py:3823} INFO - Setting next_dagrun for daily_job_scraping to 2026-03-19 12:00:00+00:00, run_after=2026-03-20 12:00:00+00:00
[2026-03-20T09:57:38.873+0000] {processor.py:183} INFO - Processing /opt/airflow/dags/job_scraping_dag.py took 2.819 seconds
[2026-03-20T09:58:09.888+0000] {processor.py:161} INFO - Started process (PID=268) to work on /opt/airflow/dags/job_scraping_dag.py
[2026-03-20T09:58:09.893+0000] {processor.py:830} INFO - Processing file /opt/airflow/dags/job_scraping_dag.py for tasks to queue
[2026-03-20T09:58:09.901+0000] {logging_mixin.py:188} INFO - [2026-03-20T09:58:09.899+0000] {dagbag.py:538} INFO - Filling up the DagBag from /opt/airflow/dags/job_scraping_dag.py
[2026-03-20T09:58:11.813+0000] {processor.py:840} INFO - DAG(s) 'daily_job_scraping' retrieved from /opt/airflow/dags/job_scraping_dag.py
[2026-03-20T09:58:12.022+0000] {logging_mixin.py:188} INFO - [2026-03-20T09:58:12.021+0000] {dag.py:3036} INFO - Sync 1 DAGs
[2026-03-20T09:58:12.128+0000] {logging_mixin.py:188} INFO - [2026-03-20T09:58:12.127+0000] {dag.py:3823} INFO - Setting next_dagrun for daily_job_scraping to 2026-03-19 12:00:00+00:00, run_after=2026-03-20 12:00:00+00:00
[2026-03-20T09:58:12.206+0000] {processor.py:183} INFO - Processing /opt/airflow/dags/job_scraping_dag.py took 2.331 seconds
[2026-03-20T09:58:42.565+0000] {processor.py:161} INFO - Started process (PID=274) to work on /opt/airflow/dags/job_scraping_dag.py
[2026-03-20T09:58:42.568+0000] {processor.py:830} INFO - Processing file /opt/airflow/dags/job_scraping_dag.py for tasks to queue
[2026-03-20T09:58:42.570+0000] {logging_mixin.py:188} INFO - [2026-03-20T09:58:42.569+0000] {dagbag.py:538} INFO - Filling up the DagBag from /opt/airflow/dags/job_scraping_dag.py
[2026-03-20T09:58:43.882+0000] {processor.py:840} INFO - DAG(s) 'daily_job_scraping' retrieved from /opt/airflow/dags/job_scraping_dag.py
[2026-03-20T09:58:43.998+0000] {logging_mixin.py:188} INFO - [2026-03-20T09:58:43.997+0000] {dag.py:3036} INFO - Sync 1 DAGs
[2026-03-20T09:58:44.083+0000] {logging_mixin.py:188} INFO - [2026-03-20T09:58:44.082+0000] {dag.py:3823} INFO - Setting next_dagrun for daily_job_scraping to 2026-03-19 12:00:00+00:00, run_after=2026-03-20 12:00:00+00:00
[2026-03-20T09:58:44.234+0000] {processor.py:183} INFO - Processing /opt/airflow/dags/job_scraping_dag.py took 1.680 seconds
[2026-03-20T09:59:15.184+0000] {processor.py:161} INFO - Started process (PID=280) to work on /opt/airflow/dags/job_scraping_dag.py
[2026-03-20T09:59:15.215+0000] {processor.py:830} INFO - Processing file /opt/airflow/dags/job_scraping_dag.py for tasks to queue
[2026-03-20T09:59:15.220+0000] {logging_mixin.py:188} INFO - [2026-03-20T09:59:15.217+0000] {dagbag.py:538} INFO - Filling up the DagBag from /opt/airflow/dags/job_scraping_dag.py
[2026-03-20T09:59:19.422+0000] {processor.py:840} INFO - DAG(s) 'daily_job_scraping' retrieved from /opt/airflow/dags/job_scraping_dag.py
[2026-03-20T09:59:19.709+0000] {logging_mixin.py:188} INFO - [2026-03-20T09:59:19.708+0000] {dag.py:3036} INFO - Sync 1 DAGs
[2026-03-20T09:59:21.799+0000] {logging_mixin.py:188} INFO - [2026-03-20T09:59:21.798+0000] {dag.py:3823} INFO - Setting next_dagrun for daily_job_scraping to 2026-03-19 12:00:00+00:00, run_after=2026-03-20 12:00:00+00:00
[2026-03-20T09:59:22.094+0000] {processor.py:183} INFO - Processing /opt/airflow/dags/job_scraping_dag.py took 6.946 seconds
[2026-03-20T10:17:09.160+0000] {processor.py:186} INFO - Started process (PID=168) to work on /opt/airflow/dags/job_scraping_dag.py
[2026-03-20T10:17:09.165+0000] {processor.py:914} INFO - Processing file /opt/airflow/dags/job_scraping_dag.py for tasks to queue
[2026-03-20T10:17:09.177+0000] {logging_mixin.py:190} INFO - [2026-03-20T10:17:09.176+0000] {dagbag.py:588} INFO - Filling up the DagBag from /opt/airflow/dags/job_scraping_dag.py
[2026-03-20T10:17:10.647+0000] {processor.py:925} INFO - DAG(s) 'daily_job_scraping' retrieved from /opt/airflow/dags/job_scraping_dag.py
[2026-03-20T10:17:10.983+0000] {logging_mixin.py:190} INFO - [2026-03-20T10:17:10.982+0000] {override.py:1911} INFO - Created Permission View: can read on DAG:daily_job_scraping
[2026-03-20T10:17:10.997+0000] {logging_mixin.py:190} INFO - [2026-03-20T10:17:10.997+0000] {override.py:1911} INFO - Created Permission View: can delete on DAG:daily_job_scraping
[2026-03-20T10:17:11.008+0000] {logging_mixin.py:190} INFO - [2026-03-20T10:17:11.007+0000] {override.py:1911} INFO - Created Permission View: can edit on DAG:daily_job_scraping
[2026-03-20T10:17:11.020+0000] {logging_mixin.py:190} INFO - [2026-03-20T10:17:11.020+0000] {override.py:1911} INFO - Created Permission View: can read on DAG Run:daily_job_scraping
[2026-03-20T10:17:11.030+0000] {logging_mixin.py:190} INFO - [2026-03-20T10:17:11.030+0000] {override.py:1911} INFO - Created Permission View: menu access on DAG Run:daily_job_scraping
[2026-03-20T10:17:11.040+0000] {logging_mixin.py:190} INFO - [2026-03-20T10:17:11.039+0000] {override.py:1911} INFO - Created Permission View: can delete on DAG Run:daily_job_scraping
[2026-03-20T10:17:11.048+0000] {logging_mixin.py:190} INFO - [2026-03-20T10:17:11.048+0000] {override.py:1911} INFO - Created Permission View: can create on DAG Run:daily_job_scraping
[2026-03-20T10:17:11.050+0000] {logging_mixin.py:190} INFO - [2026-03-20T10:17:11.049+0000] {dag.py:3239} INFO - Sync 1 DAGs
[2026-03-20T10:17:11.069+0000] {logging_mixin.py:190} INFO - [2026-03-20T10:17:11.068+0000] {dag.py:3262} INFO - Creating ORM DAG for daily_job_scraping
[2026-03-20T10:17:11.085+0000] {logging_mixin.py:190} INFO - [2026-03-20T10:17:11.085+0000] {dag.py:4180} INFO - Setting next_dagrun for daily_job_scraping to 2026-03-18 12:00:00+00:00, run_after=2026-03-19 12:00:00+00:00
[2026-03-20T10:17:11.116+0000] {processor.py:208} INFO - Processing /opt/airflow/dags/job_scraping_dag.py took 1.981 seconds
[2026-03-20T10:17:41.954+0000] {processor.py:186} INFO - Started process (PID=190) to work on /opt/airflow/dags/job_scraping_dag.py
[2026-03-20T10:17:41.965+0000] {processor.py:914} INFO - Processing file /opt/airflow/dags/job_scraping_dag.py for tasks to queue
[2026-03-20T10:17:41.987+0000] {logging_mixin.py:190} INFO - [2026-03-20T10:17:41.983+0000] {dagbag.py:588} INFO - Filling up the DagBag from /opt/airflow/dags/job_scraping_dag.py
[2026-03-20T10:17:46.088+0000] {processor.py:925} INFO - DAG(s) 'daily_job_scraping' retrieved from /opt/airflow/dags/job_scraping_dag.py
[2026-03-20T10:17:46.209+0000] {logging_mixin.py:190} INFO - [2026-03-20T10:17:46.208+0000] {dag.py:3239} INFO - Sync 1 DAGs
[2026-03-20T10:17:46.286+0000] {logging_mixin.py:190} INFO - [2026-03-20T10:17:46.286+0000] {dag.py:4180} INFO - Setting next_dagrun for daily_job_scraping to 2026-03-19 12:00:00+00:00, run_after=2026-03-20 12:00:00+00:00
[2026-03-20T10:17:46.330+0000] {processor.py:208} INFO - Processing /opt/airflow/dags/job_scraping_dag.py took 4.396 seconds
[2026-03-20T10:18:16.749+0000] {processor.py:186} INFO - Started process (PID=196) to work on /opt/airflow/dags/job_scraping_dag.py
[2026-03-20T10:18:16.764+0000] {processor.py:914} INFO - Processing file /opt/airflow/dags/job_scraping_dag.py for tasks to queue
[2026-03-20T10:18:16.784+0000] {logging_mixin.py:190} INFO - [2026-03-20T10:18:16.783+0000] {dagbag.py:588} INFO - Filling up the DagBag from /opt/airflow/dags/job_scraping_dag.py
[2026-03-20T10:18:19.796+0000] {processor.py:925} INFO - DAG(s) 'daily_job_scraping' retrieved from /opt/airflow/dags/job_scraping_dag.py
[2026-03-20T10:18:19.935+0000] {logging_mixin.py:190} INFO - [2026-03-20T10:18:19.934+0000] {dag.py:3239} INFO - Sync 1 DAGs
[2026-03-20T10:18:20.032+0000] {logging_mixin.py:190} INFO - [2026-03-20T10:18:20.032+0000] {dag.py:4180} INFO - Setting next_dagrun for daily_job_scraping to 2026-03-19 12:00:00+00:00, run_after=2026-03-20 12:00:00+00:00
[2026-03-20T10:18:20.089+0000] {processor.py:208} INFO - Processing /opt/airflow/dags/job_scraping_dag.py took 3.369 seconds
[2026-03-20T10:18:50.630+0000] {processor.py:186} INFO - Started process (PID=202) to work on /opt/airflow/dags/job_scraping_dag.py
[2026-03-20T10:18:50.631+0000] {processor.py:914} INFO - Processing file /opt/airflow/dags/job_scraping_dag.py for tasks to queue
[2026-03-20T10:18:50.635+0000] {logging_mixin.py:190} INFO - [2026-03-20T10:18:50.635+0000] {dagbag.py:588} INFO - Filling up the DagBag from /opt/airflow/dags/job_scraping_dag.py
[2026-03-20T10:18:51.823+0000] {processor.py:925} INFO - DAG(s) 'daily_job_scraping' retrieved from /opt/airflow/dags/job_scraping_dag.py
[2026-03-20T10:18:51.860+0000] {logging_mixin.py:190} INFO - [2026-03-20T10:18:51.859+0000] {dag.py:3239} INFO - Sync 1 DAGs
[2026-03-20T10:18:51.889+0000] {logging_mixin.py:190} INFO - [2026-03-20T10:18:51.889+0000] {dag.py:4180} INFO - Setting next_dagrun for daily_job_scraping to 2026-03-19 12:00:00+00:00, run_after=2026-03-20 12:00:00+00:00
[2026-03-20T10:18:51.914+0000] {processor.py:208} INFO - Processing /opt/airflow/dags/job_scraping_dag.py took 1.295 seconds
[2026-03-20T10:19:22.478+0000] {processor.py:186} INFO - Started process (PID=208) to work on /opt/airflow/dags/job_scraping_dag.py
[2026-03-20T10:19:22.481+0000] {processor.py:914} INFO - Processing file /opt/airflow/dags/job_scraping_dag.py for tasks to queue
[2026-03-20T10:19:22.496+0000] {logging_mixin.py:190} INFO - [2026-03-20T10:19:22.492+0000] {dagbag.py:588} INFO - Filling up the DagBag from /opt/airflow/dags/job_scraping_dag.py
[2026-03-20T10:19:24.271+0000] {processor.py:925} INFO - DAG(s) 'daily_job_scraping' retrieved from /opt/airflow/dags/job_scraping_dag.py
[2026-03-20T10:19:24.322+0000] {logging_mixin.py:190} INFO - [2026-03-20T10:19:24.321+0000] {dag.py:3239} INFO - Sync 1 DAGs
[2026-03-20T10:19:24.368+0000] {logging_mixin.py:190} INFO - [2026-03-20T10:19:24.367+0000] {dag.py:4180} INFO - Setting next_dagrun for daily_job_scraping to 2026-03-19 12:00:00+00:00, run_after=2026-03-20 12:00:00+00:00
[2026-03-20T10:19:24.417+0000] {processor.py:208} INFO - Processing /opt/airflow/dags/job_scraping_dag.py took 1.968 seconds
[2026-03-20T10:19:54.810+0000] {processor.py:186} INFO - Started process (PID=214) to work on /opt/airflow/dags/job_scraping_dag.py
[2026-03-20T10:19:54.812+0000] {processor.py:914} INFO - Processing file /opt/airflow/dags/job_scraping_dag.py for tasks to queue
[2026-03-20T10:19:54.818+0000] {logging_mixin.py:190} INFO - [2026-03-20T10:19:54.816+0000] {dagbag.py:588} INFO - Filling up the DagBag from /opt/airflow/dags/job_scraping_dag.py
[2026-03-20T10:19:56.657+0000] {processor.py:925} INFO - DAG(s) 'daily_job_scraping' retrieved from /opt/airflow/dags/job_scraping_dag.py
[2026-03-20T10:19:56.732+0000] {logging_mixin.py:190} INFO - [2026-03-20T10:19:56.731+0000] {dag.py:3239} INFO - Sync 1 DAGs
[2026-03-20T10:19:56.787+0000] {logging_mixin.py:190} INFO - [2026-03-20T10:19:56.785+0000] {dag.py:4180} INFO - Setting next_dagrun for daily_job_scraping to 2026-03-19 12:00:00+00:00, run_after=2026-03-20 12:00:00+00:00
[2026-03-20T10:19:56.835+0000] {processor.py:208} INFO - Processing /opt/airflow/dags/job_scraping_dag.py took 2.034 seconds
[2026-03-20T10:20:27.464+0000] {processor.py:186} INFO - Started process (PID=220) to work on /opt/airflow/dags/job_scraping_dag.py
[2026-03-20T10:20:27.467+0000] {processor.py:914} INFO - Processing file /opt/airflow/dags/job_scraping_dag.py for tasks to queue
[2026-03-20T10:20:27.474+0000] {logging_mixin.py:190} INFO - [2026-03-20T10:20:27.472+0000] {dagbag.py:588} INFO - Filling up the DagBag from /opt/airflow/dags/job_scraping_dag.py
[2026-03-20T10:20:29.722+0000] {processor.py:925} INFO - DAG(s) 'daily_job_scraping' retrieved from /opt/airflow/dags/job_scraping_dag.py
[2026-03-20T10:20:29.834+0000] {logging_mixin.py:190} INFO - [2026-03-20T10:20:29.832+0000] {dag.py:3239} INFO - Sync 1 DAGs
[2026-03-20T10:20:29.906+0000] {logging_mixin.py:190} INFO - [2026-03-20T10:20:29.906+0000] {dag.py:4180} INFO - Setting next_dagrun for daily_job_scraping to 2026-03-19 12:00:00+00:00, run_after=2026-03-20 12:00:00+00:00
[2026-03-20T10:20:29.957+0000] {processor.py:208} INFO - Processing /opt/airflow/dags/job_scraping_dag.py took 2.510 seconds
[2026-03-20T10:21:00.595+0000] {processor.py:186} INFO - Started process (PID=226) to work on /opt/airflow/dags/job_scraping_dag.py
[2026-03-20T10:21:00.597+0000] {processor.py:914} INFO - Processing file /opt/airflow/dags/job_scraping_dag.py for tasks to queue
[2026-03-20T10:21:00.602+0000] {logging_mixin.py:190} INFO - [2026-03-20T10:21:00.602+0000] {dagbag.py:588} INFO - Filling up the DagBag from /opt/airflow/dags/job_scraping_dag.py
[2026-03-20T10:21:02.067+0000] {processor.py:925} INFO - DAG(s) 'daily_job_scraping' retrieved from /opt/airflow/dags/job_scraping_dag.py
[2026-03-20T10:21:02.134+0000] {logging_mixin.py:190} INFO - [2026-03-20T10:21:02.133+0000] {dag.py:3239} INFO - Sync 1 DAGs
[2026-03-20T10:21:02.187+0000] {logging_mixin.py:190} INFO - [2026-03-20T10:21:02.186+0000] {dag.py:4180} INFO - Setting next_dagrun for daily_job_scraping to 2026-03-19 12:00:00+00:00, run_after=2026-03-20 12:00:00+00:00
[2026-03-20T10:21:02.227+0000] {processor.py:208} INFO - Processing /opt/airflow/dags/job_scraping_dag.py took 1.642 seconds
[2026-03-20T10:21:32.962+0000] {processor.py:186} INFO - Started process (PID=232) to work on /opt/airflow/dags/job_scraping_dag.py
[2026-03-20T10:21:32.967+0000] {processor.py:914} INFO - Processing file /opt/airflow/dags/job_scraping_dag.py for tasks to queue
[2026-03-20T10:21:32.983+0000] {logging_mixin.py:190} INFO - [2026-03-20T10:21:32.981+0000] {dagbag.py:588} INFO - Filling up the DagBag from /opt/airflow/dags/job_scraping_dag.py
[2026-03-20T10:21:35.469+0000] {processor.py:925} INFO - DAG(s) 'daily_job_scraping' retrieved from /opt/airflow/dags/job_scraping_dag.py
[2026-03-20T10:21:35.545+0000] {logging_mixin.py:190} INFO - [2026-03-20T10:21:35.544+0000] {dag.py:3239} INFO - Sync 1 DAGs
[2026-03-20T10:21:35.601+0000] {logging_mixin.py:190} INFO - [2026-03-20T10:21:35.600+0000] {dag.py:4180} INFO - Setting next_dagrun for daily_job_scraping to 2026-03-19 12:00:00+00:00, run_after=2026-03-20 12:00:00+00:00
[2026-03-20T10:21:35.679+0000] {processor.py:208} INFO - Processing /opt/airflow/dags/job_scraping_dag.py took 2.750 seconds
[2026-03-20T10:22:07.107+0000] {processor.py:186} INFO - Started process (PID=238) to work on /opt/airflow/dags/job_scraping_dag.py
[2026-03-20T10:22:07.124+0000] {processor.py:914} INFO - Processing file /opt/airflow/dags/job_scraping_dag.py for tasks to queue
[2026-03-20T10:22:07.142+0000] {logging_mixin.py:190} INFO - [2026-03-20T10:22:07.141+0000] {dagbag.py:588} INFO - Filling up the DagBag from /opt/airflow/dags/job_scraping_dag.py
[2026-03-20T10:22:10.557+0000] {processor.py:925} INFO - DAG(s) 'daily_job_scraping' retrieved from /opt/airflow/dags/job_scraping_dag.py
[2026-03-20T10:22:10.715+0000] {logging_mixin.py:190} INFO - [2026-03-20T10:22:10.714+0000] {dag.py:3239} INFO - Sync 1 DAGs
[2026-03-20T10:22:10.871+0000] {logging_mixin.py:190} INFO - [2026-03-20T10:22:10.865+0000] {dag.py:4180} INFO - Setting next_dagrun for daily_job_scraping to 2026-03-19 12:00:00+00:00, run_after=2026-03-20 12:00:00+00:00
[2026-03-20T10:22:11.040+0000] {processor.py:208} INFO - Processing /opt/airflow/dags/job_scraping_dag.py took 3.965 seconds
[2026-03-20T10:22:41.857+0000] {processor.py:186} INFO - Started process (PID=260) to work on /opt/airflow/dags/job_scraping_dag.py
[2026-03-20T10:22:41.859+0000] {processor.py:914} INFO - Processing file /opt/airflow/dags/job_scraping_dag.py for tasks to queue
[2026-03-20T10:22:41.875+0000] {logging_mixin.py:190} INFO - [2026-03-20T10:22:41.874+0000] {dagbag.py:588} INFO - Filling up the DagBag from /opt/airflow/dags/job_scraping_dag.py
[2026-03-20T10:22:45.395+0000] {processor.py:925} INFO - DAG(s) 'daily_job_scraping' retrieved from /opt/airflow/dags/job_scraping_dag.py
[2026-03-20T10:22:45.471+0000] {logging_mixin.py:190} INFO - [2026-03-20T10:22:45.470+0000] {dag.py:3239} INFO - Sync 1 DAGs
[2026-03-20T10:22:45.521+0000] {logging_mixin.py:190} INFO - [2026-03-20T10:22:45.521+0000] {dag.py:4180} INFO - Setting next_dagrun for daily_job_scraping to 2026-03-19 12:00:00+00:00, run_after=2026-03-20 12:00:00+00:00
[2026-03-20T10:22:45.592+0000] {processor.py:208} INFO - Processing /opt/airflow/dags/job_scraping_dag.py took 3.760 seconds
[2026-03-20T10:23:16.723+0000] {processor.py:186} INFO - Started process (PID=266) to work on /opt/airflow/dags/job_scraping_dag.py
[2026-03-20T10:23:16.733+0000] {processor.py:914} INFO - Processing file /opt/airflow/dags/job_scraping_dag.py for tasks to queue
[2026-03-20T10:23:16.767+0000] {logging_mixin.py:190} INFO - [2026-03-20T10:23:16.766+0000] {dagbag.py:588} INFO - Filling up the DagBag from /opt/airflow/dags/job_scraping_dag.py
[2026-03-20T10:23:20.751+0000] {processor.py:925} INFO - DAG(s) 'daily_job_scraping' retrieved from /opt/airflow/dags/job_scraping_dag.py
[2026-03-20T10:23:20.873+0000] {logging_mixin.py:190} INFO - [2026-03-20T10:23:20.867+0000] {dag.py:3239} INFO - Sync 1 DAGs
[2026-03-20T10:23:20.967+0000] {logging_mixin.py:190} INFO - [2026-03-20T10:23:20.966+0000] {dag.py:4180} INFO - Setting next_dagrun for daily_job_scraping to 2026-03-19 12:00:00+00:00, run_after=2026-03-20 12:00:00+00:00
[2026-03-20T10:23:21.033+0000] {processor.py:208} INFO - Processing /opt/airflow/dags/job_scraping_dag.py took 4.344 seconds
[2026-03-20T10:23:51.812+0000] {processor.py:186} INFO - Started process (PID=272) to work on /opt/airflow/dags/job_scraping_dag.py
[2026-03-20T10:23:51.816+0000] {processor.py:914} INFO - Processing file /opt/airflow/dags/job_scraping_dag.py for tasks to queue
[2026-03-20T10:23:51.827+0000] {logging_mixin.py:190} INFO - [2026-03-20T10:23:51.826+0000] {dagbag.py:588} INFO - Filling up the DagBag from /opt/airflow/dags/job_scraping_dag.py
[2026-03-20T10:23:54.912+0000] {processor.py:925} INFO - DAG(s) 'daily_job_scraping' retrieved from /opt/airflow/dags/job_scraping_dag.py
[2026-03-20T10:23:55.016+0000] {logging_mixin.py:190} INFO - [2026-03-20T10:23:55.015+0000] {dag.py:3239} INFO - Sync 1 DAGs
[2026-03-20T10:23:55.106+0000] {logging_mixin.py:190} INFO - [2026-03-20T10:23:55.106+0000] {dag.py:4180} INFO - Setting next_dagrun for daily_job_scraping to 2026-03-19 12:00:00+00:00, run_after=2026-03-20 12:00:00+00:00
[2026-03-20T10:23:55.201+0000] {processor.py:208} INFO - Processing /opt/airflow/dags/job_scraping_dag.py took 3.410 seconds
[2026-03-20T10:24:25.783+0000] {processor.py:186} INFO - Started process (PID=278) to work on /opt/airflow/dags/job_scraping_dag.py
[2026-03-20T10:24:25.786+0000] {processor.py:914} INFO - Processing file /opt/airflow/dags/job_scraping_dag.py for tasks to queue
[2026-03-20T10:24:25.796+0000] {logging_mixin.py:190} INFO - [2026-03-20T10:24:25.795+0000] {dagbag.py:588} INFO - Filling up the DagBag from /opt/airflow/dags/job_scraping_dag.py
[2026-03-20T10:24:27.758+0000] {processor.py:925} INFO - DAG(s) 'daily_job_scraping' retrieved from /opt/airflow/dags/job_scraping_dag.py
[2026-03-20T10:24:27.839+0000] {logging_mixin.py:190} INFO - [2026-03-20T10:24:27.837+0000] {dag.py:3239} INFO - Sync 1 DAGs
[2026-03-20T10:24:27.920+0000] {logging_mixin.py:190} INFO - [2026-03-20T10:24:27.919+0000] {dag.py:4180} INFO - Setting next_dagrun for daily_job_scraping to 2026-03-19 12:00:00+00:00, run_after=2026-03-20 12:00:00+00:00
[2026-03-20T10:24:27.970+0000] {processor.py:208} INFO - Processing /opt/airflow/dags/job_scraping_dag.py took 2.207 seconds
[2026-03-20T10:24:58.815+0000] {processor.py:186} INFO - Started process (PID=284) to work on /opt/airflow/dags/job_scraping_dag.py
[2026-03-20T10:24:58.818+0000] {processor.py:914} INFO - Processing file /opt/airflow/dags/job_scraping_dag.py for tasks to queue
[2026-03-20T10:24:58.827+0000] {logging_mixin.py:190} INFO - [2026-03-20T10:24:58.825+0000] {dagbag.py:588} INFO - Filling up the DagBag from /opt/airflow/dags/job_scraping_dag.py
[2026-03-20T10:25:01.738+0000] {processor.py:925} INFO - DAG(s) 'daily_job_scraping' retrieved from /opt/airflow/dags/job_scraping_dag.py
[2026-03-20T10:25:01.850+0000] {logging_mixin.py:190} INFO - [2026-03-20T10:25:01.849+0000] {dag.py:3239} INFO - Sync 1 DAGs
[2026-03-20T10:25:01.965+0000] {logging_mixin.py:190} INFO - [2026-03-20T10:25:01.965+0000] {dag.py:4180} INFO - Setting next_dagrun for daily_job_scraping to 2026-03-19 12:00:00+00:00, run_after=2026-03-20 12:00:00+00:00
[2026-03-20T10:25:02.070+0000] {processor.py:208} INFO - Processing /opt/airflow/dags/job_scraping_dag.py took 3.266 seconds
[2026-03-20T10:25:33.003+0000] {processor.py:186} INFO - Started process (PID=290) to work on /opt/airflow/dags/job_scraping_dag.py
[2026-03-20T10:25:33.029+0000] {processor.py:914} INFO - Processing file /opt/airflow/dags/job_scraping_dag.py for tasks to queue
[2026-03-20T10:25:33.041+0000] {logging_mixin.py:190} INFO - [2026-03-20T10:25:33.040+0000] {dagbag.py:588} INFO - Filling up the DagBag from /opt/airflow/dags/job_scraping_dag.py
[2026-03-20T10:25:35.610+0000] {processor.py:925} INFO - DAG(s) 'daily_job_scraping' retrieved from /opt/airflow/dags/job_scraping_dag.py
[2026-03-20T10:25:35.702+0000] {logging_mixin.py:190} INFO - [2026-03-20T10:25:35.686+0000] {dag.py:3239} INFO - Sync 1 DAGs
[2026-03-20T10:25:35.784+0000] {logging_mixin.py:190} INFO - [2026-03-20T10:25:35.783+0000] {dag.py:4180} INFO - Setting next_dagrun for daily_job_scraping to 2026-03-19 12:00:00+00:00, run_after=2026-03-20 12:00:00+00:00
[2026-03-20T10:25:35.836+0000] {processor.py:208} INFO - Processing /opt/airflow/dags/job_scraping_dag.py took 2.914 seconds
[2026-03-20T10:26:07.038+0000] {processor.py:186} INFO - Started process (PID=296) to work on /opt/airflow/dags/job_scraping_dag.py
[2026-03-20T10:26:07.043+0000] {processor.py:914} INFO - Processing file /opt/airflow/dags/job_scraping_dag.py for tasks to queue
[2026-03-20T10:26:07.052+0000] {logging_mixin.py:190} INFO - [2026-03-20T10:26:07.051+0000] {dagbag.py:588} INFO - Filling up the DagBag from /opt/airflow/dags/job_scraping_dag.py
[2026-03-20T10:26:10.682+0000] {processor.py:925} INFO - DAG(s) 'daily_job_scraping' retrieved from /opt/airflow/dags/job_scraping_dag.py
[2026-03-20T10:26:10.779+0000] {logging_mixin.py:190} INFO - [2026-03-20T10:26:10.775+0000] {dag.py:3239} INFO - Sync 1 DAGs
[2026-03-20T10:26:10.904+0000] {logging_mixin.py:190} INFO - [2026-03-20T10:26:10.894+0000] {dag.py:4180} INFO - Setting next_dagrun for daily_job_scraping to 2026-03-19 12:00:00+00:00, run_after=2026-03-20 12:00:00+00:00
[2026-03-20T10:26:11.054+0000] {processor.py:208} INFO - Processing /opt/airflow/dags/job_scraping_dag.py took 4.038 seconds
[2026-03-20T10:26:42.284+0000] {processor.py:186} INFO - Started process (PID=302) to work on /opt/airflow/dags/job_scraping_dag.py
[2026-03-20T10:26:42.294+0000] {processor.py:914} INFO - Processing file /opt/airflow/dags/job_scraping_dag.py for tasks to queue
[2026-03-20T10:26:42.302+0000] {logging_mixin.py:190} INFO - [2026-03-20T10:26:42.300+0000] {dagbag.py:588} INFO - Filling up the DagBag from /opt/airflow/dags/job_scraping_dag.py
[2026-03-20T10:26:46.082+0000] {processor.py:925} INFO - DAG(s) 'daily_job_scraping' retrieved from /opt/airflow/dags/job_scraping_dag.py
[2026-03-20T10:26:46.214+0000] {logging_mixin.py:190} INFO - [2026-03-20T10:26:46.213+0000] {dag.py:3239} INFO - Sync 1 DAGs
[2026-03-20T10:26:46.359+0000] {logging_mixin.py:190} INFO - [2026-03-20T10:26:46.358+0000] {dag.py:4180} INFO - Setting next_dagrun for daily_job_scraping to 2026-03-19 12:00:00+00:00, run_after=2026-03-20 12:00:00+00:00
[2026-03-20T10:26:46.474+0000] {processor.py:208} INFO - Processing /opt/airflow/dags/job_scraping_dag.py took 4.234 seconds
[2026-03-20T10:27:17.162+0000] {processor.py:186} INFO - Started process (PID=308) to work on /opt/airflow/dags/job_scraping_dag.py
[2026-03-20T10:27:17.176+0000] {processor.py:914} INFO - Processing file /opt/airflow/dags/job_scraping_dag.py for tasks to queue
[2026-03-20T10:27:17.191+0000] {logging_mixin.py:190} INFO - [2026-03-20T10:27:17.184+0000] {dagbag.py:588} INFO - Filling up the DagBag from /opt/airflow/dags/job_scraping_dag.py
[2026-03-20T10:27:21.001+0000] {processor.py:925} INFO - DAG(s) 'daily_job_scraping' retrieved from /opt/airflow/dags/job_scraping_dag.py
[2026-03-20T10:27:21.114+0000] {logging_mixin.py:190} INFO - [2026-03-20T10:27:21.113+0000] {dag.py:3239} INFO - Sync 1 DAGs
[2026-03-20T10:27:21.186+0000] {logging_mixin.py:190} INFO - [2026-03-20T10:27:21.186+0000] {dag.py:4180} INFO - Setting next_dagrun for daily_job_scraping to 2026-03-19 12:00:00+00:00, run_after=2026-03-20 12:00:00+00:00
[2026-03-20T10:27:21.266+0000] {processor.py:208} INFO - Processing /opt/airflow/dags/job_scraping_dag.py took 4.169 seconds
[2026-03-20T10:27:51.689+0000] {processor.py:186} INFO - Started process (PID=314) to work on /opt/airflow/dags/job_scraping_dag.py
[2026-03-20T10:27:51.700+0000] {processor.py:914} INFO - Processing file /opt/airflow/dags/job_scraping_dag.py for tasks to queue
[2026-03-20T10:27:51.713+0000] {logging_mixin.py:190} INFO - [2026-03-20T10:27:51.710+0000] {dagbag.py:588} INFO - Filling up the DagBag from /opt/airflow/dags/job_scraping_dag.py
[2026-03-20T10:27:54.821+0000] {processor.py:925} INFO - DAG(s) 'daily_job_scraping' retrieved from /opt/airflow/dags/job_scraping_dag.py
[2026-03-20T10:27:54.913+0000] {logging_mixin.py:190} INFO - [2026-03-20T10:27:54.912+0000] {dag.py:3239} INFO - Sync 1 DAGs
[2026-03-20T10:27:54.998+0000] {logging_mixin.py:190} INFO - [2026-03-20T10:27:54.997+0000] {dag.py:4180} INFO - Setting next_dagrun for daily_job_scraping to 2026-03-19 12:00:00+00:00, run_after=2026-03-20 12:00:00+00:00
[2026-03-20T10:27:55.078+0000] {processor.py:208} INFO - Processing /opt/airflow/dags/job_scraping_dag.py took 3.431 seconds
[2026-03-20T10:28:25.652+0000] {processor.py:186} INFO - Started process (PID=320) to work on /opt/airflow/dags/job_scraping_dag.py
[2026-03-20T10:28:25.655+0000] {processor.py:914} INFO - Processing file /opt/airflow/dags/job_scraping_dag.py for tasks to queue
[2026-03-20T10:28:25.664+0000] {logging_mixin.py:190} INFO - [2026-03-20T10:28:25.662+0000] {dagbag.py:588} INFO - Filling up the DagBag from /opt/airflow/dags/job_scraping_dag.py
[2026-03-20T10:28:28.445+0000] {processor.py:925} INFO - DAG(s) 'daily_job_scraping' retrieved from /opt/airflow/dags/job_scraping_dag.py
[2026-03-20T10:28:28.526+0000] {logging_mixin.py:190} INFO - [2026-03-20T10:28:28.523+0000] {dag.py:3239} INFO - Sync 1 DAGs
[2026-03-20T10:28:28.616+0000] {logging_mixin.py:190} INFO - [2026-03-20T10:28:28.615+0000] {dag.py:4180} INFO - Setting next_dagrun for daily_job_scraping to 2026-03-19 12:00:00+00:00, run_after=2026-03-20 12:00:00+00:00
[2026-03-20T10:28:28.681+0000] {processor.py:208} INFO - Processing /opt/airflow/dags/job_scraping_dag.py took 3.058 seconds
[2026-03-20T10:28:59.546+0000] {processor.py:186} INFO - Started process (PID=326) to work on /opt/airflow/dags/job_scraping_dag.py
[2026-03-20T10:28:59.551+0000] {processor.py:914} INFO - Processing file /opt/airflow/dags/job_scraping_dag.py for tasks to queue
[2026-03-20T10:28:59.567+0000] {logging_mixin.py:190} INFO - [2026-03-20T10:28:59.566+0000] {dagbag.py:588} INFO - Filling up the DagBag from /opt/airflow/dags/job_scraping_dag.py
[2026-03-20T10:29:02.081+0000] {processor.py:925} INFO - DAG(s) 'daily_job_scraping' retrieved from /opt/airflow/dags/job_scraping_dag.py
[2026-03-20T10:29:02.167+0000] {logging_mixin.py:190} INFO - [2026-03-20T10:29:02.166+0000] {dag.py:3239} INFO - Sync 1 DAGs
[2026-03-20T10:29:02.250+0000] {logging_mixin.py:190} INFO - [2026-03-20T10:29:02.250+0000] {dag.py:4180} INFO - Setting next_dagrun for daily_job_scraping to 2026-03-19 12:00:00+00:00, run_after=2026-03-20 12:00:00+00:00
[2026-03-20T10:29:02.309+0000] {processor.py:208} INFO - Processing /opt/airflow/dags/job_scraping_dag.py took 2.783 seconds
[2026-03-20T10:29:33.447+0000] {processor.py:186} INFO - Started process (PID=332) to work on /opt/airflow/dags/job_scraping_dag.py
[2026-03-20T10:29:33.450+0000] {processor.py:914} INFO - Processing file /opt/airflow/dags/job_scraping_dag.py for tasks to queue
[2026-03-20T10:29:33.469+0000] {logging_mixin.py:190} INFO - [2026-03-20T10:29:33.461+0000] {dagbag.py:588} INFO - Filling up the DagBag from /opt/airflow/dags/job_scraping_dag.py
[2026-03-20T10:29:35.912+0000] {processor.py:925} INFO - DAG(s) 'daily_job_scraping' retrieved from /opt/airflow/dags/job_scraping_dag.py
[2026-03-20T10:29:36.003+0000] {logging_mixin.py:190} INFO - [2026-03-20T10:29:36.002+0000] {dag.py:3239} INFO - Sync 1 DAGs
[2026-03-20T10:29:36.220+0000] {logging_mixin.py:190} INFO - [2026-03-20T10:29:36.219+0000] {dag.py:4180} INFO - Setting next_dagrun for daily_job_scraping to 2026-03-19 12:00:00+00:00, run_after=2026-03-20 12:00:00+00:00
[2026-03-20T10:29:36.315+0000] {processor.py:208} INFO - Processing /opt/airflow/dags/job_scraping_dag.py took 2.887 seconds
[2026-03-20T10:30:07.291+0000] {processor.py:186} INFO - Started process (PID=338) to work on /opt/airflow/dags/job_scraping_dag.py
[2026-03-20T10:30:07.295+0000] {processor.py:914} INFO - Processing file /opt/airflow/dags/job_scraping_dag.py for tasks to queue
[2026-03-20T10:30:07.304+0000] {logging_mixin.py:190} INFO - [2026-03-20T10:30:07.303+0000] {dagbag.py:588} INFO - Filling up the DagBag from /opt/airflow/dags/job_scraping_dag.py
[2026-03-20T10:30:09.701+0000] {processor.py:925} INFO - DAG(s) 'daily_job_scraping' retrieved from /opt/airflow/dags/job_scraping_dag.py
[2026-03-20T10:30:09.818+0000] {logging_mixin.py:190} INFO - [2026-03-20T10:30:09.815+0000] {dag.py:3239} INFO - Sync 1 DAGs
[2026-03-20T10:30:09.894+0000] {logging_mixin.py:190} INFO - [2026-03-20T10:30:09.890+0000] {dag.py:4180} INFO - Setting next_dagrun for daily_job_scraping to 2026-03-19 12:00:00+00:00, run_after=2026-03-20 12:00:00+00:00
[2026-03-20T10:30:09.970+0000] {processor.py:208} INFO - Processing /opt/airflow/dags/job_scraping_dag.py took 2.700 seconds
[2026-03-20T10:30:41.172+0000] {processor.py:186} INFO - Started process (PID=344) to work on /opt/airflow/dags/job_scraping_dag.py
[2026-03-20T10:30:41.177+0000] {processor.py:914} INFO - Processing file /opt/airflow/dags/job_scraping_dag.py for tasks to queue
[2026-03-20T10:30:41.193+0000] {logging_mixin.py:190} INFO - [2026-03-20T10:30:41.192+0000] {dagbag.py:588} INFO - Filling up the DagBag from /opt/airflow/dags/job_scraping_dag.py
[2026-03-20T10:30:43.766+0000] {processor.py:925} INFO - DAG(s) 'daily_job_scraping' retrieved from /opt/airflow/dags/job_scraping_dag.py
[2026-03-20T10:30:43.848+0000] {logging_mixin.py:190} INFO - [2026-03-20T10:30:43.847+0000] {dag.py:3239} INFO - Sync 1 DAGs
[2026-03-20T10:30:43.941+0000] {logging_mixin.py:190} INFO - [2026-03-20T10:30:43.940+0000] {dag.py:4180} INFO - Setting next_dagrun for daily_job_scraping to 2026-03-19 12:00:00+00:00, run_after=2026-03-20 12:00:00+00:00
[2026-03-20T10:30:44.024+0000] {processor.py:208} INFO - Processing /opt/airflow/dags/job_scraping_dag.py took 2.907 seconds
[2026-03-20T10:31:15.054+0000] {processor.py:186} INFO - Started process (PID=350) to work on /opt/airflow/dags/job_scraping_dag.py
[2026-03-20T10:31:15.058+0000] {processor.py:914} INFO - Processing file /opt/airflow/dags/job_scraping_dag.py for tasks to queue
[2026-03-20T10:31:15.072+0000] {logging_mixin.py:190} INFO - [2026-03-20T10:31:15.066+0000] {dagbag.py:588} INFO - Filling up the DagBag from /opt/airflow/dags/job_scraping_dag.py
[2026-03-20T10:31:18.228+0000] {processor.py:925} INFO - DAG(s) 'daily_job_scraping' retrieved from /opt/airflow/dags/job_scraping_dag.py
[2026-03-20T10:31:18.490+0000] {logging_mixin.py:190} INFO - [2026-03-20T10:31:18.487+0000] {dag.py:3239} INFO - Sync 1 DAGs
[2026-03-20T10:31:18.696+0000] {logging_mixin.py:190} INFO - [2026-03-20T10:31:18.695+0000] {dag.py:4180} INFO - Setting next_dagrun for daily_job_scraping to 2026-03-19 12:00:00+00:00, run_after=2026-03-20 12:00:00+00:00
[2026-03-20T10:31:18.836+0000] {processor.py:208} INFO - Processing /opt/airflow/dags/job_scraping_dag.py took 3.799 seconds
[2026-03-20T10:31:49.789+0000] {processor.py:186} INFO - Started process (PID=356) to work on /opt/airflow/dags/job_scraping_dag.py
[2026-03-20T10:31:49.800+0000] {processor.py:914} INFO - Processing file /opt/airflow/dags/job_scraping_dag.py for tasks to queue
[2026-03-20T10:31:49.811+0000] {logging_mixin.py:190} INFO - [2026-03-20T10:31:49.809+0000] {dagbag.py:588} INFO - Filling up the DagBag from /opt/airflow/dags/job_scraping_dag.py
[2026-03-20T10:31:52.475+0000] {processor.py:925} INFO - DAG(s) 'daily_job_scraping' retrieved from /opt/airflow/dags/job_scraping_dag.py
[2026-03-20T10:31:52.652+0000] {logging_mixin.py:190} INFO - [2026-03-20T10:31:52.650+0000] {dag.py:3239} INFO - Sync 1 DAGs
[2026-03-20T10:31:52.758+0000] {logging_mixin.py:190} INFO - [2026-03-20T10:31:52.757+0000] {dag.py:4180} INFO - Setting next_dagrun for daily_job_scraping to 2026-03-19 12:00:00+00:00, run_after=2026-03-20 12:00:00+00:00
[2026-03-20T10:31:52.837+0000] {processor.py:208} INFO - Processing /opt/airflow/dags/job_scraping_dag.py took 3.075 seconds
[2026-03-20T10:32:24.114+0000] {processor.py:186} INFO - Started process (PID=362) to work on /opt/airflow/dags/job_scraping_dag.py
[2026-03-20T10:32:24.117+0000] {processor.py:914} INFO - Processing file /opt/airflow/dags/job_scraping_dag.py for tasks to queue
[2026-03-20T10:32:24.125+0000] {logging_mixin.py:190} INFO - [2026-03-20T10:32:24.124+0000] {dagbag.py:588} INFO - Filling up the DagBag from /opt/airflow/dags/job_scraping_dag.py
[2026-03-20T10:32:27.112+0000] {processor.py:925} INFO - DAG(s) 'daily_job_scraping' retrieved from /opt/airflow/dags/job_scraping_dag.py
[2026-03-20T10:32:27.205+0000] {logging_mixin.py:190} INFO - [2026-03-20T10:32:27.204+0000] {dag.py:3239} INFO - Sync 1 DAGs
[2026-03-20T10:32:27.287+0000] {logging_mixin.py:190} INFO - [2026-03-20T10:32:27.285+0000] {dag.py:4180} INFO - Setting next_dagrun for daily_job_scraping to 2026-03-19 12:00:00+00:00, run_after=2026-03-20 12:00:00+00:00
[2026-03-20T10:32:27.390+0000] {processor.py:208} INFO - Processing /opt/airflow/dags/job_scraping_dag.py took 3.297 seconds
[2026-03-20T10:32:57.714+0000] {processor.py:186} INFO - Started process (PID=368) to work on /opt/airflow/dags/job_scraping_dag.py
[2026-03-20T10:32:57.717+0000] {processor.py:914} INFO - Processing file /opt/airflow/dags/job_scraping_dag.py for tasks to queue
[2026-03-20T10:32:57.726+0000] {logging_mixin.py:190} INFO - [2026-03-20T10:32:57.723+0000] {dagbag.py:588} INFO - Filling up the DagBag from /opt/airflow/dags/job_scraping_dag.py
[2026-03-20T10:32:59.196+0000] {processor.py:925} INFO - DAG(s) 'daily_job_scraping' retrieved from /opt/airflow/dags/job_scraping_dag.py
[2026-03-20T10:32:59.290+0000] {logging_mixin.py:190} INFO - [2026-03-20T10:32:59.289+0000] {dag.py:3239} INFO - Sync 1 DAGs
[2026-03-20T10:32:59.363+0000] {logging_mixin.py:190} INFO - [2026-03-20T10:32:59.363+0000] {dag.py:4180} INFO - Setting next_dagrun for daily_job_scraping to 2026-03-19 12:00:00+00:00, run_after=2026-03-20 12:00:00+00:00
[2026-03-20T10:32:59.413+0000] {processor.py:208} INFO - Processing /opt/airflow/dags/job_scraping_dag.py took 1.713 seconds
[2026-03-20T10:33:30.117+0000] {processor.py:186} INFO - Started process (PID=374) to work on /opt/airflow/dags/job_scraping_dag.py
[2026-03-20T10:33:30.124+0000] {processor.py:914} INFO - Processing file /opt/airflow/dags/job_scraping_dag.py for tasks to queue
[2026-03-20T10:33:30.133+0000] {logging_mixin.py:190} INFO - [2026-03-20T10:33:30.132+0000] {dagbag.py:588} INFO - Filling up the DagBag from /opt/airflow/dags/job_scraping_dag.py
[2026-03-20T10:33:32.668+0000] {processor.py:925} INFO - DAG(s) 'daily_job_scraping' retrieved from /opt/airflow/dags/job_scraping_dag.py
[2026-03-20T10:33:32.780+0000] {logging_mixin.py:190} INFO - [2026-03-20T10:33:32.779+0000] {dag.py:3239} INFO - Sync 1 DAGs
[2026-03-20T10:33:32.851+0000] {logging_mixin.py:190} INFO - [2026-03-20T10:33:32.850+0000] {dag.py:4180} INFO - Setting next_dagrun for daily_job_scraping to 2026-03-19 12:00:00+00:00, run_after=2026-03-20 12:00:00+00:00
[2026-03-20T10:33:32.949+0000] {processor.py:208} INFO - Processing /opt/airflow/dags/job_scraping_dag.py took 2.858 seconds
[2026-03-20T10:34:03.686+0000] {processor.py:186} INFO - Started process (PID=380) to work on /opt/airflow/dags/job_scraping_dag.py
[2026-03-20T10:34:03.688+0000] {processor.py:914} INFO - Processing file /opt/airflow/dags/job_scraping_dag.py for tasks to queue
[2026-03-20T10:34:03.696+0000] {logging_mixin.py:190} INFO - [2026-03-20T10:34:03.695+0000] {dagbag.py:588} INFO - Filling up the DagBag from /opt/airflow/dags/job_scraping_dag.py
[2026-03-20T10:34:06.341+0000] {processor.py:925} INFO - DAG(s) 'daily_job_scraping' retrieved from /opt/airflow/dags/job_scraping_dag.py
[2026-03-20T10:34:06.459+0000] {logging_mixin.py:190} INFO - [2026-03-20T10:34:06.458+0000] {dag.py:3239} INFO - Sync 1 DAGs
[2026-03-20T10:34:06.575+0000] {logging_mixin.py:190} INFO - [2026-03-20T10:34:06.574+0000] {dag.py:4180} INFO - Setting next_dagrun for daily_job_scraping to 2026-03-19 12:00:00+00:00, run_after=2026-03-20 12:00:00+00:00
[2026-03-20T10:34:06.659+0000] {processor.py:208} INFO - Processing /opt/airflow/dags/job_scraping_dag.py took 2.997 seconds
[2026-03-20T10:34:37.762+0000] {processor.py:186} INFO - Started process (PID=386) to work on /opt/airflow/dags/job_scraping_dag.py
[2026-03-20T10:34:37.769+0000] {processor.py:914} INFO - Processing file /opt/airflow/dags/job_scraping_dag.py for tasks to queue
[2026-03-20T10:34:37.791+0000] {logging_mixin.py:190} INFO - [2026-03-20T10:34:37.790+0000] {dagbag.py:588} INFO - Filling up the DagBag from /opt/airflow/dags/job_scraping_dag.py
[2026-03-20T10:34:40.562+0000] {processor.py:925} INFO - DAG(s) 'daily_job_scraping' retrieved from /opt/airflow/dags/job_scraping_dag.py
[2026-03-20T10:34:40.686+0000] {logging_mixin.py:190} INFO - [2026-03-20T10:34:40.684+0000] {dag.py:3239} INFO - Sync 1 DAGs
[2026-03-20T10:34:40.797+0000] {logging_mixin.py:190} INFO - [2026-03-20T10:34:40.797+0000] {dag.py:4180} INFO - Setting next_dagrun for daily_job_scraping to 2026-03-19 12:00:00+00:00, run_after=2026-03-20 12:00:00+00:00
[2026-03-20T10:34:40.861+0000] {processor.py:208} INFO - Processing /opt/airflow/dags/job_scraping_dag.py took 3.169 seconds
[2026-03-20T10:35:11.891+0000] {processor.py:186} INFO - Started process (PID=392) to work on /opt/airflow/dags/job_scraping_dag.py
[2026-03-20T10:35:11.893+0000] {processor.py:914} INFO - Processing file /opt/airflow/dags/job_scraping_dag.py for tasks to queue
[2026-03-20T10:35:11.898+0000] {logging_mixin.py:190} INFO - [2026-03-20T10:35:11.897+0000] {dagbag.py:588} INFO - Filling up the DagBag from /opt/airflow/dags/job_scraping_dag.py
[2026-03-20T10:35:13.003+0000] {processor.py:925} INFO - DAG(s) 'daily_job_scraping' retrieved from /opt/airflow/dags/job_scraping_dag.py
[2026-03-20T10:35:13.072+0000] {logging_mixin.py:190} INFO - [2026-03-20T10:35:13.071+0000] {dag.py:3239} INFO - Sync 1 DAGs
[2026-03-20T10:35:13.131+0000] {logging_mixin.py:190} INFO - [2026-03-20T10:35:13.130+0000] {dag.py:4180} INFO - Setting next_dagrun for daily_job_scraping to 2026-03-19 12:00:00+00:00, run_after=2026-03-20 12:00:00+00:00
[2026-03-20T10:35:13.202+0000] {processor.py:208} INFO - Processing /opt/airflow/dags/job_scraping_dag.py took 1.323 seconds
[2026-03-20T10:35:43.533+0000] {processor.py:186} INFO - Started process (PID=398) to work on /opt/airflow/dags/job_scraping_dag.py
[2026-03-20T10:35:43.546+0000] {processor.py:914} INFO - Processing file /opt/airflow/dags/job_scraping_dag.py for tasks to queue
[2026-03-20T10:35:43.565+0000] {logging_mixin.py:190} INFO - [2026-03-20T10:35:43.564+0000] {dagbag.py:588} INFO - Filling up the DagBag from /opt/airflow/dags/job_scraping_dag.py
[2026-03-20T10:35:46.712+0000] {processor.py:925} INFO - DAG(s) 'daily_job_scraping' retrieved from /opt/airflow/dags/job_scraping_dag.py
[2026-03-20T10:35:46.857+0000] {logging_mixin.py:190} INFO - [2026-03-20T10:35:46.856+0000] {dag.py:3239} INFO - Sync 1 DAGs
[2026-03-20T10:35:47.050+0000] {logging_mixin.py:190} INFO - [2026-03-20T10:35:47.043+0000] {dag.py:4180} INFO - Setting next_dagrun for daily_job_scraping to 2026-03-19 12:00:00+00:00, run_after=2026-03-20 12:00:00+00:00
[2026-03-20T10:35:47.211+0000] {processor.py:208} INFO - Processing /opt/airflow/dags/job_scraping_dag.py took 3.726 seconds
[2026-03-20T10:36:18.388+0000] {processor.py:186} INFO - Started process (PID=404) to work on /opt/airflow/dags/job_scraping_dag.py
[2026-03-20T10:36:18.391+0000] {processor.py:914} INFO - Processing file /opt/airflow/dags/job_scraping_dag.py for tasks to queue
[2026-03-20T10:36:18.413+0000] {logging_mixin.py:190} INFO - [2026-03-20T10:36:18.407+0000] {dagbag.py:588} INFO - Filling up the DagBag from /opt/airflow/dags/job_scraping_dag.py
[2026-03-20T10:36:20.472+0000] {processor.py:925} INFO - DAG(s) 'daily_job_scraping' retrieved from /opt/airflow/dags/job_scraping_dag.py
[2026-03-20T10:36:20.567+0000] {logging_mixin.py:190} INFO - [2026-03-20T10:36:20.566+0000] {dag.py:3239} INFO - Sync 1 DAGs
[2026-03-20T10:36:20.708+0000] {logging_mixin.py:190} INFO - [2026-03-20T10:36:20.707+0000] {dag.py:4180} INFO - Setting next_dagrun for daily_job_scraping to 2026-03-19 12:00:00+00:00, run_after=2026-03-20 12:00:00+00:00
[2026-03-20T10:36:20.818+0000] {processor.py:208} INFO - Processing /opt/airflow/dags/job_scraping_dag.py took 2.467 seconds
[2026-03-20T10:36:51.483+0000] {processor.py:186} INFO - Started process (PID=410) to work on /opt/airflow/dags/job_scraping_dag.py
[2026-03-20T10:36:51.501+0000] {processor.py:914} INFO - Processing file /opt/airflow/dags/job_scraping_dag.py for tasks to queue
[2026-03-20T10:36:51.526+0000] {logging_mixin.py:190} INFO - [2026-03-20T10:36:51.524+0000] {dagbag.py:588} INFO - Filling up the DagBag from /opt/airflow/dags/job_scraping_dag.py
[2026-03-20T10:36:55.197+0000] {processor.py:925} INFO - DAG(s) 'daily_job_scraping' retrieved from /opt/airflow/dags/job_scraping_dag.py
[2026-03-20T10:36:55.308+0000] {logging_mixin.py:190} INFO - [2026-03-20T10:36:55.306+0000] {dag.py:3239} INFO - Sync 1 DAGs
[2026-03-20T10:36:55.445+0000] {logging_mixin.py:190} INFO - [2026-03-20T10:36:55.437+0000] {dag.py:4180} INFO - Setting next_dagrun for daily_job_scraping to 2026-03-19 12:00:00+00:00, run_after=2026-03-20 12:00:00+00:00
[2026-03-20T10:36:55.517+0000] {processor.py:208} INFO - Processing /opt/airflow/dags/job_scraping_dag.py took 4.099 seconds
[2026-03-20T10:37:26.284+0000] {processor.py:186} INFO - Started process (PID=416) to work on /opt/airflow/dags/job_scraping_dag.py
[2026-03-20T10:37:26.288+0000] {processor.py:914} INFO - Processing file /opt/airflow/dags/job_scraping_dag.py for tasks to queue
[2026-03-20T10:37:26.295+0000] {logging_mixin.py:190} INFO - [2026-03-20T10:37:26.294+0000] {dagbag.py:588} INFO - Filling up the DagBag from /opt/airflow/dags/job_scraping_dag.py
[2026-03-20T10:37:28.148+0000] {processor.py:925} INFO - DAG(s) 'daily_job_scraping' retrieved from /opt/airflow/dags/job_scraping_dag.py
[2026-03-20T10:37:28.223+0000] {logging_mixin.py:190} INFO - [2026-03-20T10:37:28.222+0000] {dag.py:3239} INFO - Sync 1 DAGs
[2026-03-20T10:37:28.283+0000] {logging_mixin.py:190} INFO - [2026-03-20T10:37:28.282+0000] {dag.py:4180} INFO - Setting next_dagrun for daily_job_scraping to 2026-03-19 12:00:00+00:00, run_after=2026-03-20 12:00:00+00:00
[2026-03-20T10:37:28.346+0000] {processor.py:208} INFO - Processing /opt/airflow/dags/job_scraping_dag.py took 2.078 seconds
[2026-03-20T10:37:38.118+0000] {processor.py:186} INFO - Started process (PID=422) to work on /opt/airflow/dags/job_scraping_dag.py
[2026-03-20T10:37:38.121+0000] {processor.py:914} INFO - Processing file /opt/airflow/dags/job_scraping_dag.py for tasks to queue
[2026-03-20T10:37:38.129+0000] {logging_mixin.py:190} INFO - [2026-03-20T10:37:38.128+0000] {dagbag.py:588} INFO - Filling up the DagBag from /opt/airflow/dags/job_scraping_dag.py
[2026-03-20T10:37:41.433+0000] {processor.py:925} INFO - DAG(s) 'daily_job_scraping' retrieved from /opt/airflow/dags/job_scraping_dag.py
[2026-03-20T10:37:41.540+0000] {logging_mixin.py:190} INFO - [2026-03-20T10:37:41.535+0000] {taskinstance.py:3313} ERROR - {'DAG Id': 'daily_job_scraping', 'Task Id': 'extract_indeed', 'Run Id': 'manual__2026-03-20T10:22:21.869345+00:00', 'Hostname': '696af1b356a2'}
[2026-03-20T10:37:41.651+0000] {logging_mixin.py:190} INFO - [2026-03-20T10:37:41.651+0000] {taskinstance.py:1225} INFO - Marking task as UP_FOR_RETRY. dag_id=daily_job_scraping, task_id=extract_indeed, run_id=manual__2026-03-20T10:22:21.869345+00:00, execution_date=20260320T102221, start_date=20260320T102231, end_date=20260320T103741
[2026-03-20T10:37:41.712+0000] {logging_mixin.py:190} INFO - [2026-03-20T10:37:41.710+0000] {processor.py:876} INFO - Executed callback for <TaskInstance: daily_job_scraping.extract_indeed manual__2026-03-20T10:22:21.869345+00:00 [up_for_retry]> in state up_for_retry
[2026-03-20T10:37:41.789+0000] {logging_mixin.py:190} INFO - [2026-03-20T10:37:41.788+0000] {dag.py:3239} INFO - Sync 1 DAGs
[2026-03-20T10:37:41.894+0000] {logging_mixin.py:190} INFO - [2026-03-20T10:37:41.893+0000] {dag.py:4180} INFO - Setting next_dagrun for daily_job_scraping to 2026-03-19 12:00:00+00:00, run_after=2026-03-20 12:00:00+00:00
[2026-03-20T10:37:41.979+0000] {processor.py:208} INFO - Processing /opt/airflow/dags/job_scraping_dag.py took 3.882 seconds
[2026-03-20T10:38:13.241+0000] {processor.py:186} INFO - Started process (PID=428) to work on /opt/airflow/dags/job_scraping_dag.py
[2026-03-20T10:38:13.269+0000] {processor.py:914} INFO - Processing file /opt/airflow/dags/job_scraping_dag.py for tasks to queue
[2026-03-20T10:38:13.291+0000] {logging_mixin.py:190} INFO - [2026-03-20T10:38:13.290+0000] {dagbag.py:588} INFO - Filling up the DagBag from /opt/airflow/dags/job_scraping_dag.py
[2026-03-20T10:38:19.082+0000] {processor.py:925} INFO - DAG(s) 'daily_job_scraping' retrieved from /opt/airflow/dags/job_scraping_dag.py
[2026-03-20T10:38:19.230+0000] {logging_mixin.py:190} INFO - [2026-03-20T10:38:19.229+0000] {taskinstance.py:3313} ERROR - {'DAG Id': 'daily_job_scraping', 'Task Id': 'extract_linkedin', 'Run Id': 'manual__2026-03-20T10:22:21.869345+00:00', 'Hostname': '696af1b356a2'}
[2026-03-20T10:38:19.334+0000] {logging_mixin.py:190} INFO - [2026-03-20T10:38:19.331+0000] {taskinstance.py:1225} INFO - Marking task as UP_FOR_RETRY. dag_id=daily_job_scraping, task_id=extract_linkedin, run_id=manual__2026-03-20T10:22:21.869345+00:00, execution_date=20260320T102221, start_date=20260320T102231, end_date=20260320T103819
[2026-03-20T10:38:19.395+0000] {logging_mixin.py:190} INFO - [2026-03-20T10:38:19.395+0000] {processor.py:876} INFO - Executed callback for <TaskInstance: daily_job_scraping.extract_linkedin manual__2026-03-20T10:22:21.869345+00:00 [up_for_retry]> in state up_for_retry
[2026-03-20T10:38:19.487+0000] {logging_mixin.py:190} INFO - [2026-03-20T10:38:19.486+0000] {dag.py:3239} INFO - Sync 1 DAGs
[2026-03-20T10:38:19.701+0000] {logging_mixin.py:190} INFO - [2026-03-20T10:38:19.700+0000] {dag.py:4180} INFO - Setting next_dagrun for daily_job_scraping to 2026-03-19 12:00:00+00:00, run_after=2026-03-20 12:00:00+00:00
[2026-03-20T10:38:19.772+0000] {processor.py:208} INFO - Processing /opt/airflow/dags/job_scraping_dag.py took 6.570 seconds
[2026-03-20T10:38:49.795+0000] {processor.py:186} INFO - Started process (PID=450) to work on /opt/airflow/dags/job_scraping_dag.py
[2026-03-20T10:38:49.799+0000] {processor.py:914} INFO - Processing file /opt/airflow/dags/job_scraping_dag.py for tasks to queue
[2026-03-20T10:38:49.808+0000] {logging_mixin.py:190} INFO - [2026-03-20T10:38:49.806+0000] {dagbag.py:588} INFO - Filling up the DagBag from /opt/airflow/dags/job_scraping_dag.py
[2026-03-20T10:38:51.922+0000] {processor.py:925} INFO - DAG(s) 'daily_job_scraping' retrieved from /opt/airflow/dags/job_scraping_dag.py
[2026-03-20T10:38:52.036+0000] {logging_mixin.py:190} INFO - [2026-03-20T10:38:52.035+0000] {taskinstance.py:3313} ERROR - {'DAG Id': 'daily_job_scraping', 'Task Id': 'extract_indeed', 'Run Id': 'manual__2026-03-20T10:22:21.869345+00:00', 'Hostname': '696af1b356a2'}
[2026-03-20T10:38:52.100+0000] {logging_mixin.py:190} INFO - [2026-03-20T10:38:52.100+0000] {taskinstance.py:1225} INFO - Marking task as UP_FOR_RETRY. dag_id=daily_job_scraping, task_id=extract_indeed, run_id=manual__2026-03-20T10:22:21.869345+00:00, execution_date=20260320T102221, start_date=20260320T103830, end_date=20260320T103852
[2026-03-20T10:38:52.134+0000] {logging_mixin.py:190} INFO - [2026-03-20T10:38:52.133+0000] {processor.py:876} INFO - Executed callback for <TaskInstance: daily_job_scraping.extract_indeed manual__2026-03-20T10:22:21.869345+00:00 [up_for_retry]> in state up_for_retry
[2026-03-20T10:38:52.171+0000] {logging_mixin.py:190} INFO - [2026-03-20T10:38:52.167+0000] {dag.py:3239} INFO - Sync 1 DAGs
[2026-03-20T10:38:52.221+0000] {logging_mixin.py:190} INFO - [2026-03-20T10:38:52.221+0000] {dag.py:4180} INFO - Setting next_dagrun for daily_job_scraping to 2026-03-19 12:00:00+00:00, run_after=2026-03-20 12:00:00+00:00
[2026-03-20T10:38:52.276+0000] {processor.py:208} INFO - Processing /opt/airflow/dags/job_scraping_dag.py took 2.533 seconds
[2026-03-20T10:39:22.678+0000] {processor.py:186} INFO - Started process (PID=458) to work on /opt/airflow/dags/job_scraping_dag.py
[2026-03-20T10:39:22.681+0000] {processor.py:914} INFO - Processing file /opt/airflow/dags/job_scraping_dag.py for tasks to queue
[2026-03-20T10:39:22.860+0000] {logging_mixin.py:190} INFO - [2026-03-20T10:39:22.781+0000] {dagbag.py:588} INFO - Filling up the DagBag from /opt/airflow/dags/job_scraping_dag.py
[2026-03-20T10:39:26.953+0000] {processor.py:925} INFO - DAG(s) 'daily_job_scraping' retrieved from /opt/airflow/dags/job_scraping_dag.py
[2026-03-20T10:39:27.048+0000] {logging_mixin.py:190} INFO - [2026-03-20T10:39:27.047+0000] {taskinstance.py:3313} ERROR - {'DAG Id': 'daily_job_scraping', 'Task Id': 'extract_linkedin', 'Run Id': 'manual__2026-03-20T10:22:21.869345+00:00', 'Hostname': '696af1b356a2'}
[2026-03-20T10:39:27.101+0000] {logging_mixin.py:190} INFO - [2026-03-20T10:39:27.101+0000] {taskinstance.py:1225} INFO - Marking task as UP_FOR_RETRY. dag_id=daily_job_scraping, task_id=extract_linkedin, run_id=manual__2026-03-20T10:22:21.869345+00:00, execution_date=20260320T102221, start_date=20260320T103830, end_date=20260320T103927
[2026-03-20T10:39:27.133+0000] {logging_mixin.py:190} INFO - [2026-03-20T10:39:27.133+0000] {processor.py:876} INFO - Executed callback for <TaskInstance: daily_job_scraping.extract_linkedin manual__2026-03-20T10:22:21.869345+00:00 [up_for_retry]> in state up_for_retry
[2026-03-20T10:39:27.140+0000] {logging_mixin.py:190} INFO - [2026-03-20T10:39:27.140+0000] {taskinstance.py:3313} ERROR - {'DAG Id': 'daily_job_scraping', 'Task Id': 'extract_linkedin', 'Run Id': 'scheduled__2026-03-18T12:00:00+00:00', 'Hostname': '696af1b356a2'}
[2026-03-20T10:39:27.167+0000] {logging_mixin.py:190} INFO - [2026-03-20T10:39:27.166+0000] {taskinstance.py:1225} INFO - Marking task as UP_FOR_RETRY. dag_id=daily_job_scraping, task_id=extract_linkedin, run_id=scheduled__2026-03-18T12:00:00+00:00, execution_date=20260318T120000, start_date=20260320T101713, end_date=20260320T103927
[2026-03-20T10:39:27.192+0000] {logging_mixin.py:190} INFO - [2026-03-20T10:39:27.191+0000] {processor.py:876} INFO - Executed callback for <TaskInstance: daily_job_scraping.extract_linkedin scheduled__2026-03-18T12:00:00+00:00 [up_for_retry]> in state up_for_retry
[2026-03-20T10:39:27.265+0000] {logging_mixin.py:190} INFO - [2026-03-20T10:39:27.263+0000] {dag.py:3239} INFO - Sync 1 DAGs
[2026-03-20T10:39:27.355+0000] {logging_mixin.py:190} INFO - [2026-03-20T10:39:27.354+0000] {dag.py:4180} INFO - Setting next_dagrun for daily_job_scraping to 2026-03-19 12:00:00+00:00, run_after=2026-03-20 12:00:00+00:00
[2026-03-20T10:39:27.413+0000] {processor.py:208} INFO - Processing /opt/airflow/dags/job_scraping_dag.py took 4.800 seconds
[2026-03-20T10:39:58.655+0000] {processor.py:186} INFO - Started process (PID=486) to work on /opt/airflow/dags/job_scraping_dag.py
[2026-03-20T10:39:58.667+0000] {processor.py:914} INFO - Processing file /opt/airflow/dags/job_scraping_dag.py for tasks to queue
[2026-03-20T10:39:58.704+0000] {logging_mixin.py:190} INFO - [2026-03-20T10:39:58.701+0000] {dagbag.py:588} INFO - Filling up the DagBag from /opt/airflow/dags/job_scraping_dag.py
[2026-03-20T10:40:12.649+0000] {processor.py:925} INFO - DAG(s) 'daily_job_scraping' retrieved from /opt/airflow/dags/job_scraping_dag.py
[2026-03-20T10:40:12.927+0000] {logging_mixin.py:190} INFO - [2026-03-20T10:40:12.925+0000] {dag.py:3239} INFO - Sync 1 DAGs
[2026-03-20T10:40:13.036+0000] {logging_mixin.py:190} INFO - [2026-03-20T10:40:13.034+0000] {dag.py:4180} INFO - Setting next_dagrun for daily_job_scraping to 2026-03-19 12:00:00+00:00, run_after=2026-03-20 12:00:00+00:00
[2026-03-20T10:40:13.157+0000] {processor.py:208} INFO - Processing /opt/airflow/dags/job_scraping_dag.py took 14.546 seconds
[2026-03-20T10:40:43.471+0000] {processor.py:186} INFO - Started process (PID=492) to work on /opt/airflow/dags/job_scraping_dag.py
[2026-03-20T10:40:43.476+0000] {processor.py:914} INFO - Processing file /opt/airflow/dags/job_scraping_dag.py for tasks to queue
[2026-03-20T10:40:43.481+0000] {logging_mixin.py:190} INFO - [2026-03-20T10:40:43.480+0000] {dagbag.py:588} INFO - Filling up the DagBag from /opt/airflow/dags/job_scraping_dag.py
[2026-03-20T10:40:44.951+0000] {processor.py:925} INFO - DAG(s) 'daily_job_scraping' retrieved from /opt/airflow/dags/job_scraping_dag.py
[2026-03-20T10:40:45.099+0000] {logging_mixin.py:190} INFO - [2026-03-20T10:40:45.098+0000] {dag.py:3239} INFO - Sync 1 DAGs
[2026-03-20T10:40:45.169+0000] {logging_mixin.py:190} INFO - [2026-03-20T10:40:45.168+0000] {dag.py:4180} INFO - Setting next_dagrun for daily_job_scraping to 2026-03-19 12:00:00+00:00, run_after=2026-03-20 12:00:00+00:00
[2026-03-20T10:40:45.231+0000] {processor.py:208} INFO - Processing /opt/airflow/dags/job_scraping_dag.py took 1.780 seconds
[2026-03-20T10:41:15.721+0000] {processor.py:186} INFO - Started process (PID=498) to work on /opt/airflow/dags/job_scraping_dag.py
[2026-03-20T10:41:15.722+0000] {processor.py:914} INFO - Processing file /opt/airflow/dags/job_scraping_dag.py for tasks to queue
[2026-03-20T10:41:15.727+0000] {logging_mixin.py:190} INFO - [2026-03-20T10:41:15.726+0000] {dagbag.py:588} INFO - Filling up the DagBag from /opt/airflow/dags/job_scraping_dag.py
[2026-03-20T10:41:16.717+0000] {processor.py:925} INFO - DAG(s) 'daily_job_scraping' retrieved from /opt/airflow/dags/job_scraping_dag.py
[2026-03-20T10:41:16.753+0000] {logging_mixin.py:190} INFO - [2026-03-20T10:41:16.752+0000] {dag.py:3239} INFO - Sync 1 DAGs
[2026-03-20T10:41:16.788+0000] {logging_mixin.py:190} INFO - [2026-03-20T10:41:16.788+0000] {dag.py:4180} INFO - Setting next_dagrun for daily_job_scraping to 2026-03-19 12:00:00+00:00, run_after=2026-03-20 12:00:00+00:00
[2026-03-20T10:41:16.820+0000] {processor.py:208} INFO - Processing /opt/airflow/dags/job_scraping_dag.py took 1.109 seconds
[2026-03-20T10:41:47.389+0000] {processor.py:186} INFO - Started process (PID=504) to work on /opt/airflow/dags/job_scraping_dag.py
[2026-03-20T10:41:47.409+0000] {processor.py:914} INFO - Processing file /opt/airflow/dags/job_scraping_dag.py for tasks to queue
[2026-03-20T10:41:47.434+0000] {logging_mixin.py:190} INFO - [2026-03-20T10:41:47.433+0000] {dagbag.py:588} INFO - Filling up the DagBag from /opt/airflow/dags/job_scraping_dag.py
[2026-03-20T10:41:50.721+0000] {processor.py:925} INFO - DAG(s) 'daily_job_scraping' retrieved from /opt/airflow/dags/job_scraping_dag.py
[2026-03-20T10:41:50.788+0000] {logging_mixin.py:190} INFO - [2026-03-20T10:41:50.787+0000] {dag.py:3239} INFO - Sync 1 DAGs
[2026-03-20T10:41:50.865+0000] {logging_mixin.py:190} INFO - [2026-03-20T10:41:50.864+0000] {dag.py:4180} INFO - Setting next_dagrun for daily_job_scraping to 2026-03-19 12:00:00+00:00, run_after=2026-03-20 12:00:00+00:00
[2026-03-20T10:41:50.911+0000] {processor.py:208} INFO - Processing /opt/airflow/dags/job_scraping_dag.py took 3.556 seconds
[2026-03-20T10:42:21.482+0000] {processor.py:186} INFO - Started process (PID=510) to work on /opt/airflow/dags/job_scraping_dag.py
[2026-03-20T10:42:21.484+0000] {processor.py:914} INFO - Processing file /opt/airflow/dags/job_scraping_dag.py for tasks to queue
[2026-03-20T10:42:21.489+0000] {logging_mixin.py:190} INFO - [2026-03-20T10:42:21.488+0000] {dagbag.py:588} INFO - Filling up the DagBag from /opt/airflow/dags/job_scraping_dag.py
[2026-03-20T10:42:22.928+0000] {processor.py:925} INFO - DAG(s) 'daily_job_scraping' retrieved from /opt/airflow/dags/job_scraping_dag.py
[2026-03-20T10:42:22.978+0000] {logging_mixin.py:190} INFO - [2026-03-20T10:42:22.977+0000] {dag.py:3239} INFO - Sync 1 DAGs
[2026-03-20T10:42:23.021+0000] {logging_mixin.py:190} INFO - [2026-03-20T10:42:23.021+0000] {dag.py:4180} INFO - Setting next_dagrun for daily_job_scraping to 2026-03-19 12:00:00+00:00, run_after=2026-03-20 12:00:00+00:00
[2026-03-20T10:42:23.151+0000] {processor.py:208} INFO - Processing /opt/airflow/dags/job_scraping_dag.py took 1.681 seconds
[2026-03-20T10:42:53.754+0000] {processor.py:186} INFO - Started process (PID=516) to work on /opt/airflow/dags/job_scraping_dag.py
[2026-03-20T10:42:53.765+0000] {processor.py:914} INFO - Processing file /opt/airflow/dags/job_scraping_dag.py for tasks to queue
[2026-03-20T10:42:53.778+0000] {logging_mixin.py:190} INFO - [2026-03-20T10:42:53.776+0000] {dagbag.py:588} INFO - Filling up the DagBag from /opt/airflow/dags/job_scraping_dag.py
[2026-03-20T10:42:55.775+0000] {processor.py:925} INFO - DAG(s) 'daily_job_scraping' retrieved from /opt/airflow/dags/job_scraping_dag.py
[2026-03-20T10:42:55.816+0000] {logging_mixin.py:190} INFO - [2026-03-20T10:42:55.816+0000] {dag.py:3239} INFO - Sync 1 DAGs
[2026-03-20T10:42:55.853+0000] {logging_mixin.py:190} INFO - [2026-03-20T10:42:55.852+0000] {dag.py:4180} INFO - Setting next_dagrun for daily_job_scraping to 2026-03-19 12:00:00+00:00, run_after=2026-03-20 12:00:00+00:00
[2026-03-20T10:42:55.883+0000] {processor.py:208} INFO - Processing /opt/airflow/dags/job_scraping_dag.py took 2.188 seconds
[2026-03-20T10:43:26.107+0000] {processor.py:186} INFO - Started process (PID=522) to work on /opt/airflow/dags/job_scraping_dag.py
[2026-03-20T10:43:26.110+0000] {processor.py:914} INFO - Processing file /opt/airflow/dags/job_scraping_dag.py for tasks to queue
[2026-03-20T10:43:26.139+0000] {logging_mixin.py:190} INFO - [2026-03-20T10:43:26.138+0000] {dagbag.py:588} INFO - Filling up the DagBag from /opt/airflow/dags/job_scraping_dag.py
[2026-03-20T10:43:27.406+0000] {processor.py:925} INFO - DAG(s) 'daily_job_scraping' retrieved from /opt/airflow/dags/job_scraping_dag.py
[2026-03-20T10:43:27.448+0000] {logging_mixin.py:190} INFO - [2026-03-20T10:43:27.447+0000] {dag.py:3239} INFO - Sync 1 DAGs
[2026-03-20T10:43:27.484+0000] {logging_mixin.py:190} INFO - [2026-03-20T10:43:27.484+0000] {dag.py:4180} INFO - Setting next_dagrun for daily_job_scraping to 2026-03-19 12:00:00+00:00, run_after=2026-03-20 12:00:00+00:00
[2026-03-20T10:43:27.518+0000] {processor.py:208} INFO - Processing /opt/airflow/dags/job_scraping_dag.py took 1.425 seconds
[2026-03-20T10:43:57.719+0000] {processor.py:186} INFO - Started process (PID=528) to work on /opt/airflow/dags/job_scraping_dag.py
[2026-03-20T10:43:57.721+0000] {processor.py:914} INFO - Processing file /opt/airflow/dags/job_scraping_dag.py for tasks to queue
[2026-03-20T10:43:57.726+0000] {logging_mixin.py:190} INFO - [2026-03-20T10:43:57.725+0000] {dagbag.py:588} INFO - Filling up the DagBag from /opt/airflow/dags/job_scraping_dag.py
[2026-03-20T10:43:59.016+0000] {processor.py:925} INFO - DAG(s) 'daily_job_scraping' retrieved from /opt/airflow/dags/job_scraping_dag.py
[2026-03-20T10:43:59.101+0000] {logging_mixin.py:190} INFO - [2026-03-20T10:43:59.099+0000] {dag.py:3239} INFO - Sync 1 DAGs
[2026-03-20T10:43:59.188+0000] {logging_mixin.py:190} INFO - [2026-03-20T10:43:59.187+0000] {dag.py:4180} INFO - Setting next_dagrun for daily_job_scraping to 2026-03-19 12:00:00+00:00, run_after=2026-03-20 12:00:00+00:00
[2026-03-20T10:43:59.248+0000] {processor.py:208} INFO - Processing /opt/airflow/dags/job_scraping_dag.py took 1.544 seconds
[2026-03-20T10:44:29.761+0000] {processor.py:186} INFO - Started process (PID=535) to work on /opt/airflow/dags/job_scraping_dag.py
[2026-03-20T10:44:29.775+0000] {processor.py:914} INFO - Processing file /opt/airflow/dags/job_scraping_dag.py for tasks to queue
[2026-03-20T10:44:29.796+0000] {logging_mixin.py:190} INFO - [2026-03-20T10:44:29.795+0000] {dagbag.py:588} INFO - Filling up the DagBag from /opt/airflow/dags/job_scraping_dag.py
[2026-03-20T10:44:33.252+0000] {processor.py:925} INFO - DAG(s) 'daily_job_scraping' retrieved from /opt/airflow/dags/job_scraping_dag.py
[2026-03-20T10:44:33.435+0000] {logging_mixin.py:190} INFO - [2026-03-20T10:44:33.431+0000] {dag.py:3239} INFO - Sync 1 DAGs
[2026-03-20T10:44:33.584+0000] {logging_mixin.py:190} INFO - [2026-03-20T10:44:33.583+0000] {dag.py:4180} INFO - Setting next_dagrun for daily_job_scraping to 2026-03-19 12:00:00+00:00, run_after=2026-03-20 12:00:00+00:00
[2026-03-20T10:44:33.661+0000] {processor.py:208} INFO - Processing /opt/airflow/dags/job_scraping_dag.py took 3.938 seconds
[2026-03-20T10:45:04.566+0000] {processor.py:186} INFO - Started process (PID=548) to work on /opt/airflow/dags/job_scraping_dag.py
[2026-03-20T10:45:04.569+0000] {processor.py:914} INFO - Processing file /opt/airflow/dags/job_scraping_dag.py for tasks to queue
[2026-03-20T10:45:04.584+0000] {logging_mixin.py:190} INFO - [2026-03-20T10:45:04.582+0000] {dagbag.py:588} INFO - Filling up the DagBag from /opt/airflow/dags/job_scraping_dag.py
[2026-03-20T10:45:06.854+0000] {processor.py:925} INFO - DAG(s) 'daily_job_scraping' retrieved from /opt/airflow/dags/job_scraping_dag.py
[2026-03-20T10:45:06.917+0000] {logging_mixin.py:190} INFO - [2026-03-20T10:45:06.916+0000] {dag.py:3239} INFO - Sync 1 DAGs
[2026-03-20T10:45:07.002+0000] {logging_mixin.py:190} INFO - [2026-03-20T10:45:07.001+0000] {dag.py:4180} INFO - Setting next_dagrun for daily_job_scraping to 2026-03-19 12:00:00+00:00, run_after=2026-03-20 12:00:00+00:00
[2026-03-20T10:45:07.068+0000] {processor.py:208} INFO - Processing /opt/airflow/dags/job_scraping_dag.py took 2.534 seconds
[2026-03-20T10:45:37.322+0000] {processor.py:186} INFO - Started process (PID=554) to work on /opt/airflow/dags/job_scraping_dag.py
[2026-03-20T10:45:37.325+0000] {processor.py:914} INFO - Processing file /opt/airflow/dags/job_scraping_dag.py for tasks to queue
[2026-03-20T10:45:37.335+0000] {logging_mixin.py:190} INFO - [2026-03-20T10:45:37.334+0000] {dagbag.py:588} INFO - Filling up the DagBag from /opt/airflow/dags/job_scraping_dag.py
[2026-03-20T10:45:40.366+0000] {processor.py:925} INFO - DAG(s) 'daily_job_scraping' retrieved from /opt/airflow/dags/job_scraping_dag.py
[2026-03-20T10:45:40.627+0000] {logging_mixin.py:190} INFO - [2026-03-20T10:45:40.617+0000] {dag.py:3239} INFO - Sync 1 DAGs
[2026-03-20T10:45:40.795+0000] {logging_mixin.py:190} INFO - [2026-03-20T10:45:40.795+0000] {dag.py:4180} INFO - Setting next_dagrun for daily_job_scraping to 2026-03-19 12:00:00+00:00, run_after=2026-03-20 12:00:00+00:00
[2026-03-20T10:45:40.874+0000] {processor.py:208} INFO - Processing /opt/airflow/dags/job_scraping_dag.py took 3.576 seconds
[2026-03-20T10:46:11.744+0000] {processor.py:186} INFO - Started process (PID=560) to work on /opt/airflow/dags/job_scraping_dag.py
[2026-03-20T10:46:11.782+0000] {processor.py:914} INFO - Processing file /opt/airflow/dags/job_scraping_dag.py for tasks to queue
[2026-03-20T10:46:11.797+0000] {logging_mixin.py:190} INFO - [2026-03-20T10:46:11.796+0000] {dagbag.py:588} INFO - Filling up the DagBag from /opt/airflow/dags/job_scraping_dag.py
[2026-03-20T10:46:14.403+0000] {processor.py:925} INFO - DAG(s) 'daily_job_scraping' retrieved from /opt/airflow/dags/job_scraping_dag.py
[2026-03-20T10:46:14.507+0000] {logging_mixin.py:190} INFO - [2026-03-20T10:46:14.506+0000] {dag.py:3239} INFO - Sync 1 DAGs
[2026-03-20T10:46:14.575+0000] {logging_mixin.py:190} INFO - [2026-03-20T10:46:14.574+0000] {dag.py:4180} INFO - Setting next_dagrun for daily_job_scraping to 2026-03-19 12:00:00+00:00, run_after=2026-03-20 12:00:00+00:00
[2026-03-20T10:46:14.634+0000] {processor.py:208} INFO - Processing /opt/airflow/dags/job_scraping_dag.py took 2.940 seconds
[2026-03-20T10:46:45.501+0000] {processor.py:186} INFO - Started process (PID=566) to work on /opt/airflow/dags/job_scraping_dag.py
[2026-03-20T10:46:45.504+0000] {processor.py:914} INFO - Processing file /opt/airflow/dags/job_scraping_dag.py for tasks to queue
[2026-03-20T10:46:45.512+0000] {logging_mixin.py:190} INFO - [2026-03-20T10:46:45.511+0000] {dagbag.py:588} INFO - Filling up the DagBag from /opt/airflow/dags/job_scraping_dag.py
[2026-03-20T10:46:48.088+0000] {processor.py:925} INFO - DAG(s) 'daily_job_scraping' retrieved from /opt/airflow/dags/job_scraping_dag.py
[2026-03-20T10:46:48.238+0000] {logging_mixin.py:190} INFO - [2026-03-20T10:46:48.236+0000] {dag.py:3239} INFO - Sync 1 DAGs
[2026-03-20T10:46:48.430+0000] {logging_mixin.py:190} INFO - [2026-03-20T10:46:48.430+0000] {dag.py:4180} INFO - Setting next_dagrun for daily_job_scraping to 2026-03-19 12:00:00+00:00, run_after=2026-03-20 12:00:00+00:00
[2026-03-20T10:46:48.488+0000] {processor.py:208} INFO - Processing /opt/airflow/dags/job_scraping_dag.py took 3.010 seconds
[2026-03-20T10:47:19.577+0000] {processor.py:186} INFO - Started process (PID=572) to work on /opt/airflow/dags/job_scraping_dag.py
[2026-03-20T10:47:19.584+0000] {processor.py:914} INFO - Processing file /opt/airflow/dags/job_scraping_dag.py for tasks to queue
[2026-03-20T10:47:19.603+0000] {logging_mixin.py:190} INFO - [2026-03-20T10:47:19.602+0000] {dagbag.py:588} INFO - Filling up the DagBag from /opt/airflow/dags/job_scraping_dag.py
[2026-03-20T10:47:23.129+0000] {processor.py:925} INFO - DAG(s) 'daily_job_scraping' retrieved from /opt/airflow/dags/job_scraping_dag.py
[2026-03-20T10:47:23.299+0000] {logging_mixin.py:190} INFO - [2026-03-20T10:47:23.298+0000] {dag.py:3239} INFO - Sync 1 DAGs
[2026-03-20T10:47:23.507+0000] {logging_mixin.py:190} INFO - [2026-03-20T10:47:23.507+0000] {dag.py:4180} INFO - Setting next_dagrun for daily_job_scraping to 2026-03-19 12:00:00+00:00, run_after=2026-03-20 12:00:00+00:00
[2026-03-20T10:47:23.596+0000] {processor.py:208} INFO - Processing /opt/airflow/dags/job_scraping_dag.py took 4.078 seconds
[2026-03-20T10:47:54.288+0000] {processor.py:186} INFO - Started process (PID=578) to work on /opt/airflow/dags/job_scraping_dag.py
[2026-03-20T10:47:54.290+0000] {processor.py:914} INFO - Processing file /opt/airflow/dags/job_scraping_dag.py for tasks to queue
[2026-03-20T10:47:54.298+0000] {logging_mixin.py:190} INFO - [2026-03-20T10:47:54.298+0000] {dagbag.py:588} INFO - Filling up the DagBag from /opt/airflow/dags/job_scraping_dag.py
[2026-03-20T10:47:56.517+0000] {processor.py:925} INFO - DAG(s) 'daily_job_scraping' retrieved from /opt/airflow/dags/job_scraping_dag.py
[2026-03-20T10:47:56.604+0000] {logging_mixin.py:190} INFO - [2026-03-20T10:47:56.603+0000] {dag.py:3239} INFO - Sync 1 DAGs
[2026-03-20T10:47:56.694+0000] {logging_mixin.py:190} INFO - [2026-03-20T10:47:56.691+0000] {dag.py:4180} INFO - Setting next_dagrun for daily_job_scraping to 2026-03-19 12:00:00+00:00, run_after=2026-03-20 12:00:00+00:00
[2026-03-20T10:47:56.758+0000] {processor.py:208} INFO - Processing /opt/airflow/dags/job_scraping_dag.py took 2.485 seconds
[2026-03-20T10:48:27.078+0000] {processor.py:186} INFO - Started process (PID=584) to work on /opt/airflow/dags/job_scraping_dag.py
[2026-03-20T10:48:27.082+0000] {processor.py:914} INFO - Processing file /opt/airflow/dags/job_scraping_dag.py for tasks to queue
[2026-03-20T10:48:27.090+0000] {logging_mixin.py:190} INFO - [2026-03-20T10:48:27.090+0000] {dagbag.py:588} INFO - Filling up the DagBag from /opt/airflow/dags/job_scraping_dag.py
[2026-03-20T10:48:29.875+0000] {processor.py:925} INFO - DAG(s) 'daily_job_scraping' retrieved from /opt/airflow/dags/job_scraping_dag.py
[2026-03-20T10:48:29.984+0000] {logging_mixin.py:190} INFO - [2026-03-20T10:48:29.983+0000] {dag.py:3239} INFO - Sync 1 DAGs
[2026-03-20T10:48:30.111+0000] {logging_mixin.py:190} INFO - [2026-03-20T10:48:30.111+0000] {dag.py:4180} INFO - Setting next_dagrun for daily_job_scraping to 2026-03-19 12:00:00+00:00, run_after=2026-03-20 12:00:00+00:00
[2026-03-20T10:48:30.234+0000] {processor.py:208} INFO - Processing /opt/airflow/dags/job_scraping_dag.py took 3.179 seconds
[2026-03-20T10:49:00.879+0000] {processor.py:186} INFO - Started process (PID=590) to work on /opt/airflow/dags/job_scraping_dag.py
[2026-03-20T10:49:00.884+0000] {processor.py:914} INFO - Processing file /opt/airflow/dags/job_scraping_dag.py for tasks to queue
[2026-03-20T10:49:00.889+0000] {logging_mixin.py:190} INFO - [2026-03-20T10:49:00.888+0000] {dagbag.py:588} INFO - Filling up the DagBag from /opt/airflow/dags/job_scraping_dag.py
[2026-03-20T10:49:02.910+0000] {processor.py:925} INFO - DAG(s) 'daily_job_scraping' retrieved from /opt/airflow/dags/job_scraping_dag.py
[2026-03-20T10:49:02.996+0000] {logging_mixin.py:190} INFO - [2026-03-20T10:49:02.995+0000] {dag.py:3239} INFO - Sync 1 DAGs
[2026-03-20T10:49:03.085+0000] {logging_mixin.py:190} INFO - [2026-03-20T10:49:03.085+0000] {dag.py:4180} INFO - Setting next_dagrun for daily_job_scraping to 2026-03-19 12:00:00+00:00, run_after=2026-03-20 12:00:00+00:00
[2026-03-20T10:49:03.209+0000] {processor.py:208} INFO - Processing /opt/airflow/dags/job_scraping_dag.py took 2.348 seconds
[2026-03-20T10:49:33.966+0000] {processor.py:186} INFO - Started process (PID=596) to work on /opt/airflow/dags/job_scraping_dag.py
[2026-03-20T10:49:33.968+0000] {processor.py:914} INFO - Processing file /opt/airflow/dags/job_scraping_dag.py for tasks to queue
[2026-03-20T10:49:33.979+0000] {logging_mixin.py:190} INFO - [2026-03-20T10:49:33.978+0000] {dagbag.py:588} INFO - Filling up the DagBag from /opt/airflow/dags/job_scraping_dag.py
[2026-03-20T10:49:36.158+0000] {processor.py:925} INFO - DAG(s) 'daily_job_scraping' retrieved from /opt/airflow/dags/job_scraping_dag.py
[2026-03-20T10:49:36.318+0000] {logging_mixin.py:190} INFO - [2026-03-20T10:49:36.316+0000] {dag.py:3239} INFO - Sync 1 DAGs
[2026-03-20T10:49:36.397+0000] {logging_mixin.py:190} INFO - [2026-03-20T10:49:36.396+0000] {dag.py:4180} INFO - Setting next_dagrun for daily_job_scraping to 2026-03-19 12:00:00+00:00, run_after=2026-03-20 12:00:00+00:00
[2026-03-20T10:49:36.480+0000] {processor.py:208} INFO - Processing /opt/airflow/dags/job_scraping_dag.py took 2.532 seconds
[2026-03-20T10:50:06.793+0000] {processor.py:186} INFO - Started process (PID=602) to work on /opt/airflow/dags/job_scraping_dag.py
[2026-03-20T10:50:06.795+0000] {processor.py:914} INFO - Processing file /opt/airflow/dags/job_scraping_dag.py for tasks to queue
[2026-03-20T10:50:06.800+0000] {logging_mixin.py:190} INFO - [2026-03-20T10:50:06.799+0000] {dagbag.py:588} INFO - Filling up the DagBag from /opt/airflow/dags/job_scraping_dag.py
[2026-03-20T10:50:09.008+0000] {processor.py:925} INFO - DAG(s) 'daily_job_scraping' retrieved from /opt/airflow/dags/job_scraping_dag.py
[2026-03-20T10:50:09.122+0000] {logging_mixin.py:190} INFO - [2026-03-20T10:50:09.121+0000] {dag.py:3239} INFO - Sync 1 DAGs
[2026-03-20T10:50:09.235+0000] {logging_mixin.py:190} INFO - [2026-03-20T10:50:09.234+0000] {dag.py:4180} INFO - Setting next_dagrun for daily_job_scraping to 2026-03-19 12:00:00+00:00, run_after=2026-03-20 12:00:00+00:00
[2026-03-20T10:50:09.323+0000] {processor.py:208} INFO - Processing /opt/airflow/dags/job_scraping_dag.py took 2.548 seconds
[2026-03-20T10:50:39.997+0000] {processor.py:186} INFO - Started process (PID=608) to work on /opt/airflow/dags/job_scraping_dag.py
[2026-03-20T10:50:40.007+0000] {processor.py:914} INFO - Processing file /opt/airflow/dags/job_scraping_dag.py for tasks to queue
[2026-03-20T10:50:40.019+0000] {logging_mixin.py:190} INFO - [2026-03-20T10:50:40.018+0000] {dagbag.py:588} INFO - Filling up the DagBag from /opt/airflow/dags/job_scraping_dag.py
[2026-03-20T10:50:42.314+0000] {processor.py:925} INFO - DAG(s) 'daily_job_scraping' retrieved from /opt/airflow/dags/job_scraping_dag.py
[2026-03-20T10:50:42.387+0000] {logging_mixin.py:190} INFO - [2026-03-20T10:50:42.385+0000] {dag.py:3239} INFO - Sync 1 DAGs
[2026-03-20T10:50:42.440+0000] {logging_mixin.py:190} INFO - [2026-03-20T10:50:42.439+0000] {dag.py:4180} INFO - Setting next_dagrun for daily_job_scraping to 2026-03-19 12:00:00+00:00, run_after=2026-03-20 12:00:00+00:00
[2026-03-20T10:50:42.540+0000] {processor.py:208} INFO - Processing /opt/airflow/dags/job_scraping_dag.py took 2.567 seconds
[2026-03-20T10:51:13.024+0000] {processor.py:186} INFO - Started process (PID=614) to work on /opt/airflow/dags/job_scraping_dag.py
[2026-03-20T10:51:13.027+0000] {processor.py:914} INFO - Processing file /opt/airflow/dags/job_scraping_dag.py for tasks to queue
[2026-03-20T10:51:13.034+0000] {logging_mixin.py:190} INFO - [2026-03-20T10:51:13.033+0000] {dagbag.py:588} INFO - Filling up the DagBag from /opt/airflow/dags/job_scraping_dag.py
[2026-03-20T10:51:15.308+0000] {processor.py:925} INFO - DAG(s) 'daily_job_scraping' retrieved from /opt/airflow/dags/job_scraping_dag.py
[2026-03-20T10:51:15.389+0000] {logging_mixin.py:190} INFO - [2026-03-20T10:51:15.388+0000] {dag.py:3239} INFO - Sync 1 DAGs
[2026-03-20T10:51:15.480+0000] {logging_mixin.py:190} INFO - [2026-03-20T10:51:15.479+0000] {dag.py:4180} INFO - Setting next_dagrun for daily_job_scraping to 2026-03-19 12:00:00+00:00, run_after=2026-03-20 12:00:00+00:00
[2026-03-20T10:51:15.562+0000] {processor.py:208} INFO - Processing /opt/airflow/dags/job_scraping_dag.py took 2.562 seconds
[2026-03-20T10:51:45.979+0000] {processor.py:186} INFO - Started process (PID=620) to work on /opt/airflow/dags/job_scraping_dag.py
[2026-03-20T10:51:45.982+0000] {processor.py:914} INFO - Processing file /opt/airflow/dags/job_scraping_dag.py for tasks to queue
[2026-03-20T10:51:45.992+0000] {logging_mixin.py:190} INFO - [2026-03-20T10:51:45.991+0000] {dagbag.py:588} INFO - Filling up the DagBag from /opt/airflow/dags/job_scraping_dag.py
[2026-03-20T10:51:48.324+0000] {processor.py:925} INFO - DAG(s) 'daily_job_scraping' retrieved from /opt/airflow/dags/job_scraping_dag.py
[2026-03-20T10:51:48.372+0000] {logging_mixin.py:190} INFO - [2026-03-20T10:51:48.371+0000] {dag.py:3239} INFO - Sync 1 DAGs
[2026-03-20T10:51:48.421+0000] {logging_mixin.py:190} INFO - [2026-03-20T10:51:48.419+0000] {dag.py:4180} INFO - Setting next_dagrun for daily_job_scraping to 2026-03-19 12:00:00+00:00, run_after=2026-03-20 12:00:00+00:00
[2026-03-20T10:51:48.478+0000] {processor.py:208} INFO - Processing /opt/airflow/dags/job_scraping_dag.py took 2.521 seconds
[2026-03-20T10:52:19.313+0000] {processor.py:186} INFO - Started process (PID=626) to work on /opt/airflow/dags/job_scraping_dag.py
[2026-03-20T10:52:19.315+0000] {processor.py:914} INFO - Processing file /opt/airflow/dags/job_scraping_dag.py for tasks to queue
[2026-03-20T10:52:19.323+0000] {logging_mixin.py:190} INFO - [2026-03-20T10:52:19.322+0000] {dagbag.py:588} INFO - Filling up the DagBag from /opt/airflow/dags/job_scraping_dag.py
[2026-03-20T10:52:22.393+0000] {processor.py:925} INFO - DAG(s) 'daily_job_scraping' retrieved from /opt/airflow/dags/job_scraping_dag.py
[2026-03-20T10:52:22.493+0000] {logging_mixin.py:190} INFO - [2026-03-20T10:52:22.492+0000] {dag.py:3239} INFO - Sync 1 DAGs
[2026-03-20T10:52:22.578+0000] {logging_mixin.py:190} INFO - [2026-03-20T10:52:22.577+0000] {dag.py:4180} INFO - Setting next_dagrun for daily_job_scraping to 2026-03-19 12:00:00+00:00, run_after=2026-03-20 12:00:00+00:00
[2026-03-20T10:52:22.648+0000] {processor.py:208} INFO - Processing /opt/airflow/dags/job_scraping_dag.py took 3.369 seconds
[2026-03-20T10:52:53.399+0000] {processor.py:186} INFO - Started process (PID=632) to work on /opt/airflow/dags/job_scraping_dag.py
[2026-03-20T10:52:53.402+0000] {processor.py:914} INFO - Processing file /opt/airflow/dags/job_scraping_dag.py for tasks to queue
[2026-03-20T10:52:53.409+0000] {logging_mixin.py:190} INFO - [2026-03-20T10:52:53.408+0000] {dagbag.py:588} INFO - Filling up the DagBag from /opt/airflow/dags/job_scraping_dag.py
[2026-03-20T10:52:55.373+0000] {processor.py:925} INFO - DAG(s) 'daily_job_scraping' retrieved from /opt/airflow/dags/job_scraping_dag.py
[2026-03-20T10:52:55.460+0000] {logging_mixin.py:190} INFO - [2026-03-20T10:52:55.459+0000] {dag.py:3239} INFO - Sync 1 DAGs
[2026-03-20T10:52:55.532+0000] {logging_mixin.py:190} INFO - [2026-03-20T10:52:55.531+0000] {dag.py:4180} INFO - Setting next_dagrun for daily_job_scraping to 2026-03-19 12:00:00+00:00, run_after=2026-03-20 12:00:00+00:00
[2026-03-20T10:52:55.582+0000] {processor.py:208} INFO - Processing /opt/airflow/dags/job_scraping_dag.py took 2.198 seconds
[2026-03-20T10:53:26.085+0000] {processor.py:186} INFO - Started process (PID=638) to work on /opt/airflow/dags/job_scraping_dag.py
[2026-03-20T10:53:26.088+0000] {processor.py:914} INFO - Processing file /opt/airflow/dags/job_scraping_dag.py for tasks to queue
[2026-03-20T10:53:26.094+0000] {logging_mixin.py:190} INFO - [2026-03-20T10:53:26.093+0000] {dagbag.py:588} INFO - Filling up the DagBag from /opt/airflow/dags/job_scraping_dag.py
[2026-03-20T10:53:28.368+0000] {processor.py:925} INFO - DAG(s) 'daily_job_scraping' retrieved from /opt/airflow/dags/job_scraping_dag.py
[2026-03-20T10:53:28.480+0000] {logging_mixin.py:190} INFO - [2026-03-20T10:53:28.479+0000] {dag.py:3239} INFO - Sync 1 DAGs
[2026-03-20T10:53:28.569+0000] {logging_mixin.py:190} INFO - [2026-03-20T10:53:28.569+0000] {dag.py:4180} INFO - Setting next_dagrun for daily_job_scraping to 2026-03-19 12:00:00+00:00, run_after=2026-03-20 12:00:00+00:00
[2026-03-20T10:53:28.662+0000] {processor.py:208} INFO - Processing /opt/airflow/dags/job_scraping_dag.py took 2.591 seconds
[2026-03-20T10:53:58.875+0000] {processor.py:186} INFO - Started process (PID=644) to work on /opt/airflow/dags/job_scraping_dag.py
[2026-03-20T10:53:58.877+0000] {processor.py:914} INFO - Processing file /opt/airflow/dags/job_scraping_dag.py for tasks to queue
[2026-03-20T10:53:58.882+0000] {logging_mixin.py:190} INFO - [2026-03-20T10:53:58.882+0000] {dagbag.py:588} INFO - Filling up the DagBag from /opt/airflow/dags/job_scraping_dag.py
[2026-03-20T10:54:01.517+0000] {processor.py:925} INFO - DAG(s) 'daily_job_scraping' retrieved from /opt/airflow/dags/job_scraping_dag.py
[2026-03-20T10:54:01.609+0000] {logging_mixin.py:190} INFO - [2026-03-20T10:54:01.608+0000] {dag.py:3239} INFO - Sync 1 DAGs
[2026-03-20T10:54:01.687+0000] {logging_mixin.py:190} INFO - [2026-03-20T10:54:01.687+0000] {dag.py:4180} INFO - Setting next_dagrun for daily_job_scraping to 2026-03-19 12:00:00+00:00, run_after=2026-03-20 12:00:00+00:00
[2026-03-20T10:54:01.766+0000] {processor.py:208} INFO - Processing /opt/airflow/dags/job_scraping_dag.py took 2.902 seconds
[2026-03-20T10:54:32.252+0000] {processor.py:186} INFO - Started process (PID=650) to work on /opt/airflow/dags/job_scraping_dag.py
[2026-03-20T10:54:32.256+0000] {processor.py:914} INFO - Processing file /opt/airflow/dags/job_scraping_dag.py for tasks to queue
[2026-03-20T10:54:32.264+0000] {logging_mixin.py:190} INFO - [2026-03-20T10:54:32.263+0000] {dagbag.py:588} INFO - Filling up the DagBag from /opt/airflow/dags/job_scraping_dag.py
[2026-03-20T10:54:34.259+0000] {processor.py:925} INFO - DAG(s) 'daily_job_scraping' retrieved from /opt/airflow/dags/job_scraping_dag.py
[2026-03-20T10:54:34.325+0000] {logging_mixin.py:190} INFO - [2026-03-20T10:54:34.323+0000] {dag.py:3239} INFO - Sync 1 DAGs
[2026-03-20T10:54:34.389+0000] {logging_mixin.py:190} INFO - [2026-03-20T10:54:34.388+0000] {dag.py:4180} INFO - Setting next_dagrun for daily_job_scraping to 2026-03-19 12:00:00+00:00, run_after=2026-03-20 12:00:00+00:00
[2026-03-20T10:54:34.469+0000] {processor.py:208} INFO - Processing /opt/airflow/dags/job_scraping_dag.py took 2.241 seconds
[2026-03-20T10:55:05.268+0000] {processor.py:186} INFO - Started process (PID=656) to work on /opt/airflow/dags/job_scraping_dag.py
[2026-03-20T10:55:05.273+0000] {processor.py:914} INFO - Processing file /opt/airflow/dags/job_scraping_dag.py for tasks to queue
[2026-03-20T10:55:05.282+0000] {logging_mixin.py:190} INFO - [2026-03-20T10:55:05.281+0000] {dagbag.py:588} INFO - Filling up the DagBag from /opt/airflow/dags/job_scraping_dag.py
[2026-03-20T10:55:07.514+0000] {processor.py:925} INFO - DAG(s) 'daily_job_scraping' retrieved from /opt/airflow/dags/job_scraping_dag.py
[2026-03-20T10:55:07.608+0000] {logging_mixin.py:190} INFO - [2026-03-20T10:55:07.607+0000] {dag.py:3239} INFO - Sync 1 DAGs
[2026-03-20T10:55:07.667+0000] {logging_mixin.py:190} INFO - [2026-03-20T10:55:07.666+0000] {dag.py:4180} INFO - Setting next_dagrun for daily_job_scraping to 2026-03-19 12:00:00+00:00, run_after=2026-03-20 12:00:00+00:00
[2026-03-20T10:55:07.707+0000] {processor.py:208} INFO - Processing /opt/airflow/dags/job_scraping_dag.py took 2.460 seconds
[2026-03-20T19:38:20.029+0000] {processor.py:186} INFO - Started process (PID=662) to work on /opt/airflow/dags/job_scraping_dag.py
[2026-03-20T19:38:20.294+0000] {processor.py:914} INFO - Processing file /opt/airflow/dags/job_scraping_dag.py for tasks to queue
[2026-03-20T19:38:20.497+0000] {logging_mixin.py:190} INFO - [2026-03-20T19:38:20.496+0000] {dagbag.py:588} INFO - Filling up the DagBag from /opt/airflow/dags/job_scraping_dag.py
[2026-03-20T23:18:27.669+0000] {processor.py:186} INFO - Started process (PID=667) to work on /opt/airflow/dags/job_scraping_dag.py
[2026-03-20T23:18:27.767+0000] {processor.py:914} INFO - Processing file /opt/airflow/dags/job_scraping_dag.py for tasks to queue
[2026-03-20T23:18:27.836+0000] {logging_mixin.py:190} INFO - [2026-03-20T23:18:27.835+0000] {dagbag.py:588} INFO - Filling up the DagBag from /opt/airflow/dags/job_scraping_dag.py
[2026-03-20T23:18:37.356+0000] {processor.py:925} INFO - DAG(s) 'daily_job_scraping' retrieved from /opt/airflow/dags/job_scraping_dag.py
[2026-03-20T23:18:37.450+0000] {logging_mixin.py:190} INFO - [2026-03-20T23:18:37.448+0000] {taskinstance.py:3313} ERROR - {'DAG Id': 'daily_job_scraping', 'Task Id': 'extract_linkedin', 'Run Id': 'scheduled__2026-03-18T12:00:00+00:00', 'Hostname': '696af1b356a2'}
[2026-03-20T23:18:37.569+0000] {logging_mixin.py:190} INFO - [2026-03-20T23:18:37.568+0000] {taskinstance.py:1225} INFO - Marking task as UP_FOR_RETRY. dag_id=daily_job_scraping, task_id=extract_linkedin, run_id=scheduled__2026-03-18T12:00:00+00:00, execution_date=20260318T120000, start_date=20260320T104434, end_date=20260320T231837
[2026-03-20T23:18:37.683+0000] {logging_mixin.py:190} INFO - [2026-03-20T23:18:37.683+0000] {processor.py:876} INFO - Executed callback for <TaskInstance: daily_job_scraping.extract_linkedin scheduled__2026-03-18T12:00:00+00:00 [up_for_retry]> in state up_for_retry
[2026-03-20T23:18:39.450+0000] {logging_mixin.py:190} INFO - [2026-03-20T23:18:39.449+0000] {dag.py:3239} INFO - Sync 1 DAGs
[2026-03-20T23:18:39.630+0000] {logging_mixin.py:190} INFO - [2026-03-20T23:18:39.629+0000] {dag.py:4180} INFO - Setting next_dagrun for daily_job_scraping to 2026-03-20 12:00:00+00:00, run_after=2026-03-21 12:00:00+00:00
[2026-03-20T23:18:39.835+0000] {processor.py:208} INFO - Processing /opt/airflow/dags/job_scraping_dag.py took 12.232 seconds
