[2026-03-24T22:23:18.777+0000] {local_task_job_runner.py:123} INFO - ::group::Pre task execution logs
[2026-03-24T22:23:18.866+0000] {taskinstance.py:2613} INFO - Dependencies all met for dep_context=non-requeueable deps ti=<TaskInstance: daily_job_scraping.run_etl manual__2026-03-24T22:17:33.319821+00:00 [queued]>
[2026-03-24T22:23:18.902+0000] {taskinstance.py:2613} INFO - Dependencies all met for dep_context=requeueable deps ti=<TaskInstance: daily_job_scraping.run_etl manual__2026-03-24T22:17:33.319821+00:00 [queued]>
[2026-03-24T22:23:18.906+0000] {taskinstance.py:2866} INFO - Starting attempt 1 of 3
[2026-03-24T22:23:18.960+0000] {taskinstance.py:2889} INFO - Executing <Task(PythonOperator): run_etl> on 2026-03-24 22:17:33.319821+00:00
[2026-03-24T22:23:18.991+0000] {standard_task_runner.py:72} INFO - Started process 1560 to run task
[2026-03-24T22:23:18.999+0000] {standard_task_runner.py:104} INFO - Running: ['airflow', 'tasks', 'run', 'daily_job_scraping', 'run_etl', 'manual__2026-03-24T22:17:33.319821+00:00', '--job-id', '47', '--raw', '--subdir', 'DAGS_FOLDER/job_scraping_dag.py', '--cfg-path', '/tmp/tmp8qtm4gct']
[2026-03-24T22:23:19.026+0000] {standard_task_runner.py:105} INFO - Job 47: Subtask run_etl
[2026-03-24T22:23:19.292+0000] {task_command.py:467} INFO - Running <TaskInstance: daily_job_scraping.run_etl manual__2026-03-24T22:17:33.319821+00:00 [running]> on host 8c995635ce4e
[2026-03-24T22:23:19.841+0000] {taskinstance.py:3132} INFO - Exporting env vars: AIRFLOW_CTX_DAG_OWNER='job_intelligent' AIRFLOW_CTX_DAG_ID='daily_job_scraping' AIRFLOW_CTX_TASK_ID='run_etl' AIRFLOW_CTX_EXECUTION_DATE='2026-03-24T22:17:33.319821+00:00' AIRFLOW_CTX_TRY_NUMBER='1' AIRFLOW_CTX_DAG_RUN_ID='manual__2026-03-24T22:17:33.319821+00:00'
[2026-03-24T22:23:19.901+0000] {taskinstance.py:731} INFO - ::endgroup::
[2026-03-24T22:23:20.008+0000] {job_scraping_dag.py:76} INFO - [DAG] Starting ETL pipeline...
[2026-03-24T22:23:20.578+0000] {EDA.py:357} INFO - === JobRadar ETL Pipeline demarre ===
[2026-03-24T22:23:20.584+0000] {EDA.py:108} INFO - [ETL] Extraction depuis Supabase jobs...
[2026-03-24T22:23:21.063+0000] {EDA.py:135} INFO - [ETL] Page 1: 1000 lignes recuperees
[2026-03-24T22:23:21.592+0000] {EDA.py:135} INFO - [ETL] Page 2: 1682 lignes recuperees
[2026-03-24T22:23:21.646+0000] {EDA.py:146} INFO - [ETL] Extract termine - 1682 lignes depuis Supabase `jobs`
[2026-03-24T22:23:21.656+0000] {EDA.py:208} INFO - [ETL] Transformation en cours...
[2026-03-24T22:23:26.973+0000] {EDA.py:201} INFO - [ETL] Deduplication: 1682 -> 798 lignes (884 supprimees)
[2026-03-24T22:23:26.991+0000] {EDA.py:239} INFO - [ETL] Transform termine - 798 lignes propres
[2026-03-24T22:23:27.118+0000] {EDA.py:267} INFO - [ETL] Connexion a Supabase REST API (table: jobs_clean)...
[2026-03-24T22:23:27.503+0000] {EDA.py:277} INFO - [ETL] Table jobs_clean videe.
[2026-03-24T22:23:27.872+0000] {EDA.py:295} INFO - [ETL] Lot 1: 100/798 lignes
[2026-03-24T22:23:28.194+0000] {EDA.py:295} INFO - [ETL] Lot 2: 200/798 lignes
[2026-03-24T22:23:28.669+0000] {EDA.py:295} INFO - [ETL] Lot 3: 300/798 lignes
[2026-03-24T22:23:29.013+0000] {EDA.py:295} INFO - [ETL] Lot 4: 400/798 lignes
[2026-03-24T22:23:29.394+0000] {EDA.py:295} INFO - [ETL] Lot 5: 500/798 lignes
[2026-03-24T22:23:29.742+0000] {EDA.py:295} INFO - [ETL] Lot 6: 600/798 lignes
[2026-03-24T22:23:30.056+0000] {EDA.py:295} INFO - [ETL] Lot 7: 700/798 lignes
[2026-03-24T22:23:30.436+0000] {EDA.py:295} INFO - [ETL] Lot 8: 798/798 lignes
[2026-03-24T22:23:30.443+0000] {EDA.py:300} INFO - [ETL] SUCCES — 798 lignes dans jobs_clean
[2026-03-24T22:23:30.770+0000] {EDA.py:310} INFO - [ETL] SQLite backup - 798 lignes -> /opt/airflow/scrapers/jobradar.db
[2026-03-24T22:23:30.835+0000] {EDA.py:314} INFO - [ETL] CSV Power BI -> /opt/airflow/scrapers/jobradar_clean.csv
[2026-03-24T22:23:30.985+0000] {EDA.py:319} INFO - [ETL] JSON NLP -> /opt/airflow/scrapers/jobradar_clean.json
[2026-03-24T22:23:30.993+0000] {logging_mixin.py:190} INFO - 
--- ETL Summary --------------------------------------------------
[2026-03-24T22:23:30.997+0000] {logging_mixin.py:190} INFO - Total jobs propres : 798
[2026-03-24T22:23:31.000+0000] {logging_mixin.py:190} INFO - Entreprises        : 288
[2026-03-24T22:23:31.003+0000] {logging_mixin.py:190} INFO - Stockage           : Supabase jobs_clean + SQLite backup + CSV + JSON
[2026-03-24T22:23:31.006+0000] {logging_mixin.py:190} INFO - 
Par categorie:
[2026-03-24T22:23:31.011+0000] {logging_mixin.py:190} INFO - category
Other             274
Data & AI         267
Software Dev       89
Management         76
IT & Systems       49
DevOps & Cloud     26
Cybersecurity      17
[2026-03-24T22:23:31.014+0000] {logging_mixin.py:190} INFO - 
Top localisations:
[2026-03-24T22:23:31.018+0000] {logging_mixin.py:190} INFO - location
Casablanca                149
Rabat                     120
Casablanca et priphrie     61
Mchouar de Casablanca      60
Casablanca-Settat          57
[2026-03-24T22:23:31.020+0000] {logging_mixin.py:190} INFO - 
Par source:
[2026-03-24T22:23:31.029+0000] {logging_mixin.py:190} INFO - source
linkedin          256
france_travail     76
[2026-03-24T22:23:31.032+0000] {logging_mixin.py:190} INFO - ------------------------------------------------------------------
[2026-03-24T22:23:31.034+0000] {EDA.py:364} INFO - === Termine en 10s ===
[2026-03-24T22:23:31.038+0000] {job_scraping_dag.py:80} INFO - [DAG] ETL done.
[2026-03-24T22:23:31.042+0000] {python.py:240} INFO - Done. Returned value was: None
[2026-03-24T22:23:31.088+0000] {taskinstance.py:340} INFO - ::group::Post task execution logs
[2026-03-24T22:23:31.091+0000] {taskinstance.py:352} INFO - Marking task as SUCCESS. dag_id=daily_job_scraping, task_id=run_etl, run_id=manual__2026-03-24T22:17:33.319821+00:00, execution_date=20260324T221733, start_date=20260324T222318, end_date=20260324T222331
[2026-03-24T22:23:31.247+0000] {local_task_job_runner.py:266} INFO - Task exited with return code 0
[2026-03-24T22:23:31.345+0000] {taskinstance.py:3895} INFO - 0 downstream tasks scheduled from follow-on schedule check
[2026-03-24T22:23:31.357+0000] {local_task_job_runner.py:245} INFO - ::endgroup::
