[2026-03-22T04:09:05.676+0000] {local_task_job_runner.py:123} INFO - ::group::Pre task execution logs
[2026-03-22T04:09:05.700+0000] {taskinstance.py:2613} INFO - Dependencies all met for dep_context=non-requeueable deps ti=<TaskInstance: daily_job_scraping.push_to_db manual__2026-03-22T04:05:58.561150+00:00 [queued]>
[2026-03-22T04:09:05.711+0000] {taskinstance.py:2613} INFO - Dependencies all met for dep_context=requeueable deps ti=<TaskInstance: daily_job_scraping.push_to_db manual__2026-03-22T04:05:58.561150+00:00 [queued]>
[2026-03-22T04:09:05.712+0000] {taskinstance.py:2866} INFO - Starting attempt 1 of 3
[2026-03-22T04:09:05.729+0000] {taskinstance.py:2889} INFO - Executing <Task(PythonOperator): push_to_db> on 2026-03-22 04:05:58.561150+00:00
[2026-03-22T04:09:05.739+0000] {standard_task_runner.py:72} INFO - Started process 468 to run task
[2026-03-22T04:09:05.746+0000] {standard_task_runner.py:104} INFO - Running: ['airflow', 'tasks', 'run', 'daily_job_scraping', 'push_to_db', 'manual__2026-03-22T04:05:58.561150+00:00', '--job-id', '14', '--raw', '--subdir', 'DAGS_FOLDER/job_scraping_dag.py', '--cfg-path', '/tmp/tmp7g5wfhui']
[2026-03-22T04:09:05.752+0000] {standard_task_runner.py:105} INFO - Job 14: Subtask push_to_db
[2026-03-22T04:09:05.847+0000] {task_command.py:467} INFO - Running <TaskInstance: daily_job_scraping.push_to_db manual__2026-03-22T04:05:58.561150+00:00 [running]> on host 4b2088b79302
[2026-03-22T04:09:06.021+0000] {taskinstance.py:3132} INFO - Exporting env vars: AIRFLOW_CTX_DAG_OWNER='job_intelligent' AIRFLOW_CTX_DAG_ID='daily_job_scraping' AIRFLOW_CTX_TASK_ID='push_to_db' AIRFLOW_CTX_EXECUTION_DATE='2026-03-22T04:05:58.561150+00:00' AIRFLOW_CTX_TRY_NUMBER='1' AIRFLOW_CTX_DAG_RUN_ID='manual__2026-03-22T04:05:58.561150+00:00'
[2026-03-22T04:09:06.026+0000] {taskinstance.py:731} INFO - ::endgroup::
[2026-03-22T04:09:06.120+0000] {job_scraping_dag.py:72} INFO - [DAG] Merging 190 LinkedIn + 0 Indeed = 190 total jobs.
[2026-03-22T04:09:06.150+0000] {db.py:207} INFO - [DB] Pushing 190 jobs to Supabase...
[2026-03-22T04:09:08.364+0000] {db.py:225} INFO - [DB] Lot 1: 100/190 inseres
[2026-03-22T04:09:08.780+0000] {db.py:225} INFO - [DB] Lot 2: 190/190 inseres
[2026-03-22T04:09:08.787+0000] {db.py:237} INFO - [DB] Done - 190 inseres, 0 doublons ignores.
[2026-03-22T04:09:09.404+0000] {logging_mixin.py:190} INFO - 
--- DB Stats (Supabase) ------------------------------------------
[2026-03-22T04:09:09.413+0000] {logging_mixin.py:190} INFO - Total jobs : 690
[2026-03-22T04:09:09.445+0000] {logging_mixin.py:190} INFO -   linkedin    : 190
[2026-03-22T04:09:09.447+0000] {logging_mixin.py:190} INFO - ------------------------------------------------------------------
[2026-03-22T04:09:09.450+0000] {python.py:240} INFO - Done. Returned value was: None
[2026-03-22T04:09:09.472+0000] {taskinstance.py:340} INFO - ::group::Post task execution logs
[2026-03-22T04:09:09.474+0000] {taskinstance.py:352} INFO - Marking task as SUCCESS. dag_id=daily_job_scraping, task_id=push_to_db, run_id=manual__2026-03-22T04:05:58.561150+00:00, execution_date=20260322T040558, start_date=20260322T040905, end_date=20260322T040909
[2026-03-22T04:09:09.511+0000] {local_task_job_runner.py:266} INFO - Task exited with return code 0
[2026-03-22T04:09:09.544+0000] {taskinstance.py:3895} INFO - 0 downstream tasks scheduled from follow-on schedule check
[2026-03-22T04:09:09.549+0000] {local_task_job_runner.py:245} INFO - ::endgroup::
