[2026-03-22T20:05:58.009+0000] {local_task_job_runner.py:123} INFO - ::group::Pre task execution logs
[2026-03-22T20:05:58.173+0000] {taskinstance.py:2613} INFO - Dependencies all met for dep_context=non-requeueable deps ti=<TaskInstance: daily_job_scraping.push_to_db scheduled__2026-03-21T12:00:00+00:00 [queued]>
[2026-03-22T20:05:58.183+0000] {taskinstance.py:2613} INFO - Dependencies all met for dep_context=requeueable deps ti=<TaskInstance: daily_job_scraping.push_to_db scheduled__2026-03-21T12:00:00+00:00 [queued]>
[2026-03-22T20:05:58.185+0000] {taskinstance.py:2866} INFO - Starting attempt 1 of 3
[2026-03-22T20:05:58.199+0000] {taskinstance.py:2889} INFO - Executing <Task(PythonOperator): push_to_db> on 2026-03-21 12:00:00+00:00
[2026-03-22T20:05:58.205+0000] {standard_task_runner.py:72} INFO - Started process 211 to run task
[2026-03-22T20:05:58.209+0000] {standard_task_runner.py:104} INFO - Running: ['airflow', 'tasks', 'run', 'daily_job_scraping', 'push_to_db', 'scheduled__2026-03-21T12:00:00+00:00', '--job-id', '33', '--raw', '--subdir', 'DAGS_FOLDER/job_scraping_dag.py', '--cfg-path', '/tmp/tmp7s1rws3j']
[2026-03-22T20:05:58.212+0000] {standard_task_runner.py:105} INFO - Job 33: Subtask push_to_db
[2026-03-22T20:05:58.277+0000] {task_command.py:467} INFO - Running <TaskInstance: daily_job_scraping.push_to_db scheduled__2026-03-21T12:00:00+00:00 [running]> on host 696af1b356a2
[2026-03-22T20:05:58.380+0000] {taskinstance.py:3132} INFO - Exporting env vars: AIRFLOW_CTX_DAG_OWNER='job_intelligent' AIRFLOW_CTX_DAG_ID='daily_job_scraping' AIRFLOW_CTX_TASK_ID='push_to_db' AIRFLOW_CTX_EXECUTION_DATE='2026-03-21T12:00:00+00:00' AIRFLOW_CTX_TRY_NUMBER='1' AIRFLOW_CTX_DAG_RUN_ID='scheduled__2026-03-21T12:00:00+00:00'
[2026-03-22T20:05:58.382+0000] {taskinstance.py:731} INFO - ::endgroup::
[2026-03-22T20:05:58.421+0000] {job_scraping_dag.py:72} INFO - [DAG] Merging 126 LinkedIn + 0 Indeed = 126 total jobs.
[2026-03-22T20:05:58.557+0000] {db.py:80} INFO - [DB] Done — 126 inserted, 0 skipped (duplicates/errors).
[2026-03-22T20:05:58.572+0000] {logging_mixin.py:190} INFO - 
─── DB Stats ─────────────────────────────────────
[2026-03-22T20:05:58.574+0000] {logging_mixin.py:190} INFO - Total jobs : 178
[2026-03-22T20:05:58.576+0000] {logging_mixin.py:190} INFO -   linkedin    : 178
[2026-03-22T20:05:58.579+0000] {logging_mixin.py:190} INFO - ──────────────────────────────────────────────────
[2026-03-22T20:05:58.581+0000] {python.py:240} INFO - Done. Returned value was: None
[2026-03-22T20:05:58.594+0000] {taskinstance.py:340} INFO - ::group::Post task execution logs
[2026-03-22T20:05:58.596+0000] {taskinstance.py:352} INFO - Marking task as SUCCESS. dag_id=daily_job_scraping, task_id=push_to_db, run_id=scheduled__2026-03-21T12:00:00+00:00, execution_date=20260321T120000, start_date=20260322T200558, end_date=20260322T200558
[2026-03-22T20:05:58.623+0000] {local_task_job_runner.py:266} INFO - Task exited with return code 0
[2026-03-22T20:05:58.648+0000] {taskinstance.py:3895} INFO - 0 downstream tasks scheduled from follow-on schedule check
[2026-03-22T20:05:58.651+0000] {local_task_job_runner.py:245} INFO - ::endgroup::
[2026-03-22T20:52:39.809+0000] {local_task_job_runner.py:123} INFO - ::group::Pre task execution logs
[2026-03-22T20:52:39.828+0000] {taskinstance.py:2613} INFO - Dependencies all met for dep_context=non-requeueable deps ti=<TaskInstance: daily_job_scraping.push_to_db scheduled__2026-03-21T12:00:00+00:00 [queued]>
[2026-03-22T20:52:39.837+0000] {taskinstance.py:2613} INFO - Dependencies all met for dep_context=requeueable deps ti=<TaskInstance: daily_job_scraping.push_to_db scheduled__2026-03-21T12:00:00+00:00 [queued]>
[2026-03-22T20:52:39.839+0000] {taskinstance.py:2866} INFO - Starting attempt 1 of 3
[2026-03-22T20:52:39.852+0000] {taskinstance.py:2889} INFO - Executing <Task(PythonOperator): push_to_db> on 2026-03-21 12:00:00+00:00
[2026-03-22T20:52:39.860+0000] {standard_task_runner.py:72} INFO - Started process 242 to run task
[2026-03-22T20:52:39.864+0000] {standard_task_runner.py:104} INFO - Running: ['airflow', 'tasks', 'run', 'daily_job_scraping', 'push_to_db', 'scheduled__2026-03-21T12:00:00+00:00', '--job-id', '4', '--raw', '--subdir', 'DAGS_FOLDER/job_scraping_dag.py', '--cfg-path', '/tmp/tmp8lidwhe0']
[2026-03-22T20:52:39.868+0000] {standard_task_runner.py:105} INFO - Job 4: Subtask push_to_db
[2026-03-22T20:52:39.949+0000] {task_command.py:467} INFO - Running <TaskInstance: daily_job_scraping.push_to_db scheduled__2026-03-21T12:00:00+00:00 [running]> on host 2c0c4d342a2d
[2026-03-22T20:52:40.032+0000] {taskinstance.py:3132} INFO - Exporting env vars: AIRFLOW_CTX_DAG_OWNER='job_intelligent' AIRFLOW_CTX_DAG_ID='daily_job_scraping' AIRFLOW_CTX_TASK_ID='push_to_db' AIRFLOW_CTX_EXECUTION_DATE='2026-03-21T12:00:00+00:00' AIRFLOW_CTX_TRY_NUMBER='1' AIRFLOW_CTX_DAG_RUN_ID='scheduled__2026-03-21T12:00:00+00:00'
[2026-03-22T20:52:40.034+0000] {taskinstance.py:731} INFO - ::endgroup::
[2026-03-22T20:52:40.069+0000] {job_scraping_dag.py:72} INFO - [DAG] Merging 149 LinkedIn + 0 Indeed = 149 total jobs.
[2026-03-22T20:52:40.190+0000] {db.py:80} INFO - [DB] Done — 149 inserted, 0 skipped (duplicates/errors).
[2026-03-22T20:52:40.204+0000] {logging_mixin.py:190} INFO - 
─── DB Stats ─────────────────────────────────────
[2026-03-22T20:52:40.206+0000] {logging_mixin.py:190} INFO - Total jobs : 149
[2026-03-22T20:52:40.207+0000] {logging_mixin.py:190} INFO -   linkedin    : 149
[2026-03-22T20:52:40.209+0000] {logging_mixin.py:190} INFO - ──────────────────────────────────────────────────
[2026-03-22T20:52:40.210+0000] {python.py:240} INFO - Done. Returned value was: None
[2026-03-22T20:52:40.221+0000] {taskinstance.py:340} INFO - ::group::Post task execution logs
[2026-03-22T20:52:40.223+0000] {taskinstance.py:352} INFO - Marking task as SUCCESS. dag_id=daily_job_scraping, task_id=push_to_db, run_id=scheduled__2026-03-21T12:00:00+00:00, execution_date=20260321T120000, start_date=20260322T205239, end_date=20260322T205240
[2026-03-22T20:52:40.243+0000] {local_task_job_runner.py:266} INFO - Task exited with return code 0
[2026-03-22T20:52:40.260+0000] {taskinstance.py:3895} INFO - 0 downstream tasks scheduled from follow-on schedule check
[2026-03-22T20:52:40.265+0000] {local_task_job_runner.py:245} INFO - ::endgroup::
