[2026-03-24T19:55:35.756+0000] {local_task_job_runner.py:123} INFO - ::group::Pre task execution logs
[2026-03-24T19:55:35.847+0000] {taskinstance.py:2613} INFO - Dependencies all met for dep_context=non-requeueable deps ti=<TaskInstance: daily_job_scraping.push_to_db manual__2026-03-24T19:48:28.382636+00:00 [queued]>
[2026-03-24T19:55:35.883+0000] {taskinstance.py:2613} INFO - Dependencies all met for dep_context=requeueable deps ti=<TaskInstance: daily_job_scraping.push_to_db manual__2026-03-24T19:48:28.382636+00:00 [queued]>
[2026-03-24T19:55:35.885+0000] {taskinstance.py:2866} INFO - Starting attempt 1 of 3
[2026-03-24T19:55:35.953+0000] {taskinstance.py:2889} INFO - Executing <Task(PythonOperator): push_to_db> on 2026-03-24 19:48:28.382636+00:00
[2026-03-24T19:55:35.983+0000] {standard_task_runner.py:72} INFO - Started process 478 to run task
[2026-03-24T19:55:35.990+0000] {standard_task_runner.py:104} INFO - Running: ['airflow', 'tasks', 'run', 'daily_job_scraping', 'push_to_db', 'manual__2026-03-24T19:48:28.382636+00:00', '--job-id', '34', '--raw', '--subdir', 'DAGS_FOLDER/job_scraping_dag.py', '--cfg-path', '/tmp/tmpyun_haj6']
[2026-03-24T19:55:36.016+0000] {standard_task_runner.py:105} INFO - Job 34: Subtask push_to_db
[2026-03-24T19:55:36.277+0000] {task_command.py:467} INFO - Running <TaskInstance: daily_job_scraping.push_to_db manual__2026-03-24T19:48:28.382636+00:00 [running]> on host cef8f2d38bab
[2026-03-24T19:55:36.741+0000] {taskinstance.py:3132} INFO - Exporting env vars: AIRFLOW_CTX_DAG_OWNER='job_intelligent' AIRFLOW_CTX_DAG_ID='daily_job_scraping' AIRFLOW_CTX_TASK_ID='push_to_db' AIRFLOW_CTX_EXECUTION_DATE='2026-03-24T19:48:28.382636+00:00' AIRFLOW_CTX_TRY_NUMBER='1' AIRFLOW_CTX_DAG_RUN_ID='manual__2026-03-24T19:48:28.382636+00:00'
[2026-03-24T19:55:36.746+0000] {taskinstance.py:731} INFO - ::endgroup::
[2026-03-24T19:55:36.830+0000] {job_scraping_dag.py:190} INFO - [DAG] Loaded 170 jobs from /tmp/linkedin_jobs.json
[2026-03-24T19:55:36.833+0000] {job_scraping_dag.py:190} INFO - [DAG] Loaded 79 jobs from /tmp/france_travail_jobs.json
[2026-03-24T19:55:36.836+0000] {job_scraping_dag.py:194} INFO - [DAG] Total jobs to push: 249
[2026-03-24T19:55:36.846+0000] {db.py:185} ERROR - [DB] SUPABASE_API_KEY manquante ! Configurez-la dans docker-compose.yml
[2026-03-24T19:55:37.437+0000] {logging_mixin.py:190} INFO - 
--- DB Stats (Supabase) ------------------------------------------
[2026-03-24T19:55:37.456+0000] {logging_mixin.py:190} INFO - Total jobs : ?
[2026-03-24T19:55:37.459+0000] {logging_mixin.py:190} INFO - ------------------------------------------------------------------
[2026-03-24T19:55:37.463+0000] {python.py:240} INFO - Done. Returned value was: None
[2026-03-24T19:55:37.512+0000] {taskinstance.py:340} INFO - ::group::Post task execution logs
[2026-03-24T19:55:37.523+0000] {taskinstance.py:352} INFO - Marking task as SUCCESS. dag_id=daily_job_scraping, task_id=push_to_db, run_id=manual__2026-03-24T19:48:28.382636+00:00, execution_date=20260324T194828, start_date=20260324T195535, end_date=20260324T195537
[2026-03-24T19:55:37.663+0000] {local_task_job_runner.py:266} INFO - Task exited with return code 0
[2026-03-24T19:55:37.757+0000] {taskinstance.py:3895} INFO - 0 downstream tasks scheduled from follow-on schedule check
[2026-03-24T19:55:37.772+0000] {local_task_job_runner.py:245} INFO - ::endgroup::
