[2026-03-21T15:58:00.994+0000] {local_task_job_runner.py:123} INFO - ::group::Pre task execution logs
[2026-03-21T15:58:01.021+0000] {taskinstance.py:2613} INFO - Dependencies all met for dep_context=non-requeueable deps ti=<TaskInstance: daily_job_scraping.extract_indeed scheduled__2026-03-20T12:00:00+00:00 [queued]>
[2026-03-21T15:58:01.193+0000] {taskinstance.py:2613} INFO - Dependencies all met for dep_context=requeueable deps ti=<TaskInstance: daily_job_scraping.extract_indeed scheduled__2026-03-20T12:00:00+00:00 [queued]>
[2026-03-21T15:58:01.197+0000] {taskinstance.py:2866} INFO - Starting attempt 2 of 3
[2026-03-21T15:58:01.211+0000] {taskinstance.py:2889} INFO - Executing <Task(PythonOperator): extract_indeed> on 2026-03-20 12:00:00+00:00
[2026-03-21T15:58:01.219+0000] {standard_task_runner.py:72} INFO - Started process 334 to run task
[2026-03-21T15:58:01.223+0000] {standard_task_runner.py:104} INFO - Running: ['airflow', 'tasks', 'run', 'daily_job_scraping', 'extract_indeed', 'scheduled__2026-03-20T12:00:00+00:00', '--job-id', '23', '--raw', '--subdir', 'DAGS_FOLDER/job_scraping_dag.py', '--cfg-path', '/tmp/tmpiariy_15']
[2026-03-21T15:58:01.227+0000] {standard_task_runner.py:105} INFO - Job 23: Subtask extract_indeed
[2026-03-21T15:58:01.362+0000] {task_command.py:467} INFO - Running <TaskInstance: daily_job_scraping.extract_indeed scheduled__2026-03-20T12:00:00+00:00 [running]> on host 696af1b356a2
[2026-03-21T15:58:01.476+0000] {taskinstance.py:3132} INFO - Exporting env vars: AIRFLOW_CTX_DAG_OWNER='job_intelligent' AIRFLOW_CTX_DAG_ID='daily_job_scraping' AIRFLOW_CTX_TASK_ID='extract_indeed' AIRFLOW_CTX_EXECUTION_DATE='2026-03-20T12:00:00+00:00' AIRFLOW_CTX_TRY_NUMBER='2' AIRFLOW_CTX_DAG_RUN_ID='scheduled__2026-03-20T12:00:00+00:00'
[2026-03-21T15:58:01.480+0000] {taskinstance.py:731} INFO - ::endgroup::
[2026-03-21T15:58:01.498+0000] {job_scraping_dag.py:55} INFO - [DAG] Starting Indeed extraction...
[2026-03-21T15:58:01.500+0000] {scrapping_indeed.py:240} INFO - [Indeed] Starting 10 keywords with 3 parallel workers | SELENIUM_URL=http://selenium:4444/wd/hub
[2026-03-21T15:58:03.138+0000] {scrapping_indeed.py:167} INFO - [Indeed][Data Engineer] Starting session...
[2026-03-21T15:58:03.154+0000] {scrapping_indeed.py:167} INFO - [Indeed][Data Scientist] Starting session...
[2026-03-21T15:58:03.157+0000] {scrapping_indeed.py:167} INFO - [Indeed][Data Analyst] Starting session...
[2026-03-21T16:00:28.083+0000] {scrapping_indeed.py:186} INFO - [Indeed][Data Scientist] Page 1 → https://ma.indeed.com/jobs?q=Data+Scientist&l=Maroc&start=0&fromage=30
[2026-03-21T16:01:26.045+0000] {scrapping_indeed.py:186} INFO - [Indeed][Data Analyst] Page 1 → https://ma.indeed.com/jobs?q=Data+Analyst&l=Maroc&start=0&fromage=30
[2026-03-21T16:01:26.774+0000] {scrapping_indeed.py:186} INFO - [Indeed][Data Engineer] Page 1 → https://ma.indeed.com/jobs?q=Data+Engineer&l=Maroc&start=0&fromage=30
[2026-03-21T16:02:48.036+0000] {scrapping_indeed.py:204} WARNING - [Indeed][Data Scientist] No cards on page 1, stopping.
[2026-03-21T16:02:48.188+0000] {scrapping_indeed.py:229} INFO - [Indeed][Data Scientist] Session closed — 0 jobs found.
[2026-03-21T16:02:48.191+0000] {scrapping_indeed.py:255} INFO - [Indeed] Merged 'Data Scientist' → 0 unique jobs (grand total: 0)
[2026-03-21T16:02:49.017+0000] {scrapping_indeed.py:167} INFO - [Indeed][Machine Learning Engineer] Starting session...
[2026-03-21T16:03:16.938+0000] {scrapping_indeed.py:204} WARNING - [Indeed][Data Analyst] No cards on page 1, stopping.
[2026-03-21T16:03:17.277+0000] {scrapping_indeed.py:229} INFO - [Indeed][Data Analyst] Session closed — 0 jobs found.
[2026-03-21T16:03:17.282+0000] {scrapping_indeed.py:255} INFO - [Indeed] Merged 'Data Analyst' → 0 unique jobs (grand total: 0)
[2026-03-21T16:03:18.621+0000] {scrapping_indeed.py:167} INFO - [Indeed][MLOps Engineer] Starting session...
[2026-03-21T16:04:42.010+0000] {scrapping_indeed.py:204} WARNING - [Indeed][Data Engineer] No cards on page 1, stopping.
[2026-03-21T16:04:42.187+0000] {scrapping_indeed.py:229} INFO - [Indeed][Data Engineer] Session closed — 0 jobs found.
[2026-03-21T16:04:42.195+0000] {scrapping_indeed.py:255} INFO - [Indeed] Merged 'Data Engineer' → 0 unique jobs (grand total: 0)
[2026-03-21T16:04:43.245+0000] {scrapping_indeed.py:167} INFO - [Indeed][Business Intelligence] Starting session...
[2026-03-21T16:05:13.478+0000] {scrapping_indeed.py:186} INFO - [Indeed][MLOps Engineer] Page 1 → https://ma.indeed.com/jobs?q=MLOps+Engineer&l=Maroc&start=0&fromage=30
[2026-03-21T16:06:20.963+0000] {scrapping_indeed.py:225} ERROR - [Indeed][MLOps Engineer] Error: Message: unknown error: net::ERR_CONNECTION_REFUSED
  (Session info: chrome=145.0.7632.116)
Stacktrace:
#0 0x5af49d345b6a <unknown>
#1 0x5af49cd58a32 <unknown>
#2 0x5af49cd4f7ba <unknown>
#3 0x5af49cd40481 <unknown>
#4 0x5af49cd4227c <unknown>
#5 0x5af49cd40979 <unknown>
#6 0x5af49cd40065 <unknown>
#7 0x5af49cd3fc16 <unknown>
#8 0x5af49cd3d731 <unknown>
#9 0x5af49cd3df80 <unknown>
#10 0x5af49cd5c41d <unknown>
#11 0x5af49cdf6feb <unknown>
#12 0x5af49cdf6369 <unknown>
#13 0x5af49cd9fc0f <unknown>
#14 0x5af49cda09d1 <unknown>
#15 0x5af49d30a6b9 <unknown>
#16 0x5af49d30d5c1 <unknown>
#17 0x5af49d2f6e29 <unknown>
#18 0x5af49d30e17e <unknown>
#19 0x5af49d2dd4b0 <unknown>
#20 0x5af49d332578 <unknown>
#21 0x5af49d33274b <unknown>
#22 0x5af49d3441a3 <unknown>
#23 0x724b32d02aa4 <unknown>
#24 0x724b32d8fa64 __clone

[2026-03-21T16:06:21.159+0000] {scrapping_indeed.py:229} INFO - [Indeed][MLOps Engineer] Session closed — 0 jobs found.
[2026-03-21T16:06:21.165+0000] {scrapping_indeed.py:255} INFO - [Indeed] Merged 'MLOps Engineer' → 0 unique jobs (grand total: 0)
[2026-03-21T16:06:21.800+0000] {scrapping_indeed.py:167} INFO - [Indeed][NLP Engineer] Starting session...
[2026-03-21T16:07:06.058+0000] {scrapping_indeed.py:225} ERROR - [Indeed][NLP Engineer] Error: Message: unknown error: net::ERR_NAME_NOT_RESOLVED
  (Session info: chrome=145.0.7632.116)
Stacktrace:
#0 0x5e3b80001b6a <unknown>
#1 0x5e3b7fa14a32 <unknown>
#2 0x5e3b7fa0b7ba <unknown>
#3 0x5e3b7f9fc481 <unknown>
#4 0x5e3b7f9fe27c <unknown>
#5 0x5e3b7f9fc979 <unknown>
#6 0x5e3b7f9fc065 <unknown>
#7 0x5e3b7f9fbc16 <unknown>
#8 0x5e3b7f9f9731 <unknown>
#9 0x5e3b7f9f9f80 <unknown>
#10 0x5e3b7fa1841d <unknown>
#11 0x5e3b7fab2feb <unknown>
#12 0x5e3b7fab2369 <unknown>
#13 0x5e3b7fa5bc0f <unknown>
#14 0x5e3b7fa5c9d1 <unknown>
#15 0x5e3b7ffc66b9 <unknown>
#16 0x5e3b7ffc95c1 <unknown>
#17 0x5e3b7ffb2e29 <unknown>
#18 0x5e3b7ffca17e <unknown>
#19 0x5e3b7ff994b0 <unknown>
#20 0x5e3b7ffee578 <unknown>
#21 0x5e3b7ffee74b <unknown>
#22 0x5e3b800001a3 <unknown>
#23 0x7ec1b2eebaa4 <unknown>
#24 0x7ec1b2f78a64 __clone

[2026-03-21T16:07:06.138+0000] {scrapping_indeed.py:229} INFO - [Indeed][NLP Engineer] Session closed — 0 jobs found.
[2026-03-21T16:07:06.141+0000] {scrapping_indeed.py:255} INFO - [Indeed] Merged 'NLP Engineer' → 0 unique jobs (grand total: 0)
[2026-03-21T16:07:06.788+0000] {scrapping_indeed.py:167} INFO - [Indeed][AI Engineer] Starting session...
[2026-03-21T16:07:41.139+0000] {scrapping_indeed.py:186} INFO - [Indeed][Machine Learning Engineer] Page 1 → https://ma.indeed.com/jobs?q=Machine+Learning+Engineer&l=Maroc&start=0&fromage=30
[2026-03-21T16:08:23.752+0000] {scrapping_indeed.py:186} INFO - [Indeed][Business Intelligence] Page 1 → https://ma.indeed.com/jobs?q=Business+Intelligence&l=Maroc&start=0&fromage=30
[2026-03-21T16:08:36.024+0000] {scrapping_indeed.py:204} WARNING - [Indeed][Machine Learning Engineer] No cards on page 1, stopping.
[2026-03-21T16:08:36.140+0000] {scrapping_indeed.py:229} INFO - [Indeed][Machine Learning Engineer] Session closed — 0 jobs found.
[2026-03-21T16:08:36.144+0000] {scrapping_indeed.py:255} INFO - [Indeed] Merged 'Machine Learning Engineer' → 0 unique jobs (grand total: 0)
[2026-03-21T16:08:36.997+0000] {scrapping_indeed.py:167} INFO - [Indeed][Data Architect] Starting session...
[2026-03-21T16:08:58.966+0000] {scrapping_indeed.py:204} WARNING - [Indeed][Business Intelligence] No cards on page 1, stopping.
[2026-03-21T16:08:59.279+0000] {scrapping_indeed.py:229} INFO - [Indeed][Business Intelligence] Session closed — 0 jobs found.
[2026-03-21T16:08:59.306+0000] {scrapping_indeed.py:255} INFO - [Indeed] Merged 'Business Intelligence' → 0 unique jobs (grand total: 0)
[2026-03-21T16:09:00.329+0000] {scrapping_indeed.py:167} INFO - [Indeed][Big Data Engineer] Starting session...
[2026-03-21T16:09:01.590+0000] {scrapping_indeed.py:186} INFO - [Indeed][AI Engineer] Page 1 → https://ma.indeed.com/jobs?q=AI+Engineer&l=Maroc&start=0&fromage=30
[2026-03-21T16:09:38.072+0000] {scrapping_indeed.py:186} INFO - [Indeed][Big Data Engineer] Page 1 → https://ma.indeed.com/jobs?q=Big+Data+Engineer&l=Maroc&start=0&fromage=30
[2026-03-21T16:09:39.505+0000] {scrapping_indeed.py:186} INFO - [Indeed][Data Architect] Page 1 → https://ma.indeed.com/jobs?q=Data+Architect&l=Maroc&start=0&fromage=30
[2026-03-21T16:09:42.612+0000] {scrapping_indeed.py:204} WARNING - [Indeed][AI Engineer] No cards on page 1, stopping.
[2026-03-21T16:09:42.713+0000] {scrapping_indeed.py:229} INFO - [Indeed][AI Engineer] Session closed — 0 jobs found.
[2026-03-21T16:09:42.718+0000] {scrapping_indeed.py:255} INFO - [Indeed] Merged 'AI Engineer' → 0 unique jobs (grand total: 0)
[2026-03-21T16:10:09.337+0000] {scrapping_indeed.py:204} WARNING - [Indeed][Data Architect] No cards on page 1, stopping.
[2026-03-21T16:10:09.439+0000] {scrapping_indeed.py:229} INFO - [Indeed][Data Architect] Session closed — 0 jobs found.
[2026-03-21T16:10:09.442+0000] {scrapping_indeed.py:255} INFO - [Indeed] Merged 'Data Architect' → 0 unique jobs (grand total: 0)
[2026-03-21T16:10:29.864+0000] {scrapping_indeed.py:204} WARNING - [Indeed][Big Data Engineer] No cards on page 1, stopping.
[2026-03-21T16:10:29.959+0000] {scrapping_indeed.py:229} INFO - [Indeed][Big Data Engineer] Session closed — 0 jobs found.
[2026-03-21T16:10:29.963+0000] {scrapping_indeed.py:255} INFO - [Indeed] Merged 'Big Data Engineer' → 0 unique jobs (grand total: 0)
[2026-03-21T16:10:29.966+0000] {job_scraping_dag.py:57} INFO - [DAG] Indeed done — 0 jobs scraped.
[2026-03-21T16:10:29.994+0000] {python.py:240} INFO - Done. Returned value was: None
[2026-03-21T16:10:30.015+0000] {taskinstance.py:340} INFO - ::group::Post task execution logs
[2026-03-21T16:10:30.017+0000] {taskinstance.py:352} INFO - Marking task as SUCCESS. dag_id=daily_job_scraping, task_id=extract_indeed, run_id=scheduled__2026-03-20T12:00:00+00:00, execution_date=20260320T120000, start_date=20260321T155801, end_date=20260321T161030
[2026-03-21T16:10:30.052+0000] {local_task_job_runner.py:266} INFO - Task exited with return code 0
[2026-03-21T16:10:30.085+0000] {taskinstance.py:3895} INFO - 1 downstream tasks scheduled from follow-on schedule check
[2026-03-21T16:10:30.089+0000] {local_task_job_runner.py:245} INFO - ::endgroup::
