[2026-03-22T04:06:01.739+0000] {local_task_job_runner.py:123} INFO - ::group::Pre task execution logs
[2026-03-22T04:06:01.777+0000] {taskinstance.py:2613} INFO - Dependencies all met for dep_context=non-requeueable deps ti=<TaskInstance: daily_job_scraping.extract_linkedin manual__2026-03-22T04:05:58.561150+00:00 [queued]>
[2026-03-22T04:06:01.803+0000] {taskinstance.py:2613} INFO - Dependencies all met for dep_context=requeueable deps ti=<TaskInstance: daily_job_scraping.extract_linkedin manual__2026-03-22T04:05:58.561150+00:00 [queued]>
[2026-03-22T04:06:01.806+0000] {taskinstance.py:2866} INFO - Starting attempt 1 of 3
[2026-03-22T04:06:01.835+0000] {taskinstance.py:2889} INFO - Executing <Task(PythonOperator): extract_linkedin> on 2026-03-22 04:05:58.561150+00:00
[2026-03-22T04:06:01.859+0000] {standard_task_runner.py:72} INFO - Started process 426 to run task
[2026-03-22T04:06:01.867+0000] {standard_task_runner.py:104} INFO - Running: ['airflow', 'tasks', 'run', 'daily_job_scraping', 'extract_linkedin', 'manual__2026-03-22T04:05:58.561150+00:00', '--job-id', '12', '--raw', '--subdir', 'DAGS_FOLDER/job_scraping_dag.py', '--cfg-path', '/tmp/tmp1rtsi37n']
[2026-03-22T04:06:01.877+0000] {standard_task_runner.py:105} INFO - Job 12: Subtask extract_linkedin
[2026-03-22T04:06:02.018+0000] {task_command.py:467} INFO - Running <TaskInstance: daily_job_scraping.extract_linkedin manual__2026-03-22T04:05:58.561150+00:00 [running]> on host 4b2088b79302
[2026-03-22T04:06:02.242+0000] {taskinstance.py:3132} INFO - Exporting env vars: AIRFLOW_CTX_DAG_OWNER='job_intelligent' AIRFLOW_CTX_DAG_ID='daily_job_scraping' AIRFLOW_CTX_TASK_ID='extract_linkedin' AIRFLOW_CTX_EXECUTION_DATE='2026-03-22T04:05:58.561150+00:00' AIRFLOW_CTX_TRY_NUMBER='1' AIRFLOW_CTX_DAG_RUN_ID='manual__2026-03-22T04:05:58.561150+00:00'
[2026-03-22T04:06:02.245+0000] {taskinstance.py:731} INFO - ::endgroup::
[2026-03-22T04:06:02.273+0000] {job_scraping_dag.py:43} INFO - [DAG] Starting LinkedIn extraction...
[2026-03-22T04:06:02.275+0000] {scrapping_linkedin.py:202} INFO - [LinkedIn] Starting 10 keywords with 3 parallel workers | SELENIUM_URL=http://selenium:4444/wd/hub
[2026-03-22T04:06:06.050+0000] {scrapping_linkedin.py:138} INFO - [LinkedIn][Data Engineer] Starting session...
[2026-03-22T04:06:06.434+0000] {scrapping_linkedin.py:138} INFO - [LinkedIn][Data Scientist] Starting session...
[2026-03-22T04:06:06.438+0000] {scrapping_linkedin.py:138} INFO - [LinkedIn][Data Analyst] Starting session...
[2026-03-22T04:06:12.701+0000] {scrapping_linkedin.py:155} INFO - [LinkedIn][Data Engineer] Page 1 → https://www.linkedin.com/jobs/search/?keywords=Data%20Engineer&location=Maroc&start=0&f_TPR=r604800
[2026-03-22T04:06:13.460+0000] {scrapping_linkedin.py:155} INFO - [LinkedIn][Data Analyst] Page 1 → https://www.linkedin.com/jobs/search/?keywords=Data%20Analyst&location=Maroc&start=0&f_TPR=r604800
[2026-03-22T04:06:14.507+0000] {scrapping_linkedin.py:155} INFO - [LinkedIn][Data Scientist] Page 1 → https://www.linkedin.com/jobs/search/?keywords=Data%20Scientist&location=Maroc&start=0&f_TPR=r604800
[2026-03-22T04:06:22.160+0000] {scrapping_linkedin.py:182} INFO - [LinkedIn][Data Engineer] +70 jobs (keyword total: 70)
[2026-03-22T04:06:24.419+0000] {scrapping_linkedin.py:155} INFO - [LinkedIn][Data Engineer] Page 2 → https://www.linkedin.com/jobs/search/?keywords=Data%20Engineer&location=Maroc&start=25&f_TPR=r604800
[2026-03-22T04:06:26.118+0000] {scrapping_linkedin.py:182} INFO - [LinkedIn][Data Analyst] +70 jobs (keyword total: 70)
[2026-03-22T04:06:27.634+0000] {scrapping_linkedin.py:182} INFO - [LinkedIn][Data Scientist] +70 jobs (keyword total: 70)
[2026-03-22T04:06:28.476+0000] {scrapping_linkedin.py:155} INFO - [LinkedIn][Data Analyst] Page 2 → https://www.linkedin.com/jobs/search/?keywords=Data%20Analyst&location=Maroc&start=25&f_TPR=r604800
[2026-03-22T04:06:29.743+0000] {scrapping_linkedin.py:155} INFO - [LinkedIn][Data Scientist] Page 2 → https://www.linkedin.com/jobs/search/?keywords=Data%20Scientist&location=Maroc&start=25&f_TPR=r604800
[2026-03-22T04:06:36.999+0000] {scrapping_linkedin.py:182} INFO - [LinkedIn][Data Engineer] +5 jobs (keyword total: 75)
[2026-03-22T04:06:39.284+0000] {scrapping_linkedin.py:191} INFO - [LinkedIn][Data Engineer] Session closed.
[2026-03-22T04:06:39.293+0000] {scrapping_linkedin.py:217} INFO - [LinkedIn] Merged 'Data Engineer' → 75 unique jobs (grand total: 75)
[2026-03-22T04:06:40.300+0000] {scrapping_linkedin.py:182} INFO - [LinkedIn][Data Analyst] +7 jobs (keyword total: 77)
[2026-03-22T04:06:41.262+0000] {scrapping_linkedin.py:182} INFO - [LinkedIn][Data Scientist] +10 jobs (keyword total: 80)
[2026-03-22T04:06:42.339+0000] {scrapping_linkedin.py:191} INFO - [LinkedIn][Data Analyst] Session closed.
[2026-03-22T04:06:42.353+0000] {scrapping_linkedin.py:217} INFO - [LinkedIn] Merged 'Data Analyst' → 45 unique jobs (grand total: 120)
[2026-03-22T04:06:43.386+0000] {scrapping_linkedin.py:191} INFO - [LinkedIn][Data Scientist] Session closed.
[2026-03-22T04:06:43.399+0000] {scrapping_linkedin.py:217} INFO - [LinkedIn] Merged 'Data Scientist' → 41 unique jobs (grand total: 161)
[2026-03-22T04:06:45.855+0000] {scrapping_linkedin.py:138} INFO - [LinkedIn][MLOps Engineer] Starting session...
[2026-03-22T04:06:53.127+0000] {scrapping_linkedin.py:155} INFO - [LinkedIn][MLOps Engineer] Page 1 → https://www.linkedin.com/jobs/search/?keywords=MLOps%20Engineer&location=Maroc&start=0&f_TPR=r604800
[2026-03-22T04:07:04.964+0000] {scrapping_linkedin.py:182} INFO - [LinkedIn][MLOps Engineer] +2 jobs (keyword total: 2)
[2026-03-22T04:07:06.514+0000] {scrapping_linkedin.py:155} INFO - [LinkedIn][MLOps Engineer] Page 2 → https://www.linkedin.com/jobs/search/?keywords=MLOps%20Engineer&location=Maroc&start=25&f_TPR=r604800
[2026-03-22T04:07:08.900+0000] {scrapping_linkedin.py:138} INFO - [LinkedIn][Machine Learning Engineer] Starting session...
[2026-03-22T04:07:15.802+0000] {scrapping_linkedin.py:182} INFO - [LinkedIn][MLOps Engineer] +0 jobs (keyword total: 2)
[2026-03-22T04:07:16.404+0000] {scrapping_linkedin.py:155} INFO - [LinkedIn][Machine Learning Engineer] Page 1 → https://www.linkedin.com/jobs/search/?keywords=Machine%20Learning%20Engineer&location=Maroc&start=0&f_TPR=r604800
[2026-03-22T04:07:17.871+0000] {scrapping_linkedin.py:191} INFO - [LinkedIn][MLOps Engineer] Session closed.
[2026-03-22T04:07:17.882+0000] {scrapping_linkedin.py:217} INFO - [LinkedIn] Merged 'MLOps Engineer' → 0 unique jobs (grand total: 161)
[2026-03-22T04:07:20.957+0000] {scrapping_linkedin.py:138} INFO - [LinkedIn][Business Intelligence] Starting session...
[2026-03-22T04:07:26.893+0000] {scrapping_linkedin.py:182} INFO - [LinkedIn][Machine Learning Engineer] +39 jobs (keyword total: 39)
[2026-03-22T04:07:28.028+0000] {scrapping_linkedin.py:155} INFO - [LinkedIn][Business Intelligence] Page 1 → https://www.linkedin.com/jobs/search/?keywords=Business%20Intelligence&location=Maroc&start=0&f_TPR=r604800
[2026-03-22T04:07:29.055+0000] {scrapping_linkedin.py:155} INFO - [LinkedIn][Machine Learning Engineer] Page 2 → https://www.linkedin.com/jobs/search/?keywords=Machine%20Learning%20Engineer&location=Maroc&start=25&f_TPR=r604800
[2026-03-22T04:07:39.707+0000] {scrapping_linkedin.py:182} INFO - [LinkedIn][Business Intelligence] +27 jobs (keyword total: 27)
[2026-03-22T04:07:40.263+0000] {scrapping_linkedin.py:182} INFO - [LinkedIn][Machine Learning Engineer] +0 jobs (keyword total: 39)
[2026-03-22T04:07:42.429+0000] {scrapping_linkedin.py:155} INFO - [LinkedIn][Business Intelligence] Page 2 → https://www.linkedin.com/jobs/search/?keywords=Business%20Intelligence&location=Maroc&start=25&f_TPR=r604800
[2026-03-22T04:07:43.349+0000] {scrapping_linkedin.py:191} INFO - [LinkedIn][Machine Learning Engineer] Session closed.
[2026-03-22T04:07:43.364+0000] {scrapping_linkedin.py:217} INFO - [LinkedIn] Merged 'Machine Learning Engineer' → 1 unique jobs (grand total: 162)
[2026-03-22T04:07:44.179+0000] {scrapping_linkedin.py:138} INFO - [LinkedIn][NLP Engineer] Starting session...
[2026-03-22T04:07:54.951+0000] {scrapping_linkedin.py:155} INFO - [LinkedIn][NLP Engineer] Page 1 → https://www.linkedin.com/jobs/search/?keywords=NLP%20Engineer&location=Maroc&start=0&f_TPR=r604800
[2026-03-22T04:07:55.079+0000] {scrapping_linkedin.py:182} INFO - [LinkedIn][Business Intelligence] +0 jobs (keyword total: 27)
[2026-03-22T04:07:57.383+0000] {scrapping_linkedin.py:191} INFO - [LinkedIn][Business Intelligence] Session closed.
[2026-03-22T04:07:57.414+0000] {scrapping_linkedin.py:217} INFO - [LinkedIn] Merged 'Business Intelligence' → 8 unique jobs (grand total: 170)
[2026-03-22T04:08:06.391+0000] {scrapping_linkedin.py:182} INFO - [LinkedIn][NLP Engineer] +19 jobs (keyword total: 19)
[2026-03-22T04:08:06.974+0000] {scrapping_linkedin.py:155} INFO - [LinkedIn][NLP Engineer] Page 2 → https://www.linkedin.com/jobs/search/?keywords=NLP%20Engineer&location=Maroc&start=25&f_TPR=r604800
[2026-03-22T04:08:16.495+0000] {scrapping_linkedin.py:182} INFO - [LinkedIn][NLP Engineer] +0 jobs (keyword total: 19)
[2026-03-22T04:08:17.417+0000] {scrapping_linkedin.py:138} INFO - [LinkedIn][AI Engineer] Starting session...
[2026-03-22T04:08:19.301+0000] {scrapping_linkedin.py:191} INFO - [LinkedIn][NLP Engineer] Session closed.
[2026-03-22T04:08:19.306+0000] {scrapping_linkedin.py:217} INFO - [LinkedIn] Merged 'NLP Engineer' → 13 unique jobs (grand total: 183)
[2026-03-22T04:08:22.425+0000] {scrapping_linkedin.py:138} INFO - [LinkedIn][Data Architect] Starting session...
[2026-03-22T04:08:26.909+0000] {scrapping_linkedin.py:155} INFO - [LinkedIn][AI Engineer] Page 1 → https://www.linkedin.com/jobs/search/?keywords=AI%20Engineer&location=Maroc&start=0&f_TPR=r604800
[2026-03-22T04:08:30.149+0000] {scrapping_linkedin.py:155} INFO - [LinkedIn][Data Architect] Page 1 → https://www.linkedin.com/jobs/search/?keywords=Data%20Architect&location=Maroc&start=0&f_TPR=r604800
[2026-03-22T04:08:32.666+0000] {scrapping_linkedin.py:138} INFO - [LinkedIn][Big Data Engineer] Starting session...
[2026-03-22T04:08:36.660+0000] {scrapping_linkedin.py:182} INFO - [LinkedIn][AI Engineer] +10 jobs (keyword total: 10)
[2026-03-22T04:08:38.690+0000] {scrapping_linkedin.py:155} INFO - [LinkedIn][AI Engineer] Page 2 → https://www.linkedin.com/jobs/search/?keywords=AI%20Engineer&location=Maroc&start=25&f_TPR=r604800
[2026-03-22T04:08:39.950+0000] {scrapping_linkedin.py:182} INFO - [LinkedIn][Data Architect] +34 jobs (keyword total: 34)
[2026-03-22T04:08:40.563+0000] {scrapping_linkedin.py:155} INFO - [LinkedIn][Big Data Engineer] Page 1 → https://www.linkedin.com/jobs/search/?keywords=Big%20Data%20Engineer&location=Maroc&start=0&f_TPR=r604800
[2026-03-22T04:08:42.806+0000] {scrapping_linkedin.py:155} INFO - [LinkedIn][Data Architect] Page 2 → https://www.linkedin.com/jobs/search/?keywords=Data%20Architect&location=Maroc&start=25&f_TPR=r604800
[2026-03-22T04:08:49.499+0000] {scrapping_linkedin.py:182} INFO - [LinkedIn][AI Engineer] +0 jobs (keyword total: 10)
[2026-03-22T04:08:51.980+0000] {scrapping_linkedin.py:191} INFO - [LinkedIn][AI Engineer] Session closed.
[2026-03-22T04:08:51.999+0000] {scrapping_linkedin.py:217} INFO - [LinkedIn] Merged 'AI Engineer' → 4 unique jobs (grand total: 187)
[2026-03-22T04:08:53.427+0000] {scrapping_linkedin.py:182} INFO - [LinkedIn][Big Data Engineer] +17 jobs (keyword total: 17)
[2026-03-22T04:08:54.236+0000] {scrapping_linkedin.py:182} INFO - [LinkedIn][Data Architect] +0 jobs (keyword total: 34)
[2026-03-22T04:08:55.657+0000] {scrapping_linkedin.py:155} INFO - [LinkedIn][Big Data Engineer] Page 2 → https://www.linkedin.com/jobs/search/?keywords=Big%20Data%20Engineer&location=Maroc&start=25&f_TPR=r604800
[2026-03-22T04:08:56.626+0000] {scrapping_linkedin.py:191} INFO - [LinkedIn][Data Architect] Session closed.
[2026-03-22T04:08:56.631+0000] {scrapping_linkedin.py:217} INFO - [LinkedIn] Merged 'Data Architect' → 3 unique jobs (grand total: 190)
[2026-03-22T04:09:02.922+0000] {scrapping_linkedin.py:182} INFO - [LinkedIn][Big Data Engineer] +0 jobs (keyword total: 17)
[2026-03-22T04:09:04.491+0000] {scrapping_linkedin.py:191} INFO - [LinkedIn][Big Data Engineer] Session closed.
[2026-03-22T04:09:04.495+0000] {scrapping_linkedin.py:217} INFO - [LinkedIn] Merged 'Big Data Engineer' → 0 unique jobs (grand total: 190)
[2026-03-22T04:09:04.507+0000] {job_scraping_dag.py:45} INFO - [DAG] LinkedIn done — 190 jobs scraped.
[2026-03-22T04:09:04.557+0000] {python.py:240} INFO - Done. Returned value was: None
[2026-03-22T04:09:04.582+0000] {taskinstance.py:340} INFO - ::group::Post task execution logs
[2026-03-22T04:09:04.583+0000] {taskinstance.py:352} INFO - Marking task as SUCCESS. dag_id=daily_job_scraping, task_id=extract_linkedin, run_id=manual__2026-03-22T04:05:58.561150+00:00, execution_date=20260322T040558, start_date=20260322T040601, end_date=20260322T040904
[2026-03-22T04:09:04.152+0000] {local_task_job_runner.py:266} INFO - Task exited with return code 0
[2026-03-22T04:09:04.209+0000] {taskinstance.py:3895} INFO - 1 downstream tasks scheduled from follow-on schedule check
[2026-03-22T04:09:04.217+0000] {local_task_job_runner.py:245} INFO - ::endgroup::
