[2026-03-20T10:22:31.482+0000] {local_task_job_runner.py:123} INFO - ::group::Pre task execution logs
[2026-03-20T10:22:31.625+0000] {taskinstance.py:2613} INFO - Dependencies all met for dep_context=non-requeueable deps ti=<TaskInstance: daily_job_scraping.extract_linkedin manual__2026-03-20T10:22:21.869345+00:00 [queued]>
[2026-03-20T10:22:31.668+0000] {taskinstance.py:2613} INFO - Dependencies all met for dep_context=requeueable deps ti=<TaskInstance: daily_job_scraping.extract_linkedin manual__2026-03-20T10:22:21.869345+00:00 [queued]>
[2026-03-20T10:22:31.673+0000] {taskinstance.py:2866} INFO - Starting attempt 1 of 3
[2026-03-20T10:22:31.734+0000] {taskinstance.py:2889} INFO - Executing <Task(PythonOperator): extract_linkedin> on 2026-03-20 10:22:21.869345+00:00
[2026-03-20T10:22:31.788+0000] {standard_task_runner.py:72} INFO - Started process 249 to run task
[2026-03-20T10:22:31.808+0000] {standard_task_runner.py:104} INFO - Running: ['airflow', 'tasks', 'run', 'daily_job_scraping', 'extract_linkedin', 'manual__2026-03-20T10:22:21.869345+00:00', '--job-id', '5', '--raw', '--subdir', 'DAGS_FOLDER/job_scraping_dag.py', '--cfg-path', '/tmp/tmpb4xalkab']
[2026-03-20T10:22:31.839+0000] {standard_task_runner.py:105} INFO - Job 5: Subtask extract_linkedin
[2026-03-20T10:22:32.535+0000] {task_command.py:467} INFO - Running <TaskInstance: daily_job_scraping.extract_linkedin manual__2026-03-20T10:22:21.869345+00:00 [running]> on host 696af1b356a2
[2026-03-20T10:22:33.640+0000] {taskinstance.py:3132} INFO - Exporting env vars: AIRFLOW_CTX_DAG_OWNER='job_intelligent' AIRFLOW_CTX_DAG_ID='daily_job_scraping' AIRFLOW_CTX_TASK_ID='extract_linkedin' AIRFLOW_CTX_EXECUTION_DATE='2026-03-20T10:22:21.869345+00:00' AIRFLOW_CTX_TRY_NUMBER='1' AIRFLOW_CTX_DAG_RUN_ID='manual__2026-03-20T10:22:21.869345+00:00'
[2026-03-20T10:22:33.680+0000] {taskinstance.py:731} INFO - ::endgroup::
[2026-03-20T10:22:33.886+0000] {job_scraping_dag.py:43} INFO - [DAG] Starting LinkedIn extraction...
[2026-03-20T10:22:33.902+0000] {scrapping_linkedin.py:259} INFO - [LinkedIn] Starting 68 keywords with 4 parallel workers | SELENIUM_URL=http://selenium:4444/wd/hub
[2026-03-20T10:22:41.935+0000] {scrapping_linkedin.py:187} INFO - [LinkedIn][Machine Learning Engineer] Starting session...
[2026-03-20T10:22:53.183+0000] {scrapping_linkedin.py:205} INFO - [LinkedIn][Machine Learning Engineer] Page 1 → https://www.linkedin.com/jobs/search/?keywords=Machine%20Learning%20Engineer&location=Maroc&start=0&f_TPR=r604800
[2026-03-20T10:23:06.547+0000] {scrapping_linkedin.py:187} INFO - [LinkedIn][Data Analyst] Starting session...
[2026-03-20T10:23:08.837+0000] {scrapping_linkedin.py:234} INFO - [LinkedIn][Machine Learning Engineer] +54 jobs (keyword total: 54)
[2026-03-20T10:23:11.345+0000] {scrapping_linkedin.py:205} INFO - [LinkedIn][Machine Learning Engineer] Page 2 → https://www.linkedin.com/jobs/search/?keywords=Machine%20Learning%20Engineer&location=Maroc&start=25&f_TPR=r604800
[2026-03-20T10:23:20.581+0000] {scrapping_linkedin.py:205} INFO - [LinkedIn][Data Analyst] Page 1 → https://www.linkedin.com/jobs/search/?keywords=Data%20Analyst&location=Maroc&start=0&f_TPR=r604800
[2026-03-20T10:23:23.358+0000] {scrapping_linkedin.py:234} INFO - [LinkedIn][Machine Learning Engineer] +0 jobs (keyword total: 54)
[2026-03-20T10:23:25.039+0000] {scrapping_linkedin.py:205} INFO - [LinkedIn][Machine Learning Engineer] Page 3 → https://www.linkedin.com/jobs/search/?keywords=Machine%20Learning%20Engineer&location=Maroc&start=50&f_TPR=r604800
[2026-03-20T10:23:34.307+0000] {scrapping_linkedin.py:234} INFO - [LinkedIn][Data Analyst] +70 jobs (keyword total: 70)
[2026-03-20T10:23:35.811+0000] {scrapping_linkedin.py:234} INFO - [LinkedIn][Machine Learning Engineer] +0 jobs (keyword total: 54)
[2026-03-20T10:23:36.810+0000] {scrapping_linkedin.py:205} INFO - [LinkedIn][Data Analyst] Page 2 → https://www.linkedin.com/jobs/search/?keywords=Data%20Analyst&location=Maroc&start=25&f_TPR=r604800
[2026-03-20T10:23:38.523+0000] {scrapping_linkedin.py:243} INFO - [LinkedIn][Machine Learning Engineer] Session closed.
[2026-03-20T10:23:38.537+0000] {scrapping_linkedin.py:274} INFO - [LinkedIn] Merged 'Machine Learning Engineer' → 54 unique jobs (grand total: 54)
[2026-03-20T10:23:41.298+0000] {scrapping_linkedin.py:187} INFO - [LinkedIn][Data Engineer] Starting session...
[2026-03-20T10:23:49.101+0000] {scrapping_linkedin.py:234} INFO - [LinkedIn][Data Analyst] +5 jobs (keyword total: 75)
[2026-03-20T10:23:50.355+0000] {scrapping_linkedin.py:205} INFO - [LinkedIn][Data Engineer] Page 1 → https://www.linkedin.com/jobs/search/?keywords=Data%20Engineer&location=Maroc&start=0&f_TPR=r604800
[2026-03-20T10:23:51.864+0000] {scrapping_linkedin.py:205} INFO - [LinkedIn][Data Analyst] Page 3 → https://www.linkedin.com/jobs/search/?keywords=Data%20Analyst&location=Maroc&start=50&f_TPR=r604800
[2026-03-20T10:24:01.383+0000] {scrapping_linkedin.py:234} INFO - [LinkedIn][Data Engineer] +70 jobs (keyword total: 70)
[2026-03-20T10:24:01.826+0000] {scrapping_linkedin.py:234} INFO - [LinkedIn][Data Analyst] +0 jobs (keyword total: 75)
[2026-03-20T10:24:02.167+0000] {scrapping_linkedin.py:187} INFO - [LinkedIn][Deep Learning Engineer] Starting session...
[2026-03-20T10:24:03.465+0000] {scrapping_linkedin.py:205} INFO - [LinkedIn][Data Engineer] Page 2 → https://www.linkedin.com/jobs/search/?keywords=Data%20Engineer&location=Maroc&start=25&f_TPR=r604800
[2026-03-20T10:24:04.447+0000] {scrapping_linkedin.py:243} INFO - [LinkedIn][Data Analyst] Session closed.
[2026-03-20T10:24:04.452+0000] {scrapping_linkedin.py:274} INFO - [LinkedIn] Merged 'Data Analyst' → 65 unique jobs (grand total: 119)
[2026-03-20T10:24:06.667+0000] {scrapping_linkedin.py:187} INFO - [LinkedIn][Data Scientist] Starting session...
[2026-03-20T10:24:14.511+0000] {scrapping_linkedin.py:205} INFO - [LinkedIn][Deep Learning Engineer] Page 1 → https://www.linkedin.com/jobs/search/?keywords=Deep%20Learning%20Engineer&location=Maroc&start=0&f_TPR=r604800
[2026-03-20T10:24:14.897+0000] {scrapping_linkedin.py:234} INFO - [LinkedIn][Data Engineer] +8 jobs (keyword total: 78)
[2026-03-20T10:24:17.179+0000] {scrapping_linkedin.py:205} INFO - [LinkedIn][Data Engineer] Page 3 → https://www.linkedin.com/jobs/search/?keywords=Data%20Engineer&location=Maroc&start=50&f_TPR=r604800
[2026-03-20T10:24:26.386+0000] {scrapping_linkedin.py:234} INFO - [LinkedIn][Data Engineer] +0 jobs (keyword total: 78)
[2026-03-20T10:24:28.520+0000] {scrapping_linkedin.py:243} INFO - [LinkedIn][Data Engineer] Session closed.
[2026-03-20T10:24:28.525+0000] {scrapping_linkedin.py:274} INFO - [LinkedIn] Merged 'Data Engineer' → 13 unique jobs (grand total: 132)
[2026-03-20T10:24:33.509+0000] {scrapping_linkedin.py:223} WARNING - [LinkedIn][Deep Learning Engineer] No cards on page 1, stopping.
[2026-03-20T10:24:33.847+0000] {scrapping_linkedin.py:243} INFO - [LinkedIn][Deep Learning Engineer] Session closed.
[2026-03-20T10:24:33.851+0000] {scrapping_linkedin.py:274} INFO - [LinkedIn] Merged 'Deep Learning Engineer' → 0 unique jobs (grand total: 132)
[2026-03-20T10:24:38.409+0000] {scrapping_linkedin.py:187} INFO - [LinkedIn][NLP Engineer] Starting session...
[2026-03-20T10:24:50.084+0000] {scrapping_linkedin.py:205} INFO - [LinkedIn][Data Scientist] Page 1 → https://www.linkedin.com/jobs/search/?keywords=Data%20Scientist&location=Maroc&start=0&f_TPR=r604800
[2026-03-20T10:24:54.518+0000] {scrapping_linkedin.py:205} INFO - [LinkedIn][NLP Engineer] Page 1 → https://www.linkedin.com/jobs/search/?keywords=NLP%20Engineer&location=Maroc&start=0&f_TPR=r604800
[2026-03-20T10:25:02.661+0000] {scrapping_linkedin.py:234} INFO - [LinkedIn][Data Scientist] +60 jobs (keyword total: 60)
[2026-03-20T10:25:05.012+0000] {scrapping_linkedin.py:205} INFO - [LinkedIn][Data Scientist] Page 2 → https://www.linkedin.com/jobs/search/?keywords=Data%20Scientist&location=Maroc&start=25&f_TPR=r604800
[2026-03-20T10:25:11.509+0000] {scrapping_linkedin.py:234} INFO - [LinkedIn][NLP Engineer] +18 jobs (keyword total: 18)
[2026-03-20T10:25:13.668+0000] {scrapping_linkedin.py:205} INFO - [LinkedIn][NLP Engineer] Page 2 → https://www.linkedin.com/jobs/search/?keywords=NLP%20Engineer&location=Maroc&start=25&f_TPR=r604800
[2026-03-20T10:25:16.228+0000] {scrapping_linkedin.py:234} INFO - [LinkedIn][Data Scientist] +0 jobs (keyword total: 60)
[2026-03-20T10:25:18.321+0000] {scrapping_linkedin.py:205} INFO - [LinkedIn][Data Scientist] Page 3 → https://www.linkedin.com/jobs/search/?keywords=Data%20Scientist&location=Maroc&start=50&f_TPR=r604800
[2026-03-20T10:25:25.151+0000] {scrapping_linkedin.py:234} INFO - [LinkedIn][NLP Engineer] +0 jobs (keyword total: 18)
[2026-03-20T10:25:28.080+0000] {scrapping_linkedin.py:205} INFO - [LinkedIn][NLP Engineer] Page 3 → https://www.linkedin.com/jobs/search/?keywords=NLP%20Engineer&location=Maroc&start=50&f_TPR=r604800
[2026-03-20T10:25:28.877+0000] {scrapping_linkedin.py:234} INFO - [LinkedIn][Data Scientist] +8 jobs (keyword total: 68)
[2026-03-20T10:25:30.939+0000] {scrapping_linkedin.py:243} INFO - [LinkedIn][Data Scientist] Session closed.
[2026-03-20T10:25:30.949+0000] {scrapping_linkedin.py:274} INFO - [LinkedIn] Merged 'Data Scientist' → 24 unique jobs (grand total: 156)
[2026-03-20T10:25:37.477+0000] {scrapping_linkedin.py:234} INFO - [LinkedIn][NLP Engineer] +0 jobs (keyword total: 18)
[2026-03-20T10:25:38.841+0000] {scrapping_linkedin.py:187} INFO - [LinkedIn][AI Engineer] Starting session...
[2026-03-20T10:25:39.355+0000] {scrapping_linkedin.py:243} INFO - [LinkedIn][NLP Engineer] Session closed.
[2026-03-20T10:25:39.360+0000] {scrapping_linkedin.py:274} INFO - [LinkedIn] Merged 'NLP Engineer' → 13 unique jobs (grand total: 169)
[2026-03-20T10:25:51.136+0000] {scrapping_linkedin.py:205} INFO - [LinkedIn][AI Engineer] Page 1 → https://www.linkedin.com/jobs/search/?keywords=AI%20Engineer&location=Maroc&start=0&f_TPR=r604800
[2026-03-20T10:25:58.265+0000] {scrapping_linkedin.py:187} INFO - [LinkedIn][MLOps Engineer] Starting session...
[2026-03-20T10:26:02.388+0000] {scrapping_linkedin.py:234} INFO - [LinkedIn][AI Engineer] +7 jobs (keyword total: 7)
[2026-03-20T10:26:05.191+0000] {scrapping_linkedin.py:205} INFO - [LinkedIn][AI Engineer] Page 2 → https://www.linkedin.com/jobs/search/?keywords=AI%20Engineer&location=Maroc&start=25&f_TPR=r604800
[2026-03-20T10:26:14.957+0000] {scrapping_linkedin.py:187} INFO - [LinkedIn][Computer Vision Engineer] Starting session...
[2026-03-20T10:26:15.364+0000] {scrapping_linkedin.py:234} INFO - [LinkedIn][AI Engineer] +0 jobs (keyword total: 7)
[2026-03-20T10:26:17.915+0000] {scrapping_linkedin.py:205} INFO - [LinkedIn][AI Engineer] Page 3 → https://www.linkedin.com/jobs/search/?keywords=AI%20Engineer&location=Maroc&start=50&f_TPR=r604800
[2026-03-20T10:26:19.645+0000] {scrapping_linkedin.py:205} INFO - [LinkedIn][MLOps Engineer] Page 1 → https://www.linkedin.com/jobs/search/?keywords=MLOps%20Engineer&location=Maroc&start=0&f_TPR=r604800
[2026-03-20T10:26:26.231+0000] {scrapping_linkedin.py:205} INFO - [LinkedIn][Computer Vision Engineer] Page 1 → https://www.linkedin.com/jobs/search/?keywords=Computer%20Vision%20Engineer&location=Maroc&start=0&f_TPR=r604800
[2026-03-20T10:26:27.567+0000] {scrapping_linkedin.py:234} INFO - [LinkedIn][AI Engineer] +0 jobs (keyword total: 7)
[2026-03-20T10:26:30.991+0000] {scrapping_linkedin.py:243} INFO - [LinkedIn][AI Engineer] Session closed.
[2026-03-20T10:26:30.997+0000] {scrapping_linkedin.py:274} INFO - [LinkedIn] Merged 'AI Engineer' → 2 unique jobs (grand total: 171)
[2026-03-20T10:26:32.482+0000] {scrapping_linkedin.py:234} INFO - [LinkedIn][MLOps Engineer] +2 jobs (keyword total: 2)
[2026-03-20T10:26:34.683+0000] {scrapping_linkedin.py:205} INFO - [LinkedIn][MLOps Engineer] Page 2 → https://www.linkedin.com/jobs/search/?keywords=MLOps%20Engineer&location=Maroc&start=25&f_TPR=r604800
[2026-03-20T10:26:37.816+0000] {scrapping_linkedin.py:187} INFO - [LinkedIn][BI Analyst] Starting session...
[2026-03-20T10:26:37.857+0000] {scrapping_linkedin.py:234} INFO - [LinkedIn][Computer Vision Engineer] +36 jobs (keyword total: 36)
[2026-03-20T10:26:39.810+0000] {scrapping_linkedin.py:205} INFO - [LinkedIn][Computer Vision Engineer] Page 2 → https://www.linkedin.com/jobs/search/?keywords=Computer%20Vision%20Engineer&location=Maroc&start=25&f_TPR=r604800
[2026-03-20T10:26:49.065+0000] {scrapping_linkedin.py:234} INFO - [LinkedIn][MLOps Engineer] +0 jobs (keyword total: 2)
[2026-03-20T10:26:51.756+0000] {scrapping_linkedin.py:205} INFO - [LinkedIn][MLOps Engineer] Page 3 → https://www.linkedin.com/jobs/search/?keywords=MLOps%20Engineer&location=Maroc&start=50&f_TPR=r604800
[2026-03-20T10:26:54.033+0000] {scrapping_linkedin.py:205} INFO - [LinkedIn][BI Analyst] Page 1 → https://www.linkedin.com/jobs/search/?keywords=BI%20Analyst&location=Maroc&start=0&f_TPR=r604800
[2026-03-20T10:26:55.175+0000] {scrapping_linkedin.py:234} INFO - [LinkedIn][Computer Vision Engineer] +0 jobs (keyword total: 36)
[2026-03-20T10:26:57.744+0000] {scrapping_linkedin.py:205} INFO - [LinkedIn][Computer Vision Engineer] Page 3 → https://www.linkedin.com/jobs/search/?keywords=Computer%20Vision%20Engineer&location=Maroc&start=50&f_TPR=r604800
[2026-03-20T10:27:00.983+0000] {scrapping_linkedin.py:234} INFO - [LinkedIn][MLOps Engineer] +0 jobs (keyword total: 2)
[2026-03-20T10:27:03.051+0000] {scrapping_linkedin.py:243} INFO - [LinkedIn][MLOps Engineer] Session closed.
[2026-03-20T10:27:03.079+0000] {scrapping_linkedin.py:274} INFO - [LinkedIn] Merged 'MLOps Engineer' → 0 unique jobs (grand total: 171)
[2026-03-20T10:27:05.560+0000] {scrapping_linkedin.py:234} INFO - [LinkedIn][BI Analyst] +14 jobs (keyword total: 14)
[2026-03-20T10:27:07.101+0000] {scrapping_linkedin.py:234} INFO - [LinkedIn][Computer Vision Engineer] +0 jobs (keyword total: 36)
[2026-03-20T10:27:07.238+0000] {scrapping_linkedin.py:205} INFO - [LinkedIn][BI Analyst] Page 2 → https://www.linkedin.com/jobs/search/?keywords=BI%20Analyst&location=Maroc&start=25&f_TPR=r604800
[2026-03-20T10:27:10.244+0000] {scrapping_linkedin.py:243} INFO - [LinkedIn][Computer Vision Engineer] Session closed.
[2026-03-20T10:27:10.253+0000] {scrapping_linkedin.py:274} INFO - [LinkedIn] Merged 'Computer Vision Engineer' → 0 unique jobs (grand total: 171)
[2026-03-20T10:27:16.044+0000] {scrapping_linkedin.py:187} INFO - [LinkedIn][Business Intelligence] Starting session...
[2026-03-20T10:27:20.200+0000] {scrapping_linkedin.py:234} INFO - [LinkedIn][BI Analyst] +0 jobs (keyword total: 14)
[2026-03-20T10:27:22.124+0000] {scrapping_linkedin.py:205} INFO - [LinkedIn][BI Analyst] Page 3 → https://www.linkedin.com/jobs/search/?keywords=BI%20Analyst&location=Maroc&start=50&f_TPR=r604800
[2026-03-20T10:27:29.144+0000] {scrapping_linkedin.py:205} INFO - [LinkedIn][Business Intelligence] Page 1 → https://www.linkedin.com/jobs/search/?keywords=Business%20Intelligence&location=Maroc&start=0&f_TPR=r604800
[2026-03-20T10:27:33.796+0000] {scrapping_linkedin.py:234} INFO - [LinkedIn][BI Analyst] +0 jobs (keyword total: 14)
[2026-03-20T10:27:36.427+0000] {scrapping_linkedin.py:243} INFO - [LinkedIn][BI Analyst] Session closed.
[2026-03-20T10:27:36.440+0000] {scrapping_linkedin.py:274} INFO - [LinkedIn] Merged 'BI Analyst' → 4 unique jobs (grand total: 175)
[2026-03-20T10:27:38.569+0000] {scrapping_linkedin.py:234} INFO - [LinkedIn][Business Intelligence] +31 jobs (keyword total: 31)
[2026-03-20T10:27:40.629+0000] {scrapping_linkedin.py:205} INFO - [LinkedIn][Business Intelligence] Page 2 → https://www.linkedin.com/jobs/search/?keywords=Business%20Intelligence&location=Maroc&start=25&f_TPR=r604800
[2026-03-20T10:27:51.153+0000] {scrapping_linkedin.py:234} INFO - [LinkedIn][Business Intelligence] +0 jobs (keyword total: 31)
[2026-03-20T10:27:53.519+0000] {scrapping_linkedin.py:205} INFO - [LinkedIn][Business Intelligence] Page 3 → https://www.linkedin.com/jobs/search/?keywords=Business%20Intelligence&location=Maroc&start=50&f_TPR=r604800
[2026-03-20T10:28:02.919+0000] {scrapping_linkedin.py:234} INFO - [LinkedIn][Business Intelligence] +0 jobs (keyword total: 31)
[2026-03-20T10:28:05.198+0000] {scrapping_linkedin.py:243} INFO - [LinkedIn][Business Intelligence] Session closed.
[2026-03-20T10:28:05.202+0000] {scrapping_linkedin.py:274} INFO - [LinkedIn] Merged 'Business Intelligence' → 13 unique jobs (grand total: 188)
[2026-03-20T10:28:07.428+0000] {scrapping_linkedin.py:187} INFO - [LinkedIn][Software Engineer] Starting session...
[2026-03-20T10:28:12.470+0000] {scrapping_linkedin.py:187} INFO - [LinkedIn][Backend Developer] Starting session...
[2026-03-20T10:28:14.564+0000] {scrapping_linkedin.py:205} INFO - [LinkedIn][Software Engineer] Page 1 → https://www.linkedin.com/jobs/search/?keywords=Software%20Engineer&location=Maroc&start=0&f_TPR=r604800
[2026-03-20T10:28:17.162+0000] {scrapping_linkedin.py:187} INFO - [LinkedIn][Software Developer] Starting session...
[2026-03-20T10:28:26.133+0000] {scrapping_linkedin.py:205} INFO - [LinkedIn][Software Developer] Page 1 → https://www.linkedin.com/jobs/search/?keywords=Software%20Developer&location=Maroc&start=0&f_TPR=r604800
[2026-03-20T10:28:27.559+0000] {scrapping_linkedin.py:234} INFO - [LinkedIn][Software Engineer] +60 jobs (keyword total: 60)
[2026-03-20T10:28:28.041+0000] {scrapping_linkedin.py:205} INFO - [LinkedIn][Backend Developer] Page 1 → https://www.linkedin.com/jobs/search/?keywords=Backend%20Developer&location=Maroc&start=0&f_TPR=r604800
[2026-03-20T10:28:29.121+0000] {scrapping_linkedin.py:205} INFO - [LinkedIn][Software Engineer] Page 2 → https://www.linkedin.com/jobs/search/?keywords=Software%20Engineer&location=Maroc&start=25&f_TPR=r604800
[2026-03-20T10:28:40.803+0000] {scrapping_linkedin.py:234} INFO - [LinkedIn][Software Engineer] +0 jobs (keyword total: 60)
[2026-03-20T10:28:40.868+0000] {scrapping_linkedin.py:234} INFO - [LinkedIn][Software Developer] +60 jobs (keyword total: 60)
[2026-03-20T10:28:42.119+0000] {scrapping_linkedin.py:234} INFO - [LinkedIn][Backend Developer] +32 jobs (keyword total: 32)
[2026-03-20T10:28:42.688+0000] {scrapping_linkedin.py:205} INFO - [LinkedIn][Software Developer] Page 2 → https://www.linkedin.com/jobs/search/?keywords=Software%20Developer&location=Maroc&start=25&f_TPR=r604800
[2026-03-20T10:28:43.002+0000] {scrapping_linkedin.py:205} INFO - [LinkedIn][Software Engineer] Page 3 → https://www.linkedin.com/jobs/search/?keywords=Software%20Engineer&location=Maroc&start=50&f_TPR=r604800
[2026-03-20T10:28:44.914+0000] {scrapping_linkedin.py:205} INFO - [LinkedIn][Backend Developer] Page 2 → https://www.linkedin.com/jobs/search/?keywords=Backend%20Developer&location=Maroc&start=25&f_TPR=r604800
[2026-03-20T10:28:54.244+0000] {scrapping_linkedin.py:234} INFO - [LinkedIn][Software Engineer] +0 jobs (keyword total: 60)
[2026-03-20T10:28:55.317+0000] {scrapping_linkedin.py:234} INFO - [LinkedIn][Backend Developer] +0 jobs (keyword total: 32)
[2026-03-20T10:28:55.985+0000] {scrapping_linkedin.py:234} INFO - [LinkedIn][Software Developer] +0 jobs (keyword total: 60)
[2026-03-20T10:28:56.821+0000] {scrapping_linkedin.py:243} INFO - [LinkedIn][Software Engineer] Session closed.
[2026-03-20T10:28:56.827+0000] {scrapping_linkedin.py:274} INFO - [LinkedIn] Merged 'Software Engineer' → 9 unique jobs (grand total: 197)
[2026-03-20T10:28:58.019+0000] {scrapping_linkedin.py:205} INFO - [LinkedIn][Backend Developer] Page 3 → https://www.linkedin.com/jobs/search/?keywords=Backend%20Developer&location=Maroc&start=50&f_TPR=r604800
[2026-03-20T10:28:58.304+0000] {scrapping_linkedin.py:205} INFO - [LinkedIn][Software Developer] Page 3 → https://www.linkedin.com/jobs/search/?keywords=Software%20Developer&location=Maroc&start=50&f_TPR=r604800
[2026-03-20T10:29:02.539+0000] {scrapping_linkedin.py:187} INFO - [LinkedIn][Data Architect] Starting session...
[2026-03-20T10:29:06.590+0000] {scrapping_linkedin.py:234} INFO - [LinkedIn][Backend Developer] +0 jobs (keyword total: 32)
[2026-03-20T10:29:08.656+0000] {scrapping_linkedin.py:243} INFO - [LinkedIn][Backend Developer] Session closed.
[2026-03-20T10:29:08.668+0000] {scrapping_linkedin.py:274} INFO - [LinkedIn] Merged 'Backend Developer' → 25 unique jobs (grand total: 222)
[2026-03-20T10:29:10.806+0000] {scrapping_linkedin.py:234} INFO - [LinkedIn][Software Developer] +0 jobs (keyword total: 60)
[2026-03-20T10:29:13.666+0000] {scrapping_linkedin.py:243} INFO - [LinkedIn][Software Developer] Session closed.
[2026-03-20T10:29:13.688+0000] {scrapping_linkedin.py:274} INFO - [LinkedIn] Merged 'Software Developer' → 5 unique jobs (grand total: 227)
[2026-03-20T10:29:21.087+0000] {scrapping_linkedin.py:205} INFO - [LinkedIn][Data Architect] Page 1 → https://www.linkedin.com/jobs/search/?keywords=Data%20Architect&location=Maroc&start=0&f_TPR=r604800
[2026-03-20T10:29:28.234+0000] {scrapping_linkedin.py:187} INFO - [LinkedIn][Frontend Developer] Starting session...
[2026-03-20T10:29:31.763+0000] {scrapping_linkedin.py:234} INFO - [LinkedIn][Data Architect] +27 jobs (keyword total: 27)
[2026-03-20T10:29:33.282+0000] {scrapping_linkedin.py:205} INFO - [LinkedIn][Data Architect] Page 2 → https://www.linkedin.com/jobs/search/?keywords=Data%20Architect&location=Maroc&start=25&f_TPR=r604800
[2026-03-20T10:29:39.093+0000] {scrapping_linkedin.py:205} INFO - [LinkedIn][Frontend Developer] Page 1 → https://www.linkedin.com/jobs/search/?keywords=Frontend%20Developer&location=Maroc&start=0&f_TPR=r604800
[2026-03-20T10:29:44.836+0000] {scrapping_linkedin.py:234} INFO - [LinkedIn][Data Architect] +0 jobs (keyword total: 27)
[2026-03-20T10:29:46.997+0000] {scrapping_linkedin.py:205} INFO - [LinkedIn][Data Architect] Page 3 → https://www.linkedin.com/jobs/search/?keywords=Data%20Architect&location=Maroc&start=50&f_TPR=r604800
[2026-03-20T10:29:55.769+0000] {scrapping_linkedin.py:234} INFO - [LinkedIn][Data Architect] +0 jobs (keyword total: 27)
[2026-03-20T10:29:58.826+0000] {scrapping_linkedin.py:243} INFO - [LinkedIn][Data Architect] Session closed.
[2026-03-20T10:29:58.831+0000] {scrapping_linkedin.py:274} INFO - [LinkedIn] Merged 'Data Architect' → 3 unique jobs (grand total: 230)
[2026-03-20T10:30:02.386+0000] {scrapping_linkedin.py:234} INFO - [LinkedIn][Frontend Developer] +14 jobs (keyword total: 14)
[2026-03-20T10:30:05.324+0000] {scrapping_linkedin.py:205} INFO - [LinkedIn][Frontend Developer] Page 2 → https://www.linkedin.com/jobs/search/?keywords=Frontend%20Developer&location=Maroc&start=25&f_TPR=r604800
[2026-03-20T10:30:15.785+0000] {scrapping_linkedin.py:234} INFO - [LinkedIn][Frontend Developer] +0 jobs (keyword total: 14)
[2026-03-20T10:30:17.584+0000] {scrapping_linkedin.py:205} INFO - [LinkedIn][Frontend Developer] Page 3 → https://www.linkedin.com/jobs/search/?keywords=Frontend%20Developer&location=Maroc&start=50&f_TPR=r604800
[2026-03-20T10:30:27.842+0000] {scrapping_linkedin.py:234} INFO - [LinkedIn][Frontend Developer] +0 jobs (keyword total: 14)
[2026-03-20T10:30:29.846+0000] {scrapping_linkedin.py:243} INFO - [LinkedIn][Frontend Developer] Session closed.
[2026-03-20T10:30:29.858+0000] {scrapping_linkedin.py:274} INFO - [LinkedIn] Merged 'Frontend Developer' → 2 unique jobs (grand total: 232)
[2026-03-20T10:30:56.341+0000] {scrapping_linkedin.py:187} INFO - [LinkedIn][Android Developer] Starting session...
[2026-03-20T10:30:56.410+0000] {scrapping_linkedin.py:187} INFO - [LinkedIn][Full Stack Developer] Starting session...
[2026-03-20T10:31:04.573+0000] {scrapping_linkedin.py:205} INFO - [LinkedIn][Full Stack Developer] Page 1 → https://www.linkedin.com/jobs/search/?keywords=Full%20Stack%20Developer&location=Maroc&start=0&f_TPR=r604800
[2026-03-20T10:31:04.729+0000] {scrapping_linkedin.py:205} INFO - [LinkedIn][Android Developer] Page 1 → https://www.linkedin.com/jobs/search/?keywords=Android%20Developer&location=Maroc&start=0&f_TPR=r604800
[2026-03-20T10:31:15.428+0000] {scrapping_linkedin.py:234} INFO - [LinkedIn][Android Developer] +14 jobs (keyword total: 14)
[2026-03-20T10:31:17.371+0000] {scrapping_linkedin.py:205} INFO - [LinkedIn][Android Developer] Page 2 → https://www.linkedin.com/jobs/search/?keywords=Android%20Developer&location=Maroc&start=25&f_TPR=r604800
[2026-03-20T10:31:28.348+0000] {scrapping_linkedin.py:234} INFO - [LinkedIn][Android Developer] +0 jobs (keyword total: 14)
[2026-03-20T10:31:30.675+0000] {scrapping_linkedin.py:205} INFO - [LinkedIn][Android Developer] Page 3 → https://www.linkedin.com/jobs/search/?keywords=Android%20Developer&location=Maroc&start=50&f_TPR=r604800
[2026-03-20T10:31:37.163+0000] {scrapping_linkedin.py:234} INFO - [LinkedIn][Full Stack Developer] +28 jobs (keyword total: 28)
[2026-03-20T10:31:38.923+0000] {scrapping_linkedin.py:205} INFO - [LinkedIn][Full Stack Developer] Page 2 → https://www.linkedin.com/jobs/search/?keywords=Full%20Stack%20Developer&location=Maroc&start=25&f_TPR=r604800
[2026-03-20T10:31:40.257+0000] {scrapping_linkedin.py:234} INFO - [LinkedIn][Android Developer] +0 jobs (keyword total: 14)
[2026-03-20T10:31:41.531+0000] {scrapping_linkedin.py:187} INFO - [LinkedIn][Mobile Developer] Starting session...
[2026-03-20T10:31:42.463+0000] {scrapping_linkedin.py:243} INFO - [LinkedIn][Android Developer] Session closed.
[2026-03-20T10:31:42.474+0000] {scrapping_linkedin.py:274} INFO - [LinkedIn] Merged 'Android Developer' → 3 unique jobs (grand total: 235)
[2026-03-20T10:31:48.523+0000] {scrapping_linkedin.py:187} INFO - [LinkedIn][Web Developer] Starting session...
[2026-03-20T10:31:55.361+0000] {scrapping_linkedin.py:234} INFO - [LinkedIn][Full Stack Developer] +0 jobs (keyword total: 28)
[2026-03-20T10:31:55.378+0000] {scrapping_linkedin.py:205} INFO - [LinkedIn][Mobile Developer] Page 1 → https://www.linkedin.com/jobs/search/?keywords=Mobile%20Developer&location=Maroc&start=0&f_TPR=r604800
[2026-03-20T10:31:57.675+0000] {scrapping_linkedin.py:205} INFO - [LinkedIn][Web Developer] Page 1 → https://www.linkedin.com/jobs/search/?keywords=Web%20Developer&location=Maroc&start=0&f_TPR=r604800
[2026-03-20T10:31:57.713+0000] {scrapping_linkedin.py:205} INFO - [LinkedIn][Full Stack Developer] Page 3 → https://www.linkedin.com/jobs/search/?keywords=Full%20Stack%20Developer&location=Maroc&start=50&f_TPR=r604800
[2026-03-20T10:32:06.147+0000] {scrapping_linkedin.py:234} INFO - [LinkedIn][Mobile Developer] +6 jobs (keyword total: 6)
[2026-03-20T10:32:06.359+0000] {scrapping_linkedin.py:234} INFO - [LinkedIn][Full Stack Developer] +0 jobs (keyword total: 28)
[2026-03-20T10:32:08.876+0000] {scrapping_linkedin.py:205} INFO - [LinkedIn][Mobile Developer] Page 2 → https://www.linkedin.com/jobs/search/?keywords=Mobile%20Developer&location=Maroc&start=25&f_TPR=r604800
[2026-03-20T10:32:09.674+0000] {scrapping_linkedin.py:243} INFO - [LinkedIn][Full Stack Developer] Session closed.
[2026-03-20T10:32:09.681+0000] {scrapping_linkedin.py:274} INFO - [LinkedIn] Merged 'Full Stack Developer' → 0 unique jobs (grand total: 235)
[2026-03-20T10:32:12.344+0000] {scrapping_linkedin.py:187} INFO - [LinkedIn][iOS Developer] Starting session...
[2026-03-20T10:32:15.033+0000] {scrapping_linkedin.py:234} INFO - [LinkedIn][Web Developer] +30 jobs (keyword total: 30)
[2026-03-20T10:32:17.510+0000] {scrapping_linkedin.py:205} INFO - [LinkedIn][Web Developer] Page 2 → https://www.linkedin.com/jobs/search/?keywords=Web%20Developer&location=Maroc&start=25&f_TPR=r604800
[2026-03-20T10:32:25.143+0000] {scrapping_linkedin.py:205} INFO - [LinkedIn][iOS Developer] Page 1 → https://www.linkedin.com/jobs/search/?keywords=iOS%20Developer&location=Maroc&start=0&f_TPR=r604800
[2026-03-20T10:32:28.953+0000] {scrapping_linkedin.py:234} INFO - [LinkedIn][Mobile Developer] +0 jobs (keyword total: 6)
[2026-03-20T10:32:29.318+0000] {scrapping_linkedin.py:234} INFO - [LinkedIn][Web Developer] +0 jobs (keyword total: 30)
[2026-03-20T10:32:31.172+0000] {scrapping_linkedin.py:205} INFO - [LinkedIn][Mobile Developer] Page 3 → https://www.linkedin.com/jobs/search/?keywords=Mobile%20Developer&location=Maroc&start=50&f_TPR=r604800
[2026-03-20T10:32:31.906+0000] {scrapping_linkedin.py:205} INFO - [LinkedIn][Web Developer] Page 3 → https://www.linkedin.com/jobs/search/?keywords=Web%20Developer&location=Maroc&start=50&f_TPR=r604800
[2026-03-20T10:32:41.482+0000] {scrapping_linkedin.py:234} INFO - [LinkedIn][Mobile Developer] +0 jobs (keyword total: 6)
[2026-03-20T10:32:41.498+0000] {scrapping_linkedin.py:234} INFO - [LinkedIn][iOS Developer] +24 jobs (keyword total: 24)
[2026-03-20T10:32:41.579+0000] {scrapping_linkedin.py:234} INFO - [LinkedIn][Web Developer] +0 jobs (keyword total: 30)
[2026-03-20T10:32:43.501+0000] {scrapping_linkedin.py:205} INFO - [LinkedIn][iOS Developer] Page 2 → https://www.linkedin.com/jobs/search/?keywords=iOS%20Developer&location=Maroc&start=25&f_TPR=r604800
[2026-03-20T10:32:43.942+0000] {scrapping_linkedin.py:243} INFO - [LinkedIn][Web Developer] Session closed.
[2026-03-20T10:32:43.947+0000] {scrapping_linkedin.py:274} INFO - [LinkedIn] Merged 'Web Developer' → 5 unique jobs (grand total: 240)
[2026-03-20T10:32:44.072+0000] {scrapping_linkedin.py:243} INFO - [LinkedIn][Mobile Developer] Session closed.
[2026-03-20T10:32:44.094+0000] {scrapping_linkedin.py:274} INFO - [LinkedIn] Merged 'Mobile Developer' → 0 unique jobs (grand total: 240)
[2026-03-20T10:32:59.083+0000] {scrapping_linkedin.py:234} INFO - [LinkedIn][iOS Developer] +0 jobs (keyword total: 24)
[2026-03-20T10:33:01.609+0000] {scrapping_linkedin.py:205} INFO - [LinkedIn][iOS Developer] Page 3 → https://www.linkedin.com/jobs/search/?keywords=iOS%20Developer&location=Maroc&start=50&f_TPR=r604800
[2026-03-20T10:33:10.791+0000] {scrapping_linkedin.py:234} INFO - [LinkedIn][iOS Developer] +0 jobs (keyword total: 24)
[2026-03-20T10:33:13.392+0000] {scrapping_linkedin.py:243} INFO - [LinkedIn][iOS Developer] Session closed.
[2026-03-20T10:33:13.398+0000] {scrapping_linkedin.py:274} INFO - [LinkedIn] Merged 'iOS Developer' → 0 unique jobs (grand total: 240)
[2026-03-20T10:33:21.613+0000] {scrapping_linkedin.py:187} INFO - [LinkedIn][Site Reliability Engineer] Starting session...
[2026-03-20T10:33:30.886+0000] {scrapping_linkedin.py:205} INFO - [LinkedIn][Site Reliability Engineer] Page 1 → https://www.linkedin.com/jobs/search/?keywords=Site%20Reliability%20Engineer&location=Maroc&start=0&f_TPR=r604800
[2026-03-20T10:33:42.776+0000] {scrapping_linkedin.py:234} INFO - [LinkedIn][Site Reliability Engineer] +52 jobs (keyword total: 52)
[2026-03-20T10:33:45.714+0000] {scrapping_linkedin.py:205} INFO - [LinkedIn][Site Reliability Engineer] Page 2 → https://www.linkedin.com/jobs/search/?keywords=Site%20Reliability%20Engineer&location=Maroc&start=25&f_TPR=r604800
[2026-03-20T10:33:50.574+0000] {scrapping_linkedin.py:187} INFO - [LinkedIn][DevOps Engineer] Starting session...
[2026-03-20T10:33:56.805+0000] {scrapping_linkedin.py:234} INFO - [LinkedIn][Site Reliability Engineer] +0 jobs (keyword total: 52)
[2026-03-20T10:33:59.081+0000] {scrapping_linkedin.py:205} INFO - [LinkedIn][Site Reliability Engineer] Page 3 → https://www.linkedin.com/jobs/search/?keywords=Site%20Reliability%20Engineer&location=Maroc&start=50&f_TPR=r604800
[2026-03-20T10:34:08.064+0000] {scrapping_linkedin.py:234} INFO - [LinkedIn][Site Reliability Engineer] +0 jobs (keyword total: 52)
[2026-03-20T10:34:08.689+0000] {scrapping_linkedin.py:205} INFO - [LinkedIn][DevOps Engineer] Page 1 → https://www.linkedin.com/jobs/search/?keywords=DevOps%20Engineer&location=Maroc&start=0&f_TPR=r604800
[2026-03-20T10:34:09.947+0000] {scrapping_linkedin.py:243} INFO - [LinkedIn][Site Reliability Engineer] Session closed.
[2026-03-20T10:34:09.957+0000] {scrapping_linkedin.py:274} INFO - [LinkedIn] Merged 'Site Reliability Engineer' → 13 unique jobs (grand total: 253)
[2026-03-20T10:34:19.162+0000] {scrapping_linkedin.py:234} INFO - [LinkedIn][DevOps Engineer] +18 jobs (keyword total: 18)
[2026-03-20T10:34:21.859+0000] {scrapping_linkedin.py:187} INFO - [LinkedIn][Cloud Engineer] Starting session...
[2026-03-20T10:34:22.017+0000] {scrapping_linkedin.py:205} INFO - [LinkedIn][DevOps Engineer] Page 2 → https://www.linkedin.com/jobs/search/?keywords=DevOps%20Engineer&location=Maroc&start=25&f_TPR=r604800
[2026-03-20T10:34:25.719+0000] {scrapping_linkedin.py:187} INFO - [LinkedIn][Platform Engineer] Starting session...
[2026-03-20T10:34:32.717+0000] {scrapping_linkedin.py:205} INFO - [LinkedIn][Cloud Engineer] Page 1 → https://www.linkedin.com/jobs/search/?keywords=Cloud%20Engineer&location=Maroc&start=0&f_TPR=r604800
[2026-03-20T10:34:32.918+0000] {scrapping_linkedin.py:234} INFO - [LinkedIn][DevOps Engineer] +0 jobs (keyword total: 18)
[2026-03-20T10:34:34.613+0000] {scrapping_linkedin.py:205} INFO - [LinkedIn][DevOps Engineer] Page 3 → https://www.linkedin.com/jobs/search/?keywords=DevOps%20Engineer&location=Maroc&start=50&f_TPR=r604800
[2026-03-20T10:34:35.500+0000] {scrapping_linkedin.py:205} INFO - [LinkedIn][Platform Engineer] Page 1 → https://www.linkedin.com/jobs/search/?keywords=Platform%20Engineer&location=Maroc&start=0&f_TPR=r604800
[2026-03-20T10:34:45.893+0000] {scrapping_linkedin.py:234} INFO - [LinkedIn][DevOps Engineer] +0 jobs (keyword total: 18)
[2026-03-20T10:34:47.001+0000] {scrapping_linkedin.py:234} INFO - [LinkedIn][Platform Engineer] +24 jobs (keyword total: 24)
[2026-03-20T10:34:48.285+0000] {scrapping_linkedin.py:243} INFO - [LinkedIn][DevOps Engineer] Session closed.
[2026-03-20T10:34:48.319+0000] {scrapping_linkedin.py:274} INFO - [LinkedIn] Merged 'DevOps Engineer' → 4 unique jobs (grand total: 257)
[2026-03-20T10:34:48.461+0000] {scrapping_linkedin.py:234} INFO - [LinkedIn][Cloud Engineer] +70 jobs (keyword total: 70)
[2026-03-20T10:34:49.608+0000] {scrapping_linkedin.py:205} INFO - [LinkedIn][Platform Engineer] Page 2 → https://www.linkedin.com/jobs/search/?keywords=Platform%20Engineer&location=Maroc&start=25&f_TPR=r604800
[2026-03-20T10:34:51.081+0000] {scrapping_linkedin.py:205} INFO - [LinkedIn][Cloud Engineer] Page 2 → https://www.linkedin.com/jobs/search/?keywords=Cloud%20Engineer&location=Maroc&start=25&f_TPR=r604800
[2026-03-20T10:35:00.045+0000] {scrapping_linkedin.py:234} INFO - [LinkedIn][Platform Engineer] +0 jobs (keyword total: 24)
[2026-03-20T10:35:02.120+0000] {scrapping_linkedin.py:205} INFO - [LinkedIn][Platform Engineer] Page 3 → https://www.linkedin.com/jobs/search/?keywords=Platform%20Engineer&location=Maroc&start=50&f_TPR=r604800
[2026-03-20T10:35:05.995+0000] {scrapping_linkedin.py:234} INFO - [LinkedIn][Cloud Engineer] +0 jobs (keyword total: 70)
[2026-03-20T10:35:07.941+0000] {scrapping_linkedin.py:205} INFO - [LinkedIn][Cloud Engineer] Page 3 → https://www.linkedin.com/jobs/search/?keywords=Cloud%20Engineer&location=Maroc&start=50&f_TPR=r604800
[2026-03-20T10:35:11.976+0000] {scrapping_linkedin.py:234} INFO - [LinkedIn][Platform Engineer] +0 jobs (keyword total: 24)
[2026-03-20T10:35:14.887+0000] {scrapping_linkedin.py:243} INFO - [LinkedIn][Platform Engineer] Session closed.
[2026-03-20T10:35:14.904+0000] {scrapping_linkedin.py:274} INFO - [LinkedIn] Merged 'Platform Engineer' → 0 unique jobs (grand total: 257)
[2026-03-20T10:35:15.962+0000] {scrapping_linkedin.py:187} INFO - [LinkedIn][Infrastructure Engineer] Starting session...
[2026-03-20T10:35:17.893+0000] {scrapping_linkedin.py:234} INFO - [LinkedIn][Cloud Engineer] +0 jobs (keyword total: 70)
[2026-03-20T10:35:20.296+0000] {scrapping_linkedin.py:243} INFO - [LinkedIn][Cloud Engineer] Session closed.
[2026-03-20T10:35:20.314+0000] {scrapping_linkedin.py:274} INFO - [LinkedIn] Merged 'Cloud Engineer' → 0 unique jobs (grand total: 257)
[2026-03-20T10:35:29.844+0000] {scrapping_linkedin.py:205} INFO - [LinkedIn][Infrastructure Engineer] Page 1 → https://www.linkedin.com/jobs/search/?keywords=Infrastructure%20Engineer&location=Maroc&start=0&f_TPR=r604800
[2026-03-20T10:35:46.158+0000] {scrapping_linkedin.py:234} INFO - [LinkedIn][Infrastructure Engineer] +15 jobs (keyword total: 15)
[2026-03-20T10:35:48.151+0000] {scrapping_linkedin.py:205} INFO - [LinkedIn][Infrastructure Engineer] Page 2 → https://www.linkedin.com/jobs/search/?keywords=Infrastructure%20Engineer&location=Maroc&start=25&f_TPR=r604800
[2026-03-20T10:35:56.327+0000] {scrapping_linkedin.py:187} INFO - [LinkedIn][Cloud Architect] Starting session...
[2026-03-20T10:36:07.657+0000] {scrapping_linkedin.py:234} INFO - [LinkedIn][Infrastructure Engineer] +0 jobs (keyword total: 15)
[2026-03-20T10:36:08.307+0000] {scrapping_linkedin.py:205} INFO - [LinkedIn][Cloud Architect] Page 1 → https://www.linkedin.com/jobs/search/?keywords=Cloud%20Architect&location=Maroc&start=0&f_TPR=r604800
[2026-03-20T10:36:09.947+0000] {scrapping_linkedin.py:205} INFO - [LinkedIn][Infrastructure Engineer] Page 3 → https://www.linkedin.com/jobs/search/?keywords=Infrastructure%20Engineer&location=Maroc&start=50&f_TPR=r604800
[2026-03-20T10:36:19.622+0000] {scrapping_linkedin.py:234} INFO - [LinkedIn][Infrastructure Engineer] +0 jobs (keyword total: 15)
[2026-03-20T10:36:21.982+0000] {scrapping_linkedin.py:243} INFO - [LinkedIn][Infrastructure Engineer] Session closed.
[2026-03-20T10:36:21.990+0000] {scrapping_linkedin.py:274} INFO - [LinkedIn] Merged 'Infrastructure Engineer' → 3 unique jobs (grand total: 260)
[2026-03-20T10:36:27.362+0000] {scrapping_linkedin.py:234} INFO - [LinkedIn][Cloud Architect] +12 jobs (keyword total: 12)
[2026-03-20T10:36:30.076+0000] {scrapping_linkedin.py:205} INFO - [LinkedIn][Cloud Architect] Page 2 → https://www.linkedin.com/jobs/search/?keywords=Cloud%20Architect&location=Maroc&start=25&f_TPR=r604800
[2026-03-20T10:36:38.894+0000] {scrapping_linkedin.py:234} INFO - [LinkedIn][Cloud Architect] +0 jobs (keyword total: 12)
[2026-03-20T10:36:41.232+0000] {scrapping_linkedin.py:205} INFO - [LinkedIn][Cloud Architect] Page 3 → https://www.linkedin.com/jobs/search/?keywords=Cloud%20Architect&location=Maroc&start=50&f_TPR=r604800
[2026-03-20T10:36:52.512+0000] {scrapping_linkedin.py:234} INFO - [LinkedIn][Cloud Architect] +0 jobs (keyword total: 12)
[2026-03-20T10:36:56.041+0000] {scrapping_linkedin.py:243} INFO - [LinkedIn][Cloud Architect] Session closed.
[2026-03-20T10:36:56.071+0000] {scrapping_linkedin.py:274} INFO - [LinkedIn] Merged 'Cloud Architect' → 5 unique jobs (grand total: 265)
[2026-03-20T10:36:58.582+0000] {scrapping_linkedin.py:187} INFO - [LinkedIn][Cybersecurity Engineer] Starting session...
[2026-03-20T10:37:07.730+0000] {scrapping_linkedin.py:205} INFO - [LinkedIn][Cybersecurity Engineer] Page 1 → https://www.linkedin.com/jobs/search/?keywords=Cybersecurity%20Engineer&location=Maroc&start=0&f_TPR=r604800
[2026-03-20T10:37:19.026+0000] {scrapping_linkedin.py:187} INFO - [LinkedIn][Kubernetes Engineer] Starting session...
[2026-03-20T10:37:21.445+0000] {scrapping_linkedin.py:234} INFO - [LinkedIn][Cybersecurity Engineer] +9 jobs (keyword total: 9)
[2026-03-20T10:37:23.808+0000] {scrapping_linkedin.py:205} INFO - [LinkedIn][Cybersecurity Engineer] Page 2 → https://www.linkedin.com/jobs/search/?keywords=Cybersecurity%20Engineer&location=Maroc&start=25&f_TPR=r604800
[2026-03-20T10:37:24.930+0000] {scrapping_linkedin.py:205} INFO - [LinkedIn][Kubernetes Engineer] Page 1 → https://www.linkedin.com/jobs/search/?keywords=Kubernetes%20Engineer&location=Maroc&start=0&f_TPR=r604800
[2026-03-20T10:37:31.705+0000] {scrapping_linkedin.py:234} INFO - [LinkedIn][Cybersecurity Engineer] +0 jobs (keyword total: 9)
[2026-03-20T10:37:33.828+0000] {scrapping_linkedin.py:205} INFO - [LinkedIn][Cybersecurity Engineer] Page 3 → https://www.linkedin.com/jobs/search/?keywords=Cybersecurity%20Engineer&location=Maroc&start=50&f_TPR=r604800
[2026-03-20T10:37:35.655+0000] {scrapping_linkedin.py:234} INFO - [LinkedIn][Kubernetes Engineer] +17 jobs (keyword total: 17)
[2026-03-20T10:37:38.440+0000] {scrapping_linkedin.py:205} INFO - [LinkedIn][Kubernetes Engineer] Page 2 → https://www.linkedin.com/jobs/search/?keywords=Kubernetes%20Engineer&location=Maroc&start=25&f_TPR=r604800
[2026-03-20T10:37:38.750+0000] {scrapping_linkedin.py:187} INFO - [LinkedIn][Penetration Tester] Starting session...
[2026-03-20T10:37:44.182+0000] {scrapping_linkedin.py:234} INFO - [LinkedIn][Cybersecurity Engineer] +0 jobs (keyword total: 9)
[2026-03-20T10:37:46.804+0000] {scrapping_linkedin.py:243} INFO - [LinkedIn][Cybersecurity Engineer] Session closed.
[2026-03-20T10:37:46.812+0000] {scrapping_linkedin.py:274} INFO - [LinkedIn] Merged 'Cybersecurity Engineer' → 7 unique jobs (grand total: 272)
[2026-03-20T10:37:49.493+0000] {scrapping_linkedin.py:205} INFO - [LinkedIn][Penetration Tester] Page 1 → https://www.linkedin.com/jobs/search/?keywords=Penetration%20Tester&location=Maroc&start=0&f_TPR=r604800
[2026-03-20T10:37:50.359+0000] {scrapping_linkedin.py:234} INFO - [LinkedIn][Kubernetes Engineer] +0 jobs (keyword total: 17)
[2026-03-20T10:37:52.678+0000] {scrapping_linkedin.py:205} INFO - [LinkedIn][Kubernetes Engineer] Page 3 → https://www.linkedin.com/jobs/search/?keywords=Kubernetes%20Engineer&location=Maroc&start=50&f_TPR=r604800
[2026-03-20T10:37:59.859+0000] {scrapping_linkedin.py:234} INFO - [LinkedIn][Penetration Tester] +4 jobs (keyword total: 4)
[2026-03-20T10:38:02.045+0000] {scrapping_linkedin.py:234} INFO - [LinkedIn][Kubernetes Engineer] +0 jobs (keyword total: 17)
[2026-03-20T10:38:02.441+0000] {scrapping_linkedin.py:205} INFO - [LinkedIn][Penetration Tester] Page 2 → https://www.linkedin.com/jobs/search/?keywords=Penetration%20Tester&location=Maroc&start=25&f_TPR=r604800
[2026-03-20T10:38:04.577+0000] {scrapping_linkedin.py:243} INFO - [LinkedIn][Kubernetes Engineer] Session closed.
[2026-03-20T10:38:04.600+0000] {scrapping_linkedin.py:274} INFO - [LinkedIn] Merged 'Kubernetes Engineer' → 0 unique jobs (grand total: 272)
[2026-03-20T10:38:23.109+0000] {scrapping_linkedin.py:234} INFO - [LinkedIn][Penetration Tester] +0 jobs (keyword total: 4)
[2026-03-20T10:38:25.024+0000] {local_task_job_runner.py:346} WARNING - State of this instance has been externally set to queued. Terminating instance.
[2026-03-20T10:38:25.356+0000] {local_task_job_runner.py:245} INFO - ::endgroup::
[2026-03-20T10:38:25.415+0000] {process_utils.py:132} INFO - Sending 15 to group 249. PIDs of all processes in the group: [249]
[2026-03-20T10:38:25.477+0000] {process_utils.py:87} INFO - Sending the signal 15 to group 249
[2026-03-20T10:38:25.491+0000] {taskinstance.py:3093} ERROR - Received SIGTERM. Terminating subprocesses.
[2026-03-20T10:38:25.946+0000] {scrapping_linkedin.py:205} INFO - [LinkedIn][Penetration Tester] Page 3 → https://www.linkedin.com/jobs/search/?keywords=Penetration%20Tester&location=Maroc&start=50&f_TPR=r604800
[2026-03-20T10:38:25.989+0000] {scrapping_linkedin.py:187} INFO - [LinkedIn][Ethical Hacker] Starting session...
[2026-03-20T10:38:35.935+0000] {scrapping_linkedin.py:234} INFO - [LinkedIn][Penetration Tester] +0 jobs (keyword total: 4)
[2026-03-20T10:38:36.620+0000] {scrapping_linkedin.py:205} INFO - [LinkedIn][Ethical Hacker] Page 1 → https://www.linkedin.com/jobs/search/?keywords=Ethical%20Hacker&location=Maroc&start=0&f_TPR=r604800
[2026-03-20T10:38:39.072+0000] {scrapping_linkedin.py:243} INFO - [LinkedIn][Penetration Tester] Session closed.
[2026-03-20T10:38:48.572+0000] {scrapping_linkedin.py:234} INFO - [LinkedIn][Ethical Hacker] +4 jobs (keyword total: 4)
[2026-03-20T10:38:50.990+0000] {scrapping_linkedin.py:205} INFO - [LinkedIn][Ethical Hacker] Page 2 → https://www.linkedin.com/jobs/search/?keywords=Ethical%20Hacker&location=Maroc&start=25&f_TPR=r604800
[2026-03-20T10:38:59.224+0000] {scrapping_linkedin.py:234} INFO - [LinkedIn][Ethical Hacker] +0 jobs (keyword total: 4)
[2026-03-20T10:39:00.939+0000] {scrapping_linkedin.py:205} INFO - [LinkedIn][Ethical Hacker] Page 3 → https://www.linkedin.com/jobs/search/?keywords=Ethical%20Hacker&location=Maroc&start=50&f_TPR=r604800
[2026-03-20T10:39:10.200+0000] {scrapping_linkedin.py:234} INFO - [LinkedIn][Ethical Hacker] +0 jobs (keyword total: 4)
[2026-03-20T10:39:12.492+0000] {scrapping_linkedin.py:243} INFO - [LinkedIn][Ethical Hacker] Session closed.
[2026-03-20T10:39:14.449+0000] {scrapping_linkedin.py:187} INFO - [LinkedIn][SOC Analyst] Starting session...
[2026-03-20T10:39:25.504+0000] {process_utils.py:150} WARNING - process psutil.Process(pid=249, name='airflow task ru', status='sleeping', started='10:22:31') did not respond to SIGTERM. Trying SIGKILL
[2026-03-20T10:39:25.523+0000] {process_utils.py:87} INFO - Sending the signal 9 to group 249
[2026-03-20T10:39:25.674+0000] {process_utils.py:80} INFO - Process psutil.Process(pid=249, name='airflow task ru', status='terminated', exitcode=<Negsignal.SIGKILL: -9>, started='10:22:31') (249) terminated with exit code -9
[2026-03-20T10:39:25.701+0000] {standard_task_runner.py:190} ERROR - ('Job 5 was killed before it finished (likely due to running out of memory)', 'For more information, see https://airflow.apache.org/docs/apache-airflow/stable/troubleshooting.html#LocalTaskJob-killed')
