[2026-03-20T10:38:30.172+0000] {local_task_job_runner.py:123} INFO - ::group::Pre task execution logs
[2026-03-20T10:38:30.267+0000] {taskinstance.py:2613} INFO - Dependencies all met for dep_context=non-requeueable deps ti=<TaskInstance: daily_job_scraping.extract_linkedin manual__2026-03-20T10:22:21.869345+00:00 [queued]>
[2026-03-20T10:38:30.306+0000] {taskinstance.py:2613} INFO - Dependencies all met for dep_context=requeueable deps ti=<TaskInstance: daily_job_scraping.extract_linkedin manual__2026-03-20T10:22:21.869345+00:00 [queued]>
[2026-03-20T10:38:30.323+0000] {taskinstance.py:2866} INFO - Starting attempt 2 of 4
[2026-03-20T10:38:30.406+0000] {taskinstance.py:2889} INFO - Executing <Task(PythonOperator): extract_linkedin> on 2026-03-20 10:22:21.869345+00:00
[2026-03-20T10:38:30.476+0000] {standard_task_runner.py:72} INFO - Started process 438 to run task
[2026-03-20T10:38:30.490+0000] {standard_task_runner.py:104} INFO - Running: ['airflow', 'tasks', 'run', 'daily_job_scraping', 'extract_linkedin', 'manual__2026-03-20T10:22:21.869345+00:00', '--job-id', '6', '--raw', '--subdir', 'DAGS_FOLDER/job_scraping_dag.py', '--cfg-path', '/tmp/tmpcoob3a_p']
[2026-03-20T10:38:30.506+0000] {standard_task_runner.py:105} INFO - Job 6: Subtask extract_linkedin
[2026-03-20T10:38:30.872+0000] {task_command.py:467} INFO - Running <TaskInstance: daily_job_scraping.extract_linkedin manual__2026-03-20T10:22:21.869345+00:00 [running]> on host 696af1b356a2
[2026-03-20T10:38:31.542+0000] {taskinstance.py:3132} INFO - Exporting env vars: AIRFLOW_CTX_DAG_OWNER='job_intelligent' AIRFLOW_CTX_DAG_ID='daily_job_scraping' AIRFLOW_CTX_TASK_ID='extract_linkedin' AIRFLOW_CTX_EXECUTION_DATE='2026-03-20T10:22:21.869345+00:00' AIRFLOW_CTX_TRY_NUMBER='2' AIRFLOW_CTX_DAG_RUN_ID='manual__2026-03-20T10:22:21.869345+00:00'
[2026-03-20T10:38:31.549+0000] {taskinstance.py:731} INFO - ::endgroup::
[2026-03-20T10:38:31.773+0000] {job_scraping_dag.py:43} INFO - [DAG] Starting LinkedIn extraction...
[2026-03-20T10:38:31.776+0000] {scrapping_linkedin.py:259} INFO - [LinkedIn] Starting 68 keywords with 4 parallel workers | SELENIUM_URL=http://selenium:4444/wd/hub
[2026-03-20T10:39:26.625+0000] {local_task_job_runner.py:346} WARNING - State of this instance has been externally set to restarting. Terminating instance.
[2026-03-20T10:39:26.639+0000] {local_task_job_runner.py:245} INFO - ::endgroup::
[2026-03-20T10:39:26.664+0000] {process_utils.py:132} INFO - Sending 15 to group 438. PIDs of all processes in the group: [438]
[2026-03-20T10:39:26.667+0000] {process_utils.py:87} INFO - Sending the signal 15 to group 438
[2026-03-20T10:39:26.672+0000] {taskinstance.py:3093} ERROR - Received SIGTERM. Terminating subprocesses.
[2026-03-20T10:40:26.697+0000] {process_utils.py:150} WARNING - process psutil.Process(pid=438, name='airflow task ru', status='sleeping', started='10:38:29') did not respond to SIGTERM. Trying SIGKILL
[2026-03-20T10:40:26.702+0000] {process_utils.py:87} INFO - Sending the signal 9 to group 438
[2026-03-20T10:40:26.732+0000] {process_utils.py:80} INFO - Process psutil.Process(pid=438, name='airflow task ru', status='terminated', exitcode=<Negsignal.SIGKILL: -9>, started='10:38:29') (438) terminated with exit code -9
[2026-03-20T10:40:26.735+0000] {standard_task_runner.py:190} ERROR - ('Job 6 was killed before it finished (likely due to running out of memory)', 'For more information, see https://airflow.apache.org/docs/apache-airflow/stable/troubleshooting.html#LocalTaskJob-killed')
