[2026-03-21T15:48:26.401+0000] {local_task_job_runner.py:123} INFO - ::group::Pre task execution logs
[2026-03-21T15:48:26.462+0000] {taskinstance.py:2613} INFO - Dependencies all met for dep_context=non-requeueable deps ti=<TaskInstance: daily_job_scraping.extract_linkedin manual__2026-03-20T10:22:21.869345+00:00 [queued]>
[2026-03-21T15:48:27.137+0000] {taskinstance.py:2613} INFO - Dependencies all met for dep_context=requeueable deps ti=<TaskInstance: daily_job_scraping.extract_linkedin manual__2026-03-20T10:22:21.869345+00:00 [queued]>
[2026-03-21T15:48:27.140+0000] {taskinstance.py:2866} INFO - Starting attempt 4 of 5
[2026-03-21T15:48:27.184+0000] {taskinstance.py:2889} INFO - Executing <Task(PythonOperator): extract_linkedin> on 2026-03-20 10:22:21.869345+00:00
[2026-03-21T15:48:27.219+0000] {standard_task_runner.py:72} INFO - Started process 201 to run task
[2026-03-21T15:48:27.237+0000] {standard_task_runner.py:104} INFO - Running: ['airflow', 'tasks', 'run', 'daily_job_scraping', 'extract_linkedin', 'manual__2026-03-20T10:22:21.869345+00:00', '--job-id', '22', '--raw', '--subdir', 'DAGS_FOLDER/job_scraping_dag.py', '--cfg-path', '/tmp/tmpawypc45l']
[2026-03-21T15:48:27.251+0000] {standard_task_runner.py:105} INFO - Job 22: Subtask extract_linkedin
[2026-03-21T15:48:27.499+0000] {task_command.py:467} INFO - Running <TaskInstance: daily_job_scraping.extract_linkedin manual__2026-03-20T10:22:21.869345+00:00 [running]> on host 696af1b356a2
[2026-03-21T15:48:27.999+0000] {taskinstance.py:3132} INFO - Exporting env vars: AIRFLOW_CTX_DAG_OWNER='job_intelligent' AIRFLOW_CTX_DAG_ID='daily_job_scraping' AIRFLOW_CTX_TASK_ID='extract_linkedin' AIRFLOW_CTX_EXECUTION_DATE='2026-03-20T10:22:21.869345+00:00' AIRFLOW_CTX_TRY_NUMBER='4' AIRFLOW_CTX_DAG_RUN_ID='manual__2026-03-20T10:22:21.869345+00:00'
[2026-03-21T15:48:28.009+0000] {taskinstance.py:731} INFO - ::endgroup::
[2026-03-21T15:48:28.109+0000] {job_scraping_dag.py:43} INFO - [DAG] Starting LinkedIn extraction...
[2026-03-21T15:48:28.114+0000] {scrapping_linkedin.py:202} INFO - [LinkedIn] Starting 10 keywords with 3 parallel workers | SELENIUM_URL=http://selenium:4444/wd/hub
[2026-03-21T15:48:36.780+0000] {scrapping_linkedin.py:138} INFO - [LinkedIn][Data Engineer] Starting session...
[2026-03-21T15:48:36.782+0000] {scrapping_linkedin.py:138} INFO - [LinkedIn][Data Analyst] Starting session...
[2026-03-21T15:48:36.791+0000] {scrapping_linkedin.py:138} INFO - [LinkedIn][Data Scientist] Starting session...
[2026-03-21T15:48:49.157+0000] {scrapping_linkedin.py:155} INFO - [LinkedIn][Data Scientist] Page 1 → https://www.linkedin.com/jobs/search/?keywords=Data%20Scientist&location=Maroc&start=0&f_TPR=r604800
[2026-03-21T15:48:49.858+0000] {scrapping_linkedin.py:155} INFO - [LinkedIn][Data Engineer] Page 1 → https://www.linkedin.com/jobs/search/?keywords=Data%20Engineer&location=Maroc&start=0&f_TPR=r604800
[2026-03-21T15:48:58.454+0000] {scrapping_linkedin.py:155} INFO - [LinkedIn][Data Analyst] Page 1 → https://www.linkedin.com/jobs/search/?keywords=Data%20Analyst&location=Maroc&start=0&f_TPR=r604800
[2026-03-21T15:49:32.598+0000] {scrapping_linkedin.py:182} INFO - [LinkedIn][Data Engineer] +60 jobs (keyword total: 60)
[2026-03-21T15:49:35.172+0000] {scrapping_linkedin.py:155} INFO - [LinkedIn][Data Engineer] Page 2 → https://www.linkedin.com/jobs/search/?keywords=Data%20Engineer&location=Maroc&start=25&f_TPR=r604800
[2026-03-21T15:49:57.927+0000] {scrapping_linkedin.py:182} INFO - [LinkedIn][Data Engineer] +0 jobs (keyword total: 60)
[2026-03-21T15:50:00.244+0000] {scrapping_linkedin.py:191} INFO - [LinkedIn][Data Engineer] Session closed.
[2026-03-21T15:50:00.256+0000] {scrapping_linkedin.py:217} INFO - [LinkedIn] Merged 'Data Engineer' → 60 unique jobs (grand total: 60)
[2026-03-21T15:50:55.238+0000] {scrapping_linkedin.py:182} INFO - [LinkedIn][Data Scientist] +60 jobs (keyword total: 60)
[2026-03-21T15:50:56.812+0000] {scrapping_linkedin.py:155} INFO - [LinkedIn][Data Scientist] Page 2 → https://www.linkedin.com/jobs/search/?keywords=Data%20Scientist&location=Maroc&start=25&f_TPR=r604800
[2026-03-21T15:51:25.992+0000] {scrapping_linkedin.py:182} INFO - [LinkedIn][Data Analyst] +60 jobs (keyword total: 60)
[2026-03-21T15:51:27.520+0000] {scrapping_linkedin.py:155} INFO - [LinkedIn][Data Analyst] Page 2 → https://www.linkedin.com/jobs/search/?keywords=Data%20Analyst&location=Maroc&start=25&f_TPR=r604800
[2026-03-21T15:52:03.587+0000] {local_task_job_runner.py:346} WARNING - State of this instance has been externally set to None. Terminating instance.
[2026-03-21T15:52:03.591+0000] {local_task_job_runner.py:245} INFO - ::endgroup::
[2026-03-21T15:52:03.595+0000] {process_utils.py:132} INFO - Sending 15 to group 201. PIDs of all processes in the group: [201]
[2026-03-21T15:52:03.596+0000] {process_utils.py:87} INFO - Sending the signal 15 to group 201
[2026-03-21T15:52:03.598+0000] {taskinstance.py:3093} ERROR - Received SIGTERM. Terminating subprocesses.
[2026-03-21T15:52:12.563+0000] {scrapping_linkedin.py:187} ERROR - [LinkedIn][Data Analyst] Unexpected error: Message: unknown error: net::ERR_CONNECTION_CLOSED
  (Session info: chrome=145.0.7632.116)
Stacktrace:
#0 0x5e9530493b6a <unknown>
#1 0x5e952fea6a32 <unknown>
#2 0x5e952fe9d7ba <unknown>
#3 0x5e952fe8e481 <unknown>
#4 0x5e952fe9027c <unknown>
#5 0x5e952fe8e979 <unknown>
#6 0x5e952fe8e065 <unknown>
#7 0x5e952fe8dc16 <unknown>
#8 0x5e952fe8b731 <unknown>
#9 0x5e952fe8bf80 <unknown>
#10 0x5e952feaa41d <unknown>
#11 0x5e952ff44feb <unknown>
#12 0x5e952ff44369 <unknown>
#13 0x5e952feedc0f <unknown>
#14 0x5e952feee9d1 <unknown>
#15 0x5e95304586b9 <unknown>
#16 0x5e953045b5c1 <unknown>
#17 0x5e9530444e29 <unknown>
#18 0x5e953045c17e <unknown>
#19 0x5e953042b4b0 <unknown>
#20 0x5e9530480578 <unknown>
#21 0x5e953048074b <unknown>
#22 0x5e95304921a3 <unknown>
#23 0x7b1849586aa4 <unknown>
#24 0x7b1849613a64 __clone

[2026-03-21T15:52:12.678+0000] {scrapping_linkedin.py:191} INFO - [LinkedIn][Data Analyst] Session closed.
[2026-03-21T15:52:32.894+0000] {scrapping_linkedin.py:182} INFO - [LinkedIn][Data Scientist] +0 jobs (keyword total: 60)
[2026-03-21T15:52:34.880+0000] {scrapping_linkedin.py:191} INFO - [LinkedIn][Data Scientist] Session closed.
[2026-03-21T15:53:03.606+0000] {process_utils.py:150} WARNING - process psutil.Process(pid=201, name='airflow task ru', status='sleeping', started='15:48:26') did not respond to SIGTERM. Trying SIGKILL
[2026-03-21T15:53:03.610+0000] {process_utils.py:87} INFO - Sending the signal 9 to group 201
[2026-03-21T15:53:03.665+0000] {process_utils.py:80} INFO - Process psutil.Process(pid=201, name='airflow task ru', status='terminated', exitcode=<Negsignal.SIGKILL: -9>, started='15:48:26') (201) terminated with exit code -9
[2026-03-21T15:53:03.668+0000] {standard_task_runner.py:190} ERROR - ('Job 22 was killed before it finished (likely due to running out of memory)', 'For more information, see https://airflow.apache.org/docs/apache-airflow/stable/troubleshooting.html#LocalTaskJob-killed')
