[2026-03-20T10:39:45.821+0000] {local_task_job_runner.py:123} INFO - ::group::Pre task execution logs
[2026-03-20T10:39:45.856+0000] {taskinstance.py:2613} INFO - Dependencies all met for dep_context=non-requeueable deps ti=<TaskInstance: daily_job_scraping.extract_linkedin manual__2026-03-20T10:22:21.869345+00:00 [queued]>
[2026-03-20T10:39:45.872+0000] {taskinstance.py:2613} INFO - Dependencies all met for dep_context=requeueable deps ti=<TaskInstance: daily_job_scraping.extract_linkedin manual__2026-03-20T10:22:21.869345+00:00 [queued]>
[2026-03-20T10:39:45.875+0000] {taskinstance.py:2866} INFO - Starting attempt 3 of 5
[2026-03-20T10:39:45.904+0000] {taskinstance.py:2889} INFO - Executing <Task(PythonOperator): extract_linkedin> on 2026-03-20 10:22:21.869345+00:00
[2026-03-20T10:39:45.918+0000] {standard_task_runner.py:72} INFO - Started process 472 to run task
[2026-03-20T10:39:45.927+0000] {standard_task_runner.py:104} INFO - Running: ['airflow', 'tasks', 'run', 'daily_job_scraping', 'extract_linkedin', 'manual__2026-03-20T10:22:21.869345+00:00', '--job-id', '9', '--raw', '--subdir', 'DAGS_FOLDER/job_scraping_dag.py', '--cfg-path', '/tmp/tmpfso78umv']
[2026-03-20T10:39:45.935+0000] {standard_task_runner.py:105} INFO - Job 9: Subtask extract_linkedin
[2026-03-20T10:39:46.099+0000] {task_command.py:467} INFO - Running <TaskInstance: daily_job_scraping.extract_linkedin manual__2026-03-20T10:22:21.869345+00:00 [running]> on host 696af1b356a2
[2026-03-20T10:39:46.351+0000] {taskinstance.py:3132} INFO - Exporting env vars: AIRFLOW_CTX_DAG_OWNER='job_intelligent' AIRFLOW_CTX_DAG_ID='daily_job_scraping' AIRFLOW_CTX_TASK_ID='extract_linkedin' AIRFLOW_CTX_EXECUTION_DATE='2026-03-20T10:22:21.869345+00:00' AIRFLOW_CTX_TRY_NUMBER='3' AIRFLOW_CTX_DAG_RUN_ID='manual__2026-03-20T10:22:21.869345+00:00'
[2026-03-20T10:39:46.357+0000] {taskinstance.py:731} INFO - ::endgroup::
[2026-03-20T10:39:46.439+0000] {job_scraping_dag.py:43} INFO - [DAG] Starting LinkedIn extraction...
[2026-03-20T10:39:46.448+0000] {scrapping_linkedin.py:259} INFO - [LinkedIn] Starting 68 keywords with 4 parallel workers | SELENIUM_URL=http://selenium:4444/wd/hub
[2026-03-20T10:43:45.031+0000] {scrapping_linkedin.py:187} INFO - [LinkedIn][Data Analyst] Starting session...
[2026-03-20T10:43:55.190+0000] {scrapping_linkedin.py:205} INFO - [LinkedIn][Data Analyst] Page 1 → https://www.linkedin.com/jobs/search/?keywords=Data%20Analyst&location=Maroc&start=0&f_TPR=r604800
[2026-03-20T10:44:05.009+0000] {scrapping_linkedin.py:234} INFO - [LinkedIn][Data Analyst] +70 jobs (keyword total: 70)
[2026-03-20T10:44:07.711+0000] {scrapping_linkedin.py:205} INFO - [LinkedIn][Data Analyst] Page 2 → https://www.linkedin.com/jobs/search/?keywords=Data%20Analyst&location=Maroc&start=25&f_TPR=r604800
[2026-03-20T10:44:16.346+0000] {scrapping_linkedin.py:234} INFO - [LinkedIn][Data Analyst] +6 jobs (keyword total: 76)
[2026-03-20T10:44:19.056+0000] {scrapping_linkedin.py:205} INFO - [LinkedIn][Data Analyst] Page 3 → https://www.linkedin.com/jobs/search/?keywords=Data%20Analyst&location=Maroc&start=50&f_TPR=r604800
[2026-03-20T10:44:27.457+0000] {scrapping_linkedin.py:234} INFO - [LinkedIn][Data Analyst] +0 jobs (keyword total: 76)
[2026-03-20T10:44:28.924+0000] {scrapping_linkedin.py:187} INFO - [LinkedIn][Machine Learning Engineer] Starting session...
[2026-03-20T10:44:30.704+0000] {scrapping_linkedin.py:243} INFO - [LinkedIn][Data Analyst] Session closed.
[2026-03-20T10:44:30.718+0000] {scrapping_linkedin.py:274} INFO - [LinkedIn] Merged 'Data Analyst' → 76 unique jobs (grand total: 76)
[2026-03-20T10:44:32.641+0000] {scrapping_linkedin.py:187} INFO - [LinkedIn][Data Scientist] Starting session...
[2026-03-20T10:44:37.343+0000] {scrapping_linkedin.py:205} INFO - [LinkedIn][Machine Learning Engineer] Page 1 → https://www.linkedin.com/jobs/search/?keywords=Machine%20Learning%20Engineer&location=Maroc&start=0&f_TPR=r604800
[2026-03-20T10:44:41.654+0000] {scrapping_linkedin.py:205} INFO - [LinkedIn][Data Scientist] Page 1 → https://www.linkedin.com/jobs/search/?keywords=Data%20Scientist&location=Maroc&start=0&f_TPR=r604800
[2026-03-20T10:44:46.458+0000] {scrapping_linkedin.py:279} ERROR - [LinkedIn] Worker failed for 'Data Engineer': Message: Could not start a new session. New session request timed out 
Host info: host: '11358a567dae', ip: '172.24.0.2'
Build info: version: '4.41.0', revision: '9fc754f90a'
System info: os.name: 'Linux', os.arch: 'amd64', os.version: '6.6.87.2-microsoft-standard-WSL2', java.version: '21.0.10'
Driver info: driver.version: unknown
Stacktrace:
    at org.openqa.selenium.grid.sessionqueue.local.LocalNewSessionQueue.addToQueue (LocalNewSessionQueue.java:226)
    at org.openqa.selenium.grid.sessionqueue.NewSessionQueue.lambda$new$0 (NewSessionQueue.java:68)
    at org.openqa.selenium.remote.http.Route$TemplatizedRoute.handle (Route.java:192)
    at org.openqa.selenium.remote.http.Route.execute (Route.java:69)
    at org.openqa.selenium.remote.http.Route$CombinedRoute.handle (Route.java:361)
    at org.openqa.selenium.remote.http.Route.execute (Route.java:69)
    at org.openqa.selenium.grid.sessionqueue.NewSessionQueue.execute (NewSessionQueue.java:128)
    at org.openqa.selenium.remote.tracing.SpanWrappedHttpHandler.execute (SpanWrappedHttpHandler.java:87)
    at org.openqa.selenium.remote.http.Filter$1.execute (Filter.java:63)
    at org.openqa.selenium.remote.http.Route$CombinedRoute.handle (Route.java:361)
    at org.openqa.selenium.remote.http.Route.execute (Route.java:69)
    at org.openqa.selenium.grid.router.Router.execute (Router.java:89)
    at org.openqa.selenium.grid.web.EnsureSpecCompliantResponseHeaders.lambda$apply$0 (EnsureSpecCompliantResponseHeaders.java:34)
    at org.openqa.selenium.remote.http.Filter$1.execute (Filter.java:63)
    at org.openqa.selenium.remote.http.Route$CombinedRoute.handle (Route.java:361)
    at org.openqa.selenium.remote.http.Route.execute (Route.java:69)
    at org.openqa.selenium.remote.http.Route$NestedRoute.handle (Route.java:271)
    at org.openqa.selenium.remote.http.Route.execute (Route.java:69)
    at org.openqa.selenium.remote.http.Route$CombinedRoute.handle (Route.java:361)
    at org.openqa.selenium.remote.http.Route.execute (Route.java:69)
    at org.openqa.selenium.remote.AddWebDriverSpecHeaders.lambda$apply$0 (AddWebDriverSpecHeaders.java:35)
    at org.openqa.selenium.remote.ErrorFilter.lambda$apply$0 (ErrorFilter.java:44)
    at org.openqa.selenium.remote.http.Filter$1.execute (Filter.java:63)
    at org.openqa.selenium.remote.ErrorFilter.lambda$apply$0 (ErrorFilter.java:44)
    at org.openqa.selenium.remote.http.Filter$1.execute (Filter.java:63)
    at org.openqa.selenium.netty.server.SeleniumHandler.lambda$channelRead0$0 (SeleniumHandler.java:49)
    at java.util.concurrent.Executors$RunnableAdapter.call (Executors.java:572)
    at java.util.concurrent.FutureTask.run (FutureTask.java:317)
    at java.util.concurrent.ThreadPoolExecutor.runWorker (ThreadPoolExecutor.java:1144)
    at java.util.concurrent.ThreadPoolExecutor$Worker.run (ThreadPoolExecutor.java:642)
    at java.lang.Thread.run (Thread.java:1583)
[2026-03-20T10:44:47.856+0000] {scrapping_linkedin.py:234} INFO - [LinkedIn][Machine Learning Engineer] +54 jobs (keyword total: 54)
[2026-03-20T10:44:49.659+0000] {scrapping_linkedin.py:205} INFO - [LinkedIn][Machine Learning Engineer] Page 2 → https://www.linkedin.com/jobs/search/?keywords=Machine%20Learning%20Engineer&location=Maroc&start=25&f_TPR=r604800
[2026-03-20T10:44:51.937+0000] {scrapping_linkedin.py:234} INFO - [LinkedIn][Data Scientist] +60 jobs (keyword total: 60)
[2026-03-20T10:44:54.135+0000] {scrapping_linkedin.py:205} INFO - [LinkedIn][Data Scientist] Page 2 → https://www.linkedin.com/jobs/search/?keywords=Data%20Scientist&location=Maroc&start=25&f_TPR=r604800
[2026-03-20T10:44:58.033+0000] {scrapping_linkedin.py:234} INFO - [LinkedIn][Machine Learning Engineer] +0 jobs (keyword total: 54)
[2026-03-20T10:45:00.710+0000] {scrapping_linkedin.py:205} INFO - [LinkedIn][Machine Learning Engineer] Page 3 → https://www.linkedin.com/jobs/search/?keywords=Machine%20Learning%20Engineer&location=Maroc&start=50&f_TPR=r604800
[2026-03-20T10:45:06.769+0000] {scrapping_linkedin.py:187} INFO - [LinkedIn][AI Engineer] Starting session...
[2026-03-20T10:45:06.839+0000] {scrapping_linkedin.py:234} INFO - [LinkedIn][Data Scientist] +8 jobs (keyword total: 68)
[2026-03-20T10:45:08.884+0000] {scrapping_linkedin.py:205} INFO - [LinkedIn][Data Scientist] Page 3 → https://www.linkedin.com/jobs/search/?keywords=Data%20Scientist&location=Maroc&start=50&f_TPR=r604800
[2026-03-20T10:45:11.660+0000] {scrapping_linkedin.py:234} INFO - [LinkedIn][Machine Learning Engineer] +0 jobs (keyword total: 54)
[2026-03-20T10:45:14.067+0000] {scrapping_linkedin.py:243} INFO - [LinkedIn][Machine Learning Engineer] Session closed.
[2026-03-20T10:45:14.077+0000] {scrapping_linkedin.py:274} INFO - [LinkedIn] Merged 'Machine Learning Engineer' → 45 unique jobs (grand total: 121)
[2026-03-20T10:45:16.359+0000] {scrapping_linkedin.py:187} INFO - [LinkedIn][Deep Learning Engineer] Starting session...
[2026-03-20T10:45:17.917+0000] {scrapping_linkedin.py:205} INFO - [LinkedIn][AI Engineer] Page 1 → https://www.linkedin.com/jobs/search/?keywords=AI%20Engineer&location=Maroc&start=0&f_TPR=r604800
[2026-03-20T10:45:20.937+0000] {scrapping_linkedin.py:234} INFO - [LinkedIn][Data Scientist] +0 jobs (keyword total: 68)
[2026-03-20T10:45:22.673+0000] {scrapping_linkedin.py:243} INFO - [LinkedIn][Data Scientist] Session closed.
[2026-03-20T10:45:22.679+0000] {scrapping_linkedin.py:274} INFO - [LinkedIn] Merged 'Data Scientist' → 25 unique jobs (grand total: 146)
[2026-03-20T10:45:33.286+0000] {scrapping_linkedin.py:187} INFO - [LinkedIn][NLP Engineer] Starting session...
[2026-03-20T10:45:36.145+0000] {scrapping_linkedin.py:234} INFO - [LinkedIn][AI Engineer] +7 jobs (keyword total: 7)
[2026-03-20T10:45:36.448+0000] {scrapping_linkedin.py:205} INFO - [LinkedIn][Deep Learning Engineer] Page 1 → https://www.linkedin.com/jobs/search/?keywords=Deep%20Learning%20Engineer&location=Maroc&start=0&f_TPR=r604800
[2026-03-20T10:45:38.525+0000] {scrapping_linkedin.py:205} INFO - [LinkedIn][AI Engineer] Page 2 → https://www.linkedin.com/jobs/search/?keywords=AI%20Engineer&location=Maroc&start=25&f_TPR=r604800
[2026-03-20T10:45:47.828+0000] {scrapping_linkedin.py:234} INFO - [LinkedIn][AI Engineer] +0 jobs (keyword total: 7)
[2026-03-20T10:45:50.260+0000] {scrapping_linkedin.py:205} INFO - [LinkedIn][NLP Engineer] Page 1 → https://www.linkedin.com/jobs/search/?keywords=NLP%20Engineer&location=Maroc&start=0&f_TPR=r604800
[2026-03-20T10:45:50.573+0000] {scrapping_linkedin.py:205} INFO - [LinkedIn][AI Engineer] Page 3 → https://www.linkedin.com/jobs/search/?keywords=AI%20Engineer&location=Maroc&start=50&f_TPR=r604800
[2026-03-20T10:45:57.754+0000] {scrapping_linkedin.py:223} WARNING - [LinkedIn][Deep Learning Engineer] No cards on page 1, stopping.
[2026-03-20T10:45:57.888+0000] {scrapping_linkedin.py:243} INFO - [LinkedIn][Deep Learning Engineer] Session closed.
[2026-03-20T10:45:57.893+0000] {scrapping_linkedin.py:274} INFO - [LinkedIn] Merged 'Deep Learning Engineer' → 0 unique jobs (grand total: 146)
[2026-03-20T10:45:58.454+0000] {scrapping_linkedin.py:234} INFO - [LinkedIn][AI Engineer] +0 jobs (keyword total: 7)
[2026-03-20T10:46:01.332+0000] {scrapping_linkedin.py:243} INFO - [LinkedIn][AI Engineer] Session closed.
[2026-03-20T10:46:01.339+0000] {scrapping_linkedin.py:274} INFO - [LinkedIn] Merged 'AI Engineer' → 2 unique jobs (grand total: 148)
[2026-03-20T10:46:02.007+0000] {scrapping_linkedin.py:234} INFO - [LinkedIn][NLP Engineer] +18 jobs (keyword total: 18)
[2026-03-20T10:46:04.035+0000] {scrapping_linkedin.py:205} INFO - [LinkedIn][NLP Engineer] Page 2 → https://www.linkedin.com/jobs/search/?keywords=NLP%20Engineer&location=Maroc&start=25&f_TPR=r604800
[2026-03-20T10:46:07.870+0000] {scrapping_linkedin.py:187} INFO - [LinkedIn][MLOps Engineer] Starting session...
[2026-03-20T10:46:13.661+0000] {scrapping_linkedin.py:234} INFO - [LinkedIn][NLP Engineer] +0 jobs (keyword total: 18)
[2026-03-20T10:46:15.288+0000] {scrapping_linkedin.py:205} INFO - [LinkedIn][NLP Engineer] Page 3 → https://www.linkedin.com/jobs/search/?keywords=NLP%20Engineer&location=Maroc&start=50&f_TPR=r604800
[2026-03-20T10:46:16.875+0000] {scrapping_linkedin.py:187} INFO - [LinkedIn][Computer Vision Engineer] Starting session...
[2026-03-20T10:46:18.317+0000] {scrapping_linkedin.py:205} INFO - [LinkedIn][MLOps Engineer] Page 1 → https://www.linkedin.com/jobs/search/?keywords=MLOps%20Engineer&location=Maroc&start=0&f_TPR=r604800
[2026-03-20T10:46:27.991+0000] {scrapping_linkedin.py:234} INFO - [LinkedIn][NLP Engineer] +0 jobs (keyword total: 18)
[2026-03-20T10:46:30.178+0000] {scrapping_linkedin.py:243} INFO - [LinkedIn][NLP Engineer] Session closed.
[2026-03-20T10:46:30.188+0000] {scrapping_linkedin.py:274} INFO - [LinkedIn] Merged 'NLP Engineer' → 14 unique jobs (grand total: 162)
[2026-03-20T10:46:32.423+0000] {scrapping_linkedin.py:234} INFO - [LinkedIn][MLOps Engineer] +2 jobs (keyword total: 2)
[2026-03-20T10:46:33.694+0000] {scrapping_linkedin.py:205} INFO - [LinkedIn][Computer Vision Engineer] Page 1 → https://www.linkedin.com/jobs/search/?keywords=Computer%20Vision%20Engineer&location=Maroc&start=0&f_TPR=r604800
[2026-03-20T10:46:33.758+0000] {scrapping_linkedin.py:187} INFO - [LinkedIn][Business Intelligence] Starting session...
[2026-03-20T10:46:34.624+0000] {scrapping_linkedin.py:205} INFO - [LinkedIn][MLOps Engineer] Page 2 → https://www.linkedin.com/jobs/search/?keywords=MLOps%20Engineer&location=Maroc&start=25&f_TPR=r604800
[2026-03-20T10:46:43.905+0000] {scrapping_linkedin.py:205} INFO - [LinkedIn][Business Intelligence] Page 1 → https://www.linkedin.com/jobs/search/?keywords=Business%20Intelligence&location=Maroc&start=0&f_TPR=r604800
[2026-03-20T10:46:45.229+0000] {scrapping_linkedin.py:234} INFO - [LinkedIn][MLOps Engineer] +0 jobs (keyword total: 2)
[2026-03-20T10:46:45.288+0000] {scrapping_linkedin.py:234} INFO - [LinkedIn][Computer Vision Engineer] +36 jobs (keyword total: 36)
[2026-03-20T10:46:47.292+0000] {scrapping_linkedin.py:205} INFO - [LinkedIn][MLOps Engineer] Page 3 → https://www.linkedin.com/jobs/search/?keywords=MLOps%20Engineer&location=Maroc&start=50&f_TPR=r604800
[2026-03-20T10:46:47.440+0000] {scrapping_linkedin.py:205} INFO - [LinkedIn][Computer Vision Engineer] Page 2 → https://www.linkedin.com/jobs/search/?keywords=Computer%20Vision%20Engineer&location=Maroc&start=25&f_TPR=r604800
[2026-03-20T10:46:51.242+0000] {scrapping_linkedin.py:187} INFO - [LinkedIn][BI Analyst] Starting session...
[2026-03-20T10:46:56.117+0000] {scrapping_linkedin.py:234} INFO - [LinkedIn][MLOps Engineer] +0 jobs (keyword total: 2)
[2026-03-20T10:46:58.640+0000] {scrapping_linkedin.py:243} INFO - [LinkedIn][MLOps Engineer] Session closed.
[2026-03-20T10:46:58.671+0000] {scrapping_linkedin.py:234} INFO - [LinkedIn][Computer Vision Engineer] +0 jobs (keyword total: 36)
[2026-03-20T10:46:58.681+0000] {scrapping_linkedin.py:274} INFO - [LinkedIn] Merged 'MLOps Engineer' → 0 unique jobs (grand total: 162)
[2026-03-20T10:47:00.208+0000] {scrapping_linkedin.py:205} INFO - [LinkedIn][Computer Vision Engineer] Page 3 → https://www.linkedin.com/jobs/search/?keywords=Computer%20Vision%20Engineer&location=Maroc&start=50&f_TPR=r604800
[2026-03-20T10:47:07.904+0000] {scrapping_linkedin.py:205} INFO - [LinkedIn][BI Analyst] Page 1 → https://www.linkedin.com/jobs/search/?keywords=BI%20Analyst&location=Maroc&start=0&f_TPR=r604800
[2026-03-20T10:47:09.099+0000] {scrapping_linkedin.py:234} INFO - [LinkedIn][Computer Vision Engineer] +0 jobs (keyword total: 36)
[2026-03-20T10:47:11.999+0000] {scrapping_linkedin.py:243} INFO - [LinkedIn][Computer Vision Engineer] Session closed.
[2026-03-20T10:47:12.013+0000] {scrapping_linkedin.py:274} INFO - [LinkedIn] Merged 'Computer Vision Engineer' → 0 unique jobs (grand total: 162)
[2026-03-20T10:47:13.002+0000] {scrapping_linkedin.py:234} INFO - [LinkedIn][Business Intelligence] +31 jobs (keyword total: 31)
[2026-03-20T10:47:15.253+0000] {scrapping_linkedin.py:205} INFO - [LinkedIn][Business Intelligence] Page 2 → https://www.linkedin.com/jobs/search/?keywords=Business%20Intelligence&location=Maroc&start=25&f_TPR=r604800
[2026-03-20T10:47:15.698+0000] {scrapping_linkedin.py:187} INFO - [LinkedIn][Data Architect] Starting session...
[2026-03-20T10:47:20.712+0000] {scrapping_linkedin.py:234} INFO - [LinkedIn][BI Analyst] +14 jobs (keyword total: 14)
[2026-03-20T10:47:22.911+0000] {scrapping_linkedin.py:205} INFO - [LinkedIn][BI Analyst] Page 2 → https://www.linkedin.com/jobs/search/?keywords=BI%20Analyst&location=Maroc&start=25&f_TPR=r604800
[2026-03-20T10:47:26.288+0000] {scrapping_linkedin.py:205} INFO - [LinkedIn][Data Architect] Page 1 → https://www.linkedin.com/jobs/search/?keywords=Data%20Architect&location=Maroc&start=0&f_TPR=r604800
[2026-03-20T10:47:31.072+0000] {scrapping_linkedin.py:234} INFO - [LinkedIn][Business Intelligence] +0 jobs (keyword total: 31)
[2026-03-20T10:47:33.051+0000] {scrapping_linkedin.py:205} INFO - [LinkedIn][Business Intelligence] Page 3 → https://www.linkedin.com/jobs/search/?keywords=Business%20Intelligence&location=Maroc&start=50&f_TPR=r604800
[2026-03-20T10:47:33.228+0000] {scrapping_linkedin.py:234} INFO - [LinkedIn][BI Analyst] +0 jobs (keyword total: 14)
[2026-03-20T10:47:35.096+0000] {scrapping_linkedin.py:205} INFO - [LinkedIn][BI Analyst] Page 3 → https://www.linkedin.com/jobs/search/?keywords=BI%20Analyst&location=Maroc&start=50&f_TPR=r604800
[2026-03-20T10:47:39.035+0000] {scrapping_linkedin.py:234} INFO - [LinkedIn][Data Architect] +27 jobs (keyword total: 27)
[2026-03-20T10:47:41.268+0000] {scrapping_linkedin.py:205} INFO - [LinkedIn][Data Architect] Page 2 → https://www.linkedin.com/jobs/search/?keywords=Data%20Architect&location=Maroc&start=25&f_TPR=r604800
[2026-03-20T10:47:41.836+0000] {scrapping_linkedin.py:234} INFO - [LinkedIn][Business Intelligence] +0 jobs (keyword total: 31)
[2026-03-20T10:47:43.751+0000] {scrapping_linkedin.py:234} INFO - [LinkedIn][BI Analyst] +0 jobs (keyword total: 14)
[2026-03-20T10:47:43.958+0000] {scrapping_linkedin.py:243} INFO - [LinkedIn][Business Intelligence] Session closed.
[2026-03-20T10:47:43.962+0000] {scrapping_linkedin.py:274} INFO - [LinkedIn] Merged 'Business Intelligence' → 15 unique jobs (grand total: 177)
[2026-03-20T10:47:46.569+0000] {scrapping_linkedin.py:243} INFO - [LinkedIn][BI Analyst] Session closed.
[2026-03-20T10:47:46.583+0000] {scrapping_linkedin.py:274} INFO - [LinkedIn] Merged 'BI Analyst' → 4 unique jobs (grand total: 181)
[2026-03-20T10:47:47.173+0000] {scrapping_linkedin.py:187} INFO - [LinkedIn][Software Developer] Starting session...
[2026-03-20T10:47:48.871+0000] {scrapping_linkedin.py:187} INFO - [LinkedIn][Software Engineer] Starting session...
[2026-03-20T10:47:52.253+0000] {scrapping_linkedin.py:234} INFO - [LinkedIn][Data Architect] +0 jobs (keyword total: 27)
[2026-03-20T10:47:54.825+0000] {scrapping_linkedin.py:205} INFO - [LinkedIn][Data Architect] Page 3 → https://www.linkedin.com/jobs/search/?keywords=Data%20Architect&location=Maroc&start=50&f_TPR=r604800
[2026-03-20T10:48:00.242+0000] {scrapping_linkedin.py:205} INFO - [LinkedIn][Software Developer] Page 1 → https://www.linkedin.com/jobs/search/?keywords=Software%20Developer&location=Maroc&start=0&f_TPR=r604800
[2026-03-20T10:48:03.620+0000] {scrapping_linkedin.py:234} INFO - [LinkedIn][Data Architect] +0 jobs (keyword total: 27)
[2026-03-20T10:48:05.151+0000] {scrapping_linkedin.py:205} INFO - [LinkedIn][Software Engineer] Page 1 → https://www.linkedin.com/jobs/search/?keywords=Software%20Engineer&location=Maroc&start=0&f_TPR=r604800
[2026-03-20T10:48:06.649+0000] {scrapping_linkedin.py:243} INFO - [LinkedIn][Data Architect] Session closed.
[2026-03-20T10:48:06.655+0000] {scrapping_linkedin.py:274} INFO - [LinkedIn] Merged 'Data Architect' → 3 unique jobs (grand total: 184)
[2026-03-20T10:48:08.574+0000] {scrapping_linkedin.py:187} INFO - [LinkedIn][Backend Developer] Starting session...
[2026-03-20T10:48:15.437+0000] {scrapping_linkedin.py:187} INFO - [LinkedIn][Frontend Developer] Starting session...
[2026-03-20T10:48:16.065+0000] {scrapping_linkedin.py:234} INFO - [LinkedIn][Software Engineer] +60 jobs (keyword total: 60)
[2026-03-20T10:48:18.098+0000] {scrapping_linkedin.py:205} INFO - [LinkedIn][Software Engineer] Page 2 → https://www.linkedin.com/jobs/search/?keywords=Software%20Engineer&location=Maroc&start=25&f_TPR=r604800
[2026-03-20T10:48:18.769+0000] {scrapping_linkedin.py:205} INFO - [LinkedIn][Backend Developer] Page 1 → https://www.linkedin.com/jobs/search/?keywords=Backend%20Developer&location=Maroc&start=0&f_TPR=r604800
[2026-03-20T10:48:19.944+0000] {scrapping_linkedin.py:234} INFO - [LinkedIn][Software Developer] +60 jobs (keyword total: 60)
[2026-03-20T10:48:22.761+0000] {scrapping_linkedin.py:205} INFO - [LinkedIn][Software Developer] Page 2 → https://www.linkedin.com/jobs/search/?keywords=Software%20Developer&location=Maroc&start=25&f_TPR=r604800
[2026-03-20T10:48:26.534+0000] {scrapping_linkedin.py:205} INFO - [LinkedIn][Frontend Developer] Page 1 → https://www.linkedin.com/jobs/search/?keywords=Frontend%20Developer&location=Maroc&start=0&f_TPR=r604800
[2026-03-20T10:48:29.318+0000] {scrapping_linkedin.py:234} INFO - [LinkedIn][Software Engineer] +0 jobs (keyword total: 60)
[2026-03-20T10:48:31.173+0000] {scrapping_linkedin.py:205} INFO - [LinkedIn][Software Engineer] Page 3 → https://www.linkedin.com/jobs/search/?keywords=Software%20Engineer&location=Maroc&start=50&f_TPR=r604800
[2026-03-20T10:48:32.702+0000] {scrapping_linkedin.py:234} INFO - [LinkedIn][Backend Developer] +32 jobs (keyword total: 32)
[2026-03-20T10:48:35.066+0000] {scrapping_linkedin.py:234} INFO - [LinkedIn][Software Developer] +0 jobs (keyword total: 60)
[2026-03-20T10:48:35.067+0000] {scrapping_linkedin.py:205} INFO - [LinkedIn][Backend Developer] Page 2 → https://www.linkedin.com/jobs/search/?keywords=Backend%20Developer&location=Maroc&start=25&f_TPR=r604800
[2026-03-20T10:48:37.968+0000] {scrapping_linkedin.py:205} INFO - [LinkedIn][Software Developer] Page 3 → https://www.linkedin.com/jobs/search/?keywords=Software%20Developer&location=Maroc&start=50&f_TPR=r604800
[2026-03-20T10:48:40.065+0000] {scrapping_linkedin.py:234} INFO - [LinkedIn][Frontend Developer] +14 jobs (keyword total: 14)
[2026-03-20T10:48:41.715+0000] {scrapping_linkedin.py:205} INFO - [LinkedIn][Frontend Developer] Page 2 → https://www.linkedin.com/jobs/search/?keywords=Frontend%20Developer&location=Maroc&start=25&f_TPR=r604800
[2026-03-20T10:48:48.182+0000] {scrapping_linkedin.py:234} INFO - [LinkedIn][Software Developer] +0 jobs (keyword total: 60)
[2026-03-20T10:48:51.142+0000] {scrapping_linkedin.py:243} INFO - [LinkedIn][Software Developer] Session closed.
[2026-03-20T10:48:51.148+0000] {scrapping_linkedin.py:274} INFO - [LinkedIn] Merged 'Software Developer' → 15 unique jobs (grand total: 199)
[2026-03-20T10:48:52.254+0000] {scrapping_linkedin.py:234} INFO - [LinkedIn][Frontend Developer] +0 jobs (keyword total: 14)
[2026-03-20T10:48:53.486+0000] {scrapping_linkedin.py:223} WARNING - [LinkedIn][Software Engineer] No cards on page 3, stopping.
[2026-03-20T10:48:53.811+0000] {scrapping_linkedin.py:243} INFO - [LinkedIn][Software Engineer] Session closed.
[2026-03-20T10:48:53.822+0000] {scrapping_linkedin.py:274} INFO - [LinkedIn] Merged 'Software Engineer' → 2 unique jobs (grand total: 201)
[2026-03-20T10:48:54.689+0000] {scrapping_linkedin.py:205} INFO - [LinkedIn][Frontend Developer] Page 3 → https://www.linkedin.com/jobs/search/?keywords=Frontend%20Developer&location=Maroc&start=50&f_TPR=r604800
[2026-03-20T10:48:56.793+0000] {scrapping_linkedin.py:223} WARNING - [LinkedIn][Backend Developer] No cards on page 2, stopping.
[2026-03-20T10:48:57.103+0000] {scrapping_linkedin.py:243} INFO - [LinkedIn][Backend Developer] Session closed.
[2026-03-20T10:48:57.109+0000] {scrapping_linkedin.py:274} INFO - [LinkedIn] Merged 'Backend Developer' → 23 unique jobs (grand total: 224)
[2026-03-20T10:49:02.593+0000] {scrapping_linkedin.py:234} INFO - [LinkedIn][Frontend Developer] +0 jobs (keyword total: 14)
[2026-03-20T10:49:04.637+0000] {scrapping_linkedin.py:243} INFO - [LinkedIn][Frontend Developer] Session closed.
[2026-03-20T10:49:04.643+0000] {scrapping_linkedin.py:274} INFO - [LinkedIn] Merged 'Frontend Developer' → 2 unique jobs (grand total: 226)
[2026-03-20T10:49:07.948+0000] {scrapping_linkedin.py:187} INFO - [LinkedIn][Web Developer] Starting session...
[2026-03-20T10:49:09.378+0000] {scrapping_linkedin.py:187} INFO - [LinkedIn][Android Developer] Starting session...
[2026-03-20T10:49:14.618+0000] {scrapping_linkedin.py:205} INFO - [LinkedIn][Web Developer] Page 1 → https://www.linkedin.com/jobs/search/?keywords=Web%20Developer&location=Maroc&start=0&f_TPR=r604800
[2026-03-20T10:49:16.014+0000] {scrapping_linkedin.py:205} INFO - [LinkedIn][Android Developer] Page 1 → https://www.linkedin.com/jobs/search/?keywords=Android%20Developer&location=Maroc&start=0&f_TPR=r604800
[2026-03-20T10:49:43.998+0000] {scrapping_linkedin.py:234} INFO - [LinkedIn][Web Developer] +30 jobs (keyword total: 30)
[2026-03-20T10:49:46.374+0000] {scrapping_linkedin.py:205} INFO - [LinkedIn][Web Developer] Page 2 → https://www.linkedin.com/jobs/search/?keywords=Web%20Developer&location=Maroc&start=25&f_TPR=r604800
[2026-03-20T10:49:47.808+0000] {scrapping_linkedin.py:187} INFO - [LinkedIn][Full Stack Developer] Starting session...
[2026-03-20T10:49:53.768+0000] {scrapping_linkedin.py:234} INFO - [LinkedIn][Android Developer] +14 jobs (keyword total: 14)
[2026-03-20T10:49:55.689+0000] {scrapping_linkedin.py:234} INFO - [LinkedIn][Web Developer] +0 jobs (keyword total: 30)
[2026-03-20T10:49:56.257+0000] {scrapping_linkedin.py:205} INFO - [LinkedIn][Android Developer] Page 2 → https://www.linkedin.com/jobs/search/?keywords=Android%20Developer&location=Maroc&start=25&f_TPR=r604800
[2026-03-20T10:49:58.149+0000] {scrapping_linkedin.py:205} INFO - [LinkedIn][Web Developer] Page 3 → https://www.linkedin.com/jobs/search/?keywords=Web%20Developer&location=Maroc&start=50&f_TPR=r604800
[2026-03-20T10:49:59.462+0000] {scrapping_linkedin.py:205} INFO - [LinkedIn][Full Stack Developer] Page 1 → https://www.linkedin.com/jobs/search/?keywords=Full%20Stack%20Developer&location=Maroc&start=0&f_TPR=r604800
[2026-03-20T10:50:05.364+0000] {scrapping_linkedin.py:234} INFO - [LinkedIn][Android Developer] +0 jobs (keyword total: 14)
[2026-03-20T10:50:07.176+0000] {scrapping_linkedin.py:234} INFO - [LinkedIn][Web Developer] +0 jobs (keyword total: 30)
[2026-03-20T10:50:07.316+0000] {scrapping_linkedin.py:205} INFO - [LinkedIn][Android Developer] Page 3 → https://www.linkedin.com/jobs/search/?keywords=Android%20Developer&location=Maroc&start=50&f_TPR=r604800
[2026-03-20T10:50:09.953+0000] {scrapping_linkedin.py:243} INFO - [LinkedIn][Web Developer] Session closed.
[2026-03-20T10:50:09.961+0000] {scrapping_linkedin.py:274} INFO - [LinkedIn] Merged 'Web Developer' → 5 unique jobs (grand total: 231)
[2026-03-20T10:50:10.870+0000] {scrapping_linkedin.py:234} INFO - [LinkedIn][Full Stack Developer] +28 jobs (keyword total: 28)
[2026-03-20T10:50:13.452+0000] {scrapping_linkedin.py:205} INFO - [LinkedIn][Full Stack Developer] Page 2 → https://www.linkedin.com/jobs/search/?keywords=Full%20Stack%20Developer&location=Maroc&start=25&f_TPR=r604800
[2026-03-20T10:50:17.903+0000] {scrapping_linkedin.py:234} INFO - [LinkedIn][Android Developer] +0 jobs (keyword total: 14)
[2026-03-20T10:50:19.419+0000] {scrapping_linkedin.py:187} INFO - [LinkedIn][Mobile Developer] Starting session...
[2026-03-20T10:50:20.479+0000] {scrapping_linkedin.py:243} INFO - [LinkedIn][Android Developer] Session closed.
[2026-03-20T10:50:20.490+0000] {scrapping_linkedin.py:274} INFO - [LinkedIn] Merged 'Android Developer' → 3 unique jobs (grand total: 234)
[2026-03-20T10:50:24.008+0000] {scrapping_linkedin.py:187} INFO - [LinkedIn][iOS Developer] Starting session...
[2026-03-20T10:50:29.691+0000] {scrapping_linkedin.py:205} INFO - [LinkedIn][Mobile Developer] Page 1 → https://www.linkedin.com/jobs/search/?keywords=Mobile%20Developer&location=Maroc&start=0&f_TPR=r604800
[2026-03-20T10:50:32.730+0000] {scrapping_linkedin.py:205} INFO - [LinkedIn][iOS Developer] Page 1 → https://www.linkedin.com/jobs/search/?keywords=iOS%20Developer&location=Maroc&start=0&f_TPR=r604800
[2026-03-20T10:50:35.417+0000] {scrapping_linkedin.py:187} INFO - [LinkedIn][DevOps Engineer] Starting session...
[2026-03-20T10:50:38.278+0000] {scrapping_linkedin.py:223} WARNING - [LinkedIn][Full Stack Developer] No cards on page 2, stopping.
[2026-03-20T10:50:38.367+0000] {scrapping_linkedin.py:243} INFO - [LinkedIn][Full Stack Developer] Session closed.
[2026-03-20T10:50:38.372+0000] {scrapping_linkedin.py:274} INFO - [LinkedIn] Merged 'Full Stack Developer' → 0 unique jobs (grand total: 234)
[2026-03-20T10:50:38.889+0000] {scrapping_linkedin.py:234} INFO - [LinkedIn][Mobile Developer] +6 jobs (keyword total: 6)
[2026-03-20T10:50:40.936+0000] {scrapping_linkedin.py:205} INFO - [LinkedIn][Mobile Developer] Page 2 → https://www.linkedin.com/jobs/search/?keywords=Mobile%20Developer&location=Maroc&start=25&f_TPR=r604800
[2026-03-20T10:50:42.883+0000] {scrapping_linkedin.py:234} INFO - [LinkedIn][iOS Developer] +24 jobs (keyword total: 24)
[2026-03-20T10:50:43.898+0000] {scrapping_linkedin.py:205} INFO - [LinkedIn][DevOps Engineer] Page 1 → https://www.linkedin.com/jobs/search/?keywords=DevOps%20Engineer&location=Maroc&start=0&f_TPR=r604800
[2026-03-20T10:50:45.102+0000] {scrapping_linkedin.py:205} INFO - [LinkedIn][iOS Developer] Page 2 → https://www.linkedin.com/jobs/search/?keywords=iOS%20Developer&location=Maroc&start=25&f_TPR=r604800
[2026-03-20T10:50:53.337+0000] {scrapping_linkedin.py:234} INFO - [LinkedIn][DevOps Engineer] +18 jobs (keyword total: 18)
[2026-03-20T10:50:55.134+0000] {scrapping_linkedin.py:234} INFO - [LinkedIn][iOS Developer] +0 jobs (keyword total: 24)
[2026-03-20T10:50:56.021+0000] {scrapping_linkedin.py:205} INFO - [LinkedIn][DevOps Engineer] Page 2 → https://www.linkedin.com/jobs/search/?keywords=DevOps%20Engineer&location=Maroc&start=25&f_TPR=r604800
[2026-03-20T10:50:56.531+0000] {scrapping_linkedin.py:234} INFO - [LinkedIn][Mobile Developer] +0 jobs (keyword total: 6)
[2026-03-20T10:50:57.369+0000] {scrapping_linkedin.py:205} INFO - [LinkedIn][iOS Developer] Page 3 → https://www.linkedin.com/jobs/search/?keywords=iOS%20Developer&location=Maroc&start=50&f_TPR=r604800
[2026-03-20T10:50:59.172+0000] {scrapping_linkedin.py:205} INFO - [LinkedIn][Mobile Developer] Page 3 → https://www.linkedin.com/jobs/search/?keywords=Mobile%20Developer&location=Maroc&start=50&f_TPR=r604800
[2026-03-20T10:51:03.721+0000] {scrapping_linkedin.py:187} INFO - [LinkedIn][Cloud Engineer] Starting session...
[2026-03-20T10:51:04.935+0000] {scrapping_linkedin.py:234} INFO - [LinkedIn][DevOps Engineer] +0 jobs (keyword total: 18)
[2026-03-20T10:51:07.283+0000] {scrapping_linkedin.py:205} INFO - [LinkedIn][DevOps Engineer] Page 3 → https://www.linkedin.com/jobs/search/?keywords=DevOps%20Engineer&location=Maroc&start=50&f_TPR=r604800
[2026-03-20T10:51:08.498+0000] {scrapping_linkedin.py:234} INFO - [LinkedIn][Mobile Developer] +0 jobs (keyword total: 6)
[2026-03-20T10:51:09.984+0000] {scrapping_linkedin.py:205} INFO - [LinkedIn][Cloud Engineer] Page 1 → https://www.linkedin.com/jobs/search/?keywords=Cloud%20Engineer&location=Maroc&start=0&f_TPR=r604800
[2026-03-20T10:51:11.393+0000] {scrapping_linkedin.py:243} INFO - [LinkedIn][Mobile Developer] Session closed.
[2026-03-20T10:51:11.398+0000] {scrapping_linkedin.py:274} INFO - [LinkedIn] Merged 'Mobile Developer' → 0 unique jobs (grand total: 234)
[2026-03-20T10:51:17.660+0000] {scrapping_linkedin.py:223} WARNING - [LinkedIn][iOS Developer] No cards on page 3, stopping.
[2026-03-20T10:51:18.328+0000] {scrapping_linkedin.py:243} INFO - [LinkedIn][iOS Developer] Session closed.
[2026-03-20T10:51:18.332+0000] {scrapping_linkedin.py:274} INFO - [LinkedIn] Merged 'iOS Developer' → 0 unique jobs (grand total: 234)
[2026-03-20T10:51:28.646+0000] {scrapping_linkedin.py:187} INFO - [LinkedIn][Cloud Architect] Starting session...
[2026-03-20T10:51:29.510+0000] {scrapping_linkedin.py:223} WARNING - [LinkedIn][DevOps Engineer] No cards on page 3, stopping.
[2026-03-20T10:51:29.856+0000] {scrapping_linkedin.py:243} INFO - [LinkedIn][DevOps Engineer] Session closed.
[2026-03-20T10:51:29.860+0000] {scrapping_linkedin.py:274} INFO - [LinkedIn] Merged 'DevOps Engineer' → 10 unique jobs (grand total: 244)
[2026-03-20T10:51:31.847+0000] {scrapping_linkedin.py:223} WARNING - [LinkedIn][Cloud Engineer] No cards on page 1, stopping.
[2026-03-20T10:51:32.031+0000] {scrapping_linkedin.py:243} INFO - [LinkedIn][Cloud Engineer] Session closed.
[2026-03-20T10:51:32.035+0000] {scrapping_linkedin.py:274} INFO - [LinkedIn] Merged 'Cloud Engineer' → 0 unique jobs (grand total: 244)
[2026-03-20T10:51:38.663+0000] {scrapping_linkedin.py:187} INFO - [LinkedIn][Platform Engineer] Starting session...
[2026-03-20T10:51:47.989+0000] {scrapping_linkedin.py:205} INFO - [LinkedIn][Platform Engineer] Page 1 → https://www.linkedin.com/jobs/search/?keywords=Platform%20Engineer&location=Maroc&start=0&f_TPR=r604800
[2026-03-20T10:52:00.793+0000] {scrapping_linkedin.py:234} INFO - [LinkedIn][Platform Engineer] +24 jobs (keyword total: 24)
[2026-03-20T10:52:03.149+0000] {scrapping_linkedin.py:205} INFO - [LinkedIn][Platform Engineer] Page 2 → https://www.linkedin.com/jobs/search/?keywords=Platform%20Engineer&location=Maroc&start=25&f_TPR=r604800
[2026-03-20T10:52:03.664+0000] {scrapping_linkedin.py:205} INFO - [LinkedIn][Cloud Architect] Page 1 → https://www.linkedin.com/jobs/search/?keywords=Cloud%20Architect&location=Maroc&start=0&f_TPR=r604800
[2026-03-20T10:52:06.060+0000] {scrapping_linkedin.py:187} INFO - [LinkedIn][Infrastructure Engineer] Starting session...
[2026-03-20T10:52:15.678+0000] {scrapping_linkedin.py:234} INFO - [LinkedIn][Platform Engineer] +0 jobs (keyword total: 24)
[2026-03-20T10:52:17.695+0000] {scrapping_linkedin.py:205} INFO - [LinkedIn][Platform Engineer] Page 3 → https://www.linkedin.com/jobs/search/?keywords=Platform%20Engineer&location=Maroc&start=50&f_TPR=r604800
[2026-03-20T10:52:21.405+0000] {scrapping_linkedin.py:205} INFO - [LinkedIn][Infrastructure Engineer] Page 1 → https://www.linkedin.com/jobs/search/?keywords=Infrastructure%20Engineer&location=Maroc&start=0&f_TPR=r604800
[2026-03-20T10:52:27.466+0000] {scrapping_linkedin.py:234} INFO - [LinkedIn][Cloud Architect] +12 jobs (keyword total: 12)
[2026-03-20T10:52:30.024+0000] {scrapping_linkedin.py:205} INFO - [LinkedIn][Cloud Architect] Page 2 → https://www.linkedin.com/jobs/search/?keywords=Cloud%20Architect&location=Maroc&start=25&f_TPR=r604800
[2026-03-20T10:52:30.409+0000] {scrapping_linkedin.py:234} INFO - [LinkedIn][Platform Engineer] +0 jobs (keyword total: 24)
[2026-03-20T10:52:32.194+0000] {scrapping_linkedin.py:234} INFO - [LinkedIn][Infrastructure Engineer] +15 jobs (keyword total: 15)
[2026-03-20T10:52:33.173+0000] {scrapping_linkedin.py:243} INFO - [LinkedIn][Platform Engineer] Session closed.
[2026-03-20T10:52:33.183+0000] {scrapping_linkedin.py:274} INFO - [LinkedIn] Merged 'Platform Engineer' → 0 unique jobs (grand total: 244)
[2026-03-20T10:52:34.886+0000] {scrapping_linkedin.py:205} INFO - [LinkedIn][Infrastructure Engineer] Page 2 → https://www.linkedin.com/jobs/search/?keywords=Infrastructure%20Engineer&location=Maroc&start=25&f_TPR=r604800
[2026-03-20T10:52:36.474+0000] {scrapping_linkedin.py:187} INFO - [LinkedIn][Site Reliability Engineer] Starting session...
[2026-03-20T10:52:40.341+0000] {scrapping_linkedin.py:234} INFO - [LinkedIn][Cloud Architect] +0 jobs (keyword total: 12)
[2026-03-20T10:52:42.627+0000] {scrapping_linkedin.py:205} INFO - [LinkedIn][Cloud Architect] Page 3 → https://www.linkedin.com/jobs/search/?keywords=Cloud%20Architect&location=Maroc&start=50&f_TPR=r604800
[2026-03-20T10:52:42.628+0000] {scrapping_linkedin.py:187} INFO - [LinkedIn][Kubernetes Engineer] Starting session...
[2026-03-20T10:52:45.076+0000] {scrapping_linkedin.py:234} INFO - [LinkedIn][Infrastructure Engineer] +0 jobs (keyword total: 15)
[2026-03-20T10:52:47.178+0000] {scrapping_linkedin.py:205} INFO - [LinkedIn][Site Reliability Engineer] Page 1 → https://www.linkedin.com/jobs/search/?keywords=Site%20Reliability%20Engineer&location=Maroc&start=0&f_TPR=r604800
[2026-03-20T10:52:47.898+0000] {scrapping_linkedin.py:205} INFO - [LinkedIn][Infrastructure Engineer] Page 3 → https://www.linkedin.com/jobs/search/?keywords=Infrastructure%20Engineer&location=Maroc&start=50&f_TPR=r604800
[2026-03-20T10:52:51.204+0000] {scrapping_linkedin.py:205} INFO - [LinkedIn][Kubernetes Engineer] Page 1 → https://www.linkedin.com/jobs/search/?keywords=Kubernetes%20Engineer&location=Maroc&start=0&f_TPR=r604800
[2026-03-20T10:52:53.440+0000] {scrapping_linkedin.py:234} INFO - [LinkedIn][Cloud Architect] +0 jobs (keyword total: 12)
[2026-03-20T10:52:55.354+0000] {scrapping_linkedin.py:243} INFO - [LinkedIn][Cloud Architect] Session closed.
[2026-03-20T10:52:55.364+0000] {scrapping_linkedin.py:274} INFO - [LinkedIn] Merged 'Cloud Architect' → 5 unique jobs (grand total: 249)
[2026-03-20T10:52:56.319+0000] {scrapping_linkedin.py:234} INFO - [LinkedIn][Infrastructure Engineer] +0 jobs (keyword total: 15)
[2026-03-20T10:52:58.395+0000] {scrapping_linkedin.py:243} INFO - [LinkedIn][Infrastructure Engineer] Session closed.
[2026-03-20T10:52:58.398+0000] {scrapping_linkedin.py:274} INFO - [LinkedIn] Merged 'Infrastructure Engineer' → 11 unique jobs (grand total: 260)
[2026-03-20T10:53:00.033+0000] {scrapping_linkedin.py:234} INFO - [LinkedIn][Site Reliability Engineer] +52 jobs (keyword total: 52)
[2026-03-20T10:53:00.573+0000] {scrapping_linkedin.py:234} INFO - [LinkedIn][Kubernetes Engineer] +17 jobs (keyword total: 17)
[2026-03-20T10:53:02.196+0000] {scrapping_linkedin.py:205} INFO - [LinkedIn][Site Reliability Engineer] Page 2 → https://www.linkedin.com/jobs/search/?keywords=Site%20Reliability%20Engineer&location=Maroc&start=25&f_TPR=r604800
[2026-03-20T10:53:03.083+0000] {scrapping_linkedin.py:205} INFO - [LinkedIn][Kubernetes Engineer] Page 2 → https://www.linkedin.com/jobs/search/?keywords=Kubernetes%20Engineer&location=Maroc&start=25&f_TPR=r604800
[2026-03-20T10:53:13.822+0000] {scrapping_linkedin.py:234} INFO - [LinkedIn][Kubernetes Engineer] +0 jobs (keyword total: 17)
[2026-03-20T10:53:14.160+0000] {scrapping_linkedin.py:234} INFO - [LinkedIn][Site Reliability Engineer] +0 jobs (keyword total: 52)
[2026-03-20T10:53:15.710+0000] {scrapping_linkedin.py:205} INFO - [LinkedIn][Site Reliability Engineer] Page 3 → https://www.linkedin.com/jobs/search/?keywords=Site%20Reliability%20Engineer&location=Maroc&start=50&f_TPR=r604800
[2026-03-20T10:53:15.801+0000] {scrapping_linkedin.py:205} INFO - [LinkedIn][Kubernetes Engineer] Page 3 → https://www.linkedin.com/jobs/search/?keywords=Kubernetes%20Engineer&location=Maroc&start=50&f_TPR=r604800
[2026-03-20T10:53:24.254+0000] {scrapping_linkedin.py:234} INFO - [LinkedIn][Kubernetes Engineer] +0 jobs (keyword total: 17)
[2026-03-20T10:53:25.684+0000] {scrapping_linkedin.py:187} INFO - [LinkedIn][Security Analyst] Starting session...
[2026-03-20T10:53:25.819+0000] {scrapping_linkedin.py:234} INFO - [LinkedIn][Site Reliability Engineer] +0 jobs (keyword total: 52)
[2026-03-20T10:53:26.674+0000] {scrapping_linkedin.py:243} INFO - [LinkedIn][Kubernetes Engineer] Session closed.
[2026-03-20T10:53:26.679+0000] {scrapping_linkedin.py:274} INFO - [LinkedIn] Merged 'Kubernetes Engineer' → 0 unique jobs (grand total: 260)
[2026-03-20T10:53:28.788+0000] {scrapping_linkedin.py:243} INFO - [LinkedIn][Site Reliability Engineer] Session closed.
[2026-03-20T10:53:28.799+0000] {scrapping_linkedin.py:274} INFO - [LinkedIn] Merged 'Site Reliability Engineer' → 0 unique jobs (grand total: 260)
[2026-03-20T10:53:29.700+0000] {scrapping_linkedin.py:187} INFO - [LinkedIn][Cybersecurity Engineer] Starting session...
[2026-03-20T10:53:34.759+0000] {scrapping_linkedin.py:205} INFO - [LinkedIn][Security Analyst] Page 1 → https://www.linkedin.com/jobs/search/?keywords=Security%20Analyst&location=Maroc&start=0&f_TPR=r604800
[2026-03-20T10:53:40.690+0000] {scrapping_linkedin.py:205} INFO - [LinkedIn][Cybersecurity Engineer] Page 1 → https://www.linkedin.com/jobs/search/?keywords=Cybersecurity%20Engineer&location=Maroc&start=0&f_TPR=r604800
[2026-03-20T10:53:44.693+0000] {scrapping_linkedin.py:234} INFO - [LinkedIn][Security Analyst] +1 jobs (keyword total: 1)
[2026-03-20T10:53:45.015+0000] {scrapping_linkedin.py:187} INFO - [LinkedIn][Ethical Hacker] Starting session...
[2026-03-20T10:53:46.797+0000] {scrapping_linkedin.py:205} INFO - [LinkedIn][Security Analyst] Page 2 → https://www.linkedin.com/jobs/search/?keywords=Security%20Analyst&location=Maroc&start=25&f_TPR=r604800
[2026-03-20T10:53:50.104+0000] {scrapping_linkedin.py:234} INFO - [LinkedIn][Cybersecurity Engineer] +9 jobs (keyword total: 9)
[2026-03-20T10:53:52.664+0000] {scrapping_linkedin.py:205} INFO - [LinkedIn][Cybersecurity Engineer] Page 2 → https://www.linkedin.com/jobs/search/?keywords=Cybersecurity%20Engineer&location=Maroc&start=25&f_TPR=r604800
[2026-03-20T10:53:55.996+0000] {scrapping_linkedin.py:205} INFO - [LinkedIn][Ethical Hacker] Page 1 → https://www.linkedin.com/jobs/search/?keywords=Ethical%20Hacker&location=Maroc&start=0&f_TPR=r604800
[2026-03-20T10:53:56.629+0000] {scrapping_linkedin.py:234} INFO - [LinkedIn][Security Analyst] +0 jobs (keyword total: 1)
[2026-03-20T10:53:58.743+0000] {scrapping_linkedin.py:205} INFO - [LinkedIn][Security Analyst] Page 3 → https://www.linkedin.com/jobs/search/?keywords=Security%20Analyst&location=Maroc&start=50&f_TPR=r604800
[2026-03-20T10:54:02.971+0000] {scrapping_linkedin.py:234} INFO - [LinkedIn][Cybersecurity Engineer] +0 jobs (keyword total: 9)
[2026-03-20T10:54:05.053+0000] {scrapping_linkedin.py:205} INFO - [LinkedIn][Cybersecurity Engineer] Page 3 → https://www.linkedin.com/jobs/search/?keywords=Cybersecurity%20Engineer&location=Maroc&start=50&f_TPR=r604800
[2026-03-20T10:54:07.462+0000] {scrapping_linkedin.py:234} INFO - [LinkedIn][Ethical Hacker] +4 jobs (keyword total: 4)
[2026-03-20T10:54:07.692+0000] {scrapping_linkedin.py:234} INFO - [LinkedIn][Security Analyst] +0 jobs (keyword total: 1)
[2026-03-20T10:54:10.342+0000] {scrapping_linkedin.py:205} INFO - [LinkedIn][Ethical Hacker] Page 2 → https://www.linkedin.com/jobs/search/?keywords=Ethical%20Hacker&location=Maroc&start=25&f_TPR=r604800
[2026-03-20T10:54:10.592+0000] {scrapping_linkedin.py:243} INFO - [LinkedIn][Security Analyst] Session closed.
[2026-03-20T10:54:10.598+0000] {scrapping_linkedin.py:274} INFO - [LinkedIn] Merged 'Security Analyst' → 1 unique jobs (grand total: 261)
[2026-03-20T10:54:13.431+0000] {scrapping_linkedin.py:234} INFO - [LinkedIn][Cybersecurity Engineer] +0 jobs (keyword total: 9)
[2026-03-20T10:54:15.322+0000] {scrapping_linkedin.py:243} INFO - [LinkedIn][Cybersecurity Engineer] Session closed.
[2026-03-20T10:54:15.351+0000] {scrapping_linkedin.py:274} INFO - [LinkedIn] Merged 'Cybersecurity Engineer' → 7 unique jobs (grand total: 268)
[2026-03-20T10:54:17.308+0000] {scrapping_linkedin.py:187} INFO - [LinkedIn][SOC Analyst] Starting session...
[2026-03-20T10:54:20.873+0000] {scrapping_linkedin.py:234} INFO - [LinkedIn][Ethical Hacker] +0 jobs (keyword total: 4)
[2026-03-20T10:54:23.492+0000] {scrapping_linkedin.py:205} INFO - [LinkedIn][Ethical Hacker] Page 3 → https://www.linkedin.com/jobs/search/?keywords=Ethical%20Hacker&location=Maroc&start=50&f_TPR=r604800
[2026-03-20T10:54:24.339+0000] {scrapping_linkedin.py:205} INFO - [LinkedIn][SOC Analyst] Page 1 → https://www.linkedin.com/jobs/search/?keywords=SOC%20Analyst&location=Maroc&start=0&f_TPR=r604800
[2026-03-20T10:54:34.202+0000] {scrapping_linkedin.py:234} INFO - [LinkedIn][SOC Analyst] +5 jobs (keyword total: 5)
[2026-03-20T10:54:35.984+0000] {scrapping_linkedin.py:234} INFO - [LinkedIn][Ethical Hacker] +0 jobs (keyword total: 4)
[2026-03-20T10:54:36.065+0000] {scrapping_linkedin.py:187} INFO - [LinkedIn][Information Security] Starting session...
[2026-03-20T10:54:36.393+0000] {scrapping_linkedin.py:205} INFO - [LinkedIn][SOC Analyst] Page 2 → https://www.linkedin.com/jobs/search/?keywords=SOC%20Analyst&location=Maroc&start=25&f_TPR=r604800
[2026-03-20T10:54:38.221+0000] {scrapping_linkedin.py:243} INFO - [LinkedIn][Ethical Hacker] Session closed.
[2026-03-20T10:54:38.224+0000] {scrapping_linkedin.py:274} INFO - [LinkedIn] Merged 'Ethical Hacker' → 0 unique jobs (grand total: 268)
[2026-03-20T10:54:41.131+0000] {scrapping_linkedin.py:187} INFO - [LinkedIn][Penetration Tester] Starting session...
[2026-03-20T10:54:44.745+0000] {scrapping_linkedin.py:234} INFO - [LinkedIn][SOC Analyst] +0 jobs (keyword total: 5)
[2026-03-20T10:54:45.110+0000] {scrapping_linkedin.py:205} INFO - [LinkedIn][Information Security] Page 1 → https://www.linkedin.com/jobs/search/?keywords=Information%20Security&location=Maroc&start=0&f_TPR=r604800
[2026-03-20T10:54:47.235+0000] {scrapping_linkedin.py:205} INFO - [LinkedIn][SOC Analyst] Page 3 → https://www.linkedin.com/jobs/search/?keywords=SOC%20Analyst&location=Maroc&start=50&f_TPR=r604800
[2026-03-20T10:54:54.187+0000] {scrapping_linkedin.py:205} INFO - [LinkedIn][Penetration Tester] Page 1 → https://www.linkedin.com/jobs/search/?keywords=Penetration%20Tester&location=Maroc&start=0&f_TPR=r604800
[2026-03-20T10:54:54.419+0000] {scrapping_linkedin.py:234} INFO - [LinkedIn][Information Security] +15 jobs (keyword total: 15)
[2026-03-20T10:54:55.703+0000] {scrapping_linkedin.py:234} INFO - [LinkedIn][SOC Analyst] +0 jobs (keyword total: 5)
[2026-03-20T10:54:57.056+0000] {scrapping_linkedin.py:205} INFO - [LinkedIn][Information Security] Page 2 → https://www.linkedin.com/jobs/search/?keywords=Information%20Security&location=Maroc&start=25&f_TPR=r604800
[2026-03-20T10:54:58.907+0000] {scrapping_linkedin.py:243} INFO - [LinkedIn][SOC Analyst] Session closed.
[2026-03-20T10:54:58.917+0000] {scrapping_linkedin.py:274} INFO - [LinkedIn] Merged 'SOC Analyst' → 1 unique jobs (grand total: 269)
[2026-03-20T10:55:03.760+0000] {scrapping_linkedin.py:234} INFO - [LinkedIn][Penetration Tester] +4 jobs (keyword total: 4)
[2026-03-20T10:55:05.359+0000] {scrapping_linkedin.py:234} INFO - [LinkedIn][Information Security] +0 jobs (keyword total: 15)
[2026-03-20T10:55:05.385+0000] {scrapping_linkedin.py:205} INFO - [LinkedIn][Penetration Tester] Page 2 → https://www.linkedin.com/jobs/search/?keywords=Penetration%20Tester&location=Maroc&start=25&f_TPR=r604800
[2026-03-20T10:55:08.216+0000] {scrapping_linkedin.py:205} INFO - [LinkedIn][Information Security] Page 3 → https://www.linkedin.com/jobs/search/?keywords=Information%20Security&location=Maroc&start=50&f_TPR=r604800
[2026-03-20T10:55:17.502+0000] {scrapping_linkedin.py:234} INFO - [LinkedIn][Information Security] +0 jobs (keyword total: 15)
[2026-03-20T10:55:20.320+0000] {scrapping_linkedin.py:243} INFO - [LinkedIn][Information Security] Session closed.
[2026-03-20T10:55:20.331+0000] {scrapping_linkedin.py:274} INFO - [LinkedIn] Merged 'Information Security' → 13 unique jobs (grand total: 282)
[2026-03-20T10:55:23.980+0000] {scrapping_linkedin.py:234} INFO - [LinkedIn][Penetration Tester] +0 jobs (keyword total: 4)
[2026-03-20T10:55:26.455+0000] {scrapping_linkedin.py:205} INFO - [LinkedIn][Penetration Tester] Page 3 → https://www.linkedin.com/jobs/search/?keywords=Penetration%20Tester&location=Maroc&start=50&f_TPR=r604800
[2026-03-20T19:38:16.921+0000] {scrapping_linkedin.py:239} ERROR - [LinkedIn][Penetration Tester] Unexpected error: Message: Unable to execute request for an existing session: java.io.IOException: closed
Stacktrace:
java.lang.RuntimeException: Unable to execute request for an existing session: java.io.IOException: closed
	at org.openqa.selenium.grid.router.HandleSession.execute(HandleSession.java:216)
	at org.openqa.selenium.remote.http.Route$PredicatedRoute.handle(Route.java:398)
	at org.openqa.selenium.remote.http.Route.execute(Route.java:69)
	at org.openqa.selenium.remote.http.Route$CombinedRoute.handle(Route.java:361)
	at org.openqa.selenium.remote.http.Route.execute(Route.java:69)
	at org.openqa.selenium.grid.router.Router.execute(Router.java:89)
	at org.openqa.selenium.grid.web.EnsureSpecCompliantResponseHeaders.lambda$apply$0(EnsureSpecCompliantResponseHeaders.java:34)
	at org.openqa.selenium.remote.http.Filter$1.execute(Filter.java:63)
	at org.openqa.selenium.remote.http.Route$CombinedRoute.handle(Route.java:361)
	at org.openqa.selenium.remote.http.Route.execute(Route.java:69)
	at org.openqa.selenium.remote.http.Route$NestedRoute.handle(Route.java:271)
	at org.openqa.selenium.remote.http.Route.execute(Route.java:69)
	at org.openqa.selenium.remote.http.Route$CombinedRoute.handle(Route.java:361)
	at org.openqa.selenium.remote.http.Route.execute(Route.java:69)
	at org.openqa.selenium.remote.AddWebDriverSpecHeaders.lambda$apply$0(AddWebDriverSpecHeaders.java:35)
	at org.openqa.selenium.remote.ErrorFilter.lambda$apply$0(ErrorFilter.java:44)
	at org.openqa.selenium.remote.http.Filter$1.execute(Filter.java:63)
	at org.openqa.selenium.remote.ErrorFilter.lambda$apply$0(ErrorFilter.java:44)
	at org.openqa.selenium.remote.http.Filter$1.execute(Filter.java:63)
	at org.openqa.selenium.netty.server.SeleniumHandler.lambda$channelRead0$0(SeleniumHandler.java:49)
	at java.base/java.util.concurrent.Executors$RunnableAdapter.call(Executors.java:572)
	at java.base/java.util.concurrent.FutureTask.run(FutureTask.java:317)
	at java.base/java.util.concurrent.ThreadPoolExecutor.runWorker(ThreadPoolExecutor.java:1144)
	at java.base/java.util.concurrent.ThreadPoolExecutor$Worker.run(ThreadPoolExecutor.java:642)
	at java.base/java.lang.Thread.run(Thread.java:1583)
Caused by: java.io.IOException: closed
	at java.net.http/jdk.internal.net.http.ResponseSubscribers$HttpResponseInputStream.current(ResponseSubscribers.java:464)
	at java.net.http/jdk.internal.net.http.ResponseSubscribers$HttpResponseInputStream.read(ResponseSubscribers.java:508)
	at java.base/java.io.InputStream.read(InputStream.java:220)
	at org.openqa.selenium.io.Read.toByteArray(Read.java:45)
	at org.openqa.selenium.remote.http.jdk.JdkHttpMessages.readResponseBody(JdkHttpMessages.java:198)
	at org.openqa.selenium.remote.http.jdk.JdkHttpMessages.extractContent(JdkHttpMessages.java:191)
	at org.openqa.selenium.remote.http.jdk.JdkHttpMessages.createResponse(JdkHttpMessages.java:165)
	at org.openqa.selenium.remote.http.jdk.JdkHttpClient.execute0(JdkHttpClient.java:478)
	at org.openqa.selenium.remote.http.AddSeleniumUserAgent.lambda$apply$0(AddSeleniumUserAgent.java:44)
	at org.openqa.selenium.remote.http.Filter.lambda$andFinally$1(Filter.java:55)
	at org.openqa.selenium.remote.http.jdk.JdkHttpClient.lambda$executeAsync$2(JdkHttpClient.java:389)
	... 5 more
Caused by: java.net.http.HttpTimeoutException: request timed out
	at java.net.http/jdk.internal.net.http.ResponseTimerEvent.handle(ResponseTimerEvent.java:63)
	at java.net.http/jdk.internal.net.http.HttpClientImpl.purgeTimeoutsAndReturnNextDeadline(HttpClientImpl.java:1788)
	at java.net.http/jdk.internal.net.http.HttpClientImpl$SelectorManager.run(HttpClientImpl.java:1345)

[2026-03-20T19:38:16.902+0000] {job.py:229} INFO - Heartbeat recovered after 31366.24 seconds
[2026-03-20T19:38:17.561+0000] {scrapping_linkedin.py:243} INFO - [LinkedIn][Penetration Tester] Session closed.
[2026-03-20T19:38:17.647+0000] {scrapping_linkedin.py:274} INFO - [LinkedIn] Merged 'Penetration Tester' → 0 unique jobs (grand total: 282)
[2026-03-20T19:38:17.731+0000] {scrapping_linkedin.py:279} ERROR - [LinkedIn] Worker failed for 'Network Engineer': Message: Could not start a new session. Timed out creating session 
Host info: host: '11358a567dae', ip: '172.24.0.2'
Build info: version: '4.41.0', revision: '9fc754f90a'
System info: os.name: 'Linux', os.arch: 'amd64', os.version: '6.6.87.2-microsoft-standard-WSL2', java.version: '21.0.10'
Driver info: driver.version: unknown
Stacktrace:
    at org.openqa.selenium.grid.sessionqueue.local.LocalNewSessionQueue.failDueToTimeout (LocalNewSessionQueue.java:514)
    at org.openqa.selenium.grid.sessionqueue.local.LocalNewSessionQueue.retryAddToQueue (LocalNewSessionQueue.java:311)
    at org.openqa.selenium.grid.distributor.local.LocalDistributor$NewSessionRunnable.handleNewSessionRequest (LocalDistributor.java:636)
    at org.openqa.selenium.grid.distributor.local.LocalDistributor$NewSessionRunnable.lambda$run$1 (LocalDistributor.java:572)
    at java.util.concurrent.ThreadPoolExecutor.runWorker (ThreadPoolExecutor.java:1144)
    at java.util.concurrent.ThreadPoolExecutor$Worker.run (ThreadPoolExecutor.java:642)
    at java.lang.Thread.run (Thread.java:1583)
[2026-03-20T19:38:17.802+0000] {scrapping_linkedin.py:279} ERROR - [LinkedIn] Worker failed for 'Linux Administrator': Message: Could not start a new session. Timed out creating session 
Host info: host: '11358a567dae', ip: '172.24.0.2'
Build info: version: '4.41.0', revision: '9fc754f90a'
System info: os.name: 'Linux', os.arch: 'amd64', os.version: '6.6.87.2-microsoft-standard-WSL2', java.version: '21.0.10'
Driver info: driver.version: unknown
Stacktrace:
    at org.openqa.selenium.grid.sessionqueue.local.LocalNewSessionQueue.failDueToTimeout (LocalNewSessionQueue.java:514)
    at org.openqa.selenium.grid.sessionqueue.local.LocalNewSessionQueue.retryAddToQueue (LocalNewSessionQueue.java:311)
    at org.openqa.selenium.grid.distributor.local.LocalDistributor$NewSessionRunnable.handleNewSessionRequest (LocalDistributor.java:636)
    at org.openqa.selenium.grid.distributor.local.LocalDistributor$NewSessionRunnable.lambda$run$1 (LocalDistributor.java:572)
    at java.util.concurrent.ThreadPoolExecutor.runWorker (ThreadPoolExecutor.java:1144)
    at java.util.concurrent.ThreadPoolExecutor$Worker.run (ThreadPoolExecutor.java:642)
    at java.lang.Thread.run (Thread.java:1583)
[2026-03-20T23:18:17.665+0000] {scrapping_linkedin.py:279} ERROR - [LinkedIn] Worker failed for 'System Engineer': Message: Could not start a new session. Timed out creating session 
Host info: host: '11358a567dae', ip: '172.24.0.2'
Build info: version: '4.41.0', revision: '9fc754f90a'
System info: os.name: 'Linux', os.arch: 'amd64', os.version: '6.6.87.2-microsoft-standard-WSL2', java.version: '21.0.10'
Driver info: driver.version: unknown
Stacktrace:
    at org.openqa.selenium.grid.sessionqueue.local.LocalNewSessionQueue.failDueToTimeout (LocalNewSessionQueue.java:514)
    at org.openqa.selenium.grid.sessionqueue.local.LocalNewSessionQueue.retryAddToQueue (LocalNewSessionQueue.java:311)
    at org.openqa.selenium.grid.distributor.local.LocalDistributor$NewSessionRunnable.handleNewSessionRequest (LocalDistributor.java:636)
    at org.openqa.selenium.grid.distributor.local.LocalDistributor$NewSessionRunnable.lambda$run$1 (LocalDistributor.java:572)
    at java.util.concurrent.ThreadPoolExecutor.runWorker (ThreadPoolExecutor.java:1144)
    at java.util.concurrent.ThreadPoolExecutor$Worker.run (ThreadPoolExecutor.java:642)
    at java.lang.Thread.run (Thread.java:1583)
[2026-03-20T23:18:17.728+0000] {scrapping_linkedin.py:279} ERROR - [LinkedIn] Worker failed for 'Database Administrator': Message: Could not start a new session. Timed out creating session 
Host info: host: '11358a567dae', ip: '172.24.0.2'
Build info: version: '4.41.0', revision: '9fc754f90a'
System info: os.name: 'Linux', os.arch: 'amd64', os.version: '6.6.87.2-microsoft-standard-WSL2', java.version: '21.0.10'
Driver info: driver.version: unknown
Stacktrace:
    at org.openqa.selenium.grid.sessionqueue.local.LocalNewSessionQueue.failDueToTimeout (LocalNewSessionQueue.java:514)
    at org.openqa.selenium.grid.sessionqueue.local.LocalNewSessionQueue.retryAddToQueue (LocalNewSessionQueue.java:311)
    at org.openqa.selenium.grid.distributor.local.LocalDistributor$NewSessionRunnable.handleNewSessionRequest (LocalDistributor.java:636)
    at org.openqa.selenium.grid.distributor.local.LocalDistributor$NewSessionRunnable.lambda$run$1 (LocalDistributor.java:572)
    at java.util.concurrent.ThreadPoolExecutor.runWorker (ThreadPoolExecutor.java:1144)
    at java.util.concurrent.ThreadPoolExecutor$Worker.run (ThreadPoolExecutor.java:642)
    at java.lang.Thread.run (Thread.java:1583)
[2026-03-20T23:18:17.754+0000] {job.py:229} INFO - Heartbeat recovered after 13200.99 seconds
[2026-03-20T23:18:20.164+0000] {scrapping_linkedin.py:279} ERROR - [LinkedIn] Worker failed for 'Big Data Engineer': Message: Could not start a new session. No nodes support the capabilities in the request 
Host info: host: '11358a567dae', ip: '172.24.0.2'
Build info: version: '4.41.0', revision: '9fc754f90a'
System info: os.name: 'Linux', os.arch: 'amd64', os.version: '6.6.87.2-microsoft-standard-WSL2', java.version: '21.0.10'
Driver info: driver.version: unknown
Stacktrace:
    at org.openqa.selenium.grid.distributor.local.LocalDistributor$NewSessionRunnable.lambda$checkMatchingSlot$7 (LocalDistributor.java:609)
    at java.util.stream.ForEachOps$ForEachOp$OfRef.accept (ForEachOps.java:184)
    at java.util.stream.ReferencePipeline$2$1.accept (ReferencePipeline.java:179)
    at java.util.ArrayList$ArrayListSpliterator.forEachRemaining (ArrayList.java:1708)
    at java.util.stream.AbstractPipeline.copyInto (AbstractPipeline.java:509)
    at java.util.stream.AbstractPipeline.wrapAndCopyInto (AbstractPipeline.java:499)
    at java.util.stream.ForEachOps$ForEachOp.evaluateSequential (ForEachOps.java:151)
    at java.util.stream.ForEachOps$ForEachOp$OfRef.evaluateSequential (ForEachOps.java:174)
    at java.util.stream.AbstractPipeline.evaluate (AbstractPipeline.java:234)
    at java.util.stream.ReferencePipeline.forEach (ReferencePipeline.java:596)
    at org.openqa.selenium.grid.distributor.local.LocalDistributor$NewSessionRunnable.checkMatchingSlot (LocalDistributor.java:604)
    at org.openqa.selenium.grid.distributor.local.LocalDistributor$NewSessionRunnable.run (LocalDistributor.java:584)
    at org.openqa.selenium.concurrent.GuardedRunnable.lambda$guard$0 (GuardedRunnable.java:35)
    at java.util.concurrent.Executors$RunnableAdapter.call (Executors.java:572)
    at java.util.concurrent.FutureTask.runAndReset (FutureTask.java:358)
    at java.util.concurrent.ScheduledThreadPoolExecutor$ScheduledFutureTask.run (ScheduledThreadPoolExecutor.java:305)
    at java.util.concurrent.ThreadPoolExecutor.runWorker (ThreadPoolExecutor.java:1144)
    at java.util.concurrent.ThreadPoolExecutor$Worker.run (ThreadPoolExecutor.java:642)
    at java.lang.Thread.run (Thread.java:1583)
[2026-03-20T23:18:20.382+0000] {scrapping_linkedin.py:279} ERROR - [LinkedIn] Worker failed for 'SQL Developer': Message: Could not start a new session. No nodes support the capabilities in the request 
Host info: host: '11358a567dae', ip: '172.24.0.2'
Build info: version: '4.41.0', revision: '9fc754f90a'
System info: os.name: 'Linux', os.arch: 'amd64', os.version: '6.6.87.2-microsoft-standard-WSL2', java.version: '21.0.10'
Driver info: driver.version: unknown
Stacktrace:
    at org.openqa.selenium.grid.distributor.local.LocalDistributor$NewSessionRunnable.lambda$checkMatchingSlot$7 (LocalDistributor.java:609)
    at java.util.stream.ForEachOps$ForEachOp$OfRef.accept (ForEachOps.java:184)
    at java.util.stream.ReferencePipeline$2$1.accept (ReferencePipeline.java:179)
    at java.util.ArrayList$ArrayListSpliterator.forEachRemaining (ArrayList.java:1708)
    at java.util.stream.AbstractPipeline.copyInto (AbstractPipeline.java:509)
    at java.util.stream.AbstractPipeline.wrapAndCopyInto (AbstractPipeline.java:499)
    at java.util.stream.ForEachOps$ForEachOp.evaluateSequential (ForEachOps.java:151)
    at java.util.stream.ForEachOps$ForEachOp$OfRef.evaluateSequential (ForEachOps.java:174)
    at java.util.stream.AbstractPipeline.evaluate (AbstractPipeline.java:234)
    at java.util.stream.ReferencePipeline.forEach (ReferencePipeline.java:596)
    at org.openqa.selenium.grid.distributor.local.LocalDistributor$NewSessionRunnable.checkMatchingSlot (LocalDistributor.java:604)
    at org.openqa.selenium.grid.distributor.local.LocalDistributor$NewSessionRunnable.run (LocalDistributor.java:584)
    at org.openqa.selenium.concurrent.GuardedRunnable.lambda$guard$0 (GuardedRunnable.java:35)
    at java.util.concurrent.Executors$RunnableAdapter.call (Executors.java:572)
    at java.util.concurrent.FutureTask.runAndReset (FutureTask.java:358)
    at java.util.concurrent.ScheduledThreadPoolExecutor$ScheduledFutureTask.run (ScheduledThreadPoolExecutor.java:305)
    at java.util.concurrent.ThreadPoolExecutor.runWorker (ThreadPoolExecutor.java:1144)
    at java.util.concurrent.ThreadPoolExecutor$Worker.run (ThreadPoolExecutor.java:642)
    at java.lang.Thread.run (Thread.java:1583)
[2026-03-20T23:18:21.981+0000] {scrapping_linkedin.py:279} ERROR - [LinkedIn] Worker failed for 'System Administrator': Message: Could not start a new session. Error while creating session with the driver service. Stopping driver service: Timeout when executing request (POST http://localhost:15139/session)
Build info: version: '4.41.0', revision: '9fc754f90a'
System info: os.name: 'Linux', os.arch: 'amd64', os.version: '6.6.87.2-microsoft-standard-WSL2', java.version: '21.0.10'
Driver info: driver.version: unknown 
Host info: host: '11358a567dae', ip: '172.24.0.2'
Build info: version: '4.41.0', revision: '9fc754f90a'
System info: os.name: 'Linux', os.arch: 'amd64', os.version: '6.6.87.2-microsoft-standard-WSL2', java.version: '21.0.10'
Driver info: driver.version: unknown
Stacktrace:
    at org.openqa.selenium.grid.node.config.DriverServiceSessionFactory.apply (DriverServiceSessionFactory.java:224)
    at org.openqa.selenium.grid.node.config.DriverServiceSessionFactory.apply (DriverServiceSessionFactory.java:70)
    at org.openqa.selenium.grid.node.local.SessionSlot.apply (SessionSlot.java:201)
    at org.openqa.selenium.grid.node.local.LocalNode.newSession (LocalNode.java:603)
    at org.openqa.selenium.grid.distributor.local.LocalDistributor.startSession (LocalDistributor.java:434)
    at org.openqa.selenium.grid.distributor.local.LocalDistributor.newSession (LocalDistributor.java:353)
    at org.openqa.selenium.grid.distributor.local.LocalDistributor$NewSessionRunnable.handleNewSessionRequest (LocalDistributor.java:629)
    at org.openqa.selenium.grid.distributor.local.LocalDistributor$NewSessionRunnable.lambda$run$1 (LocalDistributor.java:572)
    at java.util.concurrent.ThreadPoolExecutor.runWorker (ThreadPoolExecutor.java:1144)
    at java.util.concurrent.ThreadPoolExecutor$Worker.run (ThreadPoolExecutor.java:642)
    at java.lang.Thread.run (Thread.java:1583)
[2026-03-20T23:18:29.258+0000] {scrapping_linkedin.py:279} ERROR - [LinkedIn] Worker failed for 'IT Support': Message: Could not start a new session. Error while creating session with the driver service. Stopping driver service: Timeout when executing request (POST http://localhost:13054/session)
Build info: version: '4.41.0', revision: '9fc754f90a'
System info: os.name: 'Linux', os.arch: 'amd64', os.version: '6.6.87.2-microsoft-standard-WSL2', java.version: '21.0.10'
Driver info: driver.version: unknown 
Host info: host: '11358a567dae', ip: '172.24.0.2'
Build info: version: '4.41.0', revision: '9fc754f90a'
System info: os.name: 'Linux', os.arch: 'amd64', os.version: '6.6.87.2-microsoft-standard-WSL2', java.version: '21.0.10'
Driver info: driver.version: unknown
Stacktrace:
    at org.openqa.selenium.grid.node.config.DriverServiceSessionFactory.apply (DriverServiceSessionFactory.java:224)
    at org.openqa.selenium.grid.node.config.DriverServiceSessionFactory.apply (DriverServiceSessionFactory.java:70)
    at org.openqa.selenium.grid.node.local.SessionSlot.apply (SessionSlot.java:201)
    at org.openqa.selenium.grid.node.local.LocalNode.newSession (LocalNode.java:603)
    at org.openqa.selenium.grid.distributor.local.LocalDistributor.startSession (LocalDistributor.java:434)
    at org.openqa.selenium.grid.distributor.local.LocalDistributor.newSession (LocalDistributor.java:353)
    at org.openqa.selenium.grid.distributor.local.LocalDistributor$NewSessionRunnable.handleNewSessionRequest (LocalDistributor.java:629)
    at org.openqa.selenium.grid.distributor.local.LocalDistributor$NewSessionRunnable.lambda$run$1 (LocalDistributor.java:572)
    at java.util.concurrent.ThreadPoolExecutor.runWorker (ThreadPoolExecutor.java:1144)
    at java.util.concurrent.ThreadPoolExecutor$Worker.run (ThreadPoolExecutor.java:642)
    at java.lang.Thread.run (Thread.java:1583)
[2026-03-20T23:18:38.981+0000] {scrapping_linkedin.py:187} INFO - [LinkedIn][Test Engineer] Starting session...
[2026-03-20T23:18:39.730+0000] {scrapping_linkedin.py:187} INFO - [LinkedIn][Automation Tester] Starting session...
[2026-03-20T23:18:40.624+0000] {local_task_job_runner.py:127} ERROR - Received SIGTERM. Terminating subprocesses
[2026-03-20T23:18:40.865+0000] {process_utils.py:132} INFO - Sending 15 to group 472. PIDs of all processes in the group: [472]
[2026-03-20T23:18:41.422+0000] {process_utils.py:87} INFO - Sending the signal 15 to group 472
[2026-03-20T23:18:41.449+0000] {taskinstance.py:3093} ERROR - Received SIGTERM. Terminating subprocesses.
