[2026-03-21T15:48:26.371+0000] {local_task_job_runner.py:123} INFO - ::group::Pre task execution logs
[2026-03-21T15:48:26.457+0000] {taskinstance.py:2613} INFO - Dependencies all met for dep_context=non-requeueable deps ti=<TaskInstance: daily_job_scraping.extract_indeed scheduled__2026-03-19T12:00:00+00:00 [queued]>
[2026-03-21T15:48:27.048+0000] {taskinstance.py:2613} INFO - Dependencies all met for dep_context=requeueable deps ti=<TaskInstance: daily_job_scraping.extract_indeed scheduled__2026-03-19T12:00:00+00:00 [queued]>
[2026-03-21T15:48:27.050+0000] {taskinstance.py:2866} INFO - Starting attempt 2 of 3
[2026-03-21T15:48:27.120+0000] {taskinstance.py:2889} INFO - Executing <Task(PythonOperator): extract_indeed> on 2026-03-19 12:00:00+00:00
[2026-03-21T15:48:27.154+0000] {standard_task_runner.py:72} INFO - Started process 197 to run task
[2026-03-21T15:48:27.188+0000] {standard_task_runner.py:104} INFO - Running: ['airflow', 'tasks', 'run', 'daily_job_scraping', 'extract_indeed', 'scheduled__2026-03-19T12:00:00+00:00', '--job-id', '18', '--raw', '--subdir', 'DAGS_FOLDER/job_scraping_dag.py', '--cfg-path', '/tmp/tmpm748llug']
[2026-03-21T15:48:27.200+0000] {standard_task_runner.py:105} INFO - Job 18: Subtask extract_indeed
[2026-03-21T15:48:27.474+0000] {task_command.py:467} INFO - Running <TaskInstance: daily_job_scraping.extract_indeed scheduled__2026-03-19T12:00:00+00:00 [running]> on host 696af1b356a2
[2026-03-21T15:48:27.839+0000] {taskinstance.py:3132} INFO - Exporting env vars: AIRFLOW_CTX_DAG_OWNER='job_intelligent' AIRFLOW_CTX_DAG_ID='daily_job_scraping' AIRFLOW_CTX_TASK_ID='extract_indeed' AIRFLOW_CTX_EXECUTION_DATE='2026-03-19T12:00:00+00:00' AIRFLOW_CTX_TRY_NUMBER='2' AIRFLOW_CTX_DAG_RUN_ID='scheduled__2026-03-19T12:00:00+00:00'
[2026-03-21T15:48:27.845+0000] {taskinstance.py:731} INFO - ::endgroup::
[2026-03-21T15:48:27.987+0000] {job_scraping_dag.py:55} INFO - [DAG] Starting Indeed extraction...
[2026-03-21T15:48:27.990+0000] {scrapping_indeed.py:240} INFO - [Indeed] Starting 10 keywords with 3 parallel workers | SELENIUM_URL=http://selenium:4444/wd/hub
[2026-03-21T15:50:10.816+0000] {scrapping_indeed.py:167} INFO - [Indeed][Data Analyst] Starting session...
[2026-03-21T15:51:46.172+0000] {scrapping_indeed.py:167} INFO - [Indeed][Data Engineer] Starting session...
[2026-03-21T15:52:07.363+0000] {local_task_job_runner.py:346} WARNING - State of this instance has been externally set to None. Terminating instance.
[2026-03-21T15:52:07.367+0000] {local_task_job_runner.py:245} INFO - ::endgroup::
[2026-03-21T15:52:07.374+0000] {process_utils.py:132} INFO - Sending 15 to group 197. PIDs of all processes in the group: [197]
[2026-03-21T15:52:07.376+0000] {process_utils.py:87} INFO - Sending the signal 15 to group 197
[2026-03-21T15:52:07.377+0000] {taskinstance.py:3093} ERROR - Received SIGTERM. Terminating subprocesses.
[2026-03-21T15:53:07.386+0000] {process_utils.py:150} WARNING - process psutil.Process(pid=197, name='airflow task ru', status='sleeping', started='15:48:26') did not respond to SIGTERM. Trying SIGKILL
[2026-03-21T15:53:07.389+0000] {process_utils.py:87} INFO - Sending the signal 9 to group 197
[2026-03-21T15:53:07.445+0000] {process_utils.py:80} INFO - Process psutil.Process(pid=197, name='airflow task ru', status='terminated', exitcode=<Negsignal.SIGKILL: -9>, started='15:48:26') (197) terminated with exit code -9
[2026-03-21T15:53:07.457+0000] {standard_task_runner.py:190} ERROR - ('Job 18 was killed before it finished (likely due to running out of memory)', 'For more information, see https://airflow.apache.org/docs/apache-airflow/stable/troubleshooting.html#LocalTaskJob-killed')
