[2026-03-22T22:06:19.222+0000] {local_task_job_runner.py:123} INFO - ::group::Pre task execution logs
[2026-03-22T22:06:19.242+0000] {taskinstance.py:2613} INFO - Dependencies all met for dep_context=non-requeueable deps ti=<TaskInstance: daily_job_scraping.extract_france_travail manual__2026-03-22T22:06:17.832906+00:00 [queued]>
[2026-03-22T22:06:19.252+0000] {taskinstance.py:2613} INFO - Dependencies all met for dep_context=requeueable deps ti=<TaskInstance: daily_job_scraping.extract_france_travail manual__2026-03-22T22:06:17.832906+00:00 [queued]>
[2026-03-22T22:06:19.254+0000] {taskinstance.py:2866} INFO - Starting attempt 1 of 3
[2026-03-22T22:06:19.267+0000] {taskinstance.py:2889} INFO - Executing <Task(PythonOperator): extract_france_travail> on 2026-03-22 22:06:17.832906+00:00
[2026-03-22T22:06:19.276+0000] {standard_task_runner.py:72} INFO - Started process 228 to run task
[2026-03-22T22:06:19.279+0000] {standard_task_runner.py:104} INFO - Running: ['airflow', 'tasks', 'run', 'daily_job_scraping', 'extract_france_travail', 'manual__2026-03-22T22:06:17.832906+00:00', '--job-id', '14', '--raw', '--subdir', 'DAGS_FOLDER/job_scraping_dag.py', '--cfg-path', '/tmp/tmp_z482anz']
[2026-03-22T22:06:19.284+0000] {standard_task_runner.py:105} INFO - Job 14: Subtask extract_france_travail
[2026-03-22T22:06:19.359+0000] {task_command.py:467} INFO - Running <TaskInstance: daily_job_scraping.extract_france_travail manual__2026-03-22T22:06:17.832906+00:00 [running]> on host 88a2b0b5c07d
[2026-03-22T22:06:19.465+0000] {taskinstance.py:3132} INFO - Exporting env vars: AIRFLOW_CTX_DAG_OWNER='job_intelligent' AIRFLOW_CTX_DAG_ID='daily_job_scraping' AIRFLOW_CTX_TASK_ID='extract_france_travail' AIRFLOW_CTX_EXECUTION_DATE='2026-03-22T22:06:17.832906+00:00' AIRFLOW_CTX_TRY_NUMBER='1' AIRFLOW_CTX_DAG_RUN_ID='manual__2026-03-22T22:06:17.832906+00:00'
[2026-03-22T22:06:19.468+0000] {taskinstance.py:731} INFO - ::endgroup::
[2026-03-22T22:06:19.494+0000] {job_scraping_dag.py:49} INFO - [DAG] Starting France-Travail extraction...
[2026-03-22T22:06:19.495+0000] {scrapping_france_travail.py:200} INFO - [FranceTravail] Starting 10 keywords...
[2026-03-22T22:06:19.497+0000] {scrapping_france_travail.py:203} INFO - [FranceTravail] Searching: 'Data Scientist'
[2026-03-22T22:06:19.499+0000] {scrapping_france_travail.py:70} INFO - [FranceTravail] Refreshing access token...
[2026-03-22T22:06:20.469+0000] {scrapping_france_travail.py:93} INFO - [FranceTravail] Token obtained successfully.
[2026-03-22T22:06:27.888+0000] {scrapping_france_travail.py:135} WARNING - [FranceTravail][Data Scientist] Error 206: {"resultats":[{"id":"0607918","intitule":"ALTERNANCE - Data Scientist H/F","description":"\n              Au sein de l’équipe Machine Learning & IA, rattaché(e) au Chief Data et Ad Tech Officer, vous 
[2026-03-22T22:06:27.891+0000] {scrapping_france_travail.py:211} INFO - [FranceTravail][Data Scientist] No more results at page 1.
[2026-03-22T22:06:27.892+0000] {scrapping_france_travail.py:227} INFO - [FranceTravail] 'Data Scientist' done → 0 jobs (grand total: 0)
[2026-03-22T22:06:28.896+0000] {scrapping_france_travail.py:203} INFO - [FranceTravail] Searching: 'Data Engineer'
[2026-03-22T22:06:43.555+0000] {scrapping_france_travail.py:135} WARNING - [FranceTravail][Data Engineer] Error 206: {"resultats":[{"id":"0608114","intitule":"Data Engineer / Expert(e) IA (H/F)","description":"\n            Rejoignez Atos et sa practice RailWays, au cœur des programmes ferroviaires critiques, pour c
[2026-03-22T22:06:43.557+0000] {scrapping_france_travail.py:211} INFO - [FranceTravail][Data Engineer] No more results at page 1.
[2026-03-22T22:06:43.558+0000] {scrapping_france_travail.py:227} INFO - [FranceTravail] 'Data Engineer' done → 0 jobs (grand total: 0)
[2026-03-22T22:06:44.561+0000] {scrapping_france_travail.py:203} INFO - [FranceTravail] Searching: 'Data Analyst'
[2026-03-22T22:06:50.412+0000] {scrapping_france_travail.py:135} WARNING - [FranceTravail][Data Analyst] Error 206: {"resultats":[{"id":"0607715","intitule":"Alternance - Ingénieur Data Analyst F/H","description":"\n             L'entité IBE \"Services d’Ingénierie\" au sein de la Base Installée de Framatome déploi
[2026-03-22T22:06:50.414+0000] {scrapping_france_travail.py:211} INFO - [FranceTravail][Data Analyst] No more results at page 1.
[2026-03-22T22:06:50.415+0000] {scrapping_france_travail.py:227} INFO - [FranceTravail] 'Data Analyst' done → 0 jobs (grand total: 0)
[2026-03-22T22:06:51.416+0000] {scrapping_france_travail.py:203} INFO - [FranceTravail] Searching: 'Machine Learning Engineer'
[2026-03-22T22:06:57.698+0000] {scrapping_france_travail.py:218} INFO - [FranceTravail][Machine Learning Engineer] Page 1 → +36 jobs (keyword total: 36)
[2026-03-22T22:07:02.848+0000] {scrapping_france_travail.py:131} INFO - [FranceTravail][Machine Learning Engineer] No results (204).
[2026-03-22T22:07:02.850+0000] {scrapping_france_travail.py:211} INFO - [FranceTravail][Machine Learning Engineer] No more results at page 2.
[2026-03-22T22:07:02.852+0000] {scrapping_france_travail.py:227} INFO - [FranceTravail] 'Machine Learning Engineer' done → 36 jobs (grand total: 36)
[2026-03-22T22:07:03.854+0000] {scrapping_france_travail.py:203} INFO - [FranceTravail] Searching: 'MLOps Engineer'
[2026-03-22T22:07:04.585+0000] {scrapping_france_travail.py:218} INFO - [FranceTravail][MLOps Engineer] Page 1 → +1 jobs (keyword total: 1)
[2026-03-22T22:07:12.216+0000] {scrapping_france_travail.py:131} INFO - [FranceTravail][MLOps Engineer] No results (204).
[2026-03-22T22:07:12.217+0000] {scrapping_france_travail.py:211} INFO - [FranceTravail][MLOps Engineer] No more results at page 2.
[2026-03-22T22:07:12.219+0000] {scrapping_france_travail.py:227} INFO - [FranceTravail] 'MLOps Engineer' done → 1 jobs (grand total: 37)
[2026-03-22T22:07:13.220+0000] {scrapping_france_travail.py:203} INFO - [FranceTravail] Searching: 'Business Intelligence'
[2026-03-22T22:07:30.634+0000] {scrapping_france_travail.py:135} WARNING - [FranceTravail][Business Intelligence] Error 206: {"resultats":[{"id":"0609013","intitule":"Développeur Business Intelligence (M/F/D) (H/F)","description":"Fortement ancrés dans le paysage hospitalier luxembourgeois, les Hôpitaux Robert Schuman S.A. 
[2026-03-22T22:07:30.638+0000] {scrapping_france_travail.py:211} INFO - [FranceTravail][Business Intelligence] No more results at page 1.
[2026-03-22T22:07:30.641+0000] {scrapping_france_travail.py:227} INFO - [FranceTravail] 'Business Intelligence' done → 0 jobs (grand total: 37)
[2026-03-22T22:07:31.643+0000] {scrapping_france_travail.py:203} INFO - [FranceTravail] Searching: 'NLP Engineer'
[2026-03-22T22:07:38.510+0000] {scrapping_france_travail.py:131} INFO - [FranceTravail][NLP Engineer] No results (204).
[2026-03-22T22:07:38.514+0000] {scrapping_france_travail.py:211} INFO - [FranceTravail][NLP Engineer] No more results at page 1.
[2026-03-22T22:07:38.519+0000] {scrapping_france_travail.py:227} INFO - [FranceTravail] 'NLP Engineer' done → 0 jobs (grand total: 37)
[2026-03-22T22:07:39.524+0000] {scrapping_france_travail.py:203} INFO - [FranceTravail] Searching: 'AI Engineer'
[2026-03-22T22:07:48.024+0000] {scrapping_france_travail.py:218} INFO - [FranceTravail][AI Engineer] Page 1 → +8 jobs (keyword total: 8)
[2026-03-22T22:07:53.551+0000] {scrapping_france_travail.py:131} INFO - [FranceTravail][AI Engineer] No results (204).
[2026-03-22T22:07:53.553+0000] {scrapping_france_travail.py:211} INFO - [FranceTravail][AI Engineer] No more results at page 2.
[2026-03-22T22:07:53.554+0000] {scrapping_france_travail.py:227} INFO - [FranceTravail] 'AI Engineer' done → 8 jobs (grand total: 45)
[2026-03-22T22:07:54.555+0000] {scrapping_france_travail.py:203} INFO - [FranceTravail] Searching: 'Data Architect'
[2026-03-22T22:08:15.905+0000] {scrapping_france_travail.py:127} ERROR - [FranceTravail][Data Architect] Request error: HTTPSConnectionPool(host='api.francetravail.io', port=443): Read timed out. (read timeout=15)
[2026-03-22T22:08:15.908+0000] {scrapping_france_travail.py:211} INFO - [FranceTravail][Data Architect] No more results at page 1.
[2026-03-22T22:08:15.914+0000] {scrapping_france_travail.py:227} INFO - [FranceTravail] 'Data Architect' done → 0 jobs (grand total: 45)
[2026-03-22T22:08:16.921+0000] {scrapping_france_travail.py:203} INFO - [FranceTravail] Searching: 'Big Data Engineer'
[2026-03-22T22:08:30.417+0000] {scrapping_france_travail.py:135} WARNING - [FranceTravail][Big Data Engineer] Error 206: {"resultats":[{"id":"0607992","intitule":"Big Data Engineer / Développeur Big Data H/F","description":"\n             Ce que vous allez faire si vous nous rejoignez :Sous la responsabilité du Responsa
[2026-03-22T22:08:30.420+0000] {scrapping_france_travail.py:211} INFO - [FranceTravail][Big Data Engineer] No more results at page 1.
[2026-03-22T22:08:30.421+0000] {scrapping_france_travail.py:227} INFO - [FranceTravail] 'Big Data Engineer' done → 0 jobs (grand total: 45)
[2026-03-22T22:08:31.422+0000] {scrapping_france_travail.py:235} INFO - [FranceTravail] Finished — 45 unique jobs collected.
[2026-03-22T22:08:31.429+0000] {job_scraping_dag.py:54} INFO - [DAG] France-Travail done — 45 jobs saved to /tmp/france_travail_jobs.json
[2026-03-22T22:08:31.432+0000] {python.py:240} INFO - Done. Returned value was: None
[2026-03-22T22:08:31.463+0000] {taskinstance.py:340} INFO - ::group::Post task execution logs
[2026-03-22T22:08:31.470+0000] {taskinstance.py:352} INFO - Marking task as SUCCESS. dag_id=daily_job_scraping, task_id=extract_france_travail, run_id=manual__2026-03-22T22:06:17.832906+00:00, execution_date=20260322T220617, start_date=20260322T220619, end_date=20260322T220831
[2026-03-22T22:08:31.572+0000] {local_task_job_runner.py:266} INFO - Task exited with return code 0
[2026-03-22T22:08:31.633+0000] {taskinstance.py:3895} INFO - 0 downstream tasks scheduled from follow-on schedule check
[2026-03-22T22:08:31.665+0000] {local_task_job_runner.py:245} INFO - ::endgroup::
