[2026-03-24T19:40:47.578+0000] {local_task_job_runner.py:123} INFO - ::group::Pre task execution logs
[2026-03-24T19:40:47.902+0000] {taskinstance.py:2613} INFO - Dependencies all met for dep_context=non-requeueable deps ti=<TaskInstance: daily_job_scraping.extract_france_travail manual__2026-03-24T19:40:34.071898+00:00 [queued]>
[2026-03-24T19:40:48.043+0000] {taskinstance.py:2613} INFO - Dependencies all met for dep_context=requeueable deps ti=<TaskInstance: daily_job_scraping.extract_france_travail manual__2026-03-24T19:40:34.071898+00:00 [queued]>
[2026-03-24T19:40:48.108+0000] {taskinstance.py:2866} INFO - Starting attempt 1 of 3
[2026-03-24T19:40:48.331+0000] {taskinstance.py:2889} INFO - Executing <Task(PythonOperator): extract_france_travail> on 2026-03-24 19:40:34.071898+00:00
[2026-03-24T19:40:48.547+0000] {standard_task_runner.py:72} INFO - Started process 331 to run task
[2026-03-24T19:40:48.596+0000] {standard_task_runner.py:104} INFO - Running: ['airflow', 'tasks', 'run', 'daily_job_scraping', 'extract_france_travail', 'manual__2026-03-24T19:40:34.071898+00:00', '--job-id', '28', '--raw', '--subdir', 'DAGS_FOLDER/job_scraping_dag.py', '--cfg-path', '/tmp/tmpp8cyjrjw']
[2026-03-24T19:40:48.682+0000] {standard_task_runner.py:105} INFO - Job 28: Subtask extract_france_travail
[2026-03-24T19:40:49.412+0000] {task_command.py:467} INFO - Running <TaskInstance: daily_job_scraping.extract_france_travail manual__2026-03-24T19:40:34.071898+00:00 [running]> on host cef8f2d38bab
[2026-03-24T19:40:51.036+0000] {taskinstance.py:3132} INFO - Exporting env vars: AIRFLOW_CTX_DAG_OWNER='job_intelligent' AIRFLOW_CTX_DAG_ID='daily_job_scraping' AIRFLOW_CTX_TASK_ID='extract_france_travail' AIRFLOW_CTX_EXECUTION_DATE='2026-03-24T19:40:34.071898+00:00' AIRFLOW_CTX_TRY_NUMBER='1' AIRFLOW_CTX_DAG_RUN_ID='manual__2026-03-24T19:40:34.071898+00:00'
[2026-03-24T19:40:51.092+0000] {taskinstance.py:731} INFO - ::endgroup::
[2026-03-24T19:40:51.439+0000] {job_scraping_dag.py:174} INFO - [DAG] Starting France-Travail extraction...
[2026-03-24T19:40:51.542+0000] {scrapping_france_travail.py:200} INFO - [FranceTravail] Starting 10 keywords...
[2026-03-24T19:40:51.627+0000] {scrapping_france_travail.py:203} INFO - [FranceTravail] Searching: 'Data Scientist'
[2026-03-24T19:40:51.666+0000] {scrapping_france_travail.py:70} INFO - [FranceTravail] Refreshing access token...
[2026-03-24T19:40:52.284+0000] {scrapping_france_travail.py:93} INFO - [FranceTravail] Token obtained successfully.
[2026-03-24T19:40:53.228+0000] {scrapping_france_travail.py:135} WARNING - [FranceTravail][Data Scientist] Error 206: {"resultats":[{"id":"0677012","intitule":"Alternance - data scientist F/H (H/F)","description":"En tant qu'alternant Data Scientist, vous rejoindrez l'équipe PHARE (Appui et Expertise - Demandes Clien
[2026-03-24T19:40:53.244+0000] {scrapping_france_travail.py:211} INFO - [FranceTravail][Data Scientist] No more results at page 1.
[2026-03-24T19:40:53.330+0000] {scrapping_france_travail.py:227} INFO - [FranceTravail] 'Data Scientist' done → 0 jobs (grand total: 0)
[2026-03-24T19:40:54.430+0000] {scrapping_france_travail.py:203} INFO - [FranceTravail] Searching: 'Data Engineer'
[2026-03-24T19:40:55.378+0000] {scrapping_france_travail.py:135} WARNING - [FranceTravail][Data Engineer] Error 206: {"resultats":[{"id":"205WSMH","intitule":"Data Engineer (H/F)","description":"Qui sommes-nous ? \n\nHello, moi c'est Dorian. Je suis chargé de recrutement au sein de l'entreprise Keepcod. Bon, je ne v
[2026-03-24T19:40:55.468+0000] {scrapping_france_travail.py:211} INFO - [FranceTravail][Data Engineer] No more results at page 1.
[2026-03-24T19:40:55.519+0000] {scrapping_france_travail.py:227} INFO - [FranceTravail] 'Data Engineer' done → 0 jobs (grand total: 0)
[2026-03-24T19:40:56.565+0000] {scrapping_france_travail.py:203} INFO - [FranceTravail] Searching: 'Data Analyst'
[2026-03-24T19:40:57.533+0000] {scrapping_france_travail.py:135} WARNING - [FranceTravail][Data Analyst] Error 206: {"resultats":[{"id":"205XYDS","intitule":"Data analyst (H/F)","description":"Manpower TOULOUSE GDS COMPTES AERO recherche pour son client, AIRBUS, un Data analyst (H/F).\nInfo équipe : Expert en donné
[2026-03-24T19:40:57.582+0000] {scrapping_france_travail.py:211} INFO - [FranceTravail][Data Analyst] No more results at page 1.
[2026-03-24T19:40:57.619+0000] {scrapping_france_travail.py:227} INFO - [FranceTravail] 'Data Analyst' done → 0 jobs (grand total: 0)
[2026-03-24T19:40:58.681+0000] {scrapping_france_travail.py:203} INFO - [FranceTravail] Searching: 'Machine Learning Engineer'
[2026-03-24T19:40:59.469+0000] {scrapping_france_travail.py:218} INFO - [FranceTravail][Machine Learning Engineer] Page 1 → +36 jobs (keyword total: 36)
[2026-03-24T19:41:00.566+0000] {scrapping_france_travail.py:131} INFO - [FranceTravail][Machine Learning Engineer] No results (204).
[2026-03-24T19:41:00.584+0000] {scrapping_france_travail.py:211} INFO - [FranceTravail][Machine Learning Engineer] No more results at page 2.
[2026-03-24T19:41:00.603+0000] {scrapping_france_travail.py:227} INFO - [FranceTravail] 'Machine Learning Engineer' done → 36 jobs (grand total: 36)
[2026-03-24T19:41:01.636+0000] {scrapping_france_travail.py:203} INFO - [FranceTravail] Searching: 'MLOps Engineer'
[2026-03-24T19:41:02.240+0000] {scrapping_france_travail.py:218} INFO - [FranceTravail][MLOps Engineer] Page 1 → +1 jobs (keyword total: 1)
[2026-03-24T19:41:03.399+0000] {scrapping_france_travail.py:131} INFO - [FranceTravail][MLOps Engineer] No results (204).
[2026-03-24T19:41:03.432+0000] {scrapping_france_travail.py:211} INFO - [FranceTravail][MLOps Engineer] No more results at page 2.
[2026-03-24T19:41:03.708+0000] {scrapping_france_travail.py:227} INFO - [FranceTravail] 'MLOps Engineer' done → 1 jobs (grand total: 37)
[2026-03-24T19:41:04.849+0000] {scrapping_france_travail.py:203} INFO - [FranceTravail] Searching: 'Business Intelligence'
[2026-03-24T19:41:05.715+0000] {scrapping_france_travail.py:135} WARNING - [FranceTravail][Business Intelligence] Error 206: {"resultats":[{"id":"0681720","intitule":"Business Developer Bordeaux (33) H/F","description":"Cabinet de conseil en financement public créé en , notre client est un des acteurs historiques du finance
[2026-03-24T19:41:05.821+0000] {scrapping_france_travail.py:211} INFO - [FranceTravail][Business Intelligence] No more results at page 1.
[2026-03-24T19:41:05.855+0000] {scrapping_france_travail.py:227} INFO - [FranceTravail] 'Business Intelligence' done → 0 jobs (grand total: 37)
[2026-03-24T19:41:06.875+0000] {scrapping_france_travail.py:203} INFO - [FranceTravail] Searching: 'NLP Engineer'
[2026-03-24T19:41:07.344+0000] {scrapping_france_travail.py:131} INFO - [FranceTravail][NLP Engineer] No results (204).
[2026-03-24T19:41:07.361+0000] {scrapping_france_travail.py:211} INFO - [FranceTravail][NLP Engineer] No more results at page 1.
[2026-03-24T19:41:07.367+0000] {scrapping_france_travail.py:227} INFO - [FranceTravail] 'NLP Engineer' done → 0 jobs (grand total: 37)
[2026-03-24T19:41:08.370+0000] {scrapping_france_travail.py:203} INFO - [FranceTravail] Searching: 'AI Engineer'
[2026-03-24T19:41:08.905+0000] {scrapping_france_travail.py:218} INFO - [FranceTravail][AI Engineer] Page 1 → +10 jobs (keyword total: 10)
[2026-03-24T19:41:09.879+0000] {scrapping_france_travail.py:131} INFO - [FranceTravail][AI Engineer] No results (204).
[2026-03-24T19:41:09.906+0000] {scrapping_france_travail.py:211} INFO - [FranceTravail][AI Engineer] No more results at page 2.
[2026-03-24T19:41:09.934+0000] {scrapping_france_travail.py:227} INFO - [FranceTravail] 'AI Engineer' done → 10 jobs (grand total: 47)
[2026-03-24T19:41:10.940+0000] {scrapping_france_travail.py:203} INFO - [FranceTravail] Searching: 'Data Architect'
[2026-03-24T19:41:11.538+0000] {scrapping_france_travail.py:218} INFO - [FranceTravail][Data Architect] Page 1 → +32 jobs (keyword total: 32)
[2026-03-24T19:41:12.423+0000] {scrapping_france_travail.py:131} INFO - [FranceTravail][Data Architect] No results (204).
[2026-03-24T19:41:12.437+0000] {scrapping_france_travail.py:211} INFO - [FranceTravail][Data Architect] No more results at page 2.
[2026-03-24T19:41:12.440+0000] {scrapping_france_travail.py:227} INFO - [FranceTravail] 'Data Architect' done → 32 jobs (grand total: 79)
[2026-03-24T19:41:13.518+0000] {scrapping_france_travail.py:203} INFO - [FranceTravail] Searching: 'Big Data Engineer'
[2026-03-24T19:41:14.280+0000] {scrapping_france_travail.py:135} WARNING - [FranceTravail][Big Data Engineer] Error 206: {"resultats":[{"id":"0629470","intitule":"Big Data Engineer / Développeur Big Data H/F","description":"\n             Ce que vous allez faire si vous nous rejoignez :Sous la responsabilité du Responsa
[2026-03-24T19:41:14.337+0000] {scrapping_france_travail.py:211} INFO - [FranceTravail][Big Data Engineer] No more results at page 1.
[2026-03-24T19:41:14.371+0000] {scrapping_france_travail.py:227} INFO - [FranceTravail] 'Big Data Engineer' done → 0 jobs (grand total: 79)
[2026-03-24T19:41:13.126+0000] {scrapping_france_travail.py:235} INFO - [FranceTravail] Finished — 79 unique jobs collected.
[2026-03-24T19:41:13.199+0000] {job_scraping_dag.py:179} INFO - [DAG] France-Travail done — 79 jobs saved to /tmp/france_travail_jobs.json
[2026-03-24T19:41:13.248+0000] {python.py:240} INFO - Done. Returned value was: None
[2026-03-24T19:41:13.478+0000] {taskinstance.py:340} INFO - ::group::Post task execution logs
[2026-03-24T19:41:13.568+0000] {taskinstance.py:352} INFO - Marking task as SUCCESS. dag_id=daily_job_scraping, task_id=extract_france_travail, run_id=manual__2026-03-24T19:40:34.071898+00:00, execution_date=20260324T194034, start_date=20260324T194047, end_date=20260324T194113
[2026-03-24T19:41:15.287+0000] {local_task_job_runner.py:266} INFO - Task exited with return code 0
[2026-03-24T19:41:15.588+0000] {taskinstance.py:3895} INFO - 0 downstream tasks scheduled from follow-on schedule check
[2026-03-24T19:41:15.635+0000] {local_task_job_runner.py:245} INFO - ::endgroup::
