[2026-03-22T21:13:47.975+0000] {local_task_job_runner.py:123} INFO - ::group::Pre task execution logs
[2026-03-22T21:13:47.992+0000] {taskinstance.py:2613} INFO - Dependencies all met for dep_context=non-requeueable deps ti=<TaskInstance: daily_job_scraping.push_to_db manual__2026-03-22T21:10:23.107763+00:00 [queued]>
[2026-03-22T21:13:48.001+0000] {taskinstance.py:2613} INFO - Dependencies all met for dep_context=requeueable deps ti=<TaskInstance: daily_job_scraping.push_to_db manual__2026-03-22T21:10:23.107763+00:00 [queued]>
[2026-03-22T21:13:48.003+0000] {taskinstance.py:2866} INFO - Starting attempt 1 of 3
[2026-03-22T21:13:48.019+0000] {taskinstance.py:2889} INFO - Executing <Task(PythonOperator): push_to_db> on 2026-03-22 21:10:23.107763+00:00
[2026-03-22T21:13:48.027+0000] {standard_task_runner.py:72} INFO - Started process 512 to run task
[2026-03-22T21:13:48.031+0000] {standard_task_runner.py:104} INFO - Running: ['airflow', 'tasks', 'run', 'daily_job_scraping', 'push_to_db', 'manual__2026-03-22T21:10:23.107763+00:00', '--job-id', '7', '--raw', '--subdir', 'DAGS_FOLDER/job_scraping_dag.py', '--cfg-path', '/tmp/tmpjgpu2cjx']
[2026-03-22T21:13:48.035+0000] {standard_task_runner.py:105} INFO - Job 7: Subtask push_to_db
[2026-03-22T21:13:48.110+0000] {task_command.py:467} INFO - Running <TaskInstance: daily_job_scraping.push_to_db manual__2026-03-22T21:10:23.107763+00:00 [running]> on host 2c0c4d342a2d
[2026-03-22T21:13:48.210+0000] {taskinstance.py:3132} INFO - Exporting env vars: AIRFLOW_CTX_DAG_OWNER='job_intelligent' AIRFLOW_CTX_DAG_ID='daily_job_scraping' AIRFLOW_CTX_TASK_ID='push_to_db' AIRFLOW_CTX_EXECUTION_DATE='2026-03-22T21:10:23.107763+00:00' AIRFLOW_CTX_TRY_NUMBER='1' AIRFLOW_CTX_DAG_RUN_ID='manual__2026-03-22T21:10:23.107763+00:00'
[2026-03-22T21:13:48.213+0000] {taskinstance.py:731} INFO - ::endgroup::
[2026-03-22T21:13:48.251+0000] {job_scraping_dag.py:72} INFO - [DAG] Merging 172 LinkedIn + 0 Indeed = 172 total jobs.
[2026-03-22T21:13:48.397+0000] {db.py:80} INFO - [DB] Done — 172 inserted, 0 skipped (duplicates/errors).
[2026-03-22T21:13:48.412+0000] {logging_mixin.py:190} INFO - 
─── DB Stats ─────────────────────────────────────
[2026-03-22T21:13:48.413+0000] {logging_mixin.py:190} INFO - Total jobs : 156
[2026-03-22T21:13:48.414+0000] {logging_mixin.py:190} INFO -   linkedin    : 156
[2026-03-22T21:13:48.415+0000] {logging_mixin.py:190} INFO - ──────────────────────────────────────────────────
[2026-03-22T21:13:48.416+0000] {python.py:240} INFO - Done. Returned value was: None
[2026-03-22T21:13:48.429+0000] {taskinstance.py:340} INFO - ::group::Post task execution logs
[2026-03-22T21:13:48.431+0000] {taskinstance.py:352} INFO - Marking task as SUCCESS. dag_id=daily_job_scraping, task_id=push_to_db, run_id=manual__2026-03-22T21:10:23.107763+00:00, execution_date=20260322T211023, start_date=20260322T211347, end_date=20260322T211348
[2026-03-22T21:13:48.456+0000] {local_task_job_runner.py:266} INFO - Task exited with return code 0
[2026-03-22T21:13:48.475+0000] {taskinstance.py:3895} INFO - 0 downstream tasks scheduled from follow-on schedule check
[2026-03-22T21:13:48.479+0000] {local_task_job_runner.py:245} INFO - ::endgroup::
