[2026-03-21T16:21:27.237+0000] {local_task_job_runner.py:123} INFO - ::group::Pre task execution logs
[2026-03-21T16:21:27.259+0000] {taskinstance.py:2613} INFO - Dependencies all met for dep_context=non-requeueable deps ti=<TaskInstance: daily_job_scraping.push_to_db scheduled__2026-03-20T12:00:00+00:00 [queued]>
[2026-03-21T16:21:27.439+0000] {taskinstance.py:2613} INFO - Dependencies all met for dep_context=requeueable deps ti=<TaskInstance: daily_job_scraping.push_to_db scheduled__2026-03-20T12:00:00+00:00 [queued]>
[2026-03-21T16:21:27.444+0000] {taskinstance.py:2866} INFO - Starting attempt 4 of 6
[2026-03-21T16:21:27.458+0000] {taskinstance.py:2889} INFO - Executing <Task(PythonOperator): push_to_db> on 2026-03-20 12:00:00+00:00
[2026-03-21T16:21:27.467+0000] {standard_task_runner.py:72} INFO - Started process 630 to run task
[2026-03-21T16:21:27.473+0000] {standard_task_runner.py:104} INFO - Running: ['airflow', 'tasks', 'run', 'daily_job_scraping', 'push_to_db', 'scheduled__2026-03-20T12:00:00+00:00', '--job-id', '28', '--raw', '--subdir', 'DAGS_FOLDER/job_scraping_dag.py', '--cfg-path', '/tmp/tmpnqx2e80a']
[2026-03-21T16:21:27.479+0000] {standard_task_runner.py:105} INFO - Job 28: Subtask push_to_db
[2026-03-21T16:21:27.594+0000] {task_command.py:467} INFO - Running <TaskInstance: daily_job_scraping.push_to_db scheduled__2026-03-20T12:00:00+00:00 [running]> on host 696af1b356a2
[2026-03-21T16:21:27.721+0000] {taskinstance.py:3132} INFO - Exporting env vars: AIRFLOW_CTX_DAG_OWNER='job_intelligent' AIRFLOW_CTX_DAG_ID='daily_job_scraping' AIRFLOW_CTX_TASK_ID='push_to_db' AIRFLOW_CTX_EXECUTION_DATE='2026-03-20T12:00:00+00:00' AIRFLOW_CTX_TRY_NUMBER='4' AIRFLOW_CTX_DAG_RUN_ID='scheduled__2026-03-20T12:00:00+00:00'
[2026-03-21T16:21:27.724+0000] {taskinstance.py:731} INFO - ::endgroup::
[2026-03-21T16:21:27.786+0000] {job_scraping_dag.py:72} INFO - [DAG] Merging 162 LinkedIn + 0 Indeed = 162 total jobs.
[2026-03-21T16:21:27.935+0000] {db.py:80} INFO - [DB] Done — 162 inserted, 0 skipped (duplicates/errors).
[2026-03-21T16:21:27.952+0000] {logging_mixin.py:190} INFO - 
─── DB Stats ─────────────────────────────────────
[2026-03-21T16:21:27.953+0000] {logging_mixin.py:190} INFO - Total jobs : 162
[2026-03-21T16:21:27.954+0000] {logging_mixin.py:190} INFO -   linkedin    : 162
[2026-03-21T16:21:27.956+0000] {logging_mixin.py:190} INFO - ──────────────────────────────────────────────────
[2026-03-21T16:21:27.957+0000] {python.py:240} INFO - Done. Returned value was: None
[2026-03-21T16:21:27.972+0000] {taskinstance.py:340} INFO - ::group::Post task execution logs
[2026-03-21T16:21:27.974+0000] {taskinstance.py:352} INFO - Marking task as SUCCESS. dag_id=daily_job_scraping, task_id=push_to_db, run_id=scheduled__2026-03-20T12:00:00+00:00, execution_date=20260320T120000, start_date=20260321T162127, end_date=20260321T162127
[2026-03-21T16:21:28.010+0000] {local_task_job_runner.py:266} INFO - Task exited with return code 0
[2026-03-21T16:21:28.031+0000] {taskinstance.py:3895} INFO - 0 downstream tasks scheduled from follow-on schedule check
[2026-03-21T16:21:28.035+0000] {local_task_job_runner.py:245} INFO - ::endgroup::
