[2026-03-24T22:02:06.693+0000] {local_task_job_runner.py:123} INFO - ::group::Pre task execution logs
[2026-03-24T22:02:06.772+0000] {taskinstance.py:2613} INFO - Dependencies all met for dep_context=non-requeueable deps ti=<TaskInstance: daily_job_scraping.run_etl manual__2026-03-24T21:56:15.052495+00:00 [queued]>
[2026-03-24T22:02:06.819+0000] {taskinstance.py:2613} INFO - Dependencies all met for dep_context=requeueable deps ti=<TaskInstance: daily_job_scraping.run_etl manual__2026-03-24T21:56:15.052495+00:00 [queued]>
[2026-03-24T22:02:06.821+0000] {taskinstance.py:2866} INFO - Starting attempt 1 of 3
[2026-03-24T22:02:06.894+0000] {taskinstance.py:2889} INFO - Executing <Task(PythonOperator): run_etl> on 2026-03-24 21:56:15.052495+00:00
[2026-03-24T22:02:06.945+0000] {standard_task_runner.py:72} INFO - Started process 1325 to run task
[2026-03-24T22:02:06.978+0000] {standard_task_runner.py:104} INFO - Running: ['airflow', 'tasks', 'run', 'daily_job_scraping', 'run_etl', 'manual__2026-03-24T21:56:15.052495+00:00', '--job-id', '43', '--raw', '--subdir', 'DAGS_FOLDER/job_scraping_dag.py', '--cfg-path', '/tmp/tmpvoi0aedy']
[2026-03-24T22:02:06.997+0000] {standard_task_runner.py:105} INFO - Job 43: Subtask run_etl
[2026-03-24T22:02:07.322+0000] {task_command.py:467} INFO - Running <TaskInstance: daily_job_scraping.run_etl manual__2026-03-24T21:56:15.052495+00:00 [running]> on host 8c995635ce4e
[2026-03-24T22:02:07.929+0000] {taskinstance.py:3132} INFO - Exporting env vars: AIRFLOW_CTX_DAG_OWNER='job_intelligent' AIRFLOW_CTX_DAG_ID='daily_job_scraping' AIRFLOW_CTX_TASK_ID='run_etl' AIRFLOW_CTX_EXECUTION_DATE='2026-03-24T21:56:15.052495+00:00' AIRFLOW_CTX_TRY_NUMBER='1' AIRFLOW_CTX_DAG_RUN_ID='manual__2026-03-24T21:56:15.052495+00:00'
[2026-03-24T22:02:07.935+0000] {taskinstance.py:731} INFO - ::endgroup::
[2026-03-24T22:02:08.009+0000] {job_scraping_dag.py:76} INFO - [DAG] Starting ETL pipeline...
[2026-03-24T22:02:09.056+0000] {EDA.py:357} INFO - === JobRadar ETL Pipeline demarre ===
[2026-03-24T22:02:09.058+0000] {EDA.py:108} INFO - [ETL] Extraction depuis Supabase jobs...
[2026-03-24T22:02:09.604+0000] {EDA.py:135} INFO - [ETL] Page 1: 1000 lignes recuperees
[2026-03-24T22:02:09.926+0000] {EDA.py:135} INFO - [ETL] Page 2: 1421 lignes recuperees
[2026-03-24T22:02:09.963+0000] {EDA.py:146} INFO - [ETL] Extract termine - 1421 lignes depuis Supabase `jobs`
[2026-03-24T22:02:09.968+0000] {EDA.py:208} INFO - [ETL] Transformation en cours...
[2026-03-24T22:02:13.532+0000] {EDA.py:201} INFO - [ETL] Deduplication: 1421 -> 797 lignes (624 supprimees)
[2026-03-24T22:02:13.545+0000] {EDA.py:239} INFO - [ETL] Transform termine - 797 lignes propres
[2026-03-24T22:02:13.595+0000] {EDA.py:267} INFO - [ETL] Connexion a Supabase REST API (table: jobs_clean)...
[2026-03-24T22:02:13.894+0000] {EDA.py:277} INFO - [ETL] Table jobs_clean videe.
[2026-03-24T22:02:14.379+0000] {EDA.py:295} INFO - [ETL] Lot 1: 100/797 lignes
[2026-03-24T22:02:14.702+0000] {EDA.py:295} INFO - [ETL] Lot 2: 200/797 lignes
[2026-03-24T22:02:15.033+0000] {EDA.py:295} INFO - [ETL] Lot 3: 300/797 lignes
[2026-03-24T22:02:15.410+0000] {EDA.py:295} INFO - [ETL] Lot 4: 400/797 lignes
[2026-03-24T22:02:17.074+0000] {EDA.py:295} INFO - [ETL] Lot 5: 500/797 lignes
[2026-03-24T22:02:13.774+0000] {EDA.py:295} INFO - [ETL] Lot 6: 600/797 lignes
[2026-03-24T22:02:14.164+0000] {EDA.py:295} INFO - [ETL] Lot 7: 700/797 lignes
[2026-03-24T22:02:14.619+0000] {EDA.py:295} INFO - [ETL] Lot 8: 797/797 lignes
[2026-03-24T22:02:14.622+0000] {EDA.py:300} INFO - [ETL] SUCCES — 797 lignes dans jobs_clean
[2026-03-24T22:02:14.787+0000] {EDA.py:310} INFO - [ETL] SQLite backup - 797 lignes -> /opt/airflow/scrapers/jobradar.db
[2026-03-24T22:02:14.887+0000] {EDA.py:314} INFO - [ETL] CSV Power BI -> /opt/airflow/scrapers/jobradar_clean.csv
[2026-03-24T22:02:14.985+0000] {EDA.py:319} INFO - [ETL] JSON NLP -> /opt/airflow/scrapers/jobradar_clean.json
[2026-03-24T22:02:14.991+0000] {logging_mixin.py:190} INFO - 
--- ETL Summary --------------------------------------------------
[2026-03-24T22:02:14.994+0000] {logging_mixin.py:190} INFO - Total jobs propres : 797
[2026-03-24T22:02:14.998+0000] {logging_mixin.py:190} INFO - Entreprises        : 288
[2026-03-24T22:02:15.003+0000] {logging_mixin.py:190} INFO - Stockage           : Supabase jobs_clean + SQLite backup + CSV + JSON
[2026-03-24T22:02:15.009+0000] {logging_mixin.py:190} INFO - 
Par categorie:
[2026-03-24T22:02:15.038+0000] {logging_mixin.py:190} INFO - category
Other             274
Data & AI         266
Software Dev       89
Management         76
IT & Systems       49
DevOps & Cloud     26
Cybersecurity      17
[2026-03-24T22:02:15.043+0000] {logging_mixin.py:190} INFO - 
Top localisations:
[2026-03-24T22:02:15.052+0000] {logging_mixin.py:190} INFO - location
Casablanca                149
Rabat                     120
Casablanca et priphrie     61
Mchouar de Casablanca      60
Casablanca-Settat          57
[2026-03-24T22:02:15.059+0000] {logging_mixin.py:190} INFO - 
Par source:
[2026-03-24T22:02:15.063+0000] {logging_mixin.py:190} INFO - source
linkedin          255
france_travail     76
[2026-03-24T22:02:15.065+0000] {logging_mixin.py:190} INFO - ------------------------------------------------------------------
[2026-03-24T22:02:15.066+0000] {EDA.py:364} INFO - === Termine en 6s ===
[2026-03-24T22:02:15.069+0000] {job_scraping_dag.py:80} INFO - [DAG] ETL done.
[2026-03-24T22:02:15.074+0000] {python.py:240} INFO - Done. Returned value was: None
[2026-03-24T22:02:15.109+0000] {taskinstance.py:340} INFO - ::group::Post task execution logs
[2026-03-24T22:02:15.111+0000] {taskinstance.py:352} INFO - Marking task as SUCCESS. dag_id=daily_job_scraping, task_id=run_etl, run_id=manual__2026-03-24T21:56:15.052495+00:00, execution_date=20260324T215615, start_date=20260324T220206, end_date=20260324T220215
[2026-03-24T22:02:17.143+0000] {local_task_job_runner.py:266} INFO - Task exited with return code 0
[2026-03-24T22:02:17.212+0000] {taskinstance.py:3895} INFO - 0 downstream tasks scheduled from follow-on schedule check
[2026-03-24T22:02:17.225+0000] {local_task_job_runner.py:245} INFO - ::endgroup::
