[2026-03-22T22:08:39.513+0000] {local_task_job_runner.py:123} INFO - ::group::Pre task execution logs
[2026-03-22T22:08:39.533+0000] {taskinstance.py:2613} INFO - Dependencies all met for dep_context=non-requeueable deps ti=<TaskInstance: daily_job_scraping.push_to_db manual__2026-03-22T22:06:17.832906+00:00 [queued]>
[2026-03-22T22:08:39.544+0000] {taskinstance.py:2613} INFO - Dependencies all met for dep_context=requeueable deps ti=<TaskInstance: daily_job_scraping.push_to_db manual__2026-03-22T22:06:17.832906+00:00 [queued]>
[2026-03-22T22:08:39.546+0000] {taskinstance.py:2866} INFO - Starting attempt 1 of 3
[2026-03-22T22:08:39.562+0000] {taskinstance.py:2889} INFO - Executing <Task(PythonOperator): push_to_db> on 2026-03-22 22:06:17.832906+00:00
[2026-03-22T22:08:39.572+0000] {standard_task_runner.py:72} INFO - Started process 259 to run task
[2026-03-22T22:08:39.576+0000] {standard_task_runner.py:104} INFO - Running: ['airflow', 'tasks', 'run', 'daily_job_scraping', 'push_to_db', 'manual__2026-03-22T22:06:17.832906+00:00', '--job-id', '15', '--raw', '--subdir', 'DAGS_FOLDER/job_scraping_dag.py', '--cfg-path', '/tmp/tmplmrov1a2']
[2026-03-22T22:08:39.579+0000] {standard_task_runner.py:105} INFO - Job 15: Subtask push_to_db
[2026-03-22T22:08:39.665+0000] {task_command.py:467} INFO - Running <TaskInstance: daily_job_scraping.push_to_db manual__2026-03-22T22:06:17.832906+00:00 [running]> on host 88a2b0b5c07d
[2026-03-22T22:08:39.797+0000] {taskinstance.py:3132} INFO - Exporting env vars: AIRFLOW_CTX_DAG_OWNER='job_intelligent' AIRFLOW_CTX_DAG_ID='daily_job_scraping' AIRFLOW_CTX_TASK_ID='push_to_db' AIRFLOW_CTX_EXECUTION_DATE='2026-03-22T22:06:17.832906+00:00' AIRFLOW_CTX_TRY_NUMBER='1' AIRFLOW_CTX_DAG_RUN_ID='manual__2026-03-22T22:06:17.832906+00:00'
[2026-03-22T22:08:39.800+0000] {taskinstance.py:731} INFO - ::endgroup::
[2026-03-22T22:08:39.823+0000] {job_scraping_dag.py:65} INFO - [DAG] Loaded 175 jobs from /tmp/linkedin_jobs.json
[2026-03-22T22:08:39.824+0000] {job_scraping_dag.py:65} INFO - [DAG] Loaded 45 jobs from /tmp/france_travail_jobs.json
[2026-03-22T22:08:39.825+0000] {job_scraping_dag.py:69} INFO - [DAG] Total jobs to push: 220
[2026-03-22T22:08:40.142+0000] {db.py:80} INFO - [DB] Done — 220 inserted, 0 skipped (duplicates/errors).
[2026-03-22T22:08:40.167+0000] {logging_mixin.py:190} INFO - 
─── DB Stats ─────────────────────────────────────
[2026-03-22T22:08:40.169+0000] {logging_mixin.py:190} INFO - Total jobs : 215
[2026-03-22T22:08:40.171+0000] {logging_mixin.py:190} INFO -   france_travail: 45
[2026-03-22T22:08:40.172+0000] {logging_mixin.py:190} INFO -   linkedin    : 170
[2026-03-22T22:08:40.173+0000] {logging_mixin.py:190} INFO - ──────────────────────────────────────────────────
[2026-03-22T22:08:40.176+0000] {python.py:240} INFO - Done. Returned value was: None
[2026-03-22T22:08:40.199+0000] {taskinstance.py:340} INFO - ::group::Post task execution logs
[2026-03-22T22:08:40.204+0000] {taskinstance.py:352} INFO - Marking task as SUCCESS. dag_id=daily_job_scraping, task_id=push_to_db, run_id=manual__2026-03-22T22:06:17.832906+00:00, execution_date=20260322T220617, start_date=20260322T220839, end_date=20260322T220840
[2026-03-22T22:08:40.284+0000] {local_task_job_runner.py:266} INFO - Task exited with return code 0
[2026-03-22T22:08:40.336+0000] {taskinstance.py:3895} INFO - 0 downstream tasks scheduled from follow-on schedule check
[2026-03-22T22:08:40.341+0000] {local_task_job_runner.py:245} INFO - ::endgroup::
