[2026-03-24T22:01:55.599+0000] {local_task_job_runner.py:123} INFO - ::group::Pre task execution logs
[2026-03-24T22:01:55.688+0000] {taskinstance.py:2613} INFO - Dependencies all met for dep_context=non-requeueable deps ti=<TaskInstance: daily_job_scraping.push_to_db manual__2026-03-24T21:56:15.052495+00:00 [queued]>
[2026-03-24T22:01:55.734+0000] {taskinstance.py:2613} INFO - Dependencies all met for dep_context=requeueable deps ti=<TaskInstance: daily_job_scraping.push_to_db manual__2026-03-24T21:56:15.052495+00:00 [queued]>
[2026-03-24T22:01:55.738+0000] {taskinstance.py:2866} INFO - Starting attempt 1 of 3
[2026-03-24T22:01:55.799+0000] {taskinstance.py:2889} INFO - Executing <Task(PythonOperator): push_to_db> on 2026-03-24 21:56:15.052495+00:00
[2026-03-24T22:01:55.864+0000] {standard_task_runner.py:72} INFO - Started process 1321 to run task
[2026-03-24T22:01:55.872+0000] {standard_task_runner.py:104} INFO - Running: ['airflow', 'tasks', 'run', 'daily_job_scraping', 'push_to_db', 'manual__2026-03-24T21:56:15.052495+00:00', '--job-id', '42', '--raw', '--subdir', 'DAGS_FOLDER/job_scraping_dag.py', '--cfg-path', '/tmp/tmpvu_bcutz']
[2026-03-24T22:01:55.892+0000] {standard_task_runner.py:105} INFO - Job 42: Subtask push_to_db
[2026-03-24T22:01:56.160+0000] {task_command.py:467} INFO - Running <TaskInstance: daily_job_scraping.push_to_db manual__2026-03-24T21:56:15.052495+00:00 [running]> on host 8c995635ce4e
[2026-03-24T22:01:56.700+0000] {taskinstance.py:3132} INFO - Exporting env vars: AIRFLOW_CTX_DAG_OWNER='job_intelligent' AIRFLOW_CTX_DAG_ID='daily_job_scraping' AIRFLOW_CTX_TASK_ID='push_to_db' AIRFLOW_CTX_EXECUTION_DATE='2026-03-24T21:56:15.052495+00:00' AIRFLOW_CTX_TRY_NUMBER='1' AIRFLOW_CTX_DAG_RUN_ID='manual__2026-03-24T21:56:15.052495+00:00'
[2026-03-24T22:01:56.706+0000] {taskinstance.py:731} INFO - ::endgroup::
[2026-03-24T22:01:56.794+0000] {job_scraping_dag.py:65} INFO - [DAG] Loaded 178 jobs from /tmp/linkedin_jobs.json
[2026-03-24T22:01:56.798+0000] {job_scraping_dag.py:65} INFO - [DAG] Loaded 79 jobs from /tmp/france_travail_jobs.json
[2026-03-24T22:01:56.812+0000] {job_scraping_dag.py:69} INFO - [DAG] Total jobs to push: 257
[2026-03-24T22:01:56.945+0000] {db.py:207} INFO - [DB] Pushing 257 jobs to Supabase...
[2026-03-24T22:01:58.678+0000] {db.py:225} INFO - [DB] Lot 1: 100/257 inseres
[2026-03-24T22:01:59.287+0000] {db.py:225} INFO - [DB] Lot 2: 200/257 inseres
[2026-03-24T22:01:59.747+0000] {db.py:225} INFO - [DB] Lot 3: 257/257 inseres
[2026-03-24T22:01:59.750+0000] {db.py:237} INFO - [DB] Done - 257 inseres, 0 doublons ignores.
[2026-03-24T22:02:00.507+0000] {logging_mixin.py:190} INFO - 
--- DB Stats (Supabase) ------------------------------------------
[2026-03-24T22:02:00.511+0000] {logging_mixin.py:190} INFO - Total jobs : 1421
[2026-03-24T22:02:00.513+0000] {logging_mixin.py:190} INFO - ------------------------------------------------------------------
[2026-03-24T22:02:00.516+0000] {python.py:240} INFO - Done. Returned value was: None
[2026-03-24T22:02:00.565+0000] {taskinstance.py:340} INFO - ::group::Post task execution logs
[2026-03-24T22:02:00.568+0000] {taskinstance.py:352} INFO - Marking task as SUCCESS. dag_id=daily_job_scraping, task_id=push_to_db, run_id=manual__2026-03-24T21:56:15.052495+00:00, execution_date=20260324T215615, start_date=20260324T220155, end_date=20260324T220200
[2026-03-24T22:02:00.690+0000] {local_task_job_runner.py:266} INFO - Task exited with return code 0
[2026-03-24T22:02:00.799+0000] {taskinstance.py:3895} INFO - 1 downstream tasks scheduled from follow-on schedule check
[2026-03-24T22:02:00.825+0000] {local_task_job_runner.py:245} INFO - ::endgroup::
[2026-03-24T22:02:00.885+0000] {standard_task_runner.py:217} INFO - Process not found (most likely exited), stop collecting metrics
