[2026-03-24T22:36:52.881+0000] {local_task_job_runner.py:123} INFO - ::group::Pre task execution logs
[2026-03-24T22:36:52.967+0000] {taskinstance.py:2613} INFO - Dependencies all met for dep_context=non-requeueable deps ti=<TaskInstance: daily_job_scraping.extract_france_travail manual__2026-03-24T22:36:45.776542+00:00 [queued]>
[2026-03-24T22:36:53.001+0000] {taskinstance.py:2613} INFO - Dependencies all met for dep_context=requeueable deps ti=<TaskInstance: daily_job_scraping.extract_france_travail manual__2026-03-24T22:36:45.776542+00:00 [queued]>
[2026-03-24T22:36:53.003+0000] {taskinstance.py:2866} INFO - Starting attempt 1 of 3
[2026-03-24T22:36:53.090+0000] {taskinstance.py:2889} INFO - Executing <Task(PythonOperator): extract_france_travail> on 2026-03-24 22:36:45.776542+00:00
[2026-03-24T22:36:53.123+0000] {standard_task_runner.py:72} INFO - Started process 1717 to run task
[2026-03-24T22:36:53.145+0000] {standard_task_runner.py:104} INFO - Running: ['airflow', 'tasks', 'run', 'daily_job_scraping', 'extract_france_travail', 'manual__2026-03-24T22:36:45.776542+00:00', '--job-id', '49', '--raw', '--subdir', 'DAGS_FOLDER/job_scraping_dag.py', '--cfg-path', '/tmp/tmpusqxc9m8']
[2026-03-24T22:36:53.190+0000] {standard_task_runner.py:105} INFO - Job 49: Subtask extract_france_travail
[2026-03-24T22:36:53.528+0000] {task_command.py:467} INFO - Running <TaskInstance: daily_job_scraping.extract_france_travail manual__2026-03-24T22:36:45.776542+00:00 [running]> on host 8c995635ce4e
[2026-03-24T22:36:54.079+0000] {taskinstance.py:3132} INFO - Exporting env vars: AIRFLOW_CTX_DAG_OWNER='job_intelligent' AIRFLOW_CTX_DAG_ID='daily_job_scraping' AIRFLOW_CTX_TASK_ID='extract_france_travail' AIRFLOW_CTX_EXECUTION_DATE='2026-03-24T22:36:45.776542+00:00' AIRFLOW_CTX_TRY_NUMBER='1' AIRFLOW_CTX_DAG_RUN_ID='manual__2026-03-24T22:36:45.776542+00:00'
[2026-03-24T22:36:54.085+0000] {taskinstance.py:731} INFO - ::endgroup::
[2026-03-24T22:36:54.176+0000] {job_scraping_dag.py:49} INFO - [DAG] Starting France-Travail extraction...
[2026-03-24T22:36:54.185+0000] {scrapping_france_travail.py:200} INFO - [FranceTravail] Starting 10 keywords...
[2026-03-24T22:36:54.202+0000] {scrapping_france_travail.py:203} INFO - [FranceTravail] Searching: 'Data Scientist'
[2026-03-24T22:36:54.215+0000] {scrapping_france_travail.py:70} INFO - [FranceTravail] Refreshing access token...
[2026-03-24T22:36:54.616+0000] {scrapping_france_travail.py:93} INFO - [FranceTravail] Token obtained successfully.
[2026-03-24T22:36:55.518+0000] {scrapping_france_travail.py:135} WARNING - [FranceTravail][Data Scientist] Error 206: {"resultats":[{"id":"0685188","intitule":"Datascientist expert en IA F/H (H/F)","description":"Framatome souhaite étendre sa capacité à traiter des cas d'usage IA en recrutant un.e data scientist expe
[2026-03-24T22:36:55.586+0000] {scrapping_france_travail.py:211} INFO - [FranceTravail][Data Scientist] No more results at page 1.
[2026-03-24T22:36:55.642+0000] {scrapping_france_travail.py:227} INFO - [FranceTravail] 'Data Scientist' done → 0 jobs (grand total: 0)
[2026-03-24T22:36:56.720+0000] {scrapping_france_travail.py:203} INFO - [FranceTravail] Searching: 'Data Engineer'
[2026-03-24T22:36:57.416+0000] {scrapping_france_travail.py:135} WARNING - [FranceTravail][Data Engineer] Error 206: {"resultats":[{"id":"205WSMH","intitule":"Data Engineer (H/F)","description":"Qui sommes-nous ? \n\nHello, moi c'est Dorian. Je suis chargé de recrutement au sein de l'entreprise Keepcod. Bon, je ne v
[2026-03-24T22:36:57.500+0000] {scrapping_france_travail.py:211} INFO - [FranceTravail][Data Engineer] No more results at page 1.
[2026-03-24T22:36:57.570+0000] {scrapping_france_travail.py:227} INFO - [FranceTravail] 'Data Engineer' done → 0 jobs (grand total: 0)
[2026-03-24T22:36:58.652+0000] {scrapping_france_travail.py:203} INFO - [FranceTravail] Searching: 'Data Analyst'
[2026-03-24T22:36:59.477+0000] {scrapping_france_travail.py:135} WARNING - [FranceTravail][Data Analyst] Error 206: {"resultats":[{"id":"205XYDS","intitule":"Data analyst (H/F)","description":"Manpower TOULOUSE GDS COMPTES AERO recherche pour son client, AIRBUS, un Data analyst (H/F).\nInfo équipe : Expert en donné
[2026-03-24T22:36:59.526+0000] {scrapping_france_travail.py:211} INFO - [FranceTravail][Data Analyst] No more results at page 1.
[2026-03-24T22:36:59.529+0000] {scrapping_france_travail.py:227} INFO - [FranceTravail] 'Data Analyst' done → 0 jobs (grand total: 0)
[2026-03-24T22:37:01.913+0000] {scrapping_france_travail.py:203} INFO - [FranceTravail] Searching: 'Machine Learning Engineer'
[2026-03-24T22:36:58.952+0000] {scrapping_france_travail.py:218} INFO - [FranceTravail][Machine Learning Engineer] Page 1 → +36 jobs (keyword total: 36)
[2026-03-24T22:36:59.976+0000] {scrapping_france_travail.py:131} INFO - [FranceTravail][Machine Learning Engineer] No results (204).
[2026-03-24T22:36:59.994+0000] {scrapping_france_travail.py:211} INFO - [FranceTravail][Machine Learning Engineer] No more results at page 2.
[2026-03-24T22:37:00.021+0000] {scrapping_france_travail.py:227} INFO - [FranceTravail] 'Machine Learning Engineer' done → 36 jobs (grand total: 36)
[2026-03-24T22:37:01.041+0000] {scrapping_france_travail.py:203} INFO - [FranceTravail] Searching: 'MLOps Engineer'
[2026-03-24T22:37:01.432+0000] {scrapping_france_travail.py:218} INFO - [FranceTravail][MLOps Engineer] Page 1 → +1 jobs (keyword total: 1)
[2026-03-24T22:37:02.499+0000] {scrapping_france_travail.py:131} INFO - [FranceTravail][MLOps Engineer] No results (204).
[2026-03-24T22:37:02.550+0000] {scrapping_france_travail.py:211} INFO - [FranceTravail][MLOps Engineer] No more results at page 2.
[2026-03-24T22:37:02.601+0000] {scrapping_france_travail.py:227} INFO - [FranceTravail] 'MLOps Engineer' done → 1 jobs (grand total: 37)
[2026-03-24T22:37:03.643+0000] {scrapping_france_travail.py:203} INFO - [FranceTravail] Searching: 'Business Intelligence'
[2026-03-24T22:37:04.354+0000] {scrapping_france_travail.py:135} WARNING - [FranceTravail][Business Intelligence] Error 206: {"resultats":[{"id":"0681720","intitule":"Business Developer Bordeaux (33) H/F","description":"Cabinet de conseil en financement public créé en , notre client est un des acteurs historiques du finance
[2026-03-24T22:37:04.406+0000] {scrapping_france_travail.py:211} INFO - [FranceTravail][Business Intelligence] No more results at page 1.
[2026-03-24T22:37:04.459+0000] {scrapping_france_travail.py:227} INFO - [FranceTravail] 'Business Intelligence' done → 0 jobs (grand total: 37)
[2026-03-24T22:37:05.531+0000] {scrapping_france_travail.py:203} INFO - [FranceTravail] Searching: 'NLP Engineer'
[2026-03-24T22:37:06.017+0000] {scrapping_france_travail.py:131} INFO - [FranceTravail][NLP Engineer] No results (204).
[2026-03-24T22:37:06.055+0000] {scrapping_france_travail.py:211} INFO - [FranceTravail][NLP Engineer] No more results at page 1.
[2026-03-24T22:37:06.059+0000] {scrapping_france_travail.py:227} INFO - [FranceTravail] 'NLP Engineer' done → 0 jobs (grand total: 37)
[2026-03-24T22:37:07.083+0000] {scrapping_france_travail.py:203} INFO - [FranceTravail] Searching: 'AI Engineer'
[2026-03-24T22:37:07.610+0000] {scrapping_france_travail.py:218} INFO - [FranceTravail][AI Engineer] Page 1 → +10 jobs (keyword total: 10)
[2026-03-24T22:37:08.559+0000] {scrapping_france_travail.py:131} INFO - [FranceTravail][AI Engineer] No results (204).
[2026-03-24T22:37:08.580+0000] {scrapping_france_travail.py:211} INFO - [FranceTravail][AI Engineer] No more results at page 2.
[2026-03-24T22:37:08.612+0000] {scrapping_france_travail.py:227} INFO - [FranceTravail] 'AI Engineer' done → 10 jobs (grand total: 47)
[2026-03-24T22:37:09.617+0000] {scrapping_france_travail.py:203} INFO - [FranceTravail] Searching: 'Data Architect'
[2026-03-24T22:37:10.247+0000] {scrapping_france_travail.py:218} INFO - [FranceTravail][Data Architect] Page 1 → +32 jobs (keyword total: 32)
[2026-03-24T22:37:11.254+0000] {scrapping_france_travail.py:131} INFO - [FranceTravail][Data Architect] No results (204).
[2026-03-24T22:37:11.305+0000] {scrapping_france_travail.py:211} INFO - [FranceTravail][Data Architect] No more results at page 2.
[2026-03-24T22:37:11.357+0000] {scrapping_france_travail.py:227} INFO - [FranceTravail] 'Data Architect' done → 32 jobs (grand total: 79)
[2026-03-24T22:37:12.403+0000] {scrapping_france_travail.py:203} INFO - [FranceTravail] Searching: 'Big Data Engineer'
[2026-03-24T22:37:13.080+0000] {scrapping_france_travail.py:135} WARNING - [FranceTravail][Big Data Engineer] Error 206: {"resultats":[{"id":"0629470","intitule":"Big Data Engineer / Développeur Big Data H/F","description":"\n             Ce que vous allez faire si vous nous rejoignez :Sous la responsabilité du Responsa
[2026-03-24T22:37:13.149+0000] {scrapping_france_travail.py:211} INFO - [FranceTravail][Big Data Engineer] No more results at page 1.
[2026-03-24T22:37:13.201+0000] {scrapping_france_travail.py:227} INFO - [FranceTravail] 'Big Data Engineer' done → 0 jobs (grand total: 79)
[2026-03-24T22:37:14.218+0000] {scrapping_france_travail.py:235} INFO - [FranceTravail] Finished — 79 unique jobs collected.
[2026-03-24T22:37:14.274+0000] {job_scraping_dag.py:54} INFO - [DAG] France-Travail done — 79 jobs saved to /tmp/france_travail_jobs.json
[2026-03-24T22:37:14.322+0000] {python.py:240} INFO - Done. Returned value was: None
[2026-03-24T22:37:14.664+0000] {taskinstance.py:340} INFO - ::group::Post task execution logs
[2026-03-24T22:37:14.714+0000] {taskinstance.py:352} INFO - Marking task as SUCCESS. dag_id=daily_job_scraping, task_id=extract_france_travail, run_id=manual__2026-03-24T22:36:45.776542+00:00, execution_date=20260324T223645, start_date=20260324T223652, end_date=20260324T223714
[2026-03-24T22:37:15.022+0000] {local_task_job_runner.py:266} INFO - Task exited with return code 0
[2026-03-24T22:37:15.240+0000] {taskinstance.py:3895} INFO - 0 downstream tasks scheduled from follow-on schedule check
[2026-03-24T22:37:15.362+0000] {local_task_job_runner.py:245} INFO - ::endgroup::
