[2026-03-24T19:50:46.460+0000] {local_task_job_runner.py:123} INFO - ::group::Pre task execution logs
[2026-03-24T19:50:46.984+0000] {taskinstance.py:2613} INFO - Dependencies all met for dep_context=non-requeueable deps ti=<TaskInstance: daily_job_scraping.push_to_db manual__2026-03-24T19:40:34.071898+00:00 [queued]>
[2026-03-24T19:50:47.113+0000] {taskinstance.py:2613} INFO - Dependencies all met for dep_context=requeueable deps ti=<TaskInstance: daily_job_scraping.push_to_db manual__2026-03-24T19:40:34.071898+00:00 [queued]>
[2026-03-24T19:50:47.167+0000] {taskinstance.py:2866} INFO - Starting attempt 1 of 3
[2026-03-24T19:50:47.438+0000] {taskinstance.py:2889} INFO - Executing <Task(PythonOperator): push_to_db> on 2026-03-24 19:40:34.071898+00:00
[2026-03-24T19:50:47.519+0000] {standard_task_runner.py:72} INFO - Started process 428 to run task
[2026-03-24T19:50:47.559+0000] {standard_task_runner.py:104} INFO - Running: ['airflow', 'tasks', 'run', 'daily_job_scraping', 'push_to_db', 'manual__2026-03-24T19:40:34.071898+00:00', '--job-id', '32', '--raw', '--subdir', 'DAGS_FOLDER/job_scraping_dag.py', '--cfg-path', '/tmp/tmpnarxyw93']
[2026-03-24T19:50:47.642+0000] {standard_task_runner.py:105} INFO - Job 32: Subtask push_to_db
[2026-03-24T19:50:48.529+0000] {task_command.py:467} INFO - Running <TaskInstance: daily_job_scraping.push_to_db manual__2026-03-24T19:40:34.071898+00:00 [running]> on host cef8f2d38bab
[2026-03-24T19:50:50.080+0000] {taskinstance.py:3132} INFO - Exporting env vars: AIRFLOW_CTX_DAG_OWNER='job_intelligent' AIRFLOW_CTX_DAG_ID='daily_job_scraping' AIRFLOW_CTX_TASK_ID='push_to_db' AIRFLOW_CTX_EXECUTION_DATE='2026-03-24T19:40:34.071898+00:00' AIRFLOW_CTX_TRY_NUMBER='1' AIRFLOW_CTX_DAG_RUN_ID='manual__2026-03-24T19:40:34.071898+00:00'
[2026-03-24T19:50:50.114+0000] {taskinstance.py:731} INFO - ::endgroup::
[2026-03-24T19:50:50.413+0000] {job_scraping_dag.py:190} INFO - [DAG] Loaded 168 jobs from /tmp/linkedin_jobs.json
[2026-03-24T19:50:50.536+0000] {job_scraping_dag.py:190} INFO - [DAG] Loaded 79 jobs from /tmp/france_travail_jobs.json
[2026-03-24T19:50:50.616+0000] {job_scraping_dag.py:194} INFO - [DAG] Total jobs to push: 247
[2026-03-24T19:50:50.685+0000] {db.py:185} ERROR - [DB] SUPABASE_API_KEY manquante ! Configurez-la dans docker-compose.yml
[2026-03-24T19:50:51.686+0000] {logging_mixin.py:190} INFO - 
--- DB Stats (Supabase) ------------------------------------------
[2026-03-24T19:50:51.738+0000] {logging_mixin.py:190} INFO - Total jobs : ?
[2026-03-24T19:50:51.757+0000] {logging_mixin.py:190} INFO - ------------------------------------------------------------------
[2026-03-24T19:50:51.807+0000] {python.py:240} INFO - Done. Returned value was: None
[2026-03-24T19:50:51.983+0000] {taskinstance.py:340} INFO - ::group::Post task execution logs
[2026-03-24T19:50:52.014+0000] {taskinstance.py:352} INFO - Marking task as SUCCESS. dag_id=daily_job_scraping, task_id=push_to_db, run_id=manual__2026-03-24T19:40:34.071898+00:00, execution_date=20260324T194034, start_date=20260324T195047, end_date=20260324T195052
[2026-03-24T19:50:52.298+0000] {local_task_job_runner.py:266} INFO - Task exited with return code 0
[2026-03-24T19:50:52.506+0000] {taskinstance.py:3895} INFO - 0 downstream tasks scheduled from follow-on schedule check
[2026-03-24T19:50:52.577+0000] {standard_task_runner.py:217} INFO - Process not found (most likely exited), stop collecting metrics
[2026-03-24T19:50:52.646+0000] {local_task_job_runner.py:245} INFO - ::endgroup::
