[2026-03-24T19:51:19.228+0000] {local_task_job_runner.py:123} INFO - ::group::Pre task execution logs
[2026-03-24T19:51:19.562+0000] {taskinstance.py:2613} INFO - Dependencies all met for dep_context=non-requeueable deps ti=<TaskInstance: daily_job_scraping.push_to_db scheduled__2026-03-23T12:00:00+00:00 [queued]>
[2026-03-24T19:51:19.647+0000] {taskinstance.py:2613} INFO - Dependencies all met for dep_context=requeueable deps ti=<TaskInstance: daily_job_scraping.push_to_db scheduled__2026-03-23T12:00:00+00:00 [queued]>
[2026-03-24T19:51:19.689+0000] {taskinstance.py:2866} INFO - Starting attempt 1 of 3
[2026-03-24T19:51:20.149+0000] {taskinstance.py:2889} INFO - Executing <Task(PythonOperator): push_to_db> on 2026-03-23 12:00:00+00:00
[2026-03-24T19:51:20.304+0000] {standard_task_runner.py:72} INFO - Started process 438 to run task
[2026-03-24T19:51:20.357+0000] {standard_task_runner.py:104} INFO - Running: ['airflow', 'tasks', 'run', 'daily_job_scraping', 'push_to_db', 'scheduled__2026-03-23T12:00:00+00:00', '--job-id', '33', '--raw', '--subdir', 'DAGS_FOLDER/job_scraping_dag.py', '--cfg-path', '/tmp/tmp4jiv6h72']
[2026-03-24T19:51:20.460+0000] {standard_task_runner.py:105} INFO - Job 33: Subtask push_to_db
[2026-03-24T19:51:21.452+0000] {task_command.py:467} INFO - Running <TaskInstance: daily_job_scraping.push_to_db scheduled__2026-03-23T12:00:00+00:00 [running]> on host cef8f2d38bab
[2026-03-24T19:51:22.563+0000] {taskinstance.py:3132} INFO - Exporting env vars: AIRFLOW_CTX_DAG_OWNER='job_intelligent' AIRFLOW_CTX_DAG_ID='daily_job_scraping' AIRFLOW_CTX_TASK_ID='push_to_db' AIRFLOW_CTX_EXECUTION_DATE='2026-03-23T12:00:00+00:00' AIRFLOW_CTX_TRY_NUMBER='1' AIRFLOW_CTX_DAG_RUN_ID='scheduled__2026-03-23T12:00:00+00:00'
[2026-03-24T19:51:22.618+0000] {taskinstance.py:731} INFO - ::endgroup::
[2026-03-24T19:51:22.845+0000] {job_scraping_dag.py:190} INFO - [DAG] Loaded 179 jobs from /tmp/linkedin_jobs.json
[2026-03-24T19:51:22.896+0000] {job_scraping_dag.py:190} INFO - [DAG] Loaded 79 jobs from /tmp/france_travail_jobs.json
[2026-03-24T19:51:22.949+0000] {job_scraping_dag.py:194} INFO - [DAG] Total jobs to push: 258
[2026-03-24T19:51:23.020+0000] {db.py:185} ERROR - [DB] SUPABASE_API_KEY manquante ! Configurez-la dans docker-compose.yml
[2026-03-24T19:51:24.245+0000] {logging_mixin.py:190} INFO - 
--- DB Stats (Supabase) ------------------------------------------
[2026-03-24T19:51:24.349+0000] {logging_mixin.py:190} INFO - Total jobs : ?
[2026-03-24T19:51:24.400+0000] {logging_mixin.py:190} INFO - ------------------------------------------------------------------
[2026-03-24T19:51:24.453+0000] {python.py:240} INFO - Done. Returned value was: None
[2026-03-24T19:51:24.657+0000] {taskinstance.py:340} INFO - ::group::Post task execution logs
[2026-03-24T19:51:24.660+0000] {taskinstance.py:352} INFO - Marking task as SUCCESS. dag_id=daily_job_scraping, task_id=push_to_db, run_id=scheduled__2026-03-23T12:00:00+00:00, execution_date=20260323T120000, start_date=20260324T195119, end_date=20260324T195124
[2026-03-24T19:51:24.958+0000] {local_task_job_runner.py:266} INFO - Task exited with return code 0
[2026-03-24T19:51:25.162+0000] {local_task_job_runner.py:245} INFO - ::endgroup::
[2026-03-24T19:51:25.457+0000] {standard_task_runner.py:217} INFO - Process not found (most likely exited), stop collecting metrics
