[2026-03-24T20:24:26.542+0000] {local_task_job_runner.py:123} INFO - ::group::Pre task execution logs
[2026-03-24T20:24:26.643+0000] {taskinstance.py:2613} INFO - Dependencies all met for dep_context=non-requeueable deps ti=<TaskInstance: daily_job_scraping.extract_linkedin manual__2026-03-24T20:24:20.701349+00:00 [queued]>
[2026-03-24T20:24:26.680+0000] {taskinstance.py:2613} INFO - Dependencies all met for dep_context=requeueable deps ti=<TaskInstance: daily_job_scraping.extract_linkedin manual__2026-03-24T20:24:20.701349+00:00 [queued]>
[2026-03-24T20:24:26.687+0000] {taskinstance.py:2866} INFO - Starting attempt 1 of 3
[2026-03-24T20:24:26.754+0000] {taskinstance.py:2889} INFO - Executing <Task(PythonOperator): extract_linkedin> on 2026-03-24 20:24:20.701349+00:00
[2026-03-24T20:24:26.791+0000] {standard_task_runner.py:72} INFO - Started process 186 to run task
[2026-03-24T20:24:26.814+0000] {standard_task_runner.py:104} INFO - Running: ['airflow', 'tasks', 'run', 'daily_job_scraping', 'extract_linkedin', 'manual__2026-03-24T20:24:20.701349+00:00', '--job-id', '38', '--raw', '--subdir', 'DAGS_FOLDER/job_scraping_dag.py', '--cfg-path', '/tmp/tmp5bwkk2ki']
[2026-03-24T20:24:26.848+0000] {standard_task_runner.py:105} INFO - Job 38: Subtask extract_linkedin
[2026-03-24T20:24:27.297+0000] {task_command.py:467} INFO - Running <TaskInstance: daily_job_scraping.extract_linkedin manual__2026-03-24T20:24:20.701349+00:00 [running]> on host 8c995635ce4e
[2026-03-24T20:24:28.016+0000] {taskinstance.py:3132} INFO - Exporting env vars: AIRFLOW_CTX_DAG_OWNER='job_intelligent' AIRFLOW_CTX_DAG_ID='daily_job_scraping' AIRFLOW_CTX_TASK_ID='extract_linkedin' AIRFLOW_CTX_EXECUTION_DATE='2026-03-24T20:24:20.701349+00:00' AIRFLOW_CTX_TRY_NUMBER='1' AIRFLOW_CTX_DAG_RUN_ID='manual__2026-03-24T20:24:20.701349+00:00'
[2026-03-24T20:24:28.029+0000] {taskinstance.py:731} INFO - ::endgroup::
[2026-03-24T20:24:28.153+0000] {job_scraping_dag.py:165} INFO - [DAG] Starting LinkedIn extraction...
[2026-03-24T20:24:28.155+0000] {scrapping_linkedin.py:202} INFO - [LinkedIn] Starting 10 keywords with 3 parallel workers | SELENIUM_URL=http://selenium:4444/wd/hub
[2026-03-24T20:24:37.657+0000] {scrapping_linkedin.py:138} INFO - [LinkedIn][Data Engineer] Starting session...
[2026-03-24T20:24:37.774+0000] {scrapping_linkedin.py:138} INFO - [LinkedIn][Data Scientist] Starting session...
[2026-03-24T20:24:37.858+0000] {scrapping_linkedin.py:138} INFO - [LinkedIn][Data Analyst] Starting session...
[2026-03-24T20:24:55.438+0000] {scrapping_linkedin.py:155} INFO - [LinkedIn][Data Scientist] Page 1 → https://www.linkedin.com/jobs/search/?keywords=Data%20Scientist&location=Maroc&start=0&f_TPR=r604800
[2026-03-24T20:24:55.953+0000] {scrapping_linkedin.py:155} INFO - [LinkedIn][Data Engineer] Page 1 → https://www.linkedin.com/jobs/search/?keywords=Data%20Engineer&location=Maroc&start=0&f_TPR=r604800
[2026-03-24T20:24:56.296+0000] {scrapping_linkedin.py:155} INFO - [LinkedIn][Data Analyst] Page 1 → https://www.linkedin.com/jobs/search/?keywords=Data%20Analyst&location=Maroc&start=0&f_TPR=r604800
[2026-03-24T20:25:13.130+0000] {scrapping_linkedin.py:182} INFO - [LinkedIn][Data Analyst] +70 jobs (keyword total: 70)
[2026-03-24T20:25:14.294+0000] {scrapping_linkedin.py:182} INFO - [LinkedIn][Data Engineer] +70 jobs (keyword total: 70)
[2026-03-24T20:25:14.987+0000] {scrapping_linkedin.py:182} INFO - [LinkedIn][Data Scientist] +70 jobs (keyword total: 70)
[2026-03-24T20:25:16.216+0000] {scrapping_linkedin.py:155} INFO - [LinkedIn][Data Analyst] Page 2 → https://www.linkedin.com/jobs/search/?keywords=Data%20Analyst&location=Maroc&start=25&f_TPR=r604800
[2026-03-24T20:25:16.827+0000] {scrapping_linkedin.py:155} INFO - [LinkedIn][Data Scientist] Page 2 → https://www.linkedin.com/jobs/search/?keywords=Data%20Scientist&location=Maroc&start=25&f_TPR=r604800
[2026-03-24T20:25:17.046+0000] {scrapping_linkedin.py:155} INFO - [LinkedIn][Data Engineer] Page 2 → https://www.linkedin.com/jobs/search/?keywords=Data%20Engineer&location=Maroc&start=25&f_TPR=r604800
[2026-03-24T20:25:39.886+0000] {scrapping_linkedin.py:182} INFO - [LinkedIn][Data Analyst] +8 jobs (keyword total: 78)
[2026-03-24T20:25:43.456+0000] {scrapping_linkedin.py:191} INFO - [LinkedIn][Data Analyst] Session closed.
[2026-03-24T20:25:43.529+0000] {scrapping_linkedin.py:217} INFO - [LinkedIn] Merged 'Data Analyst' → 78 unique jobs (grand total: 78)
[2026-03-24T20:25:43.674+0000] {scrapping_linkedin.py:182} INFO - [LinkedIn][Data Engineer] +6 jobs (keyword total: 76)
[2026-03-24T20:25:44.521+0000] {scrapping_linkedin.py:182} INFO - [LinkedIn][Data Scientist] +8 jobs (keyword total: 78)
[2026-03-24T20:25:47.435+0000] {scrapping_linkedin.py:191} INFO - [LinkedIn][Data Scientist] Session closed.
[2026-03-24T20:25:47.461+0000] {scrapping_linkedin.py:217} INFO - [LinkedIn] Merged 'Data Scientist' → 47 unique jobs (grand total: 125)
[2026-03-24T20:25:47.778+0000] {scrapping_linkedin.py:191} INFO - [LinkedIn][Data Engineer] Session closed.
[2026-03-24T20:25:47.805+0000] {scrapping_linkedin.py:217} INFO - [LinkedIn] Merged 'Data Engineer' → 35 unique jobs (grand total: 160)
[2026-03-24T20:25:49.375+0000] {scrapping_linkedin.py:138} INFO - [LinkedIn][Machine Learning Engineer] Starting session...
[2026-03-24T20:25:52.320+0000] {scrapping_linkedin.py:138} INFO - [LinkedIn][Business Intelligence] Starting session...
[2026-03-24T20:25:52.412+0000] {scrapping_linkedin.py:138} INFO - [LinkedIn][MLOps Engineer] Starting session...
[2026-03-24T20:26:07.770+0000] {scrapping_linkedin.py:155} INFO - [LinkedIn][Business Intelligence] Page 1 → https://www.linkedin.com/jobs/search/?keywords=Business%20Intelligence&location=Maroc&start=0&f_TPR=r604800
[2026-03-24T20:26:08.426+0000] {scrapping_linkedin.py:155} INFO - [LinkedIn][MLOps Engineer] Page 1 → https://www.linkedin.com/jobs/search/?keywords=MLOps%20Engineer&location=Maroc&start=0&f_TPR=r604800
[2026-03-24T20:26:19.196+0000] {scrapping_linkedin.py:155} INFO - [LinkedIn][Machine Learning Engineer] Page 1 → https://www.linkedin.com/jobs/search/?keywords=Machine%20Learning%20Engineer&location=Maroc&start=0&f_TPR=r604800
[2026-03-24T20:26:24.528+0000] {scrapping_linkedin.py:182} INFO - [LinkedIn][MLOps Engineer] +2 jobs (keyword total: 2)
[2026-03-24T20:26:26.217+0000] {scrapping_linkedin.py:182} INFO - [LinkedIn][Business Intelligence] +32 jobs (keyword total: 32)
[2026-03-24T20:26:26.702+0000] {scrapping_linkedin.py:155} INFO - [LinkedIn][MLOps Engineer] Page 2 → https://www.linkedin.com/jobs/search/?keywords=MLOps%20Engineer&location=Maroc&start=25&f_TPR=r604800
[2026-03-24T20:26:29.223+0000] {scrapping_linkedin.py:155} INFO - [LinkedIn][Business Intelligence] Page 2 → https://www.linkedin.com/jobs/search/?keywords=Business%20Intelligence&location=Maroc&start=25&f_TPR=r604800
[2026-03-24T20:26:32.825+0000] {scrapping_linkedin.py:182} INFO - [LinkedIn][Machine Learning Engineer] +40 jobs (keyword total: 40)
[2026-03-24T20:26:33.493+0000] {scrapping_linkedin.py:155} INFO - [LinkedIn][Machine Learning Engineer] Page 2 → https://www.linkedin.com/jobs/search/?keywords=Machine%20Learning%20Engineer&location=Maroc&start=25&f_TPR=r604800
[2026-03-24T20:26:39.406+0000] {scrapping_linkedin.py:182} INFO - [LinkedIn][MLOps Engineer] +0 jobs (keyword total: 2)
[2026-03-24T20:26:42.075+0000] {scrapping_linkedin.py:182} INFO - [LinkedIn][Business Intelligence] +0 jobs (keyword total: 32)
[2026-03-24T20:26:43.691+0000] {scrapping_linkedin.py:191} INFO - [LinkedIn][MLOps Engineer] Session closed.
[2026-03-24T20:26:43.741+0000] {scrapping_linkedin.py:217} INFO - [LinkedIn] Merged 'MLOps Engineer' → 0 unique jobs (grand total: 160)
[2026-03-24T20:26:45.360+0000] {scrapping_linkedin.py:191} INFO - [LinkedIn][Business Intelligence] Session closed.
[2026-03-24T20:26:45.430+0000] {scrapping_linkedin.py:217} INFO - [LinkedIn] Merged 'Business Intelligence' → 6 unique jobs (grand total: 166)
[2026-03-24T20:26:53.722+0000] {scrapping_linkedin.py:138} INFO - [LinkedIn][NLP Engineer] Starting session...
[2026-03-24T20:26:55.040+0000] {scrapping_linkedin.py:138} INFO - [LinkedIn][AI Engineer] Starting session...
[2026-03-24T20:26:55.635+0000] {scrapping_linkedin.py:182} INFO - [LinkedIn][Machine Learning Engineer] +0 jobs (keyword total: 40)
[2026-03-24T20:26:58.941+0000] {scrapping_linkedin.py:191} INFO - [LinkedIn][Machine Learning Engineer] Session closed.
[2026-03-24T20:26:59.065+0000] {scrapping_linkedin.py:217} INFO - [LinkedIn] Merged 'Machine Learning Engineer' → 2 unique jobs (grand total: 168)
[2026-03-24T20:27:01.652+0000] {scrapping_linkedin.py:138} INFO - [LinkedIn][Data Architect] Starting session...
[2026-03-24T20:27:05.865+0000] {scrapping_linkedin.py:155} INFO - [LinkedIn][NLP Engineer] Page 1 → https://www.linkedin.com/jobs/search/?keywords=NLP%20Engineer&location=Maroc&start=0&f_TPR=r604800
[2026-03-24T20:27:10.245+0000] {scrapping_linkedin.py:155} INFO - [LinkedIn][AI Engineer] Page 1 → https://www.linkedin.com/jobs/search/?keywords=AI%20Engineer&location=Maroc&start=0&f_TPR=r604800
[2026-03-24T20:27:21.671+0000] {scrapping_linkedin.py:155} INFO - [LinkedIn][Data Architect] Page 1 → https://www.linkedin.com/jobs/search/?keywords=Data%20Architect&location=Maroc&start=0&f_TPR=r604800
[2026-03-24T20:27:22.327+0000] {scrapping_linkedin.py:182} INFO - [LinkedIn][NLP Engineer] +15 jobs (keyword total: 15)
[2026-03-24T20:27:24.702+0000] {scrapping_linkedin.py:155} INFO - [LinkedIn][NLP Engineer] Page 2 → https://www.linkedin.com/jobs/search/?keywords=NLP%20Engineer&location=Maroc&start=25&f_TPR=r604800
[2026-03-24T20:27:27.419+0000] {scrapping_linkedin.py:182} INFO - [LinkedIn][AI Engineer] +9 jobs (keyword total: 9)
[2026-03-24T20:27:28.164+0000] {scrapping_linkedin.py:155} INFO - [LinkedIn][AI Engineer] Page 2 → https://www.linkedin.com/jobs/search/?keywords=AI%20Engineer&location=Maroc&start=25&f_TPR=r604800
[2026-03-24T20:27:38.922+0000] {scrapping_linkedin.py:182} INFO - [LinkedIn][Data Architect] +38 jobs (keyword total: 38)
[2026-03-24T20:27:39.736+0000] {scrapping_linkedin.py:182} INFO - [LinkedIn][NLP Engineer] +0 jobs (keyword total: 15)
[2026-03-24T20:27:41.465+0000] {scrapping_linkedin.py:155} INFO - [LinkedIn][Data Architect] Page 2 → https://www.linkedin.com/jobs/search/?keywords=Data%20Architect&location=Maroc&start=25&f_TPR=r604800
[2026-03-24T20:27:43.016+0000] {scrapping_linkedin.py:191} INFO - [LinkedIn][NLP Engineer] Session closed.
[2026-03-24T20:27:43.044+0000] {scrapping_linkedin.py:217} INFO - [LinkedIn] Merged 'NLP Engineer' → 7 unique jobs (grand total: 175)
[2026-03-24T20:27:44.653+0000] {scrapping_linkedin.py:182} INFO - [LinkedIn][AI Engineer] +0 jobs (keyword total: 9)
[2026-03-24T20:27:47.956+0000] {scrapping_linkedin.py:191} INFO - [LinkedIn][AI Engineer] Session closed.
[2026-03-24T20:27:47.998+0000] {scrapping_linkedin.py:217} INFO - [LinkedIn] Merged 'AI Engineer' → 2 unique jobs (grand total: 177)
[2026-03-24T20:27:49.559+0000] {scrapping_linkedin.py:138} INFO - [LinkedIn][Big Data Engineer] Starting session...
[2026-03-24T20:27:53.941+0000] {scrapping_linkedin.py:182} INFO - [LinkedIn][Data Architect] +0 jobs (keyword total: 38)
[2026-03-24T20:27:54.532+0000] {scrapping_linkedin.py:191} INFO - [LinkedIn][Data Architect] Session closed.
[2026-03-24T20:27:54.572+0000] {scrapping_linkedin.py:217} INFO - [LinkedIn] Merged 'Data Architect' → 2 unique jobs (grand total: 179)
[2026-03-24T20:27:55.381+0000] {scrapping_linkedin.py:155} INFO - [LinkedIn][Big Data Engineer] Page 1 → https://www.linkedin.com/jobs/search/?keywords=Big%20Data%20Engineer&location=Maroc&start=0&f_TPR=r604800
[2026-03-24T20:28:04.105+0000] {scrapping_linkedin.py:182} INFO - [LinkedIn][Big Data Engineer] +18 jobs (keyword total: 18)
[2026-03-24T20:28:06.865+0000] {scrapping_linkedin.py:155} INFO - [LinkedIn][Big Data Engineer] Page 2 → https://www.linkedin.com/jobs/search/?keywords=Big%20Data%20Engineer&location=Maroc&start=25&f_TPR=r604800
[2026-03-24T20:28:16.194+0000] {scrapping_linkedin.py:182} INFO - [LinkedIn][Big Data Engineer] +0 jobs (keyword total: 18)
[2026-03-24T20:28:19.197+0000] {scrapping_linkedin.py:191} INFO - [LinkedIn][Big Data Engineer] Session closed.
[2026-03-24T20:28:19.204+0000] {scrapping_linkedin.py:217} INFO - [LinkedIn] Merged 'Big Data Engineer' → 0 unique jobs (grand total: 179)
[2026-03-24T20:28:19.233+0000] {job_scraping_dag.py:170} INFO - [DAG] LinkedIn done — 179 jobs saved to /tmp/linkedin_jobs.json
[2026-03-24T20:28:19.235+0000] {python.py:240} INFO - Done. Returned value was: None
[2026-03-24T20:28:19.274+0000] {taskinstance.py:340} INFO - ::group::Post task execution logs
[2026-03-24T20:28:19.276+0000] {taskinstance.py:352} INFO - Marking task as SUCCESS. dag_id=daily_job_scraping, task_id=extract_linkedin, run_id=manual__2026-03-24T20:24:20.701349+00:00, execution_date=20260324T202420, start_date=20260324T202426, end_date=20260324T202819
[2026-03-24T20:28:19.390+0000] {local_task_job_runner.py:266} INFO - Task exited with return code 0
[2026-03-24T20:28:19.442+0000] {taskinstance.py:3895} INFO - 1 downstream tasks scheduled from follow-on schedule check
[2026-03-24T20:28:19.461+0000] {local_task_job_runner.py:245} INFO - ::endgroup::
