[2026-03-24T19:48:47.231+0000] {local_task_job_runner.py:123} INFO - ::group::Pre task execution logs
[2026-03-24T19:48:47.434+0000] {taskinstance.py:2613} INFO - Dependencies all met for dep_context=non-requeueable deps ti=<TaskInstance: daily_job_scraping.extract_france_travail manual__2026-03-24T19:48:28.382636+00:00 [queued]>
[2026-03-24T19:48:47.633+0000] {taskinstance.py:2613} INFO - Dependencies all met for dep_context=requeueable deps ti=<TaskInstance: daily_job_scraping.extract_france_travail manual__2026-03-24T19:48:28.382636+00:00 [queued]>
[2026-03-24T19:48:47.702+0000] {taskinstance.py:2866} INFO - Starting attempt 1 of 3
[2026-03-24T19:48:48.016+0000] {taskinstance.py:2889} INFO - Executing <Task(PythonOperator): extract_france_travail> on 2026-03-24 19:48:28.382636+00:00
[2026-03-24T19:48:48.138+0000] {standard_task_runner.py:72} INFO - Started process 405 to run task
[2026-03-24T19:48:48.175+0000] {standard_task_runner.py:104} INFO - Running: ['airflow', 'tasks', 'run', 'daily_job_scraping', 'extract_france_travail', 'manual__2026-03-24T19:48:28.382636+00:00', '--job-id', '30', '--raw', '--subdir', 'DAGS_FOLDER/job_scraping_dag.py', '--cfg-path', '/tmp/tmpqb403hq6']
[2026-03-24T19:48:48.347+0000] {standard_task_runner.py:105} INFO - Job 30: Subtask extract_france_travail
[2026-03-24T19:48:50.118+0000] {task_command.py:467} INFO - Running <TaskInstance: daily_job_scraping.extract_france_travail manual__2026-03-24T19:48:28.382636+00:00 [running]> on host cef8f2d38bab
[2026-03-24T19:48:52.501+0000] {taskinstance.py:3132} INFO - Exporting env vars: AIRFLOW_CTX_DAG_OWNER='job_intelligent' AIRFLOW_CTX_DAG_ID='daily_job_scraping' AIRFLOW_CTX_TASK_ID='extract_france_travail' AIRFLOW_CTX_EXECUTION_DATE='2026-03-24T19:48:28.382636+00:00' AIRFLOW_CTX_TRY_NUMBER='1' AIRFLOW_CTX_DAG_RUN_ID='manual__2026-03-24T19:48:28.382636+00:00'
[2026-03-24T19:48:52.567+0000] {taskinstance.py:731} INFO - ::endgroup::
[2026-03-24T19:48:52.797+0000] {job_scraping_dag.py:174} INFO - [DAG] Starting France-Travail extraction...
[2026-03-24T19:48:52.855+0000] {scrapping_france_travail.py:200} INFO - [FranceTravail] Starting 10 keywords...
[2026-03-24T19:48:52.892+0000] {scrapping_france_travail.py:203} INFO - [FranceTravail] Searching: 'Data Scientist'
[2026-03-24T19:48:52.958+0000] {scrapping_france_travail.py:70} INFO - [FranceTravail] Refreshing access token...
[2026-03-24T19:48:53.613+0000] {scrapping_france_travail.py:93} INFO - [FranceTravail] Token obtained successfully.
[2026-03-24T19:48:54.485+0000] {scrapping_france_travail.py:135} WARNING - [FranceTravail][Data Scientist] Error 206: {"resultats":[{"id":"0677012","intitule":"Alternance - data scientist F/H (H/F)","description":"En tant qu'alternant Data Scientist, vous rejoindrez l'équipe PHARE (Appui et Expertise - Demandes Clien
[2026-03-24T19:48:54.535+0000] {scrapping_france_travail.py:211} INFO - [FranceTravail][Data Scientist] No more results at page 1.
[2026-03-24T19:48:54.569+0000] {scrapping_france_travail.py:227} INFO - [FranceTravail] 'Data Scientist' done → 0 jobs (grand total: 0)
[2026-03-24T19:48:55.678+0000] {scrapping_france_travail.py:203} INFO - [FranceTravail] Searching: 'Data Engineer'
[2026-03-24T19:48:56.462+0000] {scrapping_france_travail.py:135} WARNING - [FranceTravail][Data Engineer] Error 206: {"resultats":[{"id":"205WSMH","intitule":"Data Engineer (H/F)","description":"Qui sommes-nous ? \n\nHello, moi c'est Dorian. Je suis chargé de recrutement au sein de l'entreprise Keepcod. Bon, je ne v
[2026-03-24T19:48:56.511+0000] {scrapping_france_travail.py:211} INFO - [FranceTravail][Data Engineer] No more results at page 1.
[2026-03-24T19:48:56.562+0000] {scrapping_france_travail.py:227} INFO - [FranceTravail] 'Data Engineer' done → 0 jobs (grand total: 0)
[2026-03-24T19:48:57.616+0000] {scrapping_france_travail.py:203} INFO - [FranceTravail] Searching: 'Data Analyst'
[2026-03-24T19:48:58.667+0000] {scrapping_france_travail.py:135} WARNING - [FranceTravail][Data Analyst] Error 206: {"resultats":[{"id":"205XYDS","intitule":"Data analyst (H/F)","description":"Manpower TOULOUSE GDS COMPTES AERO recherche pour son client, AIRBUS, un Data analyst (H/F).\nInfo équipe : Expert en donné
[2026-03-24T19:48:58.752+0000] {scrapping_france_travail.py:211} INFO - [FranceTravail][Data Analyst] No more results at page 1.
[2026-03-24T19:48:58.821+0000] {scrapping_france_travail.py:227} INFO - [FranceTravail] 'Data Analyst' done → 0 jobs (grand total: 0)
[2026-03-24T19:48:59.832+0000] {scrapping_france_travail.py:203} INFO - [FranceTravail] Searching: 'Machine Learning Engineer'
[2026-03-24T19:49:00.724+0000] {scrapping_france_travail.py:218} INFO - [FranceTravail][Machine Learning Engineer] Page 1 → +36 jobs (keyword total: 36)
[2026-03-24T19:49:01.830+0000] {scrapping_france_travail.py:131} INFO - [FranceTravail][Machine Learning Engineer] No results (204).
[2026-03-24T19:49:01.898+0000] {scrapping_france_travail.py:211} INFO - [FranceTravail][Machine Learning Engineer] No more results at page 2.
[2026-03-24T19:49:01.942+0000] {scrapping_france_travail.py:227} INFO - [FranceTravail] 'Machine Learning Engineer' done → 36 jobs (grand total: 36)
[2026-03-24T19:49:03.030+0000] {scrapping_france_travail.py:203} INFO - [FranceTravail] Searching: 'MLOps Engineer'
[2026-03-24T19:49:03.734+0000] {scrapping_france_travail.py:218} INFO - [FranceTravail][MLOps Engineer] Page 1 → +1 jobs (keyword total: 1)
[2026-03-24T19:49:04.795+0000] {scrapping_france_travail.py:131} INFO - [FranceTravail][MLOps Engineer] No results (204).
[2026-03-24T19:49:04.865+0000] {scrapping_france_travail.py:211} INFO - [FranceTravail][MLOps Engineer] No more results at page 2.
[2026-03-24T19:49:04.918+0000] {scrapping_france_travail.py:227} INFO - [FranceTravail] 'MLOps Engineer' done → 1 jobs (grand total: 37)
[2026-03-24T19:49:06.015+0000] {scrapping_france_travail.py:203} INFO - [FranceTravail] Searching: 'Business Intelligence'
[2026-03-24T19:49:04.530+0000] {scrapping_france_travail.py:135} WARNING - [FranceTravail][Business Intelligence] Error 206: {"resultats":[{"id":"0681720","intitule":"Business Developer Bordeaux (33) H/F","description":"Cabinet de conseil en financement public créé en , notre client est un des acteurs historiques du finance
[2026-03-24T19:49:04.674+0000] {scrapping_france_travail.py:211} INFO - [FranceTravail][Business Intelligence] No more results at page 1.
[2026-03-24T19:49:04.792+0000] {scrapping_france_travail.py:227} INFO - [FranceTravail] 'Business Intelligence' done → 0 jobs (grand total: 37)
[2026-03-24T19:49:05.872+0000] {scrapping_france_travail.py:203} INFO - [FranceTravail] Searching: 'NLP Engineer'
[2026-03-24T19:49:06.382+0000] {scrapping_france_travail.py:131} INFO - [FranceTravail][NLP Engineer] No results (204).
[2026-03-24T19:49:06.431+0000] {scrapping_france_travail.py:211} INFO - [FranceTravail][NLP Engineer] No more results at page 1.
[2026-03-24T19:49:06.469+0000] {scrapping_france_travail.py:227} INFO - [FranceTravail] 'NLP Engineer' done → 0 jobs (grand total: 37)
[2026-03-24T19:49:07.508+0000] {scrapping_france_travail.py:203} INFO - [FranceTravail] Searching: 'AI Engineer'
[2026-03-24T19:49:08.178+0000] {scrapping_france_travail.py:218} INFO - [FranceTravail][AI Engineer] Page 1 → +10 jobs (keyword total: 10)
[2026-03-24T19:49:09.361+0000] {scrapping_france_travail.py:131} INFO - [FranceTravail][AI Engineer] No results (204).
[2026-03-24T19:49:09.393+0000] {scrapping_france_travail.py:211} INFO - [FranceTravail][AI Engineer] No more results at page 2.
[2026-03-24T19:49:09.430+0000] {scrapping_france_travail.py:227} INFO - [FranceTravail] 'AI Engineer' done → 10 jobs (grand total: 47)
[2026-03-24T19:49:10.511+0000] {scrapping_france_travail.py:203} INFO - [FranceTravail] Searching: 'Data Architect'
[2026-03-24T19:49:11.469+0000] {scrapping_france_travail.py:218} INFO - [FranceTravail][Data Architect] Page 1 → +32 jobs (keyword total: 32)
[2026-03-24T19:49:12.548+0000] {scrapping_france_travail.py:131} INFO - [FranceTravail][Data Architect] No results (204).
[2026-03-24T19:49:12.551+0000] {scrapping_france_travail.py:211} INFO - [FranceTravail][Data Architect] No more results at page 2.
[2026-03-24T19:49:12.564+0000] {scrapping_france_travail.py:227} INFO - [FranceTravail] 'Data Architect' done → 32 jobs (grand total: 79)
[2026-03-24T19:49:13.604+0000] {scrapping_france_travail.py:203} INFO - [FranceTravail] Searching: 'Big Data Engineer'
[2026-03-24T19:49:14.333+0000] {scrapping_france_travail.py:135} WARNING - [FranceTravail][Big Data Engineer] Error 206: {"resultats":[{"id":"0629470","intitule":"Big Data Engineer / Développeur Big Data H/F","description":"\n             Ce que vous allez faire si vous nous rejoignez :Sous la responsabilité du Responsa
[2026-03-24T19:49:14.405+0000] {scrapping_france_travail.py:211} INFO - [FranceTravail][Big Data Engineer] No more results at page 1.
[2026-03-24T19:49:14.469+0000] {scrapping_france_travail.py:227} INFO - [FranceTravail] 'Big Data Engineer' done → 0 jobs (grand total: 79)
[2026-03-24T19:49:15.533+0000] {scrapping_france_travail.py:235} INFO - [FranceTravail] Finished — 79 unique jobs collected.
[2026-03-24T19:49:15.588+0000] {job_scraping_dag.py:179} INFO - [DAG] France-Travail done — 79 jobs saved to /tmp/france_travail_jobs.json
[2026-03-24T19:49:15.639+0000] {python.py:240} INFO - Done. Returned value was: None
[2026-03-24T19:49:15.934+0000] {taskinstance.py:340} INFO - ::group::Post task execution logs
[2026-03-24T19:49:15.985+0000] {taskinstance.py:352} INFO - Marking task as SUCCESS. dag_id=daily_job_scraping, task_id=extract_france_travail, run_id=manual__2026-03-24T19:48:28.382636+00:00, execution_date=20260324T194828, start_date=20260324T194847, end_date=20260324T194915
[2026-03-24T19:49:16.602+0000] {local_task_job_runner.py:266} INFO - Task exited with return code 0
[2026-03-24T19:49:17.045+0000] {taskinstance.py:3895} INFO - 0 downstream tasks scheduled from follow-on schedule check
[2026-03-24T19:49:17.124+0000] {local_task_job_runner.py:245} INFO - ::endgroup::
