[2026-03-24T19:41:04.582+0000] {local_task_job_runner.py:123} INFO - ::group::Pre task execution logs
[2026-03-24T19:41:04.784+0000] {taskinstance.py:2613} INFO - Dependencies all met for dep_context=non-requeueable deps ti=<TaskInstance: daily_job_scraping.push_to_db manual__2026-03-22T05:08:23.430802+00:00 [queued]>
[2026-03-24T19:41:05.066+0000] {taskinstance.py:2613} INFO - Dependencies all met for dep_context=requeueable deps ti=<TaskInstance: daily_job_scraping.push_to_db manual__2026-03-22T05:08:23.430802+00:00 [queued]>
[2026-03-24T19:41:05.162+0000] {taskinstance.py:2866} INFO - Starting attempt 3 of 3
[2026-03-24T19:41:05.494+0000] {taskinstance.py:2889} INFO - Executing <Task(PythonOperator): push_to_db> on 2026-03-22 05:08:23.430802+00:00
[2026-03-24T19:41:05.612+0000] {standard_task_runner.py:72} INFO - Started process 341 to run task
[2026-03-24T19:41:05.665+0000] {standard_task_runner.py:104} INFO - Running: ['airflow', 'tasks', 'run', 'daily_job_scraping', 'push_to_db', 'manual__2026-03-22T05:08:23.430802+00:00', '--job-id', '29', '--raw', '--subdir', 'DAGS_FOLDER/job_scraping_dag.py', '--cfg-path', '/tmp/tmp2rrx0ib_']
[2026-03-24T19:41:05.768+0000] {standard_task_runner.py:105} INFO - Job 29: Subtask push_to_db
[2026-03-24T19:41:06.188+0000] {task_command.py:467} INFO - Running <TaskInstance: daily_job_scraping.push_to_db manual__2026-03-22T05:08:23.430802+00:00 [running]> on host cef8f2d38bab
[2026-03-24T19:41:07.100+0000] {taskinstance.py:3132} INFO - Exporting env vars: AIRFLOW_CTX_DAG_OWNER='job_intelligent' AIRFLOW_CTX_DAG_ID='daily_job_scraping' AIRFLOW_CTX_TASK_ID='push_to_db' AIRFLOW_CTX_EXECUTION_DATE='2026-03-22T05:08:23.430802+00:00' AIRFLOW_CTX_TRY_NUMBER='3' AIRFLOW_CTX_DAG_RUN_ID='manual__2026-03-22T05:08:23.430802+00:00'
[2026-03-24T19:41:07.171+0000] {taskinstance.py:731} INFO - ::endgroup::
[2026-03-24T19:41:07.279+0000] {job_scraping_dag.py:192} WARNING - [DAG] File not found: /tmp/linkedin_jobs.json
[2026-03-24T19:41:07.287+0000] {job_scraping_dag.py:190} INFO - [DAG] Loaded 79 jobs from /tmp/france_travail_jobs.json
[2026-03-24T19:41:07.298+0000] {job_scraping_dag.py:194} INFO - [DAG] Total jobs to push: 79
[2026-03-24T19:41:07.307+0000] {db.py:185} ERROR - [DB] SUPABASE_API_KEY manquante ! Configurez-la dans docker-compose.yml
[2026-03-24T19:41:08.327+0000] {logging_mixin.py:190} INFO - 
--- DB Stats (Supabase) ------------------------------------------
[2026-03-24T19:41:08.363+0000] {logging_mixin.py:190} INFO - Total jobs : ?
[2026-03-24T19:41:08.399+0000] {logging_mixin.py:190} INFO - ------------------------------------------------------------------
[2026-03-24T19:41:08.432+0000] {python.py:240} INFO - Done. Returned value was: None
[2026-03-24T19:41:08.537+0000] {taskinstance.py:340} INFO - ::group::Post task execution logs
[2026-03-24T19:41:08.577+0000] {taskinstance.py:352} INFO - Marking task as SUCCESS. dag_id=daily_job_scraping, task_id=push_to_db, run_id=manual__2026-03-22T05:08:23.430802+00:00, execution_date=20260322T050823, start_date=20260324T194104, end_date=20260324T194108
[2026-03-24T19:41:08.739+0000] {local_task_job_runner.py:266} INFO - Task exited with return code 0
[2026-03-24T19:41:08.878+0000] {taskinstance.py:3895} INFO - 0 downstream tasks scheduled from follow-on schedule check
[2026-03-24T19:41:09.048+0000] {local_task_job_runner.py:245} INFO - ::endgroup::
