[2026-03-22T21:10:25.036+0000] {local_task_job_runner.py:123} INFO - ::group::Pre task execution logs
[2026-03-22T21:10:25.055+0000] {taskinstance.py:2613} INFO - Dependencies all met for dep_context=non-requeueable deps ti=<TaskInstance: daily_job_scraping.extract_indeed manual__2026-03-22T21:10:23.107763+00:00 [queued]>
[2026-03-22T21:10:25.064+0000] {taskinstance.py:2613} INFO - Dependencies all met for dep_context=requeueable deps ti=<TaskInstance: daily_job_scraping.extract_indeed manual__2026-03-22T21:10:23.107763+00:00 [queued]>
[2026-03-22T21:10:25.066+0000] {taskinstance.py:2866} INFO - Starting attempt 1 of 3
[2026-03-22T21:10:25.078+0000] {taskinstance.py:2889} INFO - Executing <Task(PythonOperator): extract_indeed> on 2026-03-22 21:10:23.107763+00:00
[2026-03-22T21:10:25.087+0000] {standard_task_runner.py:72} INFO - Started process 459 to run task
[2026-03-22T21:10:25.092+0000] {standard_task_runner.py:104} INFO - Running: ['airflow', 'tasks', 'run', 'daily_job_scraping', 'extract_indeed', 'manual__2026-03-22T21:10:23.107763+00:00', '--job-id', '6', '--raw', '--subdir', 'DAGS_FOLDER/job_scraping_dag.py', '--cfg-path', '/tmp/tmp85b7uj9b']
[2026-03-22T21:10:25.096+0000] {standard_task_runner.py:105} INFO - Job 6: Subtask extract_indeed
[2026-03-22T21:10:25.173+0000] {task_command.py:467} INFO - Running <TaskInstance: daily_job_scraping.extract_indeed manual__2026-03-22T21:10:23.107763+00:00 [running]> on host 2c0c4d342a2d
[2026-03-22T21:10:25.273+0000] {taskinstance.py:3132} INFO - Exporting env vars: AIRFLOW_CTX_DAG_OWNER='job_intelligent' AIRFLOW_CTX_DAG_ID='daily_job_scraping' AIRFLOW_CTX_TASK_ID='extract_indeed' AIRFLOW_CTX_EXECUTION_DATE='2026-03-22T21:10:23.107763+00:00' AIRFLOW_CTX_TRY_NUMBER='1' AIRFLOW_CTX_DAG_RUN_ID='manual__2026-03-22T21:10:23.107763+00:00'
[2026-03-22T21:10:25.275+0000] {taskinstance.py:731} INFO - ::endgroup::
[2026-03-22T21:10:25.289+0000] {job_scraping_dag.py:55} INFO - [DAG] Starting Indeed extraction...
[2026-03-22T21:10:25.290+0000] {scrapping_indeed.py:240} INFO - [Indeed] Starting 10 keywords with 3 parallel workers | SELENIUM_URL=http://selenium:4444/wd/hub
[2026-03-22T21:10:26.739+0000] {scrapping_indeed.py:167} INFO - [Indeed][Data Scientist] Starting session...
[2026-03-22T21:10:26.770+0000] {scrapping_indeed.py:167} INFO - [Indeed][Data Analyst] Starting session...
[2026-03-22T21:10:26.803+0000] {scrapping_indeed.py:167} INFO - [Indeed][Data Engineer] Starting session...
[2026-03-22T21:10:46.035+0000] {scrapping_indeed.py:186} INFO - [Indeed][Data Analyst] Page 1 → https://ma.indeed.com/jobs?q=Data+Analyst&l=Maroc&start=0&fromage=30
[2026-03-22T21:10:53.218+0000] {scrapping_indeed.py:186} INFO - [Indeed][Data Engineer] Page 1 → https://ma.indeed.com/jobs?q=Data+Engineer&l=Maroc&start=0&fromage=30
[2026-03-22T21:11:12.397+0000] {scrapping_indeed.py:204} WARNING - [Indeed][Data Engineer] No cards on page 1, stopping.
[2026-03-22T21:11:12.538+0000] {scrapping_indeed.py:229} INFO - [Indeed][Data Engineer] Session closed — 0 jobs found.
[2026-03-22T21:11:12.542+0000] {scrapping_indeed.py:255} INFO - [Indeed] Merged 'Data Engineer' → 0 unique jobs (grand total: 0)
[2026-03-22T21:11:13.585+0000] {scrapping_indeed.py:167} INFO - [Indeed][Machine Learning Engineer] Starting session...
[2026-03-22T21:11:19.122+0000] {scrapping_indeed.py:186} INFO - [Indeed][Data Scientist] Page 1 → https://ma.indeed.com/jobs?q=Data+Scientist&l=Maroc&start=0&fromage=30
[2026-03-22T21:11:20.039+0000] {scrapping_indeed.py:204} WARNING - [Indeed][Data Analyst] No cards on page 1, stopping.
[2026-03-22T21:11:20.276+0000] {scrapping_indeed.py:229} INFO - [Indeed][Data Analyst] Session closed — 0 jobs found.
[2026-03-22T21:11:20.286+0000] {scrapping_indeed.py:255} INFO - [Indeed] Merged 'Data Analyst' → 0 unique jobs (grand total: 0)
[2026-03-22T21:11:21.879+0000] {scrapping_indeed.py:167} INFO - [Indeed][MLOps Engineer] Starting session...
[2026-03-22T21:11:41.787+0000] {scrapping_indeed.py:204} WARNING - [Indeed][Data Scientist] No cards on page 1, stopping.
[2026-03-22T21:11:41.894+0000] {scrapping_indeed.py:229} INFO - [Indeed][Data Scientist] Session closed — 0 jobs found.
[2026-03-22T21:11:41.897+0000] {scrapping_indeed.py:255} INFO - [Indeed] Merged 'Data Scientist' → 0 unique jobs (grand total: 0)
[2026-03-22T21:11:42.416+0000] {scrapping_indeed.py:167} INFO - [Indeed][Business Intelligence] Starting session...
[2026-03-22T21:11:48.458+0000] {scrapping_indeed.py:186} INFO - [Indeed][Machine Learning Engineer] Page 1 → https://ma.indeed.com/jobs?q=Machine+Learning+Engineer&l=Maroc&start=0&fromage=30
[2026-03-22T21:12:06.223+0000] {scrapping_indeed.py:186} INFO - [Indeed][MLOps Engineer] Page 1 → https://ma.indeed.com/jobs?q=MLOps+Engineer&l=Maroc&start=0&fromage=30
[2026-03-22T21:12:09.163+0000] {scrapping_indeed.py:204} WARNING - [Indeed][Machine Learning Engineer] No cards on page 1, stopping.
[2026-03-22T21:12:09.280+0000] {scrapping_indeed.py:229} INFO - [Indeed][Machine Learning Engineer] Session closed — 0 jobs found.
[2026-03-22T21:12:09.282+0000] {scrapping_indeed.py:255} INFO - [Indeed] Merged 'Machine Learning Engineer' → 0 unique jobs (grand total: 0)
[2026-03-22T21:12:10.044+0000] {scrapping_indeed.py:167} INFO - [Indeed][NLP Engineer] Starting session...
[2026-03-22T21:12:21.726+0000] {scrapping_indeed.py:186} INFO - [Indeed][Business Intelligence] Page 1 → https://ma.indeed.com/jobs?q=Business+Intelligence&l=Maroc&start=0&fromage=30
[2026-03-22T21:12:40.381+0000] {scrapping_indeed.py:204} WARNING - [Indeed][Business Intelligence] No cards on page 1, stopping.
[2026-03-22T21:12:40.571+0000] {scrapping_indeed.py:229} INFO - [Indeed][Business Intelligence] Session closed — 0 jobs found.
[2026-03-22T21:12:40.580+0000] {scrapping_indeed.py:255} INFO - [Indeed] Merged 'Business Intelligence' → 0 unique jobs (grand total: 0)
[2026-03-22T21:12:41.974+0000] {scrapping_indeed.py:167} INFO - [Indeed][AI Engineer] Starting session...
[2026-03-22T21:12:42.887+0000] {scrapping_indeed.py:204} WARNING - [Indeed][MLOps Engineer] No cards on page 1, stopping.
[2026-03-22T21:12:43.032+0000] {scrapping_indeed.py:229} INFO - [Indeed][MLOps Engineer] Session closed — 0 jobs found.
[2026-03-22T21:12:43.037+0000] {scrapping_indeed.py:255} INFO - [Indeed] Merged 'MLOps Engineer' → 0 unique jobs (grand total: 0)
[2026-03-22T21:12:44.023+0000] {scrapping_indeed.py:186} INFO - [Indeed][NLP Engineer] Page 1 → https://ma.indeed.com/jobs?q=NLP+Engineer&l=Maroc&start=0&fromage=30
[2026-03-22T21:12:44.100+0000] {scrapping_indeed.py:167} INFO - [Indeed][Data Architect] Starting session...
[2026-03-22T21:13:01.311+0000] {scrapping_indeed.py:204} WARNING - [Indeed][NLP Engineer] No cards on page 1, stopping.
[2026-03-22T21:13:01.398+0000] {scrapping_indeed.py:229} INFO - [Indeed][NLP Engineer] Session closed — 0 jobs found.
[2026-03-22T21:13:01.400+0000] {scrapping_indeed.py:255} INFO - [Indeed] Merged 'NLP Engineer' → 0 unique jobs (grand total: 0)
[2026-03-22T21:13:01.964+0000] {scrapping_indeed.py:167} INFO - [Indeed][Big Data Engineer] Starting session...
[2026-03-22T21:13:06.857+0000] {scrapping_indeed.py:186} INFO - [Indeed][AI Engineer] Page 1 → https://ma.indeed.com/jobs?q=AI+Engineer&l=Maroc&start=0&fromage=30
[2026-03-22T21:13:12.293+0000] {scrapping_indeed.py:186} INFO - [Indeed][Data Architect] Page 1 → https://ma.indeed.com/jobs?q=Data+Architect&l=Maroc&start=0&fromage=30
[2026-03-22T21:13:26.439+0000] {scrapping_indeed.py:204} WARNING - [Indeed][AI Engineer] No cards on page 1, stopping.
[2026-03-22T21:13:26.523+0000] {scrapping_indeed.py:229} INFO - [Indeed][AI Engineer] Session closed — 0 jobs found.
[2026-03-22T21:13:26.525+0000] {scrapping_indeed.py:255} INFO - [Indeed] Merged 'AI Engineer' → 0 unique jobs (grand total: 0)
[2026-03-22T21:13:26.543+0000] {scrapping_indeed.py:186} INFO - [Indeed][Big Data Engineer] Page 1 → https://ma.indeed.com/jobs?q=Big+Data+Engineer&l=Maroc&start=0&fromage=30
[2026-03-22T21:13:32.010+0000] {scrapping_indeed.py:204} WARNING - [Indeed][Data Architect] No cards on page 1, stopping.
[2026-03-22T21:13:32.112+0000] {scrapping_indeed.py:229} INFO - [Indeed][Data Architect] Session closed — 0 jobs found.
[2026-03-22T21:13:32.119+0000] {scrapping_indeed.py:255} INFO - [Indeed] Merged 'Data Architect' → 0 unique jobs (grand total: 0)
[2026-03-22T21:13:46.126+0000] {scrapping_indeed.py:204} WARNING - [Indeed][Big Data Engineer] No cards on page 1, stopping.
[2026-03-22T21:13:46.210+0000] {scrapping_indeed.py:229} INFO - [Indeed][Big Data Engineer] Session closed — 0 jobs found.
[2026-03-22T21:13:46.214+0000] {scrapping_indeed.py:255} INFO - [Indeed] Merged 'Big Data Engineer' → 0 unique jobs (grand total: 0)
[2026-03-22T21:13:46.216+0000] {job_scraping_dag.py:57} INFO - [DAG] Indeed done — 0 jobs scraped.
[2026-03-22T21:13:46.236+0000] {python.py:240} INFO - Done. Returned value was: None
[2026-03-22T21:13:46.248+0000] {taskinstance.py:340} INFO - ::group::Post task execution logs
[2026-03-22T21:13:46.249+0000] {taskinstance.py:352} INFO - Marking task as SUCCESS. dag_id=daily_job_scraping, task_id=extract_indeed, run_id=manual__2026-03-22T21:10:23.107763+00:00, execution_date=20260322T211023, start_date=20260322T211025, end_date=20260322T211346
[2026-03-22T21:13:46.276+0000] {local_task_job_runner.py:266} INFO - Task exited with return code 0
[2026-03-22T21:13:46.298+0000] {taskinstance.py:3895} INFO - 1 downstream tasks scheduled from follow-on schedule check
[2026-03-22T21:13:46.308+0000] {local_task_job_runner.py:245} INFO - ::endgroup::
