[2026-03-24T21:56:24.066+0000] {local_task_job_runner.py:123} INFO - ::group::Pre task execution logs
[2026-03-24T21:56:24.143+0000] {taskinstance.py:2613} INFO - Dependencies all met for dep_context=non-requeueable deps ti=<TaskInstance: daily_job_scraping.extract_france_travail manual__2026-03-24T21:56:15.052495+00:00 [queued]>
[2026-03-24T21:56:24.193+0000] {taskinstance.py:2613} INFO - Dependencies all met for dep_context=requeueable deps ti=<TaskInstance: daily_job_scraping.extract_france_travail manual__2026-03-24T21:56:15.052495+00:00 [queued]>
[2026-03-24T21:56:24.258+0000] {taskinstance.py:2866} INFO - Starting attempt 1 of 3
[2026-03-24T21:56:24.334+0000] {taskinstance.py:2889} INFO - Executing <Task(PythonOperator): extract_france_travail> on 2026-03-24 21:56:15.052495+00:00
[2026-03-24T21:56:24.391+0000] {standard_task_runner.py:72} INFO - Started process 1266 to run task
[2026-03-24T21:56:24.412+0000] {standard_task_runner.py:104} INFO - Running: ['airflow', 'tasks', 'run', 'daily_job_scraping', 'extract_france_travail', 'manual__2026-03-24T21:56:15.052495+00:00', '--job-id', '41', '--raw', '--subdir', 'DAGS_FOLDER/job_scraping_dag.py', '--cfg-path', '/tmp/tmp841zc5rk']
[2026-03-24T21:56:24.450+0000] {standard_task_runner.py:105} INFO - Job 41: Subtask extract_france_travail
[2026-03-24T21:56:24.914+0000] {task_command.py:467} INFO - Running <TaskInstance: daily_job_scraping.extract_france_travail manual__2026-03-24T21:56:15.052495+00:00 [running]> on host 8c995635ce4e
[2026-03-24T21:56:25.584+0000] {taskinstance.py:3132} INFO - Exporting env vars: AIRFLOW_CTX_DAG_OWNER='job_intelligent' AIRFLOW_CTX_DAG_ID='daily_job_scraping' AIRFLOW_CTX_TASK_ID='extract_france_travail' AIRFLOW_CTX_EXECUTION_DATE='2026-03-24T21:56:15.052495+00:00' AIRFLOW_CTX_TRY_NUMBER='1' AIRFLOW_CTX_DAG_RUN_ID='manual__2026-03-24T21:56:15.052495+00:00'
[2026-03-24T21:56:25.603+0000] {taskinstance.py:731} INFO - ::endgroup::
[2026-03-24T21:56:25.708+0000] {job_scraping_dag.py:49} INFO - [DAG] Starting France-Travail extraction...
[2026-03-24T21:56:25.725+0000] {scrapping_france_travail.py:200} INFO - [FranceTravail] Starting 10 keywords...
[2026-03-24T21:56:25.731+0000] {scrapping_france_travail.py:203} INFO - [FranceTravail] Searching: 'Data Scientist'
[2026-03-24T21:56:25.734+0000] {scrapping_france_travail.py:70} INFO - [FranceTravail] Refreshing access token...
[2026-03-24T21:56:26.494+0000] {scrapping_france_travail.py:93} INFO - [FranceTravail] Token obtained successfully.
[2026-03-24T21:56:27.685+0000] {scrapping_france_travail.py:135} WARNING - [FranceTravail][Data Scientist] Error 206: {"resultats":[{"id":"0685188","intitule":"Datascientist expert en IA F/H (H/F)","description":"Framatome souhaite étendre sa capacité à traiter des cas d'usage IA en recrutant un.e data scientist expe
[2026-03-24T21:56:27.749+0000] {scrapping_france_travail.py:211} INFO - [FranceTravail][Data Scientist] No more results at page 1.
[2026-03-24T21:56:27.781+0000] {scrapping_france_travail.py:227} INFO - [FranceTravail] 'Data Scientist' done → 0 jobs (grand total: 0)
[2026-03-24T21:56:28.835+0000] {scrapping_france_travail.py:203} INFO - [FranceTravail] Searching: 'Data Engineer'
[2026-03-24T21:56:30.214+0000] {scrapping_france_travail.py:135} WARNING - [FranceTravail][Data Engineer] Error 206: {"resultats":[{"id":"205WSMH","intitule":"Data Engineer (H/F)","description":"Qui sommes-nous ? \n\nHello, moi c'est Dorian. Je suis chargé de recrutement au sein de l'entreprise Keepcod. Bon, je ne v
[2026-03-24T21:56:30.284+0000] {scrapping_france_travail.py:211} INFO - [FranceTravail][Data Engineer] No more results at page 1.
[2026-03-24T21:56:30.365+0000] {scrapping_france_travail.py:227} INFO - [FranceTravail] 'Data Engineer' done → 0 jobs (grand total: 0)
[2026-03-24T21:56:31.405+0000] {scrapping_france_travail.py:203} INFO - [FranceTravail] Searching: 'Data Analyst'
[2026-03-24T21:56:32.183+0000] {scrapping_france_travail.py:135} WARNING - [FranceTravail][Data Analyst] Error 206: {"resultats":[{"id":"205XYDS","intitule":"Data analyst (H/F)","description":"Manpower TOULOUSE GDS COMPTES AERO recherche pour son client, AIRBUS, un Data analyst (H/F).\nInfo équipe : Expert en donné
[2026-03-24T21:56:32.235+0000] {scrapping_france_travail.py:211} INFO - [FranceTravail][Data Analyst] No more results at page 1.
[2026-03-24T21:56:32.287+0000] {scrapping_france_travail.py:227} INFO - [FranceTravail] 'Data Analyst' done → 0 jobs (grand total: 0)
[2026-03-24T21:56:33.350+0000] {scrapping_france_travail.py:203} INFO - [FranceTravail] Searching: 'Machine Learning Engineer'
[2026-03-24T21:56:34.123+0000] {scrapping_france_travail.py:218} INFO - [FranceTravail][Machine Learning Engineer] Page 1 → +36 jobs (keyword total: 36)
[2026-03-24T21:56:35.190+0000] {scrapping_france_travail.py:131} INFO - [FranceTravail][Machine Learning Engineer] No results (204).
[2026-03-24T21:56:35.276+0000] {scrapping_france_travail.py:211} INFO - [FranceTravail][Machine Learning Engineer] No more results at page 2.
[2026-03-24T21:56:35.325+0000] {scrapping_france_travail.py:227} INFO - [FranceTravail] 'Machine Learning Engineer' done → 36 jobs (grand total: 36)
[2026-03-24T21:56:36.378+0000] {scrapping_france_travail.py:203} INFO - [FranceTravail] Searching: 'MLOps Engineer'
[2026-03-24T21:56:37.361+0000] {scrapping_france_travail.py:218} INFO - [FranceTravail][MLOps Engineer] Page 1 → +1 jobs (keyword total: 1)
[2026-03-24T21:56:38.897+0000] {scrapping_france_travail.py:131} INFO - [FranceTravail][MLOps Engineer] No results (204).
[2026-03-24T21:56:39.064+0000] {scrapping_france_travail.py:211} INFO - [FranceTravail][MLOps Engineer] No more results at page 2.
[2026-03-24T21:56:39.298+0000] {scrapping_france_travail.py:227} INFO - [FranceTravail] 'MLOps Engineer' done → 1 jobs (grand total: 37)
[2026-03-24T21:56:40.461+0000] {scrapping_france_travail.py:203} INFO - [FranceTravail] Searching: 'Business Intelligence'
[2026-03-24T21:56:42.104+0000] {scrapping_france_travail.py:135} WARNING - [FranceTravail][Business Intelligence] Error 206: {"resultats":[{"id":"0681720","intitule":"Business Developer Bordeaux (33) H/F","description":"Cabinet de conseil en financement public créé en , notre client est un des acteurs historiques du finance
[2026-03-24T21:56:42.336+0000] {scrapping_france_travail.py:211} INFO - [FranceTravail][Business Intelligence] No more results at page 1.
[2026-03-24T21:56:42.603+0000] {scrapping_france_travail.py:227} INFO - [FranceTravail] 'Business Intelligence' done → 0 jobs (grand total: 37)
[2026-03-24T21:56:41.471+0000] {scrapping_france_travail.py:203} INFO - [FranceTravail] Searching: 'NLP Engineer'
[2026-03-24T21:56:43.493+0000] {scrapping_france_travail.py:131} INFO - [FranceTravail][NLP Engineer] No results (204).
[2026-03-24T21:56:43.575+0000] {scrapping_france_travail.py:211} INFO - [FranceTravail][NLP Engineer] No more results at page 1.
[2026-03-24T21:56:43.634+0000] {scrapping_france_travail.py:227} INFO - [FranceTravail] 'NLP Engineer' done → 0 jobs (grand total: 37)
[2026-03-24T21:56:44.916+0000] {scrapping_france_travail.py:203} INFO - [FranceTravail] Searching: 'AI Engineer'
[2026-03-24T21:56:48.207+0000] {scrapping_france_travail.py:218} INFO - [FranceTravail][AI Engineer] Page 1 → +10 jobs (keyword total: 10)
[2026-03-24T21:56:49.645+0000] {scrapping_france_travail.py:131} INFO - [FranceTravail][AI Engineer] No results (204).
[2026-03-24T21:56:49.708+0000] {scrapping_france_travail.py:211} INFO - [FranceTravail][AI Engineer] No more results at page 2.
[2026-03-24T21:56:49.742+0000] {scrapping_france_travail.py:227} INFO - [FranceTravail] 'AI Engineer' done → 10 jobs (grand total: 47)
[2026-03-24T21:56:50.824+0000] {scrapping_france_travail.py:203} INFO - [FranceTravail] Searching: 'Data Architect'
[2026-03-24T21:56:51.535+0000] {scrapping_france_travail.py:218} INFO - [FranceTravail][Data Architect] Page 1 → +32 jobs (keyword total: 32)
[2026-03-24T21:56:52.537+0000] {scrapping_france_travail.py:131} INFO - [FranceTravail][Data Architect] No results (204).
[2026-03-24T21:56:52.570+0000] {scrapping_france_travail.py:211} INFO - [FranceTravail][Data Architect] No more results at page 2.
[2026-03-24T21:56:52.638+0000] {scrapping_france_travail.py:227} INFO - [FranceTravail] 'Data Architect' done → 32 jobs (grand total: 79)
[2026-03-24T21:56:53.699+0000] {scrapping_france_travail.py:203} INFO - [FranceTravail] Searching: 'Big Data Engineer'
[2026-03-24T21:56:54.935+0000] {scrapping_france_travail.py:135} WARNING - [FranceTravail][Big Data Engineer] Error 206: {"resultats":[{"id":"0629470","intitule":"Big Data Engineer / Développeur Big Data H/F","description":"\n             Ce que vous allez faire si vous nous rejoignez :Sous la responsabilité du Responsa
[2026-03-24T21:56:55.103+0000] {scrapping_france_travail.py:211} INFO - [FranceTravail][Big Data Engineer] No more results at page 1.
[2026-03-24T21:56:55.207+0000] {scrapping_france_travail.py:227} INFO - [FranceTravail] 'Big Data Engineer' done → 0 jobs (grand total: 79)
[2026-03-24T21:56:56.326+0000] {scrapping_france_travail.py:235} INFO - [FranceTravail] Finished — 79 unique jobs collected.
[2026-03-24T21:56:56.379+0000] {job_scraping_dag.py:54} INFO - [DAG] France-Travail done — 79 jobs saved to /tmp/france_travail_jobs.json
[2026-03-24T21:56:56.413+0000] {python.py:240} INFO - Done. Returned value was: None
[2026-03-24T21:56:56.663+0000] {taskinstance.py:340} INFO - ::group::Post task execution logs
[2026-03-24T21:56:56.714+0000] {taskinstance.py:352} INFO - Marking task as SUCCESS. dag_id=daily_job_scraping, task_id=extract_france_travail, run_id=manual__2026-03-24T21:56:15.052495+00:00, execution_date=20260324T215615, start_date=20260324T215624, end_date=20260324T215656
[2026-03-24T21:56:57.098+0000] {local_task_job_runner.py:266} INFO - Task exited with return code 0
[2026-03-24T21:56:57.276+0000] {standard_task_runner.py:217} INFO - Process not found (most likely exited), stop collecting metrics
[2026-03-24T21:56:57.366+0000] {taskinstance.py:3895} INFO - 0 downstream tasks scheduled from follow-on schedule check
[2026-03-24T21:56:57.451+0000] {local_task_job_runner.py:245} INFO - ::endgroup::
