[2026-03-24T19:40:46.851+0000] {local_task_job_runner.py:123} INFO - ::group::Pre task execution logs
[2026-03-24T19:40:47.060+0000] {taskinstance.py:2613} INFO - Dependencies all met for dep_context=non-requeueable deps ti=<TaskInstance: daily_job_scraping.extract_linkedin manual__2026-03-24T19:40:34.071898+00:00 [queued]>
[2026-03-24T19:40:47.221+0000] {taskinstance.py:2613} INFO - Dependencies all met for dep_context=requeueable deps ti=<TaskInstance: daily_job_scraping.extract_linkedin manual__2026-03-24T19:40:34.071898+00:00 [queued]>
[2026-03-24T19:40:47.322+0000] {taskinstance.py:2866} INFO - Starting attempt 1 of 3
[2026-03-24T19:40:47.698+0000] {taskinstance.py:2889} INFO - Executing <Task(PythonOperator): extract_linkedin> on 2026-03-24 19:40:34.071898+00:00
[2026-03-24T19:40:47.817+0000] {standard_task_runner.py:72} INFO - Started process 329 to run task
[2026-03-24T19:40:47.884+0000] {standard_task_runner.py:104} INFO - Running: ['airflow', 'tasks', 'run', 'daily_job_scraping', 'extract_linkedin', 'manual__2026-03-24T19:40:34.071898+00:00', '--job-id', '27', '--raw', '--subdir', 'DAGS_FOLDER/job_scraping_dag.py', '--cfg-path', '/tmp/tmpdmrpf_wb']
[2026-03-24T19:40:47.968+0000] {standard_task_runner.py:105} INFO - Job 27: Subtask extract_linkedin
[2026-03-24T19:40:48.984+0000] {task_command.py:467} INFO - Running <TaskInstance: daily_job_scraping.extract_linkedin manual__2026-03-24T19:40:34.071898+00:00 [running]> on host cef8f2d38bab
[2026-03-24T19:40:50.602+0000] {taskinstance.py:3132} INFO - Exporting env vars: AIRFLOW_CTX_DAG_OWNER='job_intelligent' AIRFLOW_CTX_DAG_ID='daily_job_scraping' AIRFLOW_CTX_TASK_ID='extract_linkedin' AIRFLOW_CTX_EXECUTION_DATE='2026-03-24T19:40:34.071898+00:00' AIRFLOW_CTX_TRY_NUMBER='1' AIRFLOW_CTX_DAG_RUN_ID='manual__2026-03-24T19:40:34.071898+00:00'
[2026-03-24T19:40:50.628+0000] {taskinstance.py:731} INFO - ::endgroup::
[2026-03-24T19:40:50.860+0000] {job_scraping_dag.py:165} INFO - [DAG] Starting LinkedIn extraction...
[2026-03-24T19:40:50.942+0000] {scrapping_linkedin.py:202} INFO - [LinkedIn] Starting 10 keywords with 3 parallel workers | SELENIUM_URL=http://selenium:4444/wd/hub
[2026-03-24T19:41:20.096+0000] {scrapping_linkedin.py:138} INFO - [LinkedIn][Data Engineer] Starting session...
[2026-03-24T19:41:42.689+0000] {scrapping_linkedin.py:155} INFO - [LinkedIn][Data Engineer] Page 1 → https://www.linkedin.com/jobs/search/?keywords=Data%20Engineer&location=Maroc&start=0&f_TPR=r604800
[2026-03-24T19:42:26.506+0000] {scrapping_linkedin.py:182} INFO - [LinkedIn][Data Engineer] +60 jobs (keyword total: 60)
[2026-03-24T19:42:28.677+0000] {scrapping_linkedin.py:155} INFO - [LinkedIn][Data Engineer] Page 2 → https://www.linkedin.com/jobs/search/?keywords=Data%20Engineer&location=Maroc&start=25&f_TPR=r604800
[2026-03-24T19:42:52.197+0000] {scrapping_linkedin.py:182} INFO - [LinkedIn][Data Engineer] +5 jobs (keyword total: 65)
[2026-03-24T19:42:57.374+0000] {scrapping_linkedin.py:191} INFO - [LinkedIn][Data Engineer] Session closed.
[2026-03-24T19:42:57.511+0000] {scrapping_linkedin.py:217} INFO - [LinkedIn] Merged 'Data Engineer' → 65 unique jobs (grand total: 65)
[2026-03-24T19:43:07.912+0000] {scrapping_linkedin.py:138} INFO - [LinkedIn][Data Analyst] Starting session...
[2026-03-24T19:43:14.108+0000] {scrapping_linkedin.py:138} INFO - [LinkedIn][Data Scientist] Starting session...
[2026-03-24T19:43:17.250+0000] {scrapping_linkedin.py:138} INFO - [LinkedIn][Machine Learning Engineer] Starting session...
[2026-03-24T19:43:32.359+0000] {scrapping_linkedin.py:155} INFO - [LinkedIn][Data Analyst] Page 1 → https://www.linkedin.com/jobs/search/?keywords=Data%20Analyst&location=Maroc&start=0&f_TPR=r604800
[2026-03-24T19:43:36.297+0000] {scrapping_linkedin.py:155} INFO - [LinkedIn][Data Scientist] Page 1 → https://www.linkedin.com/jobs/search/?keywords=Data%20Scientist&location=Maroc&start=0&f_TPR=r604800
[2026-03-24T19:43:39.526+0000] {scrapping_linkedin.py:155} INFO - [LinkedIn][Machine Learning Engineer] Page 1 → https://www.linkedin.com/jobs/search/?keywords=Machine%20Learning%20Engineer&location=Maroc&start=0&f_TPR=r604800
[2026-03-24T19:44:04.382+0000] {scrapping_linkedin.py:182} INFO - [LinkedIn][Data Analyst] +70 jobs (keyword total: 70)
[2026-03-24T19:44:07.357+0000] {scrapping_linkedin.py:155} INFO - [LinkedIn][Data Analyst] Page 2 → https://www.linkedin.com/jobs/search/?keywords=Data%20Analyst&location=Maroc&start=25&f_TPR=r604800
[2026-03-24T19:44:11.741+0000] {scrapping_linkedin.py:182} INFO - [LinkedIn][Data Scientist] +70 jobs (keyword total: 70)
[2026-03-24T19:44:14.879+0000] {scrapping_linkedin.py:155} INFO - [LinkedIn][Data Scientist] Page 2 → https://www.linkedin.com/jobs/search/?keywords=Data%20Scientist&location=Maroc&start=25&f_TPR=r604800
[2026-03-24T19:44:15.301+0000] {scrapping_linkedin.py:182} INFO - [LinkedIn][Machine Learning Engineer] +40 jobs (keyword total: 40)
[2026-03-24T19:44:17.177+0000] {scrapping_linkedin.py:155} INFO - [LinkedIn][Machine Learning Engineer] Page 2 → https://www.linkedin.com/jobs/search/?keywords=Machine%20Learning%20Engineer&location=Maroc&start=25&f_TPR=r604800
[2026-03-24T19:44:48.089+0000] {scrapping_linkedin.py:182} INFO - [LinkedIn][Data Analyst] +8 jobs (keyword total: 78)
[2026-03-24T19:44:52.184+0000] {scrapping_linkedin.py:191} INFO - [LinkedIn][Data Analyst] Session closed.
[2026-03-24T19:44:52.702+0000] {scrapping_linkedin.py:217} INFO - [LinkedIn] Merged 'Data Analyst' → 40 unique jobs (grand total: 105)
[2026-03-24T19:44:53.533+0000] {scrapping_linkedin.py:182} INFO - [LinkedIn][Data Scientist] +7 jobs (keyword total: 77)
[2026-03-24T19:44:55.472+0000] {scrapping_linkedin.py:182} INFO - [LinkedIn][Machine Learning Engineer] +0 jobs (keyword total: 40)
[2026-03-24T19:44:56.845+0000] {scrapping_linkedin.py:191} INFO - [LinkedIn][Data Scientist] Session closed.
[2026-03-24T19:44:56.951+0000] {scrapping_linkedin.py:217} INFO - [LinkedIn] Merged 'Data Scientist' → 42 unique jobs (grand total: 147)
[2026-03-24T19:44:59.077+0000] {scrapping_linkedin.py:191} INFO - [LinkedIn][Machine Learning Engineer] Session closed.
[2026-03-24T19:44:59.147+0000] {scrapping_linkedin.py:217} INFO - [LinkedIn] Merged 'Machine Learning Engineer' → 2 unique jobs (grand total: 149)
[2026-03-24T19:45:07.232+0000] {scrapping_linkedin.py:138} INFO - [LinkedIn][MLOps Engineer] Starting session...
[2026-03-24T19:45:37.287+0000] {scrapping_linkedin.py:155} INFO - [LinkedIn][MLOps Engineer] Page 1 → https://www.linkedin.com/jobs/search/?keywords=MLOps%20Engineer&location=Maroc&start=0&f_TPR=r604800
[2026-03-24T19:46:04.176+0000] {scrapping_linkedin.py:182} INFO - [LinkedIn][MLOps Engineer] +2 jobs (keyword total: 2)
[2026-03-24T19:46:07.287+0000] {scrapping_linkedin.py:155} INFO - [LinkedIn][MLOps Engineer] Page 2 → https://www.linkedin.com/jobs/search/?keywords=MLOps%20Engineer&location=Maroc&start=25&f_TPR=r604800
[2026-03-24T19:46:30.887+0000] {scrapping_linkedin.py:182} INFO - [LinkedIn][MLOps Engineer] +0 jobs (keyword total: 2)
[2026-03-24T19:46:34.883+0000] {scrapping_linkedin.py:191} INFO - [LinkedIn][MLOps Engineer] Session closed.
[2026-03-24T19:46:34.967+0000] {scrapping_linkedin.py:217} INFO - [LinkedIn] Merged 'MLOps Engineer' → 0 unique jobs (grand total: 149)
[2026-03-24T19:46:35.212+0000] {scrapping_linkedin.py:138} INFO - [LinkedIn][Business Intelligence] Starting session...
[2026-03-24T19:46:43.622+0000] {scrapping_linkedin.py:138} INFO - [LinkedIn][NLP Engineer] Starting session...
[2026-03-24T19:46:52.934+0000] {scrapping_linkedin.py:155} INFO - [LinkedIn][Business Intelligence] Page 1 → https://www.linkedin.com/jobs/search/?keywords=Business%20Intelligence&location=Maroc&start=0&f_TPR=r604800
[2026-03-24T19:47:18.270+0000] {scrapping_linkedin.py:155} INFO - [LinkedIn][NLP Engineer] Page 1 → https://www.linkedin.com/jobs/search/?keywords=NLP%20Engineer&location=Maroc&start=0&f_TPR=r604800
[2026-03-24T19:47:21.233+0000] {scrapping_linkedin.py:182} INFO - [LinkedIn][Business Intelligence] +32 jobs (keyword total: 32)
[2026-03-24T19:47:22.978+0000] {scrapping_linkedin.py:155} INFO - [LinkedIn][Business Intelligence] Page 2 → https://www.linkedin.com/jobs/search/?keywords=Business%20Intelligence&location=Maroc&start=25&f_TPR=r604800
[2026-03-24T19:47:55.869+0000] {scrapping_linkedin.py:182} INFO - [LinkedIn][Business Intelligence] +0 jobs (keyword total: 32)
[2026-03-24T19:47:56.550+0000] {scrapping_linkedin.py:182} INFO - [LinkedIn][NLP Engineer] +15 jobs (keyword total: 15)
[2026-03-24T19:47:58.642+0000] {scrapping_linkedin.py:155} INFO - [LinkedIn][NLP Engineer] Page 2 → https://www.linkedin.com/jobs/search/?keywords=NLP%20Engineer&location=Maroc&start=25&f_TPR=r604800
[2026-03-24T19:48:00.382+0000] {scrapping_linkedin.py:191} INFO - [LinkedIn][Business Intelligence] Session closed.
[2026-03-24T19:48:00.478+0000] {scrapping_linkedin.py:217} INFO - [LinkedIn] Merged 'Business Intelligence' → 7 unique jobs (grand total: 156)
[2026-03-24T19:48:14.007+0000] {scrapping_linkedin.py:138} INFO - [LinkedIn][AI Engineer] Starting session...
[2026-03-24T19:48:25.440+0000] {scrapping_linkedin.py:138} INFO - [LinkedIn][Data Architect] Starting session...
[2026-03-24T19:48:25.841+0000] {scrapping_linkedin.py:182} INFO - [LinkedIn][NLP Engineer] +0 jobs (keyword total: 15)
[2026-03-24T19:48:31.273+0000] {scrapping_linkedin.py:191} INFO - [LinkedIn][NLP Engineer] Session closed.
[2026-03-24T19:48:31.419+0000] {scrapping_linkedin.py:217} INFO - [LinkedIn] Merged 'NLP Engineer' → 7 unique jobs (grand total: 163)
[2026-03-24T19:48:41.491+0000] {scrapping_linkedin.py:155} INFO - [LinkedIn][AI Engineer] Page 1 → https://www.linkedin.com/jobs/search/?keywords=AI%20Engineer&location=Maroc&start=0&f_TPR=r604800
[2026-03-24T19:48:48.418+0000] {scrapping_linkedin.py:138} INFO - [LinkedIn][Big Data Engineer] Starting session...
[2026-03-24T19:49:19.057+0000] {scrapping_linkedin.py:155} INFO - [LinkedIn][Data Architect] Page 1 → https://www.linkedin.com/jobs/search/?keywords=Data%20Architect&location=Maroc&start=0&f_TPR=r604800
[2026-03-24T19:49:20.659+0000] {scrapping_linkedin.py:155} INFO - [LinkedIn][Big Data Engineer] Page 1 → https://www.linkedin.com/jobs/search/?keywords=Big%20Data%20Engineer&location=Maroc&start=0&f_TPR=r604800
[2026-03-24T19:49:26.929+0000] {scrapping_linkedin.py:182} INFO - [LinkedIn][AI Engineer] +8 jobs (keyword total: 8)
[2026-03-24T19:49:29.804+0000] {scrapping_linkedin.py:155} INFO - [LinkedIn][AI Engineer] Page 2 → https://www.linkedin.com/jobs/search/?keywords=AI%20Engineer&location=Maroc&start=25&f_TPR=r604800
[2026-03-24T19:49:49.744+0000] {scrapping_linkedin.py:182} INFO - [LinkedIn][Data Architect] +38 jobs (keyword total: 38)
[2026-03-24T19:49:51.366+0000] {scrapping_linkedin.py:155} INFO - [LinkedIn][Data Architect] Page 2 → https://www.linkedin.com/jobs/search/?keywords=Data%20Architect&location=Maroc&start=25&f_TPR=r604800
[2026-03-24T19:49:57.632+0000] {scrapping_linkedin.py:182} INFO - [LinkedIn][Big Data Engineer] +18 jobs (keyword total: 18)
[2026-03-24T19:49:59.484+0000] {scrapping_linkedin.py:155} INFO - [LinkedIn][Big Data Engineer] Page 2 → https://www.linkedin.com/jobs/search/?keywords=Big%20Data%20Engineer&location=Maroc&start=25&f_TPR=r604800
[2026-03-24T19:50:22.458+0000] {scrapping_linkedin.py:182} INFO - [LinkedIn][AI Engineer] +0 jobs (keyword total: 8)
[2026-03-24T19:50:25.790+0000] {scrapping_linkedin.py:191} INFO - [LinkedIn][AI Engineer] Session closed.
[2026-03-24T19:50:26.021+0000] {scrapping_linkedin.py:217} INFO - [LinkedIn] Merged 'AI Engineer' → 1 unique jobs (grand total: 164)
[2026-03-24T19:50:27.073+0000] {scrapping_linkedin.py:182} INFO - [LinkedIn][Data Architect] +0 jobs (keyword total: 38)
[2026-03-24T19:50:27.850+0000] {scrapping_linkedin.py:182} INFO - [LinkedIn][Big Data Engineer] +0 jobs (keyword total: 18)
[2026-03-24T19:50:28.601+0000] {scrapping_linkedin.py:191} INFO - [LinkedIn][Data Architect] Session closed.
[2026-03-24T19:50:28.685+0000] {scrapping_linkedin.py:217} INFO - [LinkedIn] Merged 'Data Architect' → 4 unique jobs (grand total: 168)
[2026-03-24T19:50:31.560+0000] {scrapping_linkedin.py:191} INFO - [LinkedIn][Big Data Engineer] Session closed.
[2026-03-24T19:50:31.611+0000] {scrapping_linkedin.py:217} INFO - [LinkedIn] Merged 'Big Data Engineer' → 0 unique jobs (grand total: 168)
[2026-03-24T19:50:31.701+0000] {job_scraping_dag.py:170} INFO - [DAG] LinkedIn done — 168 jobs saved to /tmp/linkedin_jobs.json
[2026-03-24T19:50:31.734+0000] {python.py:240} INFO - Done. Returned value was: None
[2026-03-24T19:50:31.882+0000] {taskinstance.py:340} INFO - ::group::Post task execution logs
[2026-03-24T19:50:31.941+0000] {taskinstance.py:352} INFO - Marking task as SUCCESS. dag_id=daily_job_scraping, task_id=extract_linkedin, run_id=manual__2026-03-24T19:40:34.071898+00:00, execution_date=20260324T194034, start_date=20260324T194047, end_date=20260324T195031
[2026-03-24T19:50:32.355+0000] {local_task_job_runner.py:266} INFO - Task exited with return code 0
[2026-03-24T19:50:32.670+0000] {taskinstance.py:3895} INFO - 0 downstream tasks scheduled from follow-on schedule check
[2026-03-24T19:50:32.880+0000] {local_task_job_runner.py:245} INFO - ::endgroup::
