[2026-03-22T03:08:16.642+0000] {local_task_job_runner.py:123} INFO - ::group::Pre task execution logs
[2026-03-22T03:08:16.678+0000] {taskinstance.py:2613} INFO - Dependencies all met for dep_context=non-requeueable deps ti=<TaskInstance: daily_job_scraping.push_to_db manual__2026-03-22T02:59:46.986372+00:00 [queued]>
[2026-03-22T03:08:16.698+0000] {taskinstance.py:2613} INFO - Dependencies all met for dep_context=requeueable deps ti=<TaskInstance: daily_job_scraping.push_to_db manual__2026-03-22T02:59:46.986372+00:00 [queued]>
[2026-03-22T03:08:16.701+0000] {taskinstance.py:2866} INFO - Starting attempt 1 of 3
[2026-03-22T03:08:16.740+0000] {taskinstance.py:2889} INFO - Executing <Task(PythonOperator): push_to_db> on 2026-03-22 02:59:46.986372+00:00
[2026-03-22T03:08:16.768+0000] {standard_task_runner.py:72} INFO - Started process 306 to run task
[2026-03-22T03:08:16.775+0000] {standard_task_runner.py:104} INFO - Running: ['airflow', 'tasks', 'run', 'daily_job_scraping', 'push_to_db', 'manual__2026-03-22T02:59:46.986372+00:00', '--job-id', '7', '--raw', '--subdir', 'DAGS_FOLDER/job_scraping_dag.py', '--cfg-path', '/tmp/tmpm603gj5o']
[2026-03-22T03:08:16.785+0000] {standard_task_runner.py:105} INFO - Job 7: Subtask push_to_db
[2026-03-22T03:08:16.891+0000] {task_command.py:467} INFO - Running <TaskInstance: daily_job_scraping.push_to_db manual__2026-03-22T02:59:46.986372+00:00 [running]> on host 6e9107eaa705
[2026-03-22T03:08:17.146+0000] {taskinstance.py:3132} INFO - Exporting env vars: AIRFLOW_CTX_DAG_OWNER='job_intelligent' AIRFLOW_CTX_DAG_ID='daily_job_scraping' AIRFLOW_CTX_TASK_ID='push_to_db' AIRFLOW_CTX_EXECUTION_DATE='2026-03-22T02:59:46.986372+00:00' AIRFLOW_CTX_TRY_NUMBER='1' AIRFLOW_CTX_DAG_RUN_ID='manual__2026-03-22T02:59:46.986372+00:00'
[2026-03-22T03:08:17.149+0000] {taskinstance.py:731} INFO - ::endgroup::
[2026-03-22T03:08:17.217+0000] {job_scraping_dag.py:72} INFO - [DAG] Merging 193 LinkedIn + 0 Indeed = 193 total jobs.
[2026-03-22T03:08:17.425+0000] {db.py:80} INFO - [DB] Done — 193 inserted, 0 skipped (duplicates/errors).
[2026-03-22T03:08:17.474+0000] {logging_mixin.py:190} INFO - 
─── DB Stats ─────────────────────────────────────
[2026-03-22T03:08:17.476+0000] {logging_mixin.py:190} INFO - Total jobs : 182
[2026-03-22T03:08:17.479+0000] {logging_mixin.py:190} INFO -   linkedin    : 182
[2026-03-22T03:08:17.482+0000] {logging_mixin.py:190} INFO - ──────────────────────────────────────────────────
[2026-03-22T03:08:17.489+0000] {python.py:240} INFO - Done. Returned value was: None
[2026-03-22T03:08:17.521+0000] {taskinstance.py:340} INFO - ::group::Post task execution logs
[2026-03-22T03:08:17.524+0000] {taskinstance.py:352} INFO - Marking task as SUCCESS. dag_id=daily_job_scraping, task_id=push_to_db, run_id=manual__2026-03-22T02:59:46.986372+00:00, execution_date=20260322T025946, start_date=20260322T030816, end_date=20260322T030817
[2026-03-22T03:08:17.596+0000] {local_task_job_runner.py:266} INFO - Task exited with return code 0
[2026-03-22T03:08:17.625+0000] {taskinstance.py:3895} INFO - 0 downstream tasks scheduled from follow-on schedule check
[2026-03-22T03:08:17.639+0000] {local_task_job_runner.py:245} INFO - ::endgroup::
