[2026-03-24T22:23:06.563+0000] {local_task_job_runner.py:123} INFO - ::group::Pre task execution logs
[2026-03-24T22:23:06.659+0000] {taskinstance.py:2613} INFO - Dependencies all met for dep_context=non-requeueable deps ti=<TaskInstance: daily_job_scraping.push_to_db manual__2026-03-24T22:17:33.319821+00:00 [queued]>
[2026-03-24T22:23:06.712+0000] {taskinstance.py:2613} INFO - Dependencies all met for dep_context=requeueable deps ti=<TaskInstance: daily_job_scraping.push_to_db manual__2026-03-24T22:17:33.319821+00:00 [queued]>
[2026-03-24T22:23:06.763+0000] {taskinstance.py:2866} INFO - Starting attempt 1 of 3
[2026-03-24T22:23:06.826+0000] {taskinstance.py:2889} INFO - Executing <Task(PythonOperator): push_to_db> on 2026-03-24 22:17:33.319821+00:00
[2026-03-24T22:23:06.873+0000] {standard_task_runner.py:72} INFO - Started process 1556 to run task
[2026-03-24T22:23:06.880+0000] {standard_task_runner.py:104} INFO - Running: ['airflow', 'tasks', 'run', 'daily_job_scraping', 'push_to_db', 'manual__2026-03-24T22:17:33.319821+00:00', '--job-id', '46', '--raw', '--subdir', 'DAGS_FOLDER/job_scraping_dag.py', '--cfg-path', '/tmp/tmp4yjfjpov']
[2026-03-24T22:23:06.903+0000] {standard_task_runner.py:105} INFO - Job 46: Subtask push_to_db
[2026-03-24T22:23:07.297+0000] {task_command.py:467} INFO - Running <TaskInstance: daily_job_scraping.push_to_db manual__2026-03-24T22:17:33.319821+00:00 [running]> on host 8c995635ce4e
[2026-03-24T22:23:07.868+0000] {taskinstance.py:3132} INFO - Exporting env vars: AIRFLOW_CTX_DAG_OWNER='job_intelligent' AIRFLOW_CTX_DAG_ID='daily_job_scraping' AIRFLOW_CTX_TASK_ID='push_to_db' AIRFLOW_CTX_EXECUTION_DATE='2026-03-24T22:17:33.319821+00:00' AIRFLOW_CTX_TRY_NUMBER='1' AIRFLOW_CTX_DAG_RUN_ID='manual__2026-03-24T22:17:33.319821+00:00'
[2026-03-24T22:23:07.884+0000] {taskinstance.py:731} INFO - ::endgroup::
[2026-03-24T22:23:07.954+0000] {job_scraping_dag.py:65} INFO - [DAG] Loaded 182 jobs from /tmp/linkedin_jobs.json
[2026-03-24T22:23:07.977+0000] {job_scraping_dag.py:65} INFO - [DAG] Loaded 79 jobs from /tmp/france_travail_jobs.json
[2026-03-24T22:23:07.992+0000] {job_scraping_dag.py:69} INFO - [DAG] Total jobs to push: 261
[2026-03-24T22:23:08.121+0000] {db.py:92} INFO - [DB] Pushing 261 jobs to Supabase...
[2026-03-24T22:23:07.403+0000] {db.py:110} INFO - [DB] Lot 1: 100/261 inseres
[2026-03-24T22:23:08.270+0000] {db.py:110} INFO - [DB] Lot 2: 200/261 inseres
[2026-03-24T22:23:08.820+0000] {db.py:110} INFO - [DB] Lot 3: 261/261 inseres
[2026-03-24T22:23:08.843+0000] {db.py:122} INFO - [DB] Done - 261 inseres, 0 doublons ignores.
[2026-03-24T22:23:09.702+0000] {logging_mixin.py:190} INFO - 
--- DB Stats (Supabase) ------------------------------------------
[2026-03-24T22:23:09.726+0000] {logging_mixin.py:190} INFO - Total jobs : 1682
[2026-03-24T22:23:09.728+0000] {logging_mixin.py:190} INFO - ------------------------------------------------------------------
[2026-03-24T22:23:09.763+0000] {python.py:240} INFO - Done. Returned value was: None
[2026-03-24T22:23:09.855+0000] {taskinstance.py:340} INFO - ::group::Post task execution logs
[2026-03-24T22:23:09.899+0000] {taskinstance.py:352} INFO - Marking task as SUCCESS. dag_id=daily_job_scraping, task_id=push_to_db, run_id=manual__2026-03-24T22:17:33.319821+00:00, execution_date=20260324T221733, start_date=20260324T222306, end_date=20260324T222309
[2026-03-24T22:23:11.314+0000] {local_task_job_runner.py:266} INFO - Task exited with return code 0
[2026-03-24T22:23:11.387+0000] {taskinstance.py:3895} INFO - 0 downstream tasks scheduled from follow-on schedule check
[2026-03-24T22:23:11.485+0000] {local_task_job_runner.py:245} INFO - ::endgroup::
