[2026-03-21T15:48:26.333+0000] {local_task_job_runner.py:123} INFO - ::group::Pre task execution logs
[2026-03-21T15:48:26.405+0000] {taskinstance.py:2613} INFO - Dependencies all met for dep_context=non-requeueable deps ti=<TaskInstance: daily_job_scraping.extract_linkedin scheduled__2026-03-18T12:00:00+00:00 [queued]>
[2026-03-21T15:48:26.948+0000] {taskinstance.py:2613} INFO - Dependencies all met for dep_context=requeueable deps ti=<TaskInstance: daily_job_scraping.extract_linkedin scheduled__2026-03-18T12:00:00+00:00 [queued]>
[2026-03-21T15:48:26.961+0000] {taskinstance.py:2866} INFO - Starting attempt 3 of 3
[2026-03-21T15:48:27.032+0000] {taskinstance.py:2889} INFO - Executing <Task(PythonOperator): extract_linkedin> on 2026-03-18 12:00:00+00:00
[2026-03-21T15:48:27.051+0000] {standard_task_runner.py:72} INFO - Started process 190 to run task
[2026-03-21T15:48:27.061+0000] {standard_task_runner.py:104} INFO - Running: ['airflow', 'tasks', 'run', 'daily_job_scraping', 'extract_linkedin', 'scheduled__2026-03-18T12:00:00+00:00', '--job-id', '16', '--raw', '--subdir', 'DAGS_FOLDER/job_scraping_dag.py', '--cfg-path', '/tmp/tmpq324hmh5']
[2026-03-21T15:48:27.076+0000] {standard_task_runner.py:105} INFO - Job 16: Subtask extract_linkedin
[2026-03-21T15:48:27.341+0000] {task_command.py:467} INFO - Running <TaskInstance: daily_job_scraping.extract_linkedin scheduled__2026-03-18T12:00:00+00:00 [running]> on host 696af1b356a2
[2026-03-21T15:48:27.915+0000] {taskinstance.py:3132} INFO - Exporting env vars: AIRFLOW_CTX_DAG_OWNER='job_intelligent' AIRFLOW_CTX_DAG_ID='daily_job_scraping' AIRFLOW_CTX_TASK_ID='extract_linkedin' AIRFLOW_CTX_EXECUTION_DATE='2026-03-18T12:00:00+00:00' AIRFLOW_CTX_TRY_NUMBER='3' AIRFLOW_CTX_DAG_RUN_ID='scheduled__2026-03-18T12:00:00+00:00'
[2026-03-21T15:48:27.935+0000] {taskinstance.py:731} INFO - ::endgroup::
[2026-03-21T15:48:28.006+0000] {job_scraping_dag.py:43} INFO - [DAG] Starting LinkedIn extraction...
[2026-03-21T15:48:28.028+0000] {scrapping_linkedin.py:202} INFO - [LinkedIn] Starting 10 keywords with 3 parallel workers | SELENIUM_URL=http://selenium:4444/wd/hub
[2026-03-21T15:48:36.796+0000] {scrapping_linkedin.py:138} INFO - [LinkedIn][Data Analyst] Starting session...
[2026-03-21T15:49:00.155+0000] {scrapping_linkedin.py:155} INFO - [LinkedIn][Data Analyst] Page 1 → https://www.linkedin.com/jobs/search/?keywords=Data%20Analyst&location=Maroc&start=0&f_TPR=r604800
[2026-03-21T15:49:36.618+0000] {scrapping_linkedin.py:182} INFO - [LinkedIn][Data Analyst] +60 jobs (keyword total: 60)
[2026-03-21T15:49:38.635+0000] {scrapping_linkedin.py:155} INFO - [LinkedIn][Data Analyst] Page 2 → https://www.linkedin.com/jobs/search/?keywords=Data%20Analyst&location=Maroc&start=25&f_TPR=r604800
[2026-03-21T15:51:54.792+0000] {scrapping_linkedin.py:187} ERROR - [LinkedIn][Data Analyst] Unexpected error: Message: javascript error: Cannot read properties of null (reading 'scrollHeight')
  (Session info: chrome=145.0.7632.116)
Stacktrace:
#0 0x5edd1051cb6a <unknown>
#1 0x5edd0ff2fa32 <unknown>
#2 0x5edd0ff36b62 <unknown>
#3 0x5edd0ff396d9 <unknown>
#4 0x5edd0ffce409 <unknown>
#5 0x5edd0ffcd369 <unknown>
#6 0x5edd0ff76c0f <unknown>
#7 0x5edd0ff779d1 <unknown>
#8 0x5edd104e16b9 <unknown>
#9 0x5edd104e45c1 <unknown>
#10 0x5edd104cde29 <unknown>
#11 0x5edd104e517e <unknown>
#12 0x5edd104b44b0 <unknown>
#13 0x5edd10509578 <unknown>
#14 0x5edd1050974b <unknown>
#15 0x5edd1051b1a3 <unknown>
#16 0x7d63856ffaa4 <unknown>
#17 0x7d638578ca64 __clone

[2026-03-21T15:51:55.545+0000] {scrapping_linkedin.py:191} INFO - [LinkedIn][Data Analyst] Session closed.
[2026-03-21T15:51:55.553+0000] {scrapping_linkedin.py:217} INFO - [LinkedIn] Merged 'Data Analyst' → 60 unique jobs (grand total: 60)
[2026-03-21T15:52:13.939+0000] {local_task_job_runner.py:346} WARNING - State of this instance has been externally set to None. Terminating instance.
[2026-03-21T15:52:13.975+0000] {local_task_job_runner.py:245} INFO - ::endgroup::
[2026-03-21T15:52:13.993+0000] {process_utils.py:132} INFO - Sending 15 to group 190. PIDs of all processes in the group: [190]
[2026-03-21T15:52:13.995+0000] {process_utils.py:87} INFO - Sending the signal 15 to group 190
[2026-03-21T15:52:13.998+0000] {taskinstance.py:3093} ERROR - Received SIGTERM. Terminating subprocesses.
[2026-03-21T15:53:14.017+0000] {process_utils.py:150} WARNING - process psutil.Process(pid=190, name='airflow task ru', status='sleeping', started='15:48:26') did not respond to SIGTERM. Trying SIGKILL
[2026-03-21T15:53:14.020+0000] {process_utils.py:87} INFO - Sending the signal 9 to group 190
[2026-03-21T15:53:14.035+0000] {process_utils.py:80} INFO - Process psutil.Process(pid=190, name='airflow task ru', status='terminated', exitcode=<Negsignal.SIGKILL: -9>, started='15:48:26') (190) terminated with exit code -9
[2026-03-21T15:53:14.041+0000] {standard_task_runner.py:190} ERROR - ('Job 16 was killed before it finished (likely due to running out of memory)', 'For more information, see https://airflow.apache.org/docs/apache-airflow/stable/troubleshooting.html#LocalTaskJob-killed')
