[2026-03-22T21:56:23.794+0000] {local_task_job_runner.py:123} INFO - ::group::Pre task execution logs
[2026-03-22T21:56:23.812+0000] {taskinstance.py:2613} INFO - Dependencies all met for dep_context=non-requeueable deps ti=<TaskInstance: daily_job_scraping.extract_france_travail manual__2026-03-22T21:51:57.126793+00:00 [queued]>
[2026-03-22T21:56:23.823+0000] {taskinstance.py:2613} INFO - Dependencies all met for dep_context=requeueable deps ti=<TaskInstance: daily_job_scraping.extract_france_travail manual__2026-03-22T21:51:57.126793+00:00 [queued]>
[2026-03-22T21:56:23.826+0000] {taskinstance.py:2866} INFO - Starting attempt 2 of 4
[2026-03-22T21:56:23.841+0000] {taskinstance.py:2889} INFO - Executing <Task(PythonOperator): extract_france_travail> on 2026-03-22 21:51:57.126793+00:00
[2026-03-22T21:56:23.849+0000] {standard_task_runner.py:72} INFO - Started process 277 to run task
[2026-03-22T21:56:23.853+0000] {standard_task_runner.py:104} INFO - Running: ['airflow', 'tasks', 'run', 'daily_job_scraping', 'extract_france_travail', 'manual__2026-03-22T21:51:57.126793+00:00', '--job-id', '11', '--raw', '--subdir', 'DAGS_FOLDER/job_scraping_dag.py', '--cfg-path', '/tmp/tmp9nsdp7zv']
[2026-03-22T21:56:23.858+0000] {standard_task_runner.py:105} INFO - Job 11: Subtask extract_france_travail
[2026-03-22T21:56:23.936+0000] {task_command.py:467} INFO - Running <TaskInstance: daily_job_scraping.extract_france_travail manual__2026-03-22T21:51:57.126793+00:00 [running]> on host a75d4f68a453
[2026-03-22T21:56:24.042+0000] {taskinstance.py:3132} INFO - Exporting env vars: AIRFLOW_CTX_DAG_OWNER='job_intelligent' AIRFLOW_CTX_DAG_ID='daily_job_scraping' AIRFLOW_CTX_TASK_ID='extract_france_travail' AIRFLOW_CTX_EXECUTION_DATE='2026-03-22T21:51:57.126793+00:00' AIRFLOW_CTX_TRY_NUMBER='2' AIRFLOW_CTX_DAG_RUN_ID='manual__2026-03-22T21:51:57.126793+00:00'
[2026-03-22T21:56:24.044+0000] {taskinstance.py:731} INFO - ::endgroup::
[2026-03-22T21:56:24.058+0000] {job_scraping_dag.py:49} INFO - [DAG] Starting France-Travail extraction...
[2026-03-22T21:56:24.059+0000] {scrapping_france_travail.py:200} INFO - [FranceTravail] Starting 10 keywords...
[2026-03-22T21:56:24.060+0000] {scrapping_france_travail.py:203} INFO - [FranceTravail] Searching: 'Data Scientist'
[2026-03-22T21:56:24.062+0000] {scrapping_france_travail.py:70} INFO - [FranceTravail] Refreshing access token...
[2026-03-22T21:56:24.474+0000] {taskinstance.py:3311} ERROR - Task failed with exception
Traceback (most recent call last):
  File "/home/airflow/.local/lib/python3.11/site-packages/airflow/models/taskinstance.py", line 762, in _execute_task
    result = _execute_callable(context=context, **execute_callable_kwargs)
             ^^^^^^^^^^^^^^^^^^^^^^^^^^^^^^^^^^^^^^^^^^^^^^^^^^^^^^^^^^^^^
  File "/home/airflow/.local/lib/python3.11/site-packages/airflow/models/taskinstance.py", line 733, in _execute_callable
    return ExecutionCallableRunner(
           ^^^^^^^^^^^^^^^^^^^^^^^^
  File "/home/airflow/.local/lib/python3.11/site-packages/airflow/utils/operator_helpers.py", line 252, in run
    return self.func(*args, **kwargs)
           ^^^^^^^^^^^^^^^^^^^^^^^^^^
  File "/home/airflow/.local/lib/python3.11/site-packages/airflow/models/baseoperator.py", line 422, in wrapper
    return func(self, *args, **kwargs)
           ^^^^^^^^^^^^^^^^^^^^^^^^^^^
  File "/home/airflow/.local/lib/python3.11/site-packages/airflow/operators/python.py", line 238, in execute
    return_value = self.execute_callable()
                   ^^^^^^^^^^^^^^^^^^^^^^^
  File "/home/airflow/.local/lib/python3.11/site-packages/airflow/operators/python.py", line 256, in execute_callable
    return runner.run(*self.op_args, **self.op_kwargs)
           ^^^^^^^^^^^^^^^^^^^^^^^^^^^^^^^^^^^^^^^^^^^
  File "/home/airflow/.local/lib/python3.11/site-packages/airflow/utils/operator_helpers.py", line 252, in run
    return self.func(*args, **kwargs)
           ^^^^^^^^^^^^^^^^^^^^^^^^^^
  File "/opt/airflow/dags/job_scraping_dag.py", line 50, in run_france_travail
    jobs = scrape_france_travail_jobs()
           ^^^^^^^^^^^^^^^^^^^^^^^^^^^^
  File "/opt/airflow/scrapers/scrapping_france_travail.py", line 208, in scrape_france_travail_jobs
    jobs  = search_jobs(keyword, start)
            ^^^^^^^^^^^^^^^^^^^^^^^^^^^
  File "/opt/airflow/scrapers/scrapping_france_travail.py", line 104, in search_jobs
    token = get_token()
            ^^^^^^^^^^^
  File "/opt/airflow/scrapers/scrapping_france_travail.py", line 85, in get_token
    raise Exception(
Exception: [FranceTravail] Token error 400: {"error_description":"Client authentication failed","error":"invalid_client"}
[2026-03-22T21:56:24.508+0000] {taskinstance.py:1225} INFO - Marking task as UP_FOR_RETRY. dag_id=daily_job_scraping, task_id=extract_france_travail, run_id=manual__2026-03-22T21:51:57.126793+00:00, execution_date=20260322T215157, start_date=20260322T215623, end_date=20260322T215624
[2026-03-22T21:56:24.524+0000] {taskinstance.py:340} INFO - ::group::Post task execution logs
[2026-03-22T21:56:24.525+0000] {standard_task_runner.py:124} ERROR - Failed to execute job 11 for task extract_france_travail ([FranceTravail] Token error 400: {"error_description":"Client authentication failed","error":"invalid_client"}; 277)
Traceback (most recent call last):
  File "/home/airflow/.local/lib/python3.11/site-packages/airflow/task/task_runner/standard_task_runner.py", line 117, in _start_by_fork
    ret = args.func(args, dag=self.dag)
          ^^^^^^^^^^^^^^^^^^^^^^^^^^^^^
  File "/home/airflow/.local/lib/python3.11/site-packages/airflow/cli/cli_config.py", line 49, in command
    return func(*args, **kwargs)
           ^^^^^^^^^^^^^^^^^^^^^
  File "/home/airflow/.local/lib/python3.11/site-packages/airflow/utils/cli.py", line 116, in wrapper
    return f(*args, **kwargs)
           ^^^^^^^^^^^^^^^^^^
  File "/home/airflow/.local/lib/python3.11/site-packages/airflow/cli/commands/task_command.py", line 483, in task_run
    task_return_code = _run_task_by_selected_method(args, _dag, ti)
                       ^^^^^^^^^^^^^^^^^^^^^^^^^^^^^^^^^^^^^^^^^^^^
  File "/home/airflow/.local/lib/python3.11/site-packages/airflow/cli/commands/task_command.py", line 256, in _run_task_by_selected_method
    return _run_raw_task(args, ti)
           ^^^^^^^^^^^^^^^^^^^^^^^
  File "/home/airflow/.local/lib/python3.11/site-packages/airflow/cli/commands/task_command.py", line 341, in _run_raw_task
    return ti._run_raw_task(
           ^^^^^^^^^^^^^^^^^
  File "/home/airflow/.local/lib/python3.11/site-packages/airflow/utils/session.py", line 97, in wrapper
    return func(*args, session=session, **kwargs)
           ^^^^^^^^^^^^^^^^^^^^^^^^^^^^^^^^^^^^^^
  File "/home/airflow/.local/lib/python3.11/site-packages/airflow/models/taskinstance.py", line 3005, in _run_raw_task
    return _run_raw_task(
           ^^^^^^^^^^^^^^
  File "/home/airflow/.local/lib/python3.11/site-packages/airflow/models/taskinstance.py", line 273, in _run_raw_task
    TaskInstance._execute_task_with_callbacks(
  File "/home/airflow/.local/lib/python3.11/site-packages/airflow/models/taskinstance.py", line 3159, in _execute_task_with_callbacks
    result = self._execute_task(context, task_orig)
             ^^^^^^^^^^^^^^^^^^^^^^^^^^^^^^^^^^^^^^
  File "/home/airflow/.local/lib/python3.11/site-packages/airflow/models/taskinstance.py", line 3183, in _execute_task
    return _execute_task(self, context, task_orig)
           ^^^^^^^^^^^^^^^^^^^^^^^^^^^^^^^^^^^^^^^
  File "/home/airflow/.local/lib/python3.11/site-packages/airflow/models/taskinstance.py", line 762, in _execute_task
    result = _execute_callable(context=context, **execute_callable_kwargs)
             ^^^^^^^^^^^^^^^^^^^^^^^^^^^^^^^^^^^^^^^^^^^^^^^^^^^^^^^^^^^^^
  File "/home/airflow/.local/lib/python3.11/site-packages/airflow/models/taskinstance.py", line 733, in _execute_callable
    return ExecutionCallableRunner(
           ^^^^^^^^^^^^^^^^^^^^^^^^
  File "/home/airflow/.local/lib/python3.11/site-packages/airflow/utils/operator_helpers.py", line 252, in run
    return self.func(*args, **kwargs)
           ^^^^^^^^^^^^^^^^^^^^^^^^^^
  File "/home/airflow/.local/lib/python3.11/site-packages/airflow/models/baseoperator.py", line 422, in wrapper
    return func(self, *args, **kwargs)
           ^^^^^^^^^^^^^^^^^^^^^^^^^^^
  File "/home/airflow/.local/lib/python3.11/site-packages/airflow/operators/python.py", line 238, in execute
    return_value = self.execute_callable()
                   ^^^^^^^^^^^^^^^^^^^^^^^
  File "/home/airflow/.local/lib/python3.11/site-packages/airflow/operators/python.py", line 256, in execute_callable
    return runner.run(*self.op_args, **self.op_kwargs)
           ^^^^^^^^^^^^^^^^^^^^^^^^^^^^^^^^^^^^^^^^^^^
  File "/home/airflow/.local/lib/python3.11/site-packages/airflow/utils/operator_helpers.py", line 252, in run
    return self.func(*args, **kwargs)
           ^^^^^^^^^^^^^^^^^^^^^^^^^^
  File "/opt/airflow/dags/job_scraping_dag.py", line 50, in run_france_travail
    jobs = scrape_france_travail_jobs()
           ^^^^^^^^^^^^^^^^^^^^^^^^^^^^
  File "/opt/airflow/scrapers/scrapping_france_travail.py", line 208, in scrape_france_travail_jobs
    jobs  = search_jobs(keyword, start)
            ^^^^^^^^^^^^^^^^^^^^^^^^^^^
  File "/opt/airflow/scrapers/scrapping_france_travail.py", line 104, in search_jobs
    token = get_token()
            ^^^^^^^^^^^
  File "/opt/airflow/scrapers/scrapping_france_travail.py", line 85, in get_token
    raise Exception(
Exception: [FranceTravail] Token error 400: {"error_description":"Client authentication failed","error":"invalid_client"}
[2026-03-22T21:56:24.552+0000] {local_task_job_runner.py:266} INFO - Task exited with return code 1
[2026-03-22T21:56:24.572+0000] {taskinstance.py:3895} INFO - 0 downstream tasks scheduled from follow-on schedule check
[2026-03-22T21:56:24.577+0000] {local_task_job_runner.py:245} INFO - ::endgroup::
