[2026-03-20T10:22:31.484+0000] {local_task_job_runner.py:123} INFO - ::group::Pre task execution logs
[2026-03-20T10:22:31.602+0000] {taskinstance.py:2613} INFO - Dependencies all met for dep_context=non-requeueable deps ti=<TaskInstance: daily_job_scraping.extract_indeed manual__2026-03-20T10:22:21.869345+00:00 [queued]>
[2026-03-20T10:22:31.649+0000] {taskinstance.py:2613} INFO - Dependencies all met for dep_context=requeueable deps ti=<TaskInstance: daily_job_scraping.extract_indeed manual__2026-03-20T10:22:21.869345+00:00 [queued]>
[2026-03-20T10:22:31.654+0000] {taskinstance.py:2866} INFO - Starting attempt 1 of 3
[2026-03-20T10:22:31.715+0000] {taskinstance.py:2889} INFO - Executing <Task(PythonOperator): extract_indeed> on 2026-03-20 10:22:21.869345+00:00
[2026-03-20T10:22:31.757+0000] {standard_task_runner.py:72} INFO - Started process 248 to run task
[2026-03-20T10:22:31.786+0000] {standard_task_runner.py:104} INFO - Running: ['airflow', 'tasks', 'run', 'daily_job_scraping', 'extract_indeed', 'manual__2026-03-20T10:22:21.869345+00:00', '--job-id', '4', '--raw', '--subdir', 'DAGS_FOLDER/job_scraping_dag.py', '--cfg-path', '/tmp/tmpjz3mv_3k']
[2026-03-20T10:22:31.821+0000] {standard_task_runner.py:105} INFO - Job 4: Subtask extract_indeed
[2026-03-20T10:22:32.629+0000] {task_command.py:467} INFO - Running <TaskInstance: daily_job_scraping.extract_indeed manual__2026-03-20T10:22:21.869345+00:00 [running]> on host 696af1b356a2
[2026-03-20T10:22:33.655+0000] {taskinstance.py:3132} INFO - Exporting env vars: AIRFLOW_CTX_DAG_OWNER='job_intelligent' AIRFLOW_CTX_DAG_ID='daily_job_scraping' AIRFLOW_CTX_TASK_ID='extract_indeed' AIRFLOW_CTX_EXECUTION_DATE='2026-03-20T10:22:21.869345+00:00' AIRFLOW_CTX_TRY_NUMBER='1' AIRFLOW_CTX_DAG_RUN_ID='manual__2026-03-20T10:22:21.869345+00:00'
[2026-03-20T10:22:33.685+0000] {taskinstance.py:731} INFO - ::endgroup::
[2026-03-20T10:22:33.895+0000] {job_scraping_dag.py:55} INFO - [DAG] Starting Indeed extraction...
[2026-03-20T10:22:33.924+0000] {scrapping_indeed.py:305} INFO - [Indeed] Starting 68 keywords with 4 parallel workers | SELENIUM_URL=http://selenium:4444/wd/hub
[2026-03-20T10:22:39.013+0000] {scrapping_indeed.py:222} INFO - [Indeed][Data Engineer] Starting session...
[2026-03-20T10:22:54.319+0000] {scrapping_indeed.py:242} INFO - [Indeed][Data Engineer] Page 1 → https://ma.indeed.com/jobs?q=Data+Engineer&l=Maroc&start=0&fromage=30
[2026-03-20T10:23:09.255+0000] {scrapping_indeed.py:222} INFO - [Indeed][Machine Learning Engineer] Starting session...
[2026-03-20T10:23:12.597+0000] {scrapping_indeed.py:262} WARNING - [Indeed][Data Engineer] No cards on page 1, stopping.
[2026-03-20T10:23:13.204+0000] {scrapping_indeed.py:289} INFO - [Indeed][Data Engineer] Session closed — 0 jobs found.
[2026-03-20T10:23:13.242+0000] {scrapping_indeed.py:321} INFO - [Indeed] Merged 'Data Engineer' → 0 unique jobs (grand total: 0)
[2026-03-20T10:23:17.156+0000] {scrapping_indeed.py:222} INFO - [Indeed][Data Scientist] Starting session...
[2026-03-20T10:23:31.274+0000] {scrapping_indeed.py:242} INFO - [Indeed][Machine Learning Engineer] Page 1 → https://ma.indeed.com/jobs?q=Machine+Learning+Engineer&l=Maroc&start=0&fromage=30
[2026-03-20T10:23:46.487+0000] {scrapping_indeed.py:242} INFO - [Indeed][Data Scientist] Page 1 → https://ma.indeed.com/jobs?q=Data+Scientist&l=Maroc&start=0&fromage=30
[2026-03-20T10:23:51.465+0000] {scrapping_indeed.py:262} WARNING - [Indeed][Machine Learning Engineer] No cards on page 1, stopping.
[2026-03-20T10:23:51.892+0000] {scrapping_indeed.py:289} INFO - [Indeed][Machine Learning Engineer] Session closed — 0 jobs found.
[2026-03-20T10:23:51.898+0000] {scrapping_indeed.py:321} INFO - [Indeed] Merged 'Machine Learning Engineer' → 0 unique jobs (grand total: 0)
[2026-03-20T10:23:58.227+0000] {scrapping_indeed.py:222} INFO - [Indeed][Data Analyst] Starting session...
[2026-03-20T10:24:08.045+0000] {scrapping_indeed.py:262} WARNING - [Indeed][Data Scientist] No cards on page 1, stopping.
[2026-03-20T10:24:08.319+0000] {scrapping_indeed.py:289} INFO - [Indeed][Data Scientist] Session closed — 0 jobs found.
[2026-03-20T10:24:08.324+0000] {scrapping_indeed.py:321} INFO - [Indeed] Merged 'Data Scientist' → 0 unique jobs (grand total: 0)
[2026-03-20T10:24:11.864+0000] {scrapping_indeed.py:222} INFO - [Indeed][AI Engineer] Starting session...
[2026-03-20T10:24:14.832+0000] {scrapping_indeed.py:242} INFO - [Indeed][Data Analyst] Page 1 → https://ma.indeed.com/jobs?q=Data+Analyst&l=Maroc&start=0&fromage=30
[2026-03-20T10:24:30.742+0000] {scrapping_indeed.py:242} INFO - [Indeed][AI Engineer] Page 1 → https://ma.indeed.com/jobs?q=AI+Engineer&l=Maroc&start=0&fromage=30
[2026-03-20T10:24:35.261+0000] {scrapping_indeed.py:262} WARNING - [Indeed][Data Analyst] No cards on page 1, stopping.
[2026-03-20T10:24:35.697+0000] {scrapping_indeed.py:289} INFO - [Indeed][Data Analyst] Session closed — 0 jobs found.
[2026-03-20T10:24:35.707+0000] {scrapping_indeed.py:321} INFO - [Indeed] Merged 'Data Analyst' → 0 unique jobs (grand total: 0)
[2026-03-20T10:24:52.768+0000] {scrapping_indeed.py:262} WARNING - [Indeed][AI Engineer] No cards on page 1, stopping.
[2026-03-20T10:24:53.531+0000] {scrapping_indeed.py:289} INFO - [Indeed][AI Engineer] Session closed — 0 jobs found.
[2026-03-20T10:24:53.542+0000] {scrapping_indeed.py:321} INFO - [Indeed] Merged 'AI Engineer' → 0 unique jobs (grand total: 0)
[2026-03-20T10:24:54.792+0000] {scrapping_indeed.py:222} INFO - [Indeed][Computer Vision Engineer] Starting session...
[2026-03-20T10:24:58.210+0000] {scrapping_indeed.py:222} INFO - [Indeed][Deep Learning Engineer] Starting session...
[2026-03-20T10:25:13.447+0000] {scrapping_indeed.py:222} INFO - [Indeed][MLOps Engineer] Starting session...
[2026-03-20T10:25:17.185+0000] {scrapping_indeed.py:242} INFO - [Indeed][Computer Vision Engineer] Page 1 → https://ma.indeed.com/jobs?q=Computer+Vision+Engineer&l=Maroc&start=0&fromage=30
[2026-03-20T10:25:18.305+0000] {scrapping_indeed.py:242} INFO - [Indeed][Deep Learning Engineer] Page 1 → https://ma.indeed.com/jobs?q=Deep+Learning+Engineer&l=Maroc&start=0&fromage=30
[2026-03-20T10:25:32.335+0000] {scrapping_indeed.py:242} INFO - [Indeed][MLOps Engineer] Page 1 → https://ma.indeed.com/jobs?q=MLOps+Engineer&l=Maroc&start=0&fromage=30
[2026-03-20T10:25:33.449+0000] {scrapping_indeed.py:222} INFO - [Indeed][NLP Engineer] Starting session...
[2026-03-20T10:25:35.601+0000] {scrapping_indeed.py:262} WARNING - [Indeed][Computer Vision Engineer] No cards on page 1, stopping.
[2026-03-20T10:25:35.942+0000] {scrapping_indeed.py:289} INFO - [Indeed][Computer Vision Engineer] Session closed — 0 jobs found.
[2026-03-20T10:25:35.948+0000] {scrapping_indeed.py:321} INFO - [Indeed] Merged 'Computer Vision Engineer' → 0 unique jobs (grand total: 0)
[2026-03-20T10:25:49.295+0000] {scrapping_indeed.py:262} WARNING - [Indeed][Deep Learning Engineer] No cards on page 1, stopping.
[2026-03-20T10:25:50.616+0000] {scrapping_indeed.py:289} INFO - [Indeed][Deep Learning Engineer] Session closed — 0 jobs found.
[2026-03-20T10:25:50.630+0000] {scrapping_indeed.py:321} INFO - [Indeed] Merged 'Deep Learning Engineer' → 0 unique jobs (grand total: 0)
[2026-03-20T10:25:51.085+0000] {scrapping_indeed.py:242} INFO - [Indeed][NLP Engineer] Page 1 → https://ma.indeed.com/jobs?q=NLP+Engineer&l=Maroc&start=0&fromage=30
[2026-03-20T10:25:52.114+0000] {scrapping_indeed.py:222} INFO - [Indeed][Business Intelligence] Starting session...
[2026-03-20T10:25:54.659+0000] {scrapping_indeed.py:262} WARNING - [Indeed][MLOps Engineer] No cards on page 1, stopping.
[2026-03-20T10:25:55.217+0000] {scrapping_indeed.py:289} INFO - [Indeed][MLOps Engineer] Session closed — 0 jobs found.
[2026-03-20T10:25:55.224+0000] {scrapping_indeed.py:321} INFO - [Indeed] Merged 'MLOps Engineer' → 0 unique jobs (grand total: 0)
[2026-03-20T10:26:10.379+0000] {scrapping_indeed.py:262} WARNING - [Indeed][NLP Engineer] No cards on page 1, stopping.
[2026-03-20T10:26:10.966+0000] {scrapping_indeed.py:289} INFO - [Indeed][NLP Engineer] Session closed — 0 jobs found.
[2026-03-20T10:26:10.982+0000] {scrapping_indeed.py:321} INFO - [Indeed] Merged 'NLP Engineer' → 0 unique jobs (grand total: 0)
[2026-03-20T10:26:12.428+0000] {scrapping_indeed.py:242} INFO - [Indeed][Business Intelligence] Page 1 → https://ma.indeed.com/jobs?q=Business+Intelligence&l=Maroc&start=0&fromage=30
[2026-03-20T10:26:28.394+0000] {scrapping_indeed.py:222} INFO - [Indeed][BI Analyst] Starting session...
[2026-03-20T10:26:33.468+0000] {scrapping_indeed.py:222} INFO - [Indeed][Data Architect] Starting session...
[2026-03-20T10:26:34.236+0000] {scrapping_indeed.py:262} WARNING - [Indeed][Business Intelligence] No cards on page 1, stopping.
[2026-03-20T10:26:34.749+0000] {scrapping_indeed.py:289} INFO - [Indeed][Business Intelligence] Session closed — 0 jobs found.
[2026-03-20T10:26:34.755+0000] {scrapping_indeed.py:321} INFO - [Indeed] Merged 'Business Intelligence' → 0 unique jobs (grand total: 0)
[2026-03-20T10:26:37.509+0000] {scrapping_indeed.py:222} INFO - [Indeed][Software Engineer] Starting session...
[2026-03-20T10:26:48.960+0000] {scrapping_indeed.py:242} INFO - [Indeed][BI Analyst] Page 1 → https://ma.indeed.com/jobs?q=BI+Analyst&l=Maroc&start=0&fromage=30
[2026-03-20T10:26:54.835+0000] {scrapping_indeed.py:242} INFO - [Indeed][Data Architect] Page 1 → https://ma.indeed.com/jobs?q=Data+Architect&l=Maroc&start=0&fromage=30
[2026-03-20T10:27:02.246+0000] {scrapping_indeed.py:242} INFO - [Indeed][Software Engineer] Page 1 → https://ma.indeed.com/jobs?q=Software+Engineer&l=Maroc&start=0&fromage=30
[2026-03-20T10:27:12.987+0000] {scrapping_indeed.py:262} WARNING - [Indeed][Data Architect] No cards on page 1, stopping.
[2026-03-20T10:27:14.139+0000] {scrapping_indeed.py:289} INFO - [Indeed][Data Architect] Session closed — 0 jobs found.
[2026-03-20T10:27:14.191+0000] {scrapping_indeed.py:321} INFO - [Indeed] Merged 'Data Architect' → 0 unique jobs (grand total: 0)
[2026-03-20T10:27:15.383+0000] {scrapping_indeed.py:222} INFO - [Indeed][Software Developer] Starting session...
[2026-03-20T10:27:24.904+0000] {scrapping_indeed.py:262} WARNING - [Indeed][BI Analyst] No cards on page 1, stopping.
[2026-03-20T10:27:25.277+0000] {scrapping_indeed.py:289} INFO - [Indeed][BI Analyst] Session closed — 0 jobs found.
[2026-03-20T10:27:25.281+0000] {scrapping_indeed.py:321} INFO - [Indeed] Merged 'BI Analyst' → 0 unique jobs (grand total: 0)
[2026-03-20T10:27:32.570+0000] {scrapping_indeed.py:262} WARNING - [Indeed][Software Engineer] No cards on page 1, stopping.
[2026-03-20T10:27:33.240+0000] {scrapping_indeed.py:289} INFO - [Indeed][Software Engineer] Session closed — 0 jobs found.
[2026-03-20T10:27:33.243+0000] {scrapping_indeed.py:321} INFO - [Indeed] Merged 'Software Engineer' → 0 unique jobs (grand total: 0)
[2026-03-20T10:27:37.973+0000] {scrapping_indeed.py:242} INFO - [Indeed][Software Developer] Page 1 → https://ma.indeed.com/jobs?q=Software+Developer&l=Maroc&start=0&fromage=30
[2026-03-20T10:27:38.055+0000] {scrapping_indeed.py:222} INFO - [Indeed][Full Stack Developer] Starting session...
[2026-03-20T10:28:01.335+0000] {scrapping_indeed.py:242} INFO - [Indeed][Full Stack Developer] Page 1 → https://ma.indeed.com/jobs?q=Full+Stack+Developer&l=Maroc&start=0&fromage=30
[2026-03-20T10:28:07.681+0000] {scrapping_indeed.py:262} WARNING - [Indeed][Software Developer] No cards on page 1, stopping.
[2026-03-20T10:28:07.975+0000] {scrapping_indeed.py:289} INFO - [Indeed][Software Developer] Session closed — 0 jobs found.
[2026-03-20T10:28:07.983+0000] {scrapping_indeed.py:321} INFO - [Indeed] Merged 'Software Developer' → 0 unique jobs (grand total: 0)
[2026-03-20T10:28:27.925+0000] {scrapping_indeed.py:262} WARNING - [Indeed][Full Stack Developer] No cards on page 1, stopping.
[2026-03-20T10:28:28.413+0000] {scrapping_indeed.py:289} INFO - [Indeed][Full Stack Developer] Session closed — 0 jobs found.
[2026-03-20T10:28:28.420+0000] {scrapping_indeed.py:321} INFO - [Indeed] Merged 'Full Stack Developer' → 0 unique jobs (grand total: 0)
[2026-03-20T10:28:50.913+0000] {scrapping_indeed.py:222} INFO - [Indeed][Backend Developer] Starting session...
[2026-03-20T10:28:59.751+0000] {scrapping_indeed.py:222} INFO - [Indeed][Frontend Developer] Starting session...
[2026-03-20T10:29:24.295+0000] {scrapping_indeed.py:242} INFO - [Indeed][Frontend Developer] Page 1 → https://ma.indeed.com/jobs?q=Frontend+Developer&l=Maroc&start=0&fromage=30
[2026-03-20T10:29:25.478+0000] {scrapping_indeed.py:222} INFO - [Indeed][Web Developer] Starting session...
[2026-03-20T10:29:29.424+0000] {scrapping_indeed.py:242} INFO - [Indeed][Backend Developer] Page 1 → https://ma.indeed.com/jobs?q=Backend+Developer&l=Maroc&start=0&fromage=30
[2026-03-20T10:29:49.135+0000] {scrapping_indeed.py:262} WARNING - [Indeed][Backend Developer] No cards on page 1, stopping.
[2026-03-20T10:29:49.462+0000] {scrapping_indeed.py:289} INFO - [Indeed][Backend Developer] Session closed — 0 jobs found.
[2026-03-20T10:29:49.467+0000] {scrapping_indeed.py:321} INFO - [Indeed] Merged 'Backend Developer' → 0 unique jobs (grand total: 0)
[2026-03-20T10:29:53.090+0000] {scrapping_indeed.py:242} INFO - [Indeed][Web Developer] Page 1 → https://ma.indeed.com/jobs?q=Web+Developer&l=Maroc&start=0&fromage=30
[2026-03-20T10:30:01.008+0000] {scrapping_indeed.py:222} INFO - [Indeed][Mobile Developer] Starting session...
[2026-03-20T10:30:03.929+0000] {scrapping_indeed.py:262} WARNING - [Indeed][Frontend Developer] No cards on page 1, stopping.
[2026-03-20T10:30:04.645+0000] {scrapping_indeed.py:289} INFO - [Indeed][Frontend Developer] Session closed — 0 jobs found.
[2026-03-20T10:30:04.650+0000] {scrapping_indeed.py:321} INFO - [Indeed] Merged 'Frontend Developer' → 0 unique jobs (grand total: 0)
[2026-03-20T10:30:06.314+0000] {scrapping_indeed.py:222} INFO - [Indeed][Android Developer] Starting session...
[2026-03-20T10:30:16.189+0000] {scrapping_indeed.py:262} WARNING - [Indeed][Web Developer] No cards on page 1, stopping.
[2026-03-20T10:30:16.375+0000] {scrapping_indeed.py:289} INFO - [Indeed][Web Developer] Session closed — 0 jobs found.
[2026-03-20T10:30:16.382+0000] {scrapping_indeed.py:321} INFO - [Indeed] Merged 'Web Developer' → 0 unique jobs (grand total: 0)
[2026-03-20T10:30:27.743+0000] {scrapping_indeed.py:242} INFO - [Indeed][Android Developer] Page 1 → https://ma.indeed.com/jobs?q=Android+Developer&l=Maroc&start=0&fromage=30
[2026-03-20T10:30:33.445+0000] {scrapping_indeed.py:222} INFO - [Indeed][DevOps Engineer] Starting session...
[2026-03-20T10:30:34.234+0000] {scrapping_indeed.py:242} INFO - [Indeed][Mobile Developer] Page 1 → https://ma.indeed.com/jobs?q=Mobile+Developer&l=Maroc&start=0&fromage=30
[2026-03-20T10:30:50.290+0000] {scrapping_indeed.py:222} INFO - [Indeed][iOS Developer] Starting session...
[2026-03-20T10:30:51.564+0000] {scrapping_indeed.py:262} WARNING - [Indeed][Android Developer] No cards on page 1, stopping.
[2026-03-20T10:30:51.862+0000] {scrapping_indeed.py:289} INFO - [Indeed][Android Developer] Session closed — 0 jobs found.
[2026-03-20T10:30:51.878+0000] {scrapping_indeed.py:321} INFO - [Indeed] Merged 'Android Developer' → 0 unique jobs (grand total: 0)
[2026-03-20T10:30:56.535+0000] {scrapping_indeed.py:262} WARNING - [Indeed][Mobile Developer] No cards on page 1, stopping.
[2026-03-20T10:30:56.792+0000] {scrapping_indeed.py:289} INFO - [Indeed][Mobile Developer] Session closed — 0 jobs found.
[2026-03-20T10:30:56.801+0000] {scrapping_indeed.py:321} INFO - [Indeed] Merged 'Mobile Developer' → 0 unique jobs (grand total: 0)
[2026-03-20T10:30:57.319+0000] {scrapping_indeed.py:242} INFO - [Indeed][DevOps Engineer] Page 1 → https://ma.indeed.com/jobs?q=DevOps+Engineer&l=Maroc&start=0&fromage=30
[2026-03-20T10:31:07.136+0000] {scrapping_indeed.py:222} INFO - [Indeed][Cloud Engineer] Starting session...
[2026-03-20T10:31:12.990+0000] {scrapping_indeed.py:242} INFO - [Indeed][iOS Developer] Page 1 → https://ma.indeed.com/jobs?q=iOS+Developer&l=Maroc&start=0&fromage=30
[2026-03-20T10:31:22.210+0000] {scrapping_indeed.py:262} WARNING - [Indeed][DevOps Engineer] No cards on page 1, stopping.
[2026-03-20T10:31:22.575+0000] {scrapping_indeed.py:289} INFO - [Indeed][DevOps Engineer] Session closed — 0 jobs found.
[2026-03-20T10:31:22.584+0000] {scrapping_indeed.py:321} INFO - [Indeed] Merged 'DevOps Engineer' → 0 unique jobs (grand total: 0)
[2026-03-20T10:31:28.326+0000] {scrapping_indeed.py:242} INFO - [Indeed][Cloud Engineer] Page 1 → https://ma.indeed.com/jobs?q=Cloud+Engineer&l=Maroc&start=0&fromage=30
[2026-03-20T10:31:37.090+0000] {scrapping_indeed.py:262} WARNING - [Indeed][iOS Developer] No cards on page 1, stopping.
[2026-03-20T10:31:37.566+0000] {scrapping_indeed.py:289} INFO - [Indeed][iOS Developer] Session closed — 0 jobs found.
[2026-03-20T10:31:37.574+0000] {scrapping_indeed.py:321} INFO - [Indeed] Merged 'iOS Developer' → 0 unique jobs (grand total: 0)
[2026-03-20T10:31:43.986+0000] {scrapping_indeed.py:222} INFO - [Indeed][Site Reliability Engineer] Starting session...
[2026-03-20T10:31:47.842+0000] {scrapping_indeed.py:262} WARNING - [Indeed][Cloud Engineer] No cards on page 1, stopping.
[2026-03-20T10:31:48.366+0000] {scrapping_indeed.py:289} INFO - [Indeed][Cloud Engineer] Session closed — 0 jobs found.
[2026-03-20T10:31:48.371+0000] {scrapping_indeed.py:321} INFO - [Indeed] Merged 'Cloud Engineer' → 0 unique jobs (grand total: 0)
[2026-03-20T10:32:06.131+0000] {scrapping_indeed.py:242} INFO - [Indeed][Site Reliability Engineer] Page 1 → https://ma.indeed.com/jobs?q=Site+Reliability+Engineer&l=Maroc&start=0&fromage=30
[2026-03-20T10:32:19.507+0000] {scrapping_indeed.py:222} INFO - [Indeed][Infrastructure Engineer] Starting session...
[2026-03-20T10:32:23.625+0000] {scrapping_indeed.py:262} WARNING - [Indeed][Site Reliability Engineer] No cards on page 1, stopping.
[2026-03-20T10:32:24.647+0000] {scrapping_indeed.py:289} INFO - [Indeed][Site Reliability Engineer] Session closed — 0 jobs found.
[2026-03-20T10:32:24.668+0000] {scrapping_indeed.py:321} INFO - [Indeed] Merged 'Site Reliability Engineer' → 0 unique jobs (grand total: 0)
[2026-03-20T10:32:40.832+0000] {scrapping_indeed.py:242} INFO - [Indeed][Infrastructure Engineer] Page 1 → https://ma.indeed.com/jobs?q=Infrastructure+Engineer&l=Maroc&start=0&fromage=30
[2026-03-20T10:32:45.305+0000] {scrapping_indeed.py:222} INFO - [Indeed][Platform Engineer] Starting session...
[2026-03-20T10:33:17.286+0000] {scrapping_indeed.py:262} WARNING - [Indeed][Infrastructure Engineer] No cards on page 1, stopping.
[2026-03-20T10:33:17.606+0000] {scrapping_indeed.py:289} INFO - [Indeed][Infrastructure Engineer] Session closed — 0 jobs found.
[2026-03-20T10:33:17.631+0000] {scrapping_indeed.py:321} INFO - [Indeed] Merged 'Infrastructure Engineer' → 0 unique jobs (grand total: 0)
[2026-03-20T10:33:24.034+0000] {scrapping_indeed.py:242} INFO - [Indeed][Platform Engineer] Page 1 → https://ma.indeed.com/jobs?q=Platform+Engineer&l=Maroc&start=0&fromage=30
[2026-03-20T10:33:39.159+0000] {scrapping_indeed.py:222} INFO - [Indeed][Cloud Architect] Starting session...
[2026-03-20T10:33:43.724+0000] {scrapping_indeed.py:262} WARNING - [Indeed][Platform Engineer] No cards on page 1, stopping.
[2026-03-20T10:33:44.248+0000] {scrapping_indeed.py:289} INFO - [Indeed][Platform Engineer] Session closed — 0 jobs found.
[2026-03-20T10:33:44.262+0000] {scrapping_indeed.py:321} INFO - [Indeed] Merged 'Platform Engineer' → 0 unique jobs (grand total: 0)
[2026-03-20T10:33:49.248+0000] {scrapping_indeed.py:222} INFO - [Indeed][Cybersecurity Engineer] Starting session...
[2026-03-20T10:34:02.445+0000] {scrapping_indeed.py:242} INFO - [Indeed][Cloud Architect] Page 1 → https://ma.indeed.com/jobs?q=Cloud+Architect&l=Maroc&start=0&fromage=30
[2026-03-20T10:34:11.431+0000] {scrapping_indeed.py:222} INFO - [Indeed][Kubernetes Engineer] Starting session...
[2026-03-20T10:34:21.225+0000] {scrapping_indeed.py:262} WARNING - [Indeed][Cloud Architect] No cards on page 1, stopping.
[2026-03-20T10:34:21.792+0000] {scrapping_indeed.py:289} INFO - [Indeed][Cloud Architect] Session closed — 0 jobs found.
[2026-03-20T10:34:21.799+0000] {scrapping_indeed.py:321} INFO - [Indeed] Merged 'Cloud Architect' → 0 unique jobs (grand total: 0)
[2026-03-20T10:34:22.346+0000] {scrapping_indeed.py:242} INFO - [Indeed][Cybersecurity Engineer] Page 1 → https://ma.indeed.com/jobs?q=Cybersecurity+Engineer&l=Maroc&start=0&fromage=30
[2026-03-20T10:34:43.412+0000] {scrapping_indeed.py:242} INFO - [Indeed][Kubernetes Engineer] Page 1 → https://ma.indeed.com/jobs?q=Kubernetes+Engineer&l=Maroc&start=0&fromage=30
[2026-03-20T10:34:45.084+0000] {scrapping_indeed.py:262} WARNING - [Indeed][Cybersecurity Engineer] No cards on page 1, stopping.
[2026-03-20T10:34:45.380+0000] {scrapping_indeed.py:289} INFO - [Indeed][Cybersecurity Engineer] Session closed — 0 jobs found.
[2026-03-20T10:34:45.394+0000] {scrapping_indeed.py:321} INFO - [Indeed] Merged 'Cybersecurity Engineer' → 0 unique jobs (grand total: 0)
[2026-03-20T10:35:06.831+0000] {scrapping_indeed.py:222} INFO - [Indeed][Ethical Hacker] Starting session...
[2026-03-20T10:35:13.342+0000] {scrapping_indeed.py:262} WARNING - [Indeed][Kubernetes Engineer] No cards on page 1, stopping.
[2026-03-20T10:35:13.810+0000] {scrapping_indeed.py:289} INFO - [Indeed][Kubernetes Engineer] Session closed — 0 jobs found.
[2026-03-20T10:35:13.821+0000] {scrapping_indeed.py:321} INFO - [Indeed] Merged 'Kubernetes Engineer' → 0 unique jobs (grand total: 0)
[2026-03-20T10:35:34.671+0000] {scrapping_indeed.py:242} INFO - [Indeed][Ethical Hacker] Page 1 → https://ma.indeed.com/jobs?q=Ethical+Hacker&l=Maroc&start=0&fromage=30
[2026-03-20T10:35:38.965+0000] {scrapping_indeed.py:222} INFO - [Indeed][Penetration Tester] Starting session...
[2026-03-20T10:35:53.765+0000] {scrapping_indeed.py:262} WARNING - [Indeed][Ethical Hacker] No cards on page 1, stopping.
[2026-03-20T10:35:54.171+0000] {scrapping_indeed.py:289} INFO - [Indeed][Ethical Hacker] Session closed — 0 jobs found.
[2026-03-20T10:35:54.183+0000] {scrapping_indeed.py:321} INFO - [Indeed] Merged 'Ethical Hacker' → 0 unique jobs (grand total: 0)
[2026-03-20T10:36:25.959+0000] {scrapping_indeed.py:242} INFO - [Indeed][Penetration Tester] Page 1 → https://ma.indeed.com/jobs?q=Penetration+Tester&l=Maroc&start=0&fromage=30
[2026-03-20T10:36:32.847+0000] {scrapping_indeed.py:222} INFO - [Indeed][Information Security] Starting session...
[2026-03-20T10:36:53.112+0000] {scrapping_indeed.py:262} WARNING - [Indeed][Penetration Tester] No cards on page 1, stopping.
[2026-03-20T10:36:54.596+0000] {scrapping_indeed.py:222} INFO - [Indeed][SOC Analyst] Starting session...
[2026-03-20T10:36:54.997+0000] {scrapping_indeed.py:289} INFO - [Indeed][Penetration Tester] Session closed — 0 jobs found.
[2026-03-20T10:36:55.022+0000] {scrapping_indeed.py:321} INFO - [Indeed] Merged 'Penetration Tester' → 0 unique jobs (grand total: 0)
[2026-03-20T10:36:58.657+0000] {scrapping_indeed.py:242} INFO - [Indeed][Information Security] Page 1 → https://ma.indeed.com/jobs?q=Information+Security&l=Maroc&start=0&fromage=30
[2026-03-20T10:36:59.765+0000] {scrapping_indeed.py:222} INFO - [Indeed][Network Engineer] Starting session...
[2026-03-20T10:37:16.863+0000] {scrapping_indeed.py:262} WARNING - [Indeed][Information Security] No cards on page 1, stopping.
[2026-03-20T10:37:17.404+0000] {scrapping_indeed.py:289} INFO - [Indeed][Information Security] Session closed — 0 jobs found.
[2026-03-20T10:37:17.408+0000] {scrapping_indeed.py:321} INFO - [Indeed] Merged 'Information Security' → 0 unique jobs (grand total: 0)
[2026-03-20T10:37:17.982+0000] {scrapping_indeed.py:242} INFO - [Indeed][Network Engineer] Page 1 → https://ma.indeed.com/jobs?q=Network+Engineer&l=Maroc&start=0&fromage=30
[2026-03-20T10:37:19.640+0000] {scrapping_indeed.py:242} INFO - [Indeed][SOC Analyst] Page 1 → https://ma.indeed.com/jobs?q=SOC+Analyst&l=Maroc&start=0&fromage=30
[2026-03-20T10:37:39.218+0000] {scrapping_indeed.py:262} WARNING - [Indeed][SOC Analyst] No cards on page 1, stopping.
[2026-03-20T10:37:39.707+0000] {scrapping_indeed.py:289} INFO - [Indeed][SOC Analyst] Session closed — 0 jobs found.
[2026-03-20T10:37:39.713+0000] {scrapping_indeed.py:321} INFO - [Indeed] Merged 'SOC Analyst' → 0 unique jobs (grand total: 0)
[2026-03-20T10:37:46.771+0000] {scrapping_indeed.py:262} WARNING - [Indeed][Network Engineer] No cards on page 1, stopping.
[2026-03-20T10:37:47.410+0000] {scrapping_indeed.py:289} INFO - [Indeed][Network Engineer] Session closed — 0 jobs found.
[2026-03-20T10:37:47.468+0000] {scrapping_indeed.py:321} INFO - [Indeed] Merged 'Network Engineer' → 0 unique jobs (grand total: 0)
[2026-03-20T10:37:48.520+0000] {local_task_job_runner.py:346} WARNING - State of this instance has been externally set to up_for_retry. Terminating instance.
[2026-03-20T10:37:48.579+0000] {local_task_job_runner.py:245} INFO - ::endgroup::
[2026-03-20T10:37:48.622+0000] {process_utils.py:132} INFO - Sending 15 to group 248. PIDs of all processes in the group: [248]
[2026-03-20T10:37:48.628+0000] {process_utils.py:87} INFO - Sending the signal 15 to group 248
[2026-03-20T10:37:48.641+0000] {taskinstance.py:3093} ERROR - Received SIGTERM. Terminating subprocesses.
[2026-03-20T10:37:50.942+0000] {scrapping_indeed.py:222} INFO - [Indeed][Linux Administrator] Starting session...
[2026-03-20T10:38:09.496+0000] {scrapping_indeed.py:222} INFO - [Indeed][Security Analyst] Starting session...
[2026-03-20T10:38:17.737+0000] {scrapping_indeed.py:242} INFO - [Indeed][Linux Administrator] Page 1 → https://ma.indeed.com/jobs?q=Linux+Administrator&l=Maroc&start=0&fromage=30
[2026-03-20T10:38:23.676+0000] {scrapping_indeed.py:222} INFO - [Indeed][System Administrator] Starting session...
[2026-03-20T10:38:26.317+0000] {scrapping_indeed.py:222} INFO - [Indeed][IT Support] Starting session...
[2026-03-20T10:38:31.428+0000] {scrapping_indeed.py:242} INFO - [Indeed][Security Analyst] Page 1 → https://ma.indeed.com/jobs?q=Security+Analyst&l=Maroc&start=0&fromage=30
[2026-03-20T10:38:38.999+0000] {scrapping_indeed.py:262} WARNING - [Indeed][Linux Administrator] No cards on page 1, stopping.
[2026-03-20T10:38:39.531+0000] {scrapping_indeed.py:289} INFO - [Indeed][Linux Administrator] Session closed — 0 jobs found.
[2026-03-20T10:38:46.571+0000] {scrapping_indeed.py:242} INFO - [Indeed][System Administrator] Page 1 → https://ma.indeed.com/jobs?q=System+Administrator&l=Maroc&start=0&fromage=30
[2026-03-20T10:38:48.635+0000] {process_utils.py:150} WARNING - process psutil.Process(pid=248, name='airflow task ru', status='sleeping', started='10:22:30') did not respond to SIGTERM. Trying SIGKILL
[2026-03-20T10:38:48.662+0000] {process_utils.py:87} INFO - Sending the signal 9 to group 248
[2026-03-20T10:38:48.796+0000] {process_utils.py:80} INFO - Process psutil.Process(pid=248, name='airflow task ru', status='terminated', exitcode=<Negsignal.SIGKILL: -9>, started='10:22:30') (248) terminated with exit code -9
[2026-03-20T10:38:48.803+0000] {standard_task_runner.py:190} ERROR - ('Job 4 was killed before it finished (likely due to running out of memory)', 'For more information, see https://airflow.apache.org/docs/apache-airflow/stable/troubleshooting.html#LocalTaskJob-killed')
